C:\Program Files\dotnet\sdk\9.0.100\MSBuild.dll -nologo -consoleloggerparameters:Summary -distributedlogger:Microsoft.DotNet.Tools.MSBuild.MSBuildLogger,C:\Program Files\dotnet\sdk\9.0.100\dotnet.dll*Microsoft.DotNet.Tools.MSBuild.MSBuildForwardingLogger,C:\Program Files\dotnet\sdk\9.0.100\dotnet.dll -maxcpucount -restore -tlp:default=auto -verbosity:m -verbosity:diag StarlitStories.sln
Build started 4/6/2026 5:20:49 PM.
Environment at start of build:
MSBuildSDKsPath = C:\Program Files\dotnet\sdk\9.0.100\Sdks
MSBuildLoadMicrosoftTargetsReadOnly = true
MSBUILDUSESERVER = 0
MSBuildExtensionsPath = C:\Program Files\dotnet\sdk\9.0.100\
MSBUILDFAILONDRIVEENUMERATINGWILDCARD = 1
DOTNET_HOST_PATH = C:\Program Files\dotnet\dotnet.exe
DOTNET_CLI_TELEMETRY_SESSIONID = 57cbd918-d6e8-4bc3-be34-5b5dda67f0f5

17:20:49.709     0>Terminal Logger was not used because the output is being redirected to a file.
                   Process = "C:\Program Files\dotnet\dotnet.exe"
                   MSBuild executable path = "C:\Program Files\dotnet\sdk\9.0.100\MSBuild.dll"
                   Command line arguments = "C:\Program Files\dotnet\sdk\9.0.100\MSBuild.dll -maxcpucount -verbosity:m -tlp:default=auto -nologo -restore -consoleloggerparameters:Summary -verbosity:diag StarlitStories.sln -distributedlogger:Microsoft.DotNet.Tools.MSBuild.MSBuildLogger,C:\Program Files\dotnet\sdk\9.0.100\dotnet.dll*Microsoft.DotNet.Tools.MSBuild.MSBuildForwardingLogger,C:\Program Files\dotnet\sdk\9.0.100\dotnet.dll"
                   Current directory = "C:\Users\austi\OneDrive\Documents\CSCD Spring25\Hackathon-2025"
                   MSBuild version = "17.12.7+5b8665660"
                   Based on the Windows registry key LongPathsEnabled, the LongPaths feature is disabled.
                   Based on the Windows registry key VerifiedAndReputablePolicyState, SAC state = 0: turned off.
                   C:\Users\austi\OneDrive\Documents\CSCD Spring25\Hackathon-2025\StarlitStories.sln.metaproj : message : Property 'MSBuildExtensionsPath' with value 'C:\Program Files\dotnet\sdk\9.0.100\' expanded from the environment.
                   Assembly loaded during Evaluation: System.Threading.Tasks.Parallel, Version=9.0.0.0, Culture=neutral, PublicKeyToken=b03f5f7f11d50a3a (location: C:\Program Files\dotnet\shared\Microsoft.NETCore.App\9.0.0\System.Threading.Tasks.Parallel.dll, MVID: d770a576-f5e2-4b22-bde5-c48fb0a97808, AssemblyLoadContext: Default)
                   Property reassignment: $(_GenerateRestoreGraphProjectEntryInputProperties)="
                         ExcludeRestorePackageImports=true;
                         _RestoreSolutionFileUsed=true;
                         SolutionDir=C:\Users\austi\OneDrive\Documents\CSCD Spring25\Hackathon-2025\;
                         SolutionName=StarlitStories;
                         SolutionFileName=StarlitStories.sln;
                         SolutionPath=C:\Users\austi\OneDrive\Documents\CSCD Spring25\Hackathon-2025\StarlitStories.sln;
                         SolutionExt=.sln;
                       " (previous value: "ExcludeRestorePackageImports=true") at C:\Program Files\dotnet\sdk\9.0.100\NuGet.targets (107,5)
                   Assembly loaded during Evaluation: System.Numerics.Vectors, Version=9.0.0.0, Culture=neutral, PublicKeyToken=b03f5f7f11d50a3a (location: C:\Program Files\dotnet\shared\Microsoft.NETCore.App\9.0.0\System.Numerics.Vectors.dll, MVID: 5dd68440-51e1-4650-8928-4f67b4fd72fb, AssemblyLoadContext: Default)
                   Overriding target "Restore" in project "C:\Users\austi\OneDrive\Documents\CSCD Spring25\Hackathon-2025\StarlitStories.sln.metaproj" with target "Restore" from project "C:\Program Files\dotnet\sdk\9.0.100\NuGet.targets".
                   The target "Store" listed in a BeforeTargets attribute at "C:\Program Files\dotnet\sdk\9.0.100\Current\SolutionFile\ImportAfter\Microsoft.NET.Sdk.Solution.targets (33,11)" does not exist in the project, and will be ignored.
                   The target "VSTest" listed in a BeforeTargets attribute at "C:\Program Files\dotnet\sdk\9.0.100\Current\SolutionFile\ImportAfter\Microsoft.NET.Sdk.Solution.targets (33,11)" does not exist in the project, and will be ignored.
                   The target "_CheckForInvalidConfigurationAndPlatform" listed in a BeforeTargets attribute at "C:\Program Files\dotnet\sdk\9.0.100\NuGet.targets (673,11)" does not exist in the project, and will be ignored.
17:20:49.840     0>Initial Properties:
                   _DirectorySolutionPropsBasePath = 
                   _DirectorySolutionPropsFile = Directory.Solution.props
                   _DirectorySolutionTargetsBasePath = 
                   _DirectorySolutionTargetsFile = Directory.Solution.targets
                   _GenerateRestoreGraphProjectEntryInputProperties = 
                         ExcludeRestorePackageImports=true;
                         _RestoreSolutionFileUsed=true;
                         SolutionDir=C:\Users\austi\OneDrive\Documents\CSCD Spring25\Hackathon-2025\;
                         SolutionName=StarlitStories;
                         SolutionFileName=StarlitStories.sln;
                         SolutionPath=C:\Users\austi\OneDrive\Documents\CSCD Spring25\Hackathon-2025\StarlitStories.sln;
                         SolutionExt=.sln;
                       
                   _RestoreSolutionFileUsed = true
                   AspNetConfiguration = Debug
                   Configuration = Debug
                   CurrentSolutionConfigurationContents = <SolutionConfiguration>
                     <ProjectConfiguration Project="{C7483F4E-9257-462C-AEC4-B68D9ADEDB78}" AbsolutePath="C:\Users\austi\OneDrive\Documents\CSCD Spring25\Hackathon-2025\Hackathon-2025.Tests\Hackathon-2025.Tests.csproj" BuildProjectInSolution="True">Debug|AnyCPU</ProjectConfiguration>
                     <ProjectConfiguration Project="{EB58787C-111E-8904-924D-128FB7DA8BB9}" AbsolutePath="C:\Users\austi\OneDrive\Documents\CSCD Spring25\Hackathon-2025\Hackathon-2025\Hackathon-2025.csproj" BuildProjectInSolution="True">Debug|AnyCPU</ProjectConfiguration>
                     <ProjectConfiguration Project="{C7B1CE17-3A33-48B5-9106-2EA3C5C59656}" AbsolutePath="C:\Users\austi\OneDrive\Documents\CSCD Spring25\Hackathon-2025\Jobs.WebhookPruner\Jobs_WebhookPruner.csproj" BuildProjectInSolution="True">Debug|AnyCPU</ProjectConfiguration>
                   </SolutionConfiguration>
                   DefaultImplicitPackages = Microsoft.NETCore.App;NETStandard.Library
                   DOTNET_CLI_TELEMETRY_SESSIONID = 57cbd918-d6e8-4bc3-be34-5b5dda67f0f5
                   DOTNET_HOST_PATH = C:\Program Files\dotnet\dotnet.exe
                   DotnetCliToolTargetFramework = netcoreapp2.2
                   GetReferenceNearestTargetFrameworkTaskSupportsTargetPlatformParameter = true
                   HideWarningsAndErrors = false
                   IsRestoreTargetsFileLoaded = true
                   MicrosoftNETBuildTasksAssembly = C:\Program Files\dotnet\sdk\9.0.100\Sdks\Microsoft.NET.Sdk\targets\..\tools\net9.0\Microsoft.NET.Build.Tasks.dll
                   MicrosoftNETBuildTasksDirectory = C:\Program Files\dotnet\sdk\9.0.100\Sdks\Microsoft.NET.Sdk\targets\..\tools\net9.0\
                   MicrosoftNETBuildTasksDirectoryRoot = C:\Program Files\dotnet\sdk\9.0.100\Sdks\Microsoft.NET.Sdk\targets\..\tools\
                   MicrosoftNETBuildTasksTFM = net9.0
                   MSBuildAllProjects = C:\Program Files\dotnet\sdk\9.0.100\Current\SolutionFile\ImportAfter\Microsoft.NET.Sdk.Solution.targets
                   MSBuildAssemblyVersion = 17.0
                   MSBuildBinPath = C:\Program Files\dotnet\sdk\9.0.100
                   MSBuildDisableFeaturesFromVersion = 999.999
                   MSBuildExtensionsPath = C:\Program Files\dotnet\sdk\9.0.100\
                   MSBuildExtensionsPath32 = C:\Program Files\dotnet\sdk\9.0.100
                   MSBuildExtensionsPath64 = C:\Program Files\dotnet\sdk\9.0.100
                   MSBUILDFAILONDRIVEENUMERATINGWILDCARD = 1
                   MSBuildFileVersion = 17.12.7.52203
                   MSBuildIsRestoring = True
                   MSBuildLoadMicrosoftTargetsReadOnly = true
                   MSBuildNodeCount = 1
                   MSBuildProgramFiles32 = C:\Program Files (x86)
                   MSBuildProjectDefaultTargets = Build
                   MSBuildProjectDirectory = C:\Users\austi\OneDrive\Documents\CSCD Spring25\Hackathon-2025
                   MSBuildProjectDirectoryNoRoot = Users\austi\OneDrive\Documents\CSCD Spring25\Hackathon-2025
                   MSBuildProjectExtension = .metaproj
                   MSBuildProjectFile = StarlitStories.sln.metaproj
                   MSBuildProjectFullPath = C:\Users\austi\OneDrive\Documents\CSCD Spring25\Hackathon-2025\StarlitStories.sln.metaproj
                   MSBuildProjectName = StarlitStories.sln
                   MSBuildRestoreSessionId = 46153a84-4b97-4d3e-af58-dac232af2069
                   MSBuildRuntimeType = Core
                   MSBuildSDKsPath = C:\Program Files\dotnet\sdk\9.0.100\Sdks
                   MSBuildSemanticVersion = 17.12.7+5b8665660
                   MSBuildStartupDirectory = C:\Users\austi\OneDrive\Documents\CSCD Spring25\Hackathon-2025
                   MSBuildToolsPath = C:\Program Files\dotnet\sdk\9.0.100
                   MSBuildToolsVersion = Current
                   MSBuildUserExtensionsPath = C:\Users\austi\AppData\Local\Microsoft\MSBuild
                   MSBUILDUSESERVER = 0
                   MSBuildVersion = 17.12.7
                   NuGetAudit = true
                   NuGetAuditLevel = low
                   NuGetAuditMode = all
                   NuGetInteractive = 
                   NuGetRestoreTargets = C:\Program Files\dotnet\sdk\9.0.100\\NuGet.targets
                   PackageDownloadSupported = true
                   Platform = Any CPU
                   RestoreBuildInParallel = true
                   RestoreContinueOnError = WarnAndContinue
                   RestoreRecursive = true
                   RestoreTaskAssemblyFile = NuGet.Build.Tasks.dll
                   RestoreUseSkipNonexistentTargets = true
                   RoslynTargetsPath = C:\Program Files\dotnet\sdk\9.0.100\Roslyn
                   SolutionDir = C:\Users\austi\OneDrive\Documents\CSCD Spring25\Hackathon-2025\
                   SolutionExt = .sln
                   SolutionFileName = StarlitStories.sln
                   SolutionName = StarlitStories
                   SolutionPath = C:\Users\austi\OneDrive\Documents\CSCD Spring25\Hackathon-2025\StarlitStories.sln
                   TargetFrameworkVersion = v4.0
                   ValidateRuntimeIdentifierCompatibility = false
                   VisualStudioVersion = 17.0

17:20:49.840     0>Initial Items:
                   ProjectReference
                       C:\Users\austi\OneDrive\Documents\CSCD Spring25\Hackathon-2025\Hackathon-2025.Tests\Hackathon-2025.Tests.csproj
                           AdditionalProperties = Configuration=Debug; Platform=AnyCPU
                           Platform = AnyCPU
                           Configuration = Debug
                           ToolsVersion = 
                           SkipNonexistentProjects = False
                       C:\Users\austi\OneDrive\Documents\CSCD Spring25\Hackathon-2025\Hackathon-2025\Hackathon-2025.csproj
                           AdditionalProperties = Configuration=Debug; Platform=AnyCPU
                           Platform = AnyCPU
                           Configuration = Debug
                           ToolsVersion = 
                           SkipNonexistentProjects = False
                       C:\Users\austi\OneDrive\Documents\CSCD Spring25\Hackathon-2025\Jobs.WebhookPruner\Jobs_WebhookPruner.csproj
                           AdditionalProperties = Configuration=Debug; Platform=AnyCPU
                           Platform = AnyCPU
                           Configuration = Debug
                           ToolsVersion = 
                           SkipNonexistentProjects = False
                   SolutionConfiguration
                       Debug|Any CPU
                           Content = <SolutionConfiguration>
                     <ProjectConfiguration Project="{C7483F4E-9257-462C-AEC4-B68D9ADEDB78}" AbsolutePath="C:\Users\austi\OneDrive\Documents\CSCD Spring25\Hackathon-2025\Hackathon-2025.Tests\Hackathon-2025.Tests.csproj" BuildProjectInSolution="True">Debug|AnyCPU</ProjectConfiguration>
                     <ProjectConfiguration Project="{EB58787C-111E-8904-924D-128FB7DA8BB9}" AbsolutePath="C:\Users\austi\OneDrive\Documents\CSCD Spring25\Hackathon-2025\Hackathon-2025\Hackathon-2025.csproj" BuildProjectInSolution="True">Debug|AnyCPU</ProjectConfiguration>
                     <ProjectConfiguration Project="{C7B1CE17-3A33-48B5-9106-2EA3C5C59656}" AbsolutePath="C:\Users\austi\OneDrive\Documents\CSCD Spring25\Hackathon-2025\Jobs.WebhookPruner\Jobs_WebhookPruner.csproj" BuildProjectInSolution="True">Debug|AnyCPU</ProjectConfiguration>
                   </SolutionConfiguration>
                           Platform = Any CPU
                           Configuration = Debug
                       Release|Any CPU
                           Content = <SolutionConfiguration>
                     <ProjectConfiguration Project="{C7483F4E-9257-462C-AEC4-B68D9ADEDB78}" AbsolutePath="C:\Users\austi\OneDrive\Documents\CSCD Spring25\Hackathon-2025\Hackathon-2025.Tests\Hackathon-2025.Tests.csproj" BuildProjectInSolution="True">Release|AnyCPU</ProjectConfiguration>
                     <ProjectConfiguration Project="{EB58787C-111E-8904-924D-128FB7DA8BB9}" AbsolutePath="C:\Users\austi\OneDrive\Documents\CSCD Spring25\Hackathon-2025\Hackathon-2025\Hackathon-2025.csproj" BuildProjectInSolution="True">Release|AnyCPU</ProjectConfiguration>
                     <ProjectConfiguration Project="{C7B1CE17-3A33-48B5-9106-2EA3C5C59656}" AbsolutePath="C:\Users\austi\OneDrive\Documents\CSCD Spring25\Hackathon-2025\Jobs.WebhookPruner\Jobs_WebhookPruner.csproj" BuildProjectInSolution="True">Release|AnyCPU</ProjectConfiguration>
                   </SolutionConfiguration>
                           Platform = Any CPU
                           Configuration = Release

17:20:49.860     1>Project "C:\Users\austi\OneDrive\Documents\CSCD Spring25\Hackathon-2025\StarlitStories.sln" on node 1 (Restore target(s)).
17:20:49.860     1>Initial Properties:
                   _DirectorySolutionPropsBasePath = 
                   _DirectorySolutionPropsFile = Directory.Solution.props
                   _DirectorySolutionTargetsBasePath = 
                   _DirectorySolutionTargetsFile = Directory.Solution.targets
                   _GenerateRestoreGraphProjectEntryInputProperties = 
                         ExcludeRestorePackageImports=true;
                         _RestoreSolutionFileUsed=true;
                         SolutionDir=C:\Users\austi\OneDrive\Documents\CSCD Spring25\Hackathon-2025\;
                         SolutionName=StarlitStories;
                         SolutionFileName=StarlitStories.sln;
                         SolutionPath=C:\Users\austi\OneDrive\Documents\CSCD Spring25\Hackathon-2025\StarlitStories.sln;
                         SolutionExt=.sln;
                       
                   _RestoreSolutionFileUsed = true
                   AspNetConfiguration = Debug
                   Configuration = Debug
                   CurrentSolutionConfigurationContents = <SolutionConfiguration>
                     <ProjectConfiguration Project="{C7483F4E-9257-462C-AEC4-B68D9ADEDB78}" AbsolutePath="C:\Users\austi\OneDrive\Documents\CSCD Spring25\Hackathon-2025\Hackathon-2025.Tests\Hackathon-2025.Tests.csproj" BuildProjectInSolution="True">Debug|AnyCPU</ProjectConfiguration>
                     <ProjectConfiguration Project="{EB58787C-111E-8904-924D-128FB7DA8BB9}" AbsolutePath="C:\Users\austi\OneDrive\Documents\CSCD Spring25\Hackathon-2025\Hackathon-2025\Hackathon-2025.csproj" BuildProjectInSolution="True">Debug|AnyCPU</ProjectConfiguration>
                     <ProjectConfiguration Project="{C7B1CE17-3A33-48B5-9106-2EA3C5C59656}" AbsolutePath="C:\Users\austi\OneDrive\Documents\CSCD Spring25\Hackathon-2025\Jobs.WebhookPruner\Jobs_WebhookPruner.csproj" BuildProjectInSolution="True">Debug|AnyCPU</ProjectConfiguration>
                   </SolutionConfiguration>
                   DefaultImplicitPackages = Microsoft.NETCore.App;NETStandard.Library
                   DOTNET_CLI_TELEMETRY_SESSIONID = 57cbd918-d6e8-4bc3-be34-5b5dda67f0f5
                   DOTNET_HOST_PATH = C:\Program Files\dotnet\dotnet.exe
                   DotnetCliToolTargetFramework = netcoreapp2.2
                   GetReferenceNearestTargetFrameworkTaskSupportsTargetPlatformParameter = true
                   HideWarningsAndErrors = false
                   IsRestoreTargetsFileLoaded = true
                   MicrosoftNETBuildTasksAssembly = C:\Program Files\dotnet\sdk\9.0.100\Sdks\Microsoft.NET.Sdk\targets\..\tools\net9.0\Microsoft.NET.Build.Tasks.dll
                   MicrosoftNETBuildTasksDirectory = C:\Program Files\dotnet\sdk\9.0.100\Sdks\Microsoft.NET.Sdk\targets\..\tools\net9.0\
                   MicrosoftNETBuildTasksDirectoryRoot = C:\Program Files\dotnet\sdk\9.0.100\Sdks\Microsoft.NET.Sdk\targets\..\tools\
                   MicrosoftNETBuildTasksTFM = net9.0
                   MSBuildAllProjects = C:\Program Files\dotnet\sdk\9.0.100\Current\SolutionFile\ImportAfter\Microsoft.NET.Sdk.Solution.targets
                   MSBuildAssemblyVersion = 17.0
                   MSBuildBinPath = C:\Program Files\dotnet\sdk\9.0.100
                   MSBuildDisableFeaturesFromVersion = 999.999
                   MSBuildExtensionsPath = C:\Program Files\dotnet\sdk\9.0.100\
                   MSBuildExtensionsPath32 = C:\Program Files\dotnet\sdk\9.0.100
                   MSBuildExtensionsPath64 = C:\Program Files\dotnet\sdk\9.0.100
                   MSBUILDFAILONDRIVEENUMERATINGWILDCARD = 1
                   MSBuildFileVersion = 17.12.7.52203
                   MSBuildIsRestoring = True
                   MSBuildLoadMicrosoftTargetsReadOnly = true
                   MSBuildNodeCount = 1
                   MSBuildProgramFiles32 = C:\Program Files (x86)
                   MSBuildProjectDefaultTargets = Build
                   MSBuildProjectDirectory = C:\Users\austi\OneDrive\Documents\CSCD Spring25\Hackathon-2025
                   MSBuildProjectDirectoryNoRoot = Users\austi\OneDrive\Documents\CSCD Spring25\Hackathon-2025
                   MSBuildProjectExtension = .metaproj
                   MSBuildProjectFile = StarlitStories.sln.metaproj
                   MSBuildProjectFullPath = C:\Users\austi\OneDrive\Documents\CSCD Spring25\Hackathon-2025\StarlitStories.sln.metaproj
                   MSBuildProjectName = StarlitStories.sln
                   MSBuildRestoreSessionId = 46153a84-4b97-4d3e-af58-dac232af2069
                   MSBuildRuntimeType = Core
                   MSBuildSDKsPath = C:\Program Files\dotnet\sdk\9.0.100\Sdks
                   MSBuildSemanticVersion = 17.12.7+5b8665660
                   MSBuildStartupDirectory = C:\Users\austi\OneDrive\Documents\CSCD Spring25\Hackathon-2025
                   MSBuildToolsPath = C:\Program Files\dotnet\sdk\9.0.100
                   MSBuildToolsVersion = Current
                   MSBuildUserExtensionsPath = C:\Users\austi\AppData\Local\Microsoft\MSBuild
                   MSBUILDUSESERVER = 0
                   MSBuildVersion = 17.12.7
                   NuGetAudit = true
                   NuGetAuditLevel = low
                   NuGetAuditMode = all
                   NuGetInteractive = 
                   NuGetRestoreTargets = C:\Program Files\dotnet\sdk\9.0.100\\NuGet.targets
                   PackageDownloadSupported = true
                   Platform = Any CPU
                   RestoreBuildInParallel = true
                   RestoreContinueOnError = WarnAndContinue
                   RestoreRecursive = true
                   RestoreTaskAssemblyFile = NuGet.Build.Tasks.dll
                   RestoreUseSkipNonexistentTargets = true
                   RoslynTargetsPath = C:\Program Files\dotnet\sdk\9.0.100\Roslyn
                   SolutionDir = C:\Users\austi\OneDrive\Documents\CSCD Spring25\Hackathon-2025\
                   SolutionExt = .sln
                   SolutionFileName = StarlitStories.sln
                   SolutionName = StarlitStories
                   SolutionPath = C:\Users\austi\OneDrive\Documents\CSCD Spring25\Hackathon-2025\StarlitStories.sln
                   TargetFrameworkVersion = v4.0
                   ValidateRuntimeIdentifierCompatibility = false
                   VisualStudioVersion = 17.0

17:20:49.860     1>Initial Items:
                   ProjectReference
                       C:\Users\austi\OneDrive\Documents\CSCD Spring25\Hackathon-2025\Hackathon-2025.Tests\Hackathon-2025.Tests.csproj
                           AdditionalProperties = Configuration=Debug; Platform=AnyCPU
                           Platform = AnyCPU
                           Configuration = Debug
                           ToolsVersion = 
                           SkipNonexistentProjects = False
                       C:\Users\austi\OneDrive\Documents\CSCD Spring25\Hackathon-2025\Hackathon-2025\Hackathon-2025.csproj
                           AdditionalProperties = Configuration=Debug; Platform=AnyCPU
                           Platform = AnyCPU
                           Configuration = Debug
                           ToolsVersion = 
                           SkipNonexistentProjects = False
                       C:\Users\austi\OneDrive\Documents\CSCD Spring25\Hackathon-2025\Jobs.WebhookPruner\Jobs_WebhookPruner.csproj
                           AdditionalProperties = Configuration=Debug; Platform=AnyCPU
                           Platform = AnyCPU
                           Configuration = Debug
                           ToolsVersion = 
                           SkipNonexistentProjects = False
                   SolutionConfiguration
                       Debug|Any CPU
                           Content = <SolutionConfiguration>
                     <ProjectConfiguration Project="{C7483F4E-9257-462C-AEC4-B68D9ADEDB78}" AbsolutePath="C:\Users\austi\OneDrive\Documents\CSCD Spring25\Hackathon-2025\Hackathon-2025.Tests\Hackathon-2025.Tests.csproj" BuildProjectInSolution="True">Debug|AnyCPU</ProjectConfiguration>
                     <ProjectConfiguration Project="{EB58787C-111E-8904-924D-128FB7DA8BB9}" AbsolutePath="C:\Users\austi\OneDrive\Documents\CSCD Spring25\Hackathon-2025\Hackathon-2025\Hackathon-2025.csproj" BuildProjectInSolution="True">Debug|AnyCPU</ProjectConfiguration>
                     <ProjectConfiguration Project="{C7B1CE17-3A33-48B5-9106-2EA3C5C59656}" AbsolutePath="C:\Users\austi\OneDrive\Documents\CSCD Spring25\Hackathon-2025\Jobs.WebhookPruner\Jobs_WebhookPruner.csproj" BuildProjectInSolution="True">Debug|AnyCPU</ProjectConfiguration>
                   </SolutionConfiguration>
                           Platform = Any CPU
                           Configuration = Debug
                       Release|Any CPU
                           Content = <SolutionConfiguration>
                     <ProjectConfiguration Project="{C7483F4E-9257-462C-AEC4-B68D9ADEDB78}" AbsolutePath="C:\Users\austi\OneDrive\Documents\CSCD Spring25\Hackathon-2025\Hackathon-2025.Tests\Hackathon-2025.Tests.csproj" BuildProjectInSolution="True">Release|AnyCPU</ProjectConfiguration>
                     <ProjectConfiguration Project="{EB58787C-111E-8904-924D-128FB7DA8BB9}" AbsolutePath="C:\Users\austi\OneDrive\Documents\CSCD Spring25\Hackathon-2025\Hackathon-2025\Hackathon-2025.csproj" BuildProjectInSolution="True">Release|AnyCPU</ProjectConfiguration>
                     <ProjectConfiguration Project="{C7B1CE17-3A33-48B5-9106-2EA3C5C59656}" AbsolutePath="C:\Users\austi\OneDrive\Documents\CSCD Spring25\Hackathon-2025\Jobs.WebhookPruner\Jobs_WebhookPruner.csproj" BuildProjectInSolution="True">Release|AnyCPU</ProjectConfiguration>
                   </SolutionConfiguration>
                           Platform = Any CPU
                           Configuration = Release

17:20:49.865     1>Target "ValidateSolutionConfiguration: (TargetId:2)" in file "C:\Users\austi\OneDrive\Documents\CSCD Spring25\Hackathon-2025\StarlitStories.sln.metaproj" from project "C:\Users\austi\OneDrive\Documents\CSCD Spring25\Hackathon-2025\StarlitStories.sln" (entry point):
17:20:49.867     1>Task "Error" skipped, due to false condition; (('$(CurrentSolutionConfigurationContents)' == '') and ('$(SkipInvalidConfigurations)' != 'true')) was evaluated as (('<SolutionConfiguration>
  <ProjectConfiguration Project="{C7483F4E-9257-462C-AEC4-B68D9ADEDB78}" AbsolutePath="C:\Users\austi\OneDrive\Documents\CSCD Spring25\Hackathon-2025\Hackathon-2025.Tests\Hackathon-2025.Tests.csproj" BuildProjectInSolution="True">Debug|AnyCPU</ProjectConfiguration>
  <ProjectConfiguration Project="{EB58787C-111E-8904-924D-128FB7DA8BB9}" AbsolutePath="C:\Users\austi\OneDrive\Documents\CSCD Spring25\Hackathon-2025\Hackathon-2025\Hackathon-2025.csproj" BuildProjectInSolution="True">Debug|AnyCPU</ProjectConfiguration>
  <ProjectConfiguration Project="{C7B1CE17-3A33-48B5-9106-2EA3C5C59656}" AbsolutePath="C:\Users\austi\OneDrive\Documents\CSCD Spring25\Hackathon-2025\Jobs.WebhookPruner\Jobs_WebhookPruner.csproj" BuildProjectInSolution="True">Debug|AnyCPU</ProjectConfiguration>
</SolutionConfiguration>' == '') and ('' != 'true')).
                   Task "Warning" skipped, due to false condition; (('$(CurrentSolutionConfigurationContents)' == '') and ('$(SkipInvalidConfigurations)' == 'true')) was evaluated as (('<SolutionConfiguration>
                     <ProjectConfiguration Project="{C7483F4E-9257-462C-AEC4-B68D9ADEDB78}" AbsolutePath="C:\Users\austi\OneDrive\Documents\CSCD Spring25\Hackathon-2025\Hackathon-2025.Tests\Hackathon-2025.Tests.csproj" BuildProjectInSolution="True">Debug|AnyCPU</ProjectConfiguration>
                     <ProjectConfiguration Project="{EB58787C-111E-8904-924D-128FB7DA8BB9}" AbsolutePath="C:\Users\austi\OneDrive\Documents\CSCD Spring25\Hackathon-2025\Hackathon-2025\Hackathon-2025.csproj" BuildProjectInSolution="True">Debug|AnyCPU</ProjectConfiguration>
                     <ProjectConfiguration Project="{C7B1CE17-3A33-48B5-9106-2EA3C5C59656}" AbsolutePath="C:\Users\austi\OneDrive\Documents\CSCD Spring25\Hackathon-2025\Jobs.WebhookPruner\Jobs_WebhookPruner.csproj" BuildProjectInSolution="True">Debug|AnyCPU</ProjectConfiguration>
                   </SolutionConfiguration>' == '') and ('' == 'true')).
                   Using "Message" task from assembly "Microsoft.Build.Tasks.Core, Version=15.1.0.0, Culture=neutral, PublicKeyToken=b03f5f7f11d50a3a".
                   Task "Message" (TaskId:2)
                     Task Parameter:Text=Building solution configuration "Debug|Any CPU". (TaskId:2)
                     Building solution configuration "Debug|Any CPU". (TaskId:2)
                   Done executing task "Message". (TaskId:2)
17:20:49.878     1>Done building target "ValidateSolutionConfiguration" in project "StarlitStories.sln".: (TargetId:2)
17:20:49.879     1>Target "ValidateToolsVersions: (TargetId:3)" in file "C:\Users\austi\OneDrive\Documents\CSCD Spring25\Hackathon-2025\StarlitStories.sln.metaproj" from project "C:\Users\austi\OneDrive\Documents\CSCD Spring25\Hackathon-2025\StarlitStories.sln" (entry point):
                   Task "Error" skipped, due to false condition; ('$(MSBuildToolsVersion)' == '2.0' and ('$(ProjectToolsVersion)' != '2.0' and '$(ProjectToolsVersion)' != '')) was evaluated as ('Current' == '2.0' and ('' != '2.0' and '' != '')).
17:20:49.879     1>Done building target "ValidateToolsVersions" in project "StarlitStories.sln".: (TargetId:3)
17:20:49.879     1>Target "ValidateProjects: (TargetId:4)" in file "C:\Users\austi\OneDrive\Documents\CSCD Spring25\Hackathon-2025\StarlitStories.sln.metaproj" from project "C:\Users\austi\OneDrive\Documents\CSCD Spring25\Hackathon-2025\StarlitStories.sln" (entry point):
17:20:49.879     1>Done building target "ValidateProjects" in project "StarlitStories.sln".: (TargetId:4)
17:20:49.879     1>Target "_LoadRestoreGraphEntryPoints: (TargetId:5)" in file "C:\Program Files\dotnet\sdk\9.0.100\NuGet.targets" from project "C:\Users\austi\OneDrive\Documents\CSCD Spring25\Hackathon-2025\StarlitStories.sln" (target "_FilterRestoreGraphProjectInputItems" depends on it):
                   Assembly loaded during TaskRun: NuGet.Build.Tasks, Version=6.12.0.127, Culture=neutral, PublicKeyToken=31bf3856ad364e35 (location: C:\Program Files\dotnet\sdk\9.0.100\NuGet.Build.Tasks.dll, MVID: 6ba667f6-eb98-44a6-abd7-9af314cbca52, AssemblyLoadContext: MSBuild plugin C:\Program Files\dotnet\sdk\9.0.100\NuGet.Build.Tasks.dll)
                   Assembly loaded during TaskRun: NuGet.Common, Version=6.12.0.127, Culture=neutral, PublicKeyToken=31bf3856ad364e35 (location: C:\Program Files\dotnet\sdk\9.0.100\NuGet.Common.dll, MVID: 42d11c09-4d1e-4491-94eb-cfab0ade74d5, AssemblyLoadContext: MSBuild plugin C:\Program Files\dotnet\sdk\9.0.100\NuGet.Build.Tasks.dll)
                   Assembly loaded during TaskRun: NuGet.Commands, Version=6.12.0.127, Culture=neutral, PublicKeyToken=31bf3856ad364e35 (location: C:\Program Files\dotnet\sdk\9.0.100\NuGet.Commands.dll, MVID: 3020b40e-5452-4b75-88e6-7ac526d1aa7b, AssemblyLoadContext: MSBuild plugin C:\Program Files\dotnet\sdk\9.0.100\NuGet.Build.Tasks.dll)
                   Assembly loaded during TaskRun: NuGet.ProjectModel, Version=6.12.0.127, Culture=neutral, PublicKeyToken=31bf3856ad364e35 (location: C:\Program Files\dotnet\sdk\9.0.100\NuGet.ProjectModel.dll, MVID: c1f35b64-6fe8-4bba-8a5f-90259239bac8, AssemblyLoadContext: MSBuild plugin C:\Program Files\dotnet\sdk\9.0.100\NuGet.Build.Tasks.dll)
                   Using "GetRestoreSolutionProjectsTask" task from assembly "C:\Program Files\dotnet\sdk\9.0.100\NuGet.Build.Tasks.dll".
                   Task "GetRestoreSolutionProjectsTask" (TaskId:3)
                     Task Parameter:
                         ProjectReferences=
                             C:\Users\austi\OneDrive\Documents\CSCD Spring25\Hackathon-2025\Hackathon-2025.Tests\Hackathon-2025.Tests.csproj
                                     AdditionalProperties=Configuration=Debug; Platform=AnyCPU
                                     Configuration=Debug
                                     Platform=AnyCPU
                                     SkipNonexistentProjects=False
                                     ToolsVersion=
                             C:\Users\austi\OneDrive\Documents\CSCD Spring25\Hackathon-2025\Hackathon-2025\Hackathon-2025.csproj
                                     AdditionalProperties=Configuration=Debug; Platform=AnyCPU
                                     Configuration=Debug
                                     Platform=AnyCPU
                                     SkipNonexistentProjects=False
                                     ToolsVersion=
                             C:\Users\austi\OneDrive\Documents\CSCD Spring25\Hackathon-2025\Jobs.WebhookPruner\Jobs_WebhookPruner.csproj
                                     AdditionalProperties=Configuration=Debug; Platform=AnyCPU
                                     Configuration=Debug
                                     Platform=AnyCPU
                                     SkipNonexistentProjects=False
                                     ToolsVersion= (TaskId:3)
                     Task Parameter:SolutionFilePath=C:\Users\austi\OneDrive\Documents\CSCD Spring25\Hackathon-2025\StarlitStories.sln.metaproj (TaskId:3)
                     Output Item(s): 
                         RestoreGraphProjectInputItems=
                             C:\Users\austi\OneDrive\Documents\CSCD Spring25\Hackathon-2025\Hackathon-2025.Tests\Hackathon-2025.Tests.csproj
                                     AdditionalProperties=Configuration=Debug; Platform=AnyCPU
                                     Configuration=Debug
                                     Platform=AnyCPU
                                     SkipNonexistentProjects=False
                                     ToolsVersion=
                             C:\Users\austi\OneDrive\Documents\CSCD Spring25\Hackathon-2025\Hackathon-2025\Hackathon-2025.csproj
                                     AdditionalProperties=Configuration=Debug; Platform=AnyCPU
                                     Configuration=Debug
                                     Platform=AnyCPU
                                     SkipNonexistentProjects=False
                                     ToolsVersion=
                             C:\Users\austi\OneDrive\Documents\CSCD Spring25\Hackathon-2025\Jobs.WebhookPruner\Jobs_WebhookPruner.csproj
                                     AdditionalProperties=Configuration=Debug; Platform=AnyCPU
                                     Configuration=Debug
                                     Platform=AnyCPU
                                     SkipNonexistentProjects=False
                                     ToolsVersion= (TaskId:3)
                   Done executing task "GetRestoreSolutionProjectsTask". (TaskId:3)
17:20:49.890     1>Done building target "_LoadRestoreGraphEntryPoints" in project "StarlitStories.sln".: (TargetId:5)
17:20:49.890     1>Target "_FilterRestoreGraphProjectInputItems: (TargetId:6)" in file "C:\Program Files\dotnet\sdk\9.0.100\NuGet.targets" from project "C:\Users\austi\OneDrive\Documents\CSCD Spring25\Hackathon-2025\StarlitStories.sln" (target "_GenerateRestoreGraph" depends on it):
                   Set Property: RestoreProjectFilterMode=exclusionlist
                   Added Item(s): 
                       _FilteredRestoreGraphProjectInputItemsTmp=
                           C:\Users\austi\OneDrive\Documents\CSCD Spring25\Hackathon-2025\Hackathon-2025.Tests\Hackathon-2025.Tests.csproj
                                   AdditionalProperties=Configuration=Debug; Platform=AnyCPU
                                   Configuration=Debug
                                   Platform=AnyCPU
                                   SkipNonexistentProjects=False
                                   ToolsVersion=
                           C:\Users\austi\OneDrive\Documents\CSCD Spring25\Hackathon-2025\Hackathon-2025\Hackathon-2025.csproj
                                   AdditionalProperties=Configuration=Debug; Platform=AnyCPU
                                   Configuration=Debug
                                   Platform=AnyCPU
                                   SkipNonexistentProjects=False
                                   ToolsVersion=
                           C:\Users\austi\OneDrive\Documents\CSCD Spring25\Hackathon-2025\Jobs.WebhookPruner\Jobs_WebhookPruner.csproj
                                   AdditionalProperties=Configuration=Debug; Platform=AnyCPU
                                   Configuration=Debug
                                   Platform=AnyCPU
                                   SkipNonexistentProjects=False
                                   ToolsVersion=
                   Using "RemoveDuplicates" task from assembly "Microsoft.Build.Tasks.Core, Version=15.1.0.0, Culture=neutral, PublicKeyToken=b03f5f7f11d50a3a".
                   Task "RemoveDuplicates" (TaskId:4)
                     Task Parameter:
                         Inputs=
                             C:\Users\austi\OneDrive\Documents\CSCD Spring25\Hackathon-2025\Hackathon-2025.Tests\Hackathon-2025.Tests.csproj
                                     AdditionalProperties=Configuration=Debug; Platform=AnyCPU
                                     Configuration=Debug
                                     Platform=AnyCPU
                                     SkipNonexistentProjects=False
                                     ToolsVersion=
                             C:\Users\austi\OneDrive\Documents\CSCD Spring25\Hackathon-2025\Hackathon-2025\Hackathon-2025.csproj
                                     AdditionalProperties=Configuration=Debug; Platform=AnyCPU
                                     Configuration=Debug
                                     Platform=AnyCPU
                                     SkipNonexistentProjects=False
                                     ToolsVersion=
                             C:\Users\austi\OneDrive\Documents\CSCD Spring25\Hackathon-2025\Jobs.WebhookPruner\Jobs_WebhookPruner.csproj
                                     AdditionalProperties=Configuration=Debug; Platform=AnyCPU
                                     Configuration=Debug
                                     Platform=AnyCPU
                                     SkipNonexistentProjects=False
                                     ToolsVersion= (TaskId:4)
                     Output Item(s): 
                         FilteredRestoreGraphProjectInputItemsWithoutDuplicates=
                             C:\Users\austi\OneDrive\Documents\CSCD Spring25\Hackathon-2025\Hackathon-2025.Tests\Hackathon-2025.Tests.csproj
                                     AdditionalProperties=Configuration=Debug; Platform=AnyCPU
                                     Configuration=Debug
                                     Platform=AnyCPU
                                     SkipNonexistentProjects=False
                                     ToolsVersion=
                             C:\Users\austi\OneDrive\Documents\CSCD Spring25\Hackathon-2025\Hackathon-2025\Hackathon-2025.csproj
                                     AdditionalProperties=Configuration=Debug; Platform=AnyCPU
                                     Configuration=Debug
                                     Platform=AnyCPU
                                     SkipNonexistentProjects=False
                                     ToolsVersion=
                             C:\Users\austi\OneDrive\Documents\CSCD Spring25\Hackathon-2025\Jobs.WebhookPruner\Jobs_WebhookPruner.csproj
                                     AdditionalProperties=Configuration=Debug; Platform=AnyCPU
                                     Configuration=Debug
                                     Platform=AnyCPU
                                     SkipNonexistentProjects=False
                                     ToolsVersion= (TaskId:4)
                   Done executing task "RemoveDuplicates". (TaskId:4)
                   Using "MSBuild" task from assembly "Microsoft.Build.Tasks.Core, Version=15.1.0.0, Culture=neutral, PublicKeyToken=b03f5f7f11d50a3a".
                   Task "MSBuild" (TaskId:5)
                     Task Parameter:Targets=_IsProjectRestoreSupported (TaskId:5)
                     Task Parameter:
                         Projects=
                             C:\Users\austi\OneDrive\Documents\CSCD Spring25\Hackathon-2025\Hackathon-2025.Tests\Hackathon-2025.Tests.csproj
                                     AdditionalProperties=Configuration=Debug; Platform=AnyCPU
                                     Configuration=Debug
                                     Platform=AnyCPU
                                     SkipNonexistentProjects=False
                                     ToolsVersion=
                             C:\Users\austi\OneDrive\Documents\CSCD Spring25\Hackathon-2025\Hackathon-2025\Hackathon-2025.csproj
                                     AdditionalProperties=Configuration=Debug; Platform=AnyCPU
                                     Configuration=Debug
                                     Platform=AnyCPU
                                     SkipNonexistentProjects=False
                                     ToolsVersion=
                             C:\Users\austi\OneDrive\Documents\CSCD Spring25\Hackathon-2025\Jobs.WebhookPruner\Jobs_WebhookPruner.csproj
                                     AdditionalProperties=Configuration=Debug; Platform=AnyCPU
                                     Configuration=Debug
                                     Platform=AnyCPU
                                     SkipNonexistentProjects=False
                                     ToolsVersion= (TaskId:5)
                     Task Parameter:BuildInParallel=True (TaskId:5)
                     Task Parameter:
                         Properties=
                             ExcludeRestorePackageImports=true
                             _RestoreSolutionFileUsed=true
                             SolutionDir=C:\Users\austi\OneDrive\Documents\CSCD Spring25\Hackathon-2025\
                             SolutionName=StarlitStories
                             SolutionFileName=StarlitStories.sln
                             SolutionPath=C:\Users\austi\OneDrive\Documents\CSCD Spring25\Hackathon-2025\StarlitStories.sln
                             SolutionExt=.sln (TaskId:5)
                     Task Parameter:SkipNonexistentTargets=True (TaskId:5)
                     Global Properties: (TaskId:5)
                       ExcludeRestorePackageImports=true (TaskId:5)
                       _RestoreSolutionFileUsed=true (TaskId:5)
                       SolutionDir=C:\Users\austi\OneDrive\Documents\CSCD Spring25\Hackathon-2025\ (TaskId:5)
                       SolutionName=StarlitStories (TaskId:5)
                       SolutionFileName=StarlitStories.sln (TaskId:5)
                       SolutionPath=C:\Users\austi\OneDrive\Documents\CSCD Spring25\Hackathon-2025\StarlitStories.sln (TaskId:5)
                       SolutionExt=.sln (TaskId:5)
                     Additional Properties for project "C:\Users\austi\OneDrive\Documents\CSCD Spring25\Hackathon-2025\Hackathon-2025.Tests\Hackathon-2025.Tests.csproj": (TaskId:5)
                       Configuration=Debug (TaskId:5)
                       Platform=AnyCPU (TaskId:5)
                     Additional Properties for project "C:\Users\austi\OneDrive\Documents\CSCD Spring25\Hackathon-2025\Hackathon-2025\Hackathon-2025.csproj": (TaskId:5)
                       Configuration=Debug (TaskId:5)
                       Platform=AnyCPU (TaskId:5)
                     Additional Properties for project "C:\Users\austi\OneDrive\Documents\CSCD Spring25\Hackathon-2025\Jobs.WebhookPruner\Jobs_WebhookPruner.csproj": (TaskId:5)
                       Configuration=Debug (TaskId:5)
                       Platform=AnyCPU (TaskId:5)
17:20:49.916     0>The SDK "Microsoft.NET.Sdk" was successfully resolved by the "DefaultSdkResolver" resolver to location "C:\Program Files\dotnet\sdk\9.0.100\Sdks\Microsoft.NET.Sdk\Sdk" and version "".
                   C:\Program Files\dotnet\sdk\9.0.100\Sdks\Microsoft.NET.Sdk\Sdk\Sdk.props(49,11): message : Property 'MSBuildExtensionsPath' with value 'C:\Program Files\dotnet\sdk\9.0.100\' expanded from the environment.
                   Property reassignment: $(MSBuildProjectExtensionsPath)="C:\Users\austi\OneDrive\Documents\CSCD Spring25\Hackathon-2025\Hackathon-2025.Tests\obj\" (previous value: "obj\") at C:\Program Files\dotnet\sdk\9.0.100\Current\Microsoft.Common.props (60,5)
                   C:\Program Files\dotnet\sdk\9.0.100\Current\Microsoft.Common.props(84,119): message : Property 'MSBuildUserExtensionsPath' with value 'C:\Users\austi\AppData\Local\Microsoft\MSBuild' expanded from the environment.
                   The "Configuration" property is a global property, and cannot be modified.
                   The "Platform" property is a global property, and cannot be modified.
                   The "Configuration" property is a global property, and cannot be modified.
                   The "Platform" property is a global property, and cannot be modified.
                   Property reassignment: $(AssemblySearchPaths)="{CandidateAssemblyFiles};{HintPathFromItem}" (previous value: "{CandidateAssemblyFiles}") at C:\Program Files\dotnet\sdk\9.0.100\Sdks\Microsoft.NET.Sdk\targets\Microsoft.NET.Sdk.props (90,5)
                   Property reassignment: $(AssemblySearchPaths)="{CandidateAssemblyFiles};{HintPathFromItem};{TargetFrameworkDirectory}" (previous value: "{CandidateAssemblyFiles};{HintPathFromItem}") at C:\Program Files\dotnet\sdk\9.0.100\Sdks\Microsoft.NET.Sdk\targets\Microsoft.NET.Sdk.props (91,5)
                   Property reassignment: $(AssemblySearchPaths)="{CandidateAssemblyFiles};{HintPathFromItem};{TargetFrameworkDirectory};{RawFileName}" (previous value: "{CandidateAssemblyFiles};{HintPathFromItem};{TargetFrameworkDirectory}") at C:\Program Files\dotnet\sdk\9.0.100\Sdks\Microsoft.NET.Sdk\targets\Microsoft.NET.Sdk.props (92,5)
                   The "DefaultSdkResolver" resolver attempted to resolve the SDK "Microsoft.NET.SDK.WorkloadAutoImportPropsLocator".
                   Warnings: null
                   Errors: MSB4276: The default SDK resolver failed to resolve SDK "Microsoft.NET.SDK.WorkloadAutoImportPropsLocator" because directory "C:\Program Files\dotnet\sdk\9.0.100\Sdks\Microsoft.NET.SDK.WorkloadAutoImportPropsLocator\Sdk" did not exist.
                   Assembly loaded during Evaluation: Microsoft.Build.NuGetSdkResolver, Version=6.12.0.127, Culture=neutral, PublicKeyToken=31bf3856ad364e35 (location: C:\Program Files\dotnet\sdk\9.0.100\Microsoft.Build.NuGetSdkResolver.dll, MVID: ad7c9abe-92b6-4c72-8576-74fa5d1a76d8, AssemblyLoadContext: MSBuild plugin C:\Program Files\dotnet\sdk\9.0.100\Microsoft.Build.NuGetSdkResolver.dll)
                   Assembly loaded during Evaluation: Microsoft.NET.Sdk.WorkloadMSBuildSdkResolver, Version=9.0.100.0, Culture=neutral, PublicKeyToken=31bf3856ad364e35 (location: C:\Program Files\dotnet\sdk\9.0.100\Microsoft.NET.Sdk.WorkloadMSBuildSdkResolver.dll, MVID: 2d64c21e-7ff0-4c99-816c-3d8b1e970c92, AssemblyLoadContext: MSBuild plugin C:\Program Files\dotnet\sdk\9.0.100\Microsoft.NET.Sdk.WorkloadMSBuildSdkResolver.dll)
                   Assembly loaded during Evaluation: Microsoft.DotNet.Cli.Utils, Version=9.0.100.0, Culture=neutral, PublicKeyToken=adb9793829ddae60 (location: C:\Program Files\dotnet\sdk\9.0.100\Microsoft.DotNet.Cli.Utils.dll, MVID: 3410f7c7-763c-46ca-8eb2-16d1b67063f7, AssemblyLoadContext: MSBuild plugin C:\Program Files\dotnet\sdk\9.0.100\Microsoft.NET.Sdk.WorkloadMSBuildSdkResolver.dll)
                   Assembly loaded during Evaluation: Microsoft.NET.Sdk.WorkloadManifestReader, Version=9.0.100.0, Culture=neutral, PublicKeyToken=adb9793829ddae60 (location: C:\Program Files\dotnet\sdk\9.0.100\Microsoft.NET.Sdk.WorkloadManifestReader.dll, MVID: c02b3f06-7a54-4d42-825e-9c4fef815838, AssemblyLoadContext: MSBuild plugin C:\Program Files\dotnet\sdk\9.0.100\Microsoft.NET.Sdk.WorkloadMSBuildSdkResolver.dll)
                   Assembly loaded during Evaluation: System.IO.Pipes, Version=9.0.0.0, Culture=neutral, PublicKeyToken=b03f5f7f11d50a3a (location: C:\Program Files\dotnet\shared\Microsoft.NETCore.App\9.0.0\System.IO.Pipes.dll, MVID: b5c9a2ef-9756-4fbb-b0f0-78ff7e6c1766, AssemblyLoadContext: Default)
                   Assembly loaded during Evaluation: Microsoft.Deployment.DotNet.Releases, Version=2.0.0.0, Culture=neutral, PublicKeyToken=31bf3856ad364e35 (location: C:\Program Files\dotnet\sdk\9.0.100\Microsoft.Deployment.DotNet.Releases.dll, MVID: a97973a0-2061-4c2c-9f90-e2f0f875afbd, AssemblyLoadContext: MSBuild plugin C:\Program Files\dotnet\sdk\9.0.100\Microsoft.NET.Sdk.WorkloadMSBuildSdkResolver.dll)
                   The SDK "Microsoft.NET.SDK.WorkloadAutoImportPropsLocator" was successfully resolved by the "Microsoft.DotNet.MSBuildWorkloadSdkResolver" resolver to location "null" and version "null".
                   Property reassignment: $(TargetsForTfmSpecificContentInPackage)=";PackTool;_PackProjectToolValidation" (previous value: ";PackTool") at C:\Program Files\dotnet\sdk\9.0.100\Sdks\Microsoft.NET.Sdk\targets\Microsoft.NET.PackProjectTool.props (15,5)
                   Property reassignment: $(RootNamespace)="Hackathon_2025.Tests" (previous value: "Hackathon-2025.Tests") at C:\Users\austi\OneDrive\Documents\CSCD Spring25\Hackathon-2025\Hackathon-2025.Tests\Hackathon-2025.Tests.csproj (5,3)
                   The "Configuration" property is a global property, and cannot be modified.
                   The "Platform" property is a global property, and cannot be modified.
                   Property reassignment: $(PublishProfileImported)="false" (previous value: "true") at C:\Program Files\dotnet\sdk\9.0.100\Sdks\Microsoft.NET.Sdk\targets\Microsoft.NET.Sdk.ImportPublishProfile.targets (28,5)
                   Assembly loaded during Evaluation: NuGet.Frameworks, Version=6.12.0.127, Culture=neutral, PublicKeyToken=31bf3856ad364e35 (location: C:\Program Files\dotnet\sdk\9.0.100\NuGet.Frameworks.dll, MVID: 0fc399c3-038a-4956-89d3-7959270b301a, AssemblyLoadContext: Assembly.LoadFile(C:\Program Files\dotnet\sdk\9.0.100\NuGet.Frameworks.dll))
                   Property reassignment: $(TargetPlatformVersion)="" (previous value: "0.0") at C:\Program Files\dotnet\sdk\9.0.100\Sdks\Microsoft.NET.Sdk\targets\Microsoft.NET.TargetFrameworkInference.targets (69,5)
                   Property reassignment: $(DefaultItemExcludes)=";bin\Debug\/**;obj\Debug\/**" (previous value: ";bin\Debug\/**") at C:\Program Files\dotnet\sdk\9.0.100\Sdks\Microsoft.NET.Sdk\targets\Microsoft.NET.DefaultOutputPaths.targets (122,5)
                   Property reassignment: $(OutputPath)="bin\Debug\net8.0\" (previous value: "bin\Debug\") at C:\Program Files\dotnet\sdk\9.0.100\Sdks\Microsoft.NET.Sdk\targets\Microsoft.NET.DefaultOutputPaths.targets (137,5)
                   Property reassignment: $(IntermediateOutputPath)="obj\Debug\net8.0\" (previous value: "obj\Debug\") at C:\Program Files\dotnet\sdk\9.0.100\Sdks\Microsoft.NET.Sdk\targets\Microsoft.NET.DefaultOutputPaths.targets (142,5)
                   The "DefaultSdkResolver" resolver attempted to resolve the SDK "Microsoft.NET.SDK.WorkloadManifestTargetsLocator".
                   Warnings: null
                   Errors: MSB4276: The default SDK resolver failed to resolve SDK "Microsoft.NET.SDK.WorkloadManifestTargetsLocator" because directory "C:\Program Files\dotnet\sdk\9.0.100\Sdks\Microsoft.NET.SDK.WorkloadManifestTargetsLocator\Sdk" did not exist.
                   The SDK "Microsoft.NET.SDK.WorkloadManifestTargetsLocator" was successfully resolved by the "Microsoft.DotNet.MSBuildWorkloadSdkResolver" resolver to location "C:\Program Files\dotnet\sdk-manifests\9.0.100\microsoft.net.sdk.android\35.0.7" and version "null".
                   Property reassignment: $(_FrameworkIdentifierForImplicitDefine)="NET" (previous value: "NETCOREAPP") at C:\Program Files\dotnet\sdk\9.0.100\Sdks\Microsoft.NET.Sdk\targets\Microsoft.NET.Sdk.BeforeCommon.targets (187,5)
                   Property reassignment: $(_FrameworkVersionForImplicitDefine)="8_0" (previous value: "8.0") at C:\Program Files\dotnet\sdk\9.0.100\Sdks\Microsoft.NET.Sdk\targets\Microsoft.NET.Sdk.BeforeCommon.targets (192,5)
                   Property reassignment: $(CommandLineArgsForDesignTimeEvaluation)="-langversion:latest -define:TRACE" (previous value: "-langversion:latest") at C:\Program Files\dotnet\sdk\9.0.100\Roslyn\Microsoft.CSharp.Core.targets (205,5)
                   The "Platform" property is a global property, and cannot be modified.
                   The "Configuration" property is a global property, and cannot be modified.
                   Property reassignment: $(_DebugSymbolsProduced)="true" (previous value: "false") at C:\Program Files\dotnet\sdk\9.0.100\Microsoft.Common.CurrentVersion.targets (175,5)
                   Property reassignment: $(_DocumentationFileProduced)="false" (previous value: "true") at C:\Program Files\dotnet\sdk\9.0.100\Microsoft.Common.CurrentVersion.targets (185,5)
                   The "SolutionName" property is a global property, and cannot be modified.
                   The "SolutionFileName" property is a global property, and cannot be modified.
                   The "SolutionPath" property is a global property, and cannot be modified.
                   The "SolutionDir" property is a global property, and cannot be modified.
                   The "SolutionExt" property is a global property, and cannot be modified.
                   Property reassignment: $(MSBuildCopyMarkerName)="Hackatho.99CD3D09" (previous value: "Hackathon-2025.Tests.csproj") at C:\Program Files\dotnet\sdk\9.0.100\Microsoft.Common.CurrentVersion.targets (392,5)
                   Property reassignment: $(MSBuildCopyMarkerName)="Hackatho.99CD3D09.Up2Date" (previous value: "Hackatho.99CD3D09") at C:\Program Files\dotnet\sdk\9.0.100\Microsoft.Common.CurrentVersion.targets (393,5)
                   Property reassignment: $(ProcessorArchitecture)="msil" (previous value: "") at C:\Program Files\dotnet\sdk\9.0.100\Microsoft.Common.CurrentVersion.targets (541,5)
                   Property reassignment: $(DelaySign)="" (previous value: "false") at C:\Program Files\dotnet\sdk\9.0.100\Microsoft.Common.CurrentVersion.targets (580,5)
                   C:\Program Files\dotnet\sdk\9.0.100\Microsoft.Common.CurrentVersion.targets(2579,5): message : Property 'LOCALAPPDATA' with value 'C:\Users\austi\AppData\Local' expanded from the environment.
                   Property reassignment: $(_SGenGenerateSerializationAssembliesConfig)="Auto" (previous value: "") at C:\Program Files\dotnet\sdk\9.0.100\Microsoft.Common.CurrentVersion.targets (3897,5)
                   Property reassignment: $(_SGenGenerateSerializationAssembliesConfig)="Off" (previous value: "Auto") at C:\Program Files\dotnet\sdk\9.0.100\Microsoft.Common.CurrentVersion.targets (3898,5)
                   Property reassignment: $(_TargetsThatPrepareProjectReferences)="
                         AssignProjectConfiguration;
                         _SplitProjectReferencesByFileExistence
                       " (previous value: "_SplitProjectReferencesByFileExistence") at C:\Program Files\dotnet\sdk\9.0.100\Microsoft.Common.CurrentVersion.targets (5100,5)
                   C:\Program Files\dotnet\sdk\9.0.100\Microsoft.Common.CurrentVersion.targets(6846,5): message : Property 'MSBuildExtensionsPath32' with value 'C:\Program Files\dotnet\sdk\9.0.100' expanded from the environment.
                   The "_RestoreSolutionFileUsed" property is a global property, and cannot be modified.
                   Property reassignment: $(_GenerateRestoreGraphProjectEntryInputProperties)="
                         ExcludeRestorePackageImports=true;
                         _RestoreSolutionFileUsed=true;
                         SolutionDir=C:\Users\austi\OneDrive\Documents\CSCD Spring25\Hackathon-2025\;
                         SolutionName=StarlitStories;
                         SolutionFileName=StarlitStories.sln;
                         SolutionPath=C:\Users\austi\OneDrive\Documents\CSCD Spring25\Hackathon-2025\StarlitStories.sln;
                         SolutionExt=.sln;
                       " (previous value: "ExcludeRestorePackageImports=true") at C:\Program Files\dotnet\sdk\9.0.100\NuGet.targets (107,5)
                   Property reassignment: $(ProjectAssetsFile)="C:\Users\austi\OneDrive\Documents\CSCD Spring25\Hackathon-2025\Hackathon-2025.Tests\obj\project.assets.json" (previous value: "C:\Users\austi\OneDrive\Documents\CSCD Spring25\Hackathon-2025\Hackathon-2025.Tests\obj\/project.assets.json") at C:\Program Files\dotnet\sdk\9.0.100\Sdks\Microsoft.NET.Sdk\targets\Microsoft.PackageDependencyResolution.targets (24,5)
                   Property reassignment: $(ProjectAssetsCacheFile)="C:\Users\austi\OneDrive\Documents\CSCD Spring25\Hackathon-2025\Hackathon-2025.Tests\obj\Debug\net8.0\Hackathon-2025.Tests.assets.cache" (previous value: "obj\Debug\net8.0\Hackathon-2025.Tests.assets.cache") at C:\Program Files\dotnet\sdk\9.0.100\Sdks\Microsoft.NET.Sdk\targets\Microsoft.PackageDependencyResolution.targets (29,5)
                   Property reassignment: $(ResolveAssemblyReferencesDependsOn)="
                         
                         ResolveProjectReferences;
                         FindInvalidProjectReferences;
                         GetFrameworkPaths;
                         GetReferenceAssemblyPaths;
                         PrepareForBuild;
                         ResolveSDKReferences;
                         ExpandSDKReferences;
                       ;
                         ResolvePackageDependenciesForBuild;
                         _HandlePackageFileConflicts;
                       " (previous value: "
                         ResolveProjectReferences;
                         FindInvalidProjectReferences;
                         GetFrameworkPaths;
                         GetReferenceAssemblyPaths;
                         PrepareForBuild;
                         ResolveSDKReferences;
                         ExpandSDKReferences;
                       ") at C:\Program Files\dotnet\sdk\9.0.100\Sdks\Microsoft.NET.Sdk\targets\Microsoft.PackageDependencyResolution.targets (80,5)
                   Property reassignment: $(PrepareResourcesDependsOn)="
                         ResolvePackageDependenciesForBuild;
                         _HandlePackageFileConflicts;
                         
                         ;
                         PrepareResourceNames;
                         ResGen;
                         CompileLicxFiles
                       
                       " (previous value: "
                         ;
                         PrepareResourceNames;
                         ResGen;
                         CompileLicxFiles
                       ") at C:\Program Files\dotnet\sdk\9.0.100\Sdks\Microsoft.NET.Sdk\targets\Microsoft.PackageDependencyResolution.targets (86,5)
                   Property reassignment: $(DefaultItemExcludes)=";bin\Debug\/**;obj\Debug\/**;bin\/**" (previous value: ";bin\Debug\/**;obj\Debug\/**") at C:\Program Files\dotnet\sdk\9.0.100\Sdks\Microsoft.NET.Sdk\targets\Microsoft.NET.Sdk.DefaultItems.targets (27,5)
                   Property reassignment: $(DefaultItemExcludes)=";bin\Debug\/**;obj\Debug\/**;bin\/**;obj\/**" (previous value: ";bin\Debug\/**;obj\Debug\/**;bin\/**") at C:\Program Files\dotnet\sdk\9.0.100\Sdks\Microsoft.NET.Sdk\targets\Microsoft.NET.Sdk.DefaultItems.targets (29,5)
                   Property reassignment: $(DefaultItemExcludes)=";bin\Debug\/**;obj\Debug\/**;bin\/**;obj\/**;**/*.user" (previous value: ";bin\Debug\/**;obj\Debug\/**;bin\/**;obj\/**") at C:\Program Files\dotnet\sdk\9.0.100\Sdks\Microsoft.NET.Sdk\targets\Microsoft.NET.Sdk.DefaultItems.targets (32,5)
                   Property reassignment: $(DefaultItemExcludes)=";bin\Debug\/**;obj\Debug\/**;bin\/**;obj\/**;**/*.user;**/*.*proj" (previous value: ";bin\Debug\/**;obj\Debug\/**;bin\/**;obj\/**;**/*.user") at C:\Program Files\dotnet\sdk\9.0.100\Sdks\Microsoft.NET.Sdk\targets\Microsoft.NET.Sdk.DefaultItems.targets (33,5)
                   Property reassignment: $(DefaultItemExcludes)=";bin\Debug\/**;obj\Debug\/**;bin\/**;obj\/**;**/*.user;**/*.*proj;**/*.sln" (previous value: ";bin\Debug\/**;obj\Debug\/**;bin\/**;obj\/**;**/*.user;**/*.*proj") at C:\Program Files\dotnet\sdk\9.0.100\Sdks\Microsoft.NET.Sdk\targets\Microsoft.NET.Sdk.DefaultItems.targets (34,5)
                   Property reassignment: $(DefaultItemExcludes)=";bin\Debug\/**;obj\Debug\/**;bin\/**;obj\/**;**/*.user;**/*.*proj;**/*.sln;**/*.vssscc" (previous value: ";bin\Debug\/**;obj\Debug\/**;bin\/**;obj\/**;**/*.user;**/*.*proj;**/*.sln") at C:\Program Files\dotnet\sdk\9.0.100\Sdks\Microsoft.NET.Sdk\targets\Microsoft.NET.Sdk.DefaultItems.targets (35,5)
                   Property reassignment: $(DefaultItemExcludes)=";bin\Debug\/**;obj\Debug\/**;bin\/**;obj\/**;**/*.user;**/*.*proj;**/*.sln;**/*.vssscc;**/.DS_Store" (previous value: ";bin\Debug\/**;obj\Debug\/**;bin\/**;obj\/**;**/*.user;**/*.*proj;**/*.sln;**/*.vssscc") at C:\Program Files\dotnet\sdk\9.0.100\Sdks\Microsoft.NET.Sdk\targets\Microsoft.NET.Sdk.DefaultItems.targets (36,5)
                   Property reassignment: $(ResolveAssemblyReferencesDependsOn)="
                         
                         
                         ResolveProjectReferences;
                         FindInvalidProjectReferences;
                         GetFrameworkPaths;
                         GetReferenceAssemblyPaths;
                         PrepareForBuild;
                         ResolveSDKReferences;
                         ExpandSDKReferences;
                       ;
                         ResolvePackageDependenciesForBuild;
                         _HandlePackageFileConflicts;
                       ;
                         ResolveTargetingPackAssets;
                       " (previous value: "
                         
                         ResolveProjectReferences;
                         FindInvalidProjectReferences;
                         GetFrameworkPaths;
                         GetReferenceAssemblyPaths;
                         PrepareForBuild;
                         ResolveSDKReferences;
                         ExpandSDKReferences;
                       ;
                         ResolvePackageDependenciesForBuild;
                         _HandlePackageFileConflicts;
                       ") at C:\Program Files\dotnet\sdk\9.0.100\Sdks\Microsoft.NET.Sdk\targets\Microsoft.NET.Sdk.FrameworkReferenceResolution.targets (14,5)
                   Property reassignment: $(_GenerateRuntimeConfigurationPropertyInputsCache)="C:\Users\austi\OneDrive\Documents\CSCD Spring25\Hackathon-2025\Hackathon-2025.Tests\obj\Debug\net8.0\Hackathon-2025.Tests.genruntimeconfig.cache" (previous value: "obj\Debug\net8.0\Hackathon-2025.Tests.genruntimeconfig.cache") at C:\Program Files\dotnet\sdk\9.0.100\Sdks\Microsoft.NET.Sdk\targets\Microsoft.NET.Sdk.targets (44,5)
                   Property reassignment: $(_GeneratePublishDependencyFilePropertyInputsCache)="C:\Users\austi\OneDrive\Documents\CSCD Spring25\Hackathon-2025\Hackathon-2025.Tests\obj\Debug\net8.0\Hackathon-2025.Tests.genpublishdeps.cache" (previous value: "obj\Debug\net8.0\Hackathon-2025.Tests.genpublishdeps.cache") at C:\Program Files\dotnet\sdk\9.0.100\Sdks\Microsoft.NET.Sdk\targets\Microsoft.NET.Sdk.targets (46,5)
                   Property reassignment: $(_GenerateSingleFileBundlePropertyInputsCache)="C:\Users\austi\OneDrive\Documents\CSCD Spring25\Hackathon-2025\Hackathon-2025.Tests\obj\Debug\net8.0\Hackathon-2025.Tests.genbundle.cache" (previous value: "obj\Debug\net8.0\Hackathon-2025.Tests.genbundle.cache") at C:\Program Files\dotnet\sdk\9.0.100\Sdks\Microsoft.NET.Sdk\targets\Microsoft.NET.Sdk.targets (48,5)
                   Property reassignment: $(GenerateRuntimeConfigDevFile)="false" (previous value: "true") at C:\Program Files\dotnet\sdk\9.0.100\Sdks\Microsoft.NET.Sdk\targets\Microsoft.NET.Sdk.targets (81,5)
                   C:\Program Files\dotnet\sdk\9.0.100\Sdks\Microsoft.NET.Sdk\targets\Microsoft.NET.Sdk.targets(97,5): message : Property 'USERPROFILE' with value 'C:\Users\austi' expanded from the environment.
                   Property reassignment: $(_DefaultUserProfileRuntimeStorePath)="C:\Users\austi" (previous value: "") at C:\Program Files\dotnet\sdk\9.0.100\Sdks\Microsoft.NET.Sdk\targets\Microsoft.NET.Sdk.targets (97,5)
                   Property reassignment: $(_DefaultUserProfileRuntimeStorePath)="C:\Users\austi\.dotnet\store" (previous value: "C:\Users\austi") at C:\Program Files\dotnet\sdk\9.0.100\Sdks\Microsoft.NET.Sdk\targets\Microsoft.NET.Sdk.targets (98,5)
                   Property reassignment: $(AvailablePlatforms)="Any CPU,x86,x64,ARM32" (previous value: "Any CPU,x86,x64") at C:\Program Files\dotnet\sdk\9.0.100\Sdks\Microsoft.NET.Sdk\targets\Microsoft.NET.Sdk.targets (140,5)
                   Property reassignment: $(AvailablePlatforms)="Any CPU,x86,x64,ARM32,ARM64" (previous value: "Any CPU,x86,x64,ARM32") at C:\Program Files\dotnet\sdk\9.0.100\Sdks\Microsoft.NET.Sdk\targets\Microsoft.NET.Sdk.targets (144,5)
                   Property reassignment: $(CoreBuildDependsOn)="
                         _CheckForBuildWithNoBuild;
                         
                         BuildOnlySettings;
                         PrepareForBuild;
                         PreBuildEvent;
                         ResolveReferences;
                         PrepareResources;
                         ResolveKeySource;
                         Compile;
                         ExportWindowsMDFile;
                         UnmanagedUnregistration;
                         GenerateSerializationAssemblies;
                         CreateSatelliteAssemblies;
                         GenerateManifests;
                         GetTargetPath;
                         PrepareForRun;
                         UnmanagedRegistration;
                         IncrementalClean;
                         PostBuildEvent
                       ;
                         GenerateBuildDependencyFile;
                         GenerateBuildRuntimeConfigurationFiles
                       " (previous value: "
                         BuildOnlySettings;
                         PrepareForBuild;
                         PreBuildEvent;
                         ResolveReferences;
                         PrepareResources;
                         ResolveKeySource;
                         Compile;
                         ExportWindowsMDFile;
                         UnmanagedUnregistration;
                         GenerateSerializationAssemblies;
                         CreateSatelliteAssemblies;
                         GenerateManifests;
                         GetTargetPath;
                         PrepareForRun;
                         UnmanagedRegistration;
                         IncrementalClean;
                         PostBuildEvent
                       ") at C:\Program Files\dotnet\sdk\9.0.100\Sdks\Microsoft.NET.Sdk\targets\Microsoft.NET.Sdk.targets (201,5)
                   Property reassignment: $(CoreCleanDependsOn)="
                         _SdkBeforeClean;
                         
                       " (previous value: "") at C:\Program Files\dotnet\sdk\9.0.100\Sdks\Microsoft.NET.Sdk\targets\Microsoft.NET.Sdk.targets (210,5)
                   Property reassignment: $(RebuildDependsOn)="
                         _SdkBeforeRebuild;
                         
                         BeforeRebuild;
                         Clean;
                         Build;
                         AfterRebuild;
                       
                       " (previous value: "
                         BeforeRebuild;
                         Clean;
                         Build;
                         AfterRebuild;
                       ") at C:\Program Files\dotnet\sdk\9.0.100\Sdks\Microsoft.NET.Sdk\targets\Microsoft.NET.Sdk.targets (217,5)
                   Property reassignment: $(CompileDependsOn)="
                         
                         ResolveReferences;
                         ResolveKeySource;
                         SetWin32ManifestProperties;
                         _SetPreferNativeArm64Win32ManifestProperties;
                         FindReferenceAssembliesForReferences;
                         _GenerateCompileInputs;
                         BeforeCompile;
                         _TimeStampBeforeCompile;
                         _GenerateCompileDependencyCache;
                         CoreCompile;
                         _TimeStampAfterCompile;
                         AfterCompile;
                       ;
                         _CreateAppHost;
                         _CreateComHost;
                         _GetIjwHostPaths;
                       " (previous value: "
                         ResolveReferences;
                         ResolveKeySource;
                         SetWin32ManifestProperties;
                         _SetPreferNativeArm64Win32ManifestProperties;
                         FindReferenceAssembliesForReferences;
                         _GenerateCompileInputs;
                         BeforeCompile;
                         _TimeStampBeforeCompile;
                         _GenerateCompileDependencyCache;
                         CoreCompile;
                         _TimeStampAfterCompile;
                         AfterCompile;
                       ") at C:\Program Files\dotnet\sdk\9.0.100\Sdks\Microsoft.NET.Sdk\targets\Microsoft.NET.Sdk.targets (783,5)
                   Property reassignment: $(CreateSatelliteAssembliesDependsOn)="
                         
                         ;
                         _GenerateSatelliteAssemblyInputs;
                         ComputeIntermediateSatelliteAssemblies;
                         GenerateSatelliteAssemblies
                       ;
                         CoreGenerateSatelliteAssemblies
                       " (previous value: "
                         ;
                         _GenerateSatelliteAssemblyInputs;
                         ComputeIntermediateSatelliteAssemblies;
                         GenerateSatelliteAssemblies
                       ") at C:\Program Files\dotnet\sdk\9.0.100\Sdks\Microsoft.NET.Sdk\targets\Microsoft.NET.Sdk.targets (1183,5)
                   Property reassignment: $(SourceLinkUrlInitializerTargets)=";_InitializeGitHubSourceLinkUrl;_InitializeGitLabSourceLinkUrl" (previous value: ";_InitializeGitHubSourceLinkUrl") at C:\Program Files\dotnet\sdk\9.0.100\Sdks\Microsoft.SourceLink.GitLab\build\Microsoft.SourceLink.GitLab.targets (12,5)
                   Property reassignment: $(SourceControlManagerUrlTranslationTargets)=";TranslateGitHubUrlsInSourceControlInformation;TranslateGitLabUrlsInSourceControlInformation" (previous value: ";TranslateGitHubUrlsInSourceControlInformation") at C:\Program Files\dotnet\sdk\9.0.100\Sdks\Microsoft.SourceLink.GitLab\build\Microsoft.SourceLink.GitLab.targets (13,5)
                   Property reassignment: $(SourceLinkUrlInitializerTargets)=";_InitializeGitHubSourceLinkUrl;_InitializeGitLabSourceLinkUrl;_InitializeAzureReposGitSourceLinkUrl" (previous value: ";_InitializeGitHubSourceLinkUrl;_InitializeGitLabSourceLinkUrl") at C:\Program Files\dotnet\sdk\9.0.100\Sdks\Microsoft.SourceLink.AzureRepos.Git\build\Microsoft.SourceLink.AzureRepos.Git.targets (12,5)
                   Property reassignment: $(SourceControlManagerUrlTranslationTargets)=";TranslateGitHubUrlsInSourceControlInformation;TranslateGitLabUrlsInSourceControlInformation;TranslateAzureReposGitUrlsInSourceControlInformation" (previous value: ";TranslateGitHubUrlsInSourceControlInformation;TranslateGitLabUrlsInSourceControlInformation") at C:\Program Files\dotnet\sdk\9.0.100\Sdks\Microsoft.SourceLink.AzureRepos.Git\build\Microsoft.SourceLink.AzureRepos.Git.targets (13,5)
                   Property reassignment: $(SourceLinkUrlInitializerTargets)=";_InitializeGitHubSourceLinkUrl;_InitializeGitLabSourceLinkUrl;_InitializeAzureReposGitSourceLinkUrl;_InitializeBitbucketGitSourceLinkUrl" (previous value: ";_InitializeGitHubSourceLinkUrl;_InitializeGitLabSourceLinkUrl;_InitializeAzureReposGitSourceLinkUrl") at C:\Program Files\dotnet\sdk\9.0.100\Sdks\Microsoft.SourceLink.Bitbucket.Git\build\Microsoft.SourceLink.Bitbucket.Git.targets (12,5)
                   Property reassignment: $(SourceControlManagerUrlTranslationTargets)=";TranslateGitHubUrlsInSourceControlInformation;TranslateGitLabUrlsInSourceControlInformation;TranslateAzureReposGitUrlsInSourceControlInformation;TranslateBitbucketGitUrlsInSourceControlInformation" (previous value: ";TranslateGitHubUrlsInSourceControlInformation;TranslateGitLabUrlsInSourceControlInformation;TranslateAzureReposGitUrlsInSourceControlInformation") at C:\Program Files\dotnet\sdk\9.0.100\Sdks\Microsoft.SourceLink.Bitbucket.Git\build\Microsoft.SourceLink.Bitbucket.Git.targets (13,5)
                   Property reassignment: $(DesignerRuntimeImplementationProjectOutputGroupDependsOn)="
                         
                         ;
                         
                         ;
                         BuildOnlySettings;
                         PrepareForBuild;
                         AssignTargetPaths;
                         ResolveReferences
                       
                       ;
                         _GenerateDesignerDepsFile;
                         _GenerateDesignerRuntimeConfigFile;
                         GetCopyToOutputDirectoryItems;
                         _GatherDesignerShadowCopyFiles;
                       " (previous value: "
                         ;
                         
                         ;
                         BuildOnlySettings;
                         PrepareForBuild;
                         AssignTargetPaths;
                         ResolveReferences
                       
                       ") at C:\Program Files\dotnet\sdk\9.0.100\Sdks\Microsoft.NET.Sdk\targets\Microsoft.NET.DesignerSupport.targets (21,5)
                   Property reassignment: $(_GenerateToolsSettingsFileCacheFile)="C:\Users\austi\OneDrive\Documents\CSCD Spring25\Hackathon-2025\Hackathon-2025.Tests\obj\Debug\net8.0\Hackathon-2025.Tests.toolssettingsinput.cache" (previous value: "obj\Debug\net8.0\Hackathon-2025.Tests.toolssettingsinput.cache") at C:\Program Files\dotnet\sdk\9.0.100\Sdks\Microsoft.NET.Sdk\targets\Microsoft.NET.PackTool.targets (68,5)
                   Property reassignment: $(_ShimInputCacheFile)="C:\Users\austi\OneDrive\Documents\CSCD Spring25\Hackathon-2025\Hackathon-2025.Tests\obj\Debug\net8.0\Hackathon-2025.Tests.shiminput.cache" (previous value: "obj\Debug\net8.0\Hackathon-2025.Tests.shiminput.cache") at C:\Program Files\dotnet\sdk\9.0.100\Sdks\Microsoft.NET.Sdk\targets\Microsoft.NET.PackTool.targets (137,5)
                   Property reassignment: $(_ShimCreatedSentinelFile)="C:\Users\austi\OneDrive\Documents\CSCD Spring25\Hackathon-2025\Hackathon-2025.Tests\obj\Debug\net8.0\Hackathon-2025.Tests.shimcreated.sentinel" (previous value: "obj\Debug\net8.0\Hackathon-2025.Tests.shimcreated.sentinel") at C:\Program Files\dotnet\sdk\9.0.100\Sdks\Microsoft.NET.Sdk\targets\Microsoft.NET.PackTool.targets (139,5)
                   Property reassignment: $(DefineConstants)="TRACE;DEBUG" (previous value: "TRACE") at C:\Program Files\dotnet\sdk\9.0.100\Sdks\Microsoft.NET.Sdk\targets\Microsoft.NET.Sdk.CSharp.targets (31,5)
                   Property reassignment: $(DefineConstants)="TRACE;DEBUG;NET;NET8_0;NETCOREAPP" (previous value: "TRACE;DEBUG") at C:\Program Files\dotnet\sdk\9.0.100\Sdks\Microsoft.NET.Sdk\targets\Microsoft.NET.Sdk.CSharp.targets (34,5)
                   Property reassignment: $(WarningsAsErrors)=";NU1605;SYSLIB0011" (previous value: ";NU1605") at C:\Program Files\dotnet\sdk\9.0.100\Sdks\Microsoft.NET.Sdk\targets\Microsoft.NET.Sdk.CSharp.targets (48,5)
                   Property reassignment: $(PackageDescription)="Package Description" (previous value: "") at C:\Program Files\dotnet\sdk\9.0.100\Sdks\NuGet.Build.Tasks.Pack\build\NuGet.Build.Tasks.Pack.targets (34,5)
                   Property reassignment: $(GenerateNuspecDependsOn)="Build;_LoadPackInputItems; _GetTargetFrameworksOutput; _WalkEachTargetPerFramework; _GetPackageFiles; " (previous value: "_LoadPackInputItems; _GetTargetFrameworksOutput; _WalkEachTargetPerFramework; _GetPackageFiles; ") at C:\Program Files\dotnet\sdk\9.0.100\Sdks\NuGet.Build.Tasks.Pack\build\NuGet.Build.Tasks.Pack.targets (59,5)
                   Property reassignment: $(_IsNotSetContainersTargetsDir)="true" (previous value: "false") at C:\Program Files\dotnet\sdk\9.0.100\Sdks\Microsoft.NET.Sdk\Sdk\Sdk.targets (60,5)
                   Property reassignment: $(_IsSDKContainerAllowedVersion)="true" (previous value: "false") at C:\Program Files\dotnet\sdk\9.0.100\Containers\build\Microsoft.NET.Build.Containers.targets (5,5)
                   Property reassignment: $(_ContainerIsTargetingNet8TFM)="true" (previous value: "false") at C:\Program Files\dotnet\sdk\9.0.100\Containers\build\Microsoft.NET.Build.Containers.targets (15,5)
                   Overriding target "ResolveFrameworkReferences" in project "C:\Program Files\dotnet\sdk\9.0.100\Microsoft.Common.CurrentVersion.targets" with target "ResolveFrameworkReferences" from project "C:\Program Files\dotnet\sdk\9.0.100\Sdks\Microsoft.NET.Sdk\targets\Microsoft.NET.Sdk.FrameworkReferenceResolution.targets".
                   Overriding target "Run" in project "C:\Program Files\dotnet\sdk\9.0.100\Microsoft.Common.CurrentVersion.targets" with target "Run" from project "C:\Program Files\dotnet\sdk\9.0.100\Sdks\Microsoft.NET.Sdk\targets\Microsoft.NET.Sdk.targets".
                   Overriding target "GenerateSupportedTargetFrameworkAlias" in project "C:\Program Files\dotnet\sdk\9.0.100\Microsoft.Common.CurrentVersion.targets" with target "GenerateSupportedTargetFrameworkAlias" from project "C:\Program Files\dotnet\sdk\9.0.100\Sdks\Microsoft.NET.Sdk\targets\Microsoft.NET.Sdk.targets".
                   Overriding target "GetReferenceAssemblyPaths" in project "C:\Program Files\dotnet\sdk\9.0.100\Microsoft.Common.CurrentVersion.targets" with target "GetReferenceAssemblyPaths" from project "C:\Program Files\dotnet\sdk\9.0.100\Sdks\Microsoft.NET.Sdk\targets\Microsoft.NET.DisableStandardFrameworkResolution.targets".
                   Overriding target "GetFrameworkPaths" in project "C:\Program Files\dotnet\sdk\9.0.100\Microsoft.Common.CurrentVersion.targets" with target "GetFrameworkPaths" from project "C:\Program Files\dotnet\sdk\9.0.100\Sdks\Microsoft.NET.Sdk\targets\Microsoft.NET.DisableStandardFrameworkResolution.targets".
                   Overriding target "DesignerRuntimeImplementationProjectOutputGroup" in project "C:\Program Files\dotnet\sdk\9.0.100\Microsoft.Common.CurrentVersion.targets" with target "DesignerRuntimeImplementationProjectOutputGroup" from project "C:\Program Files\dotnet\sdk\9.0.100\Sdks\Microsoft.NET.Sdk\targets\Microsoft.NET.DesignerSupport.targets".
                   Overriding target "Publish" in project "C:\Program Files\dotnet\sdk\9.0.100\Microsoft.Common.CurrentVersion.targets" with target "Publish" from project "C:\Program Files\dotnet\sdk\9.0.100\Sdks\Microsoft.NET.Sdk\targets\Microsoft.NET.Publish.targets".
                   Overriding target "ResolveReadyToRunCompilers" in project "C:\Program Files\dotnet\sdk\9.0.100\Sdks\Microsoft.NET.Sdk\targets\Microsoft.NET.CrossGen.targets" with target "ResolveReadyToRunCompilers" from project "C:\Program Files\dotnet\sdk\9.0.100\Sdks\Microsoft.NET.Sdk\targets\Microsoft.NET.Publish.targets".
                   Overriding target "GetCopyToPublishDirectoryItems" in project "C:\Program Files\dotnet\sdk\9.0.100\Microsoft.Common.CurrentVersion.targets" with target "GetCopyToPublishDirectoryItems" from project "C:\Program Files\dotnet\sdk\9.0.100\Sdks\Microsoft.NET.Sdk\targets\Microsoft.NET.Publish.targets".
17:20:50.240     0>Initial Properties:
                   __DisableWorkloadResolverSentinelPath = C:\Program Files\dotnet\sdk\9.0.100\DisableWorkloadResolver.sentinel
                   __WindowsAppSdkDefaultImageIncludes = **/*.png;**/*.bmp;**/*.jpg;**/*.dds;**/*.tif;**/*.tga;**/*.gif
                   _AfterSdkPublishDependsOn = Publish
                   _ApiCompatValidatePackageSemaphoreFile = obj\Debug\net8.0\Microsoft.NET.ApiCompat.ValidatePackage.semaphore
                   _BeforePublishNoBuildTargets = 
                         BuildOnlySettings;
                         _PreventProjectReferencesFromBuilding;
                         ResolveReferences;
                         PrepareResourceNames;
                         ComputeIntermediateSatelliteAssemblies;
                         ComputeEmbeddedApphostPaths;
                       
                   _BinaryFormatterObsoleteAsError = true
                   _ContainerIsSelfContained = false
                   _ContainerIsTargetingNet8TFM = true
                   _ContainersTargetsDir = C:\Program Files\dotnet\sdk\9.0.100\Sdks\Microsoft.NET.Sdk\Sdk\..\..\..\Containers\build\
                   _CorePublishTargets = 
                         PrepareForPublish;
                         ComputeAndCopyFilesToPublishDirectory;
                         ;
                         PublishItemsOutputGroup;
                       
                   _DebugSymbolsProduced = true
                   _DefaultArtifactsPathPropsImported = true
                   _DefaultUserProfileRuntimeStorePath = C:\Users\austi\.dotnet\store
                   _DeploymentApplicationManifestIdentity = Native.Hackathon-2025.Tests
                   _DeploymentBuiltUpdateInterval = 0
                   _DeploymentBuiltUpdateIntervalUnits = Days
                   _DeploymentDeployManifestIdentity = Hackathon-2025.Tests.application
                   _DeploymentFileMappingExtension = 
                   _DeploymentLauncherBased = true
                   _DeploymentTargetApplicationManifestFileName = Native.Hackathon-2025.Tests.manifest
                   _DeploymentUrl = 
                   _DesignerDepsFileName = Hackathon-2025.Tests.designer.deps.json
                   _DesignerDepsFilePath = obj\Debug\net8.0\Hackathon-2025.Tests.designer.deps.json
                   _DesignerRuntimeConfigFileName = Hackathon-2025.Tests.designer.runtimeconfig.json
                   _DesignerRuntimeConfigFilePath = obj\Debug\net8.0\Hackathon-2025.Tests.designer.runtimeconfig.json
                   _DirectoryBuildPropsBasePath = 
                   _DirectoryBuildPropsFile = Directory.Build.props
                   _DirectoryBuildTargetsBasePath = 
                   _DirectoryBuildTargetsFile = Directory.Build.targets
                   _DirectoryPackagesPropsBasePath = 
                   _DirectoryPackagesPropsFile = Directory.Packages.props
                   _DocumentationFileProduced = false
                   _DotNetAppHostExecutableName = apphost
                   _DotNetAppHostExecutableNameWithoutExtension = apphost
                   _DotNetComHostLibraryName = comhost
                   _DotNetComHostLibraryNameWithoutExtension = comhost
                   _DotNetHostExecutableName = dotnet
                   _DotNetHostFxrLibraryName = libhostfxr.so
                   _DotNetHostPolicyLibraryName = libhostpolicy.so
                   _DotNetIjwHostLibraryName = Ijwhost
                   _DotNetIjwHostLibraryNameWithoutExtension = Ijwhost
                   _DotNetSingleFileHostExecutableNameWithoutExtension = singlefilehost
                   _EnableDefaultWindowsPlatform = false
                   _FirstTargetFrameworkToSupportAot = net7.0
                   _FirstTargetFrameworkToSupportSingleFile = net6.0
                   _FirstTargetFrameworkToSupportTrimming = net6.0
                   _FirstTargetFrameworkVersionToSupportAotAnalyzer = 7.0
                   _FirstTargetFrameworkVersionToSupportSingleFileAnalyzer = 6.0
                   _FirstTargetFrameworkVersionToSupportTrimAnalyzer = 6.0
                   _FrameworkIdentifierForImplicitDefine = NET
                   _FrameworkVersionForImplicitDefine = 8_0
                   _GenerateBindingRedirectsIntermediateAppConfig = obj\Debug\net8.0\Hackathon-2025.Tests.dll.config
                   _GeneratePublishDependencyFilePropertyInputsCache = C:\Users\austi\OneDrive\Documents\CSCD Spring25\Hackathon-2025\Hackathon-2025.Tests\obj\Debug\net8.0\Hackathon-2025.Tests.genpublishdeps.cache
                   _GenerateRestoreGraphProjectEntryInputProperties = 
                         ExcludeRestorePackageImports=true;
                         _RestoreSolutionFileUsed=true;
                         SolutionDir=C:\Users\austi\OneDrive\Documents\CSCD Spring25\Hackathon-2025\;
                         SolutionName=StarlitStories;
                         SolutionFileName=StarlitStories.sln;
                         SolutionPath=C:\Users\austi\OneDrive\Documents\CSCD Spring25\Hackathon-2025\StarlitStories.sln;
                         SolutionExt=.sln;
                       
                   _GenerateRuntimeConfigurationPropertyInputsCache = C:\Users\austi\OneDrive\Documents\CSCD Spring25\Hackathon-2025\Hackathon-2025.Tests\obj\Debug\net8.0\Hackathon-2025.Tests.genruntimeconfig.cache
                   _GenerateSingleFileBundlePropertyInputsCache = C:\Users\austi\OneDrive\Documents\CSCD Spring25\Hackathon-2025\Hackathon-2025.Tests\obj\Debug\net8.0\Hackathon-2025.Tests.genbundle.cache
                   _GenerateSourceLinkFileBeforeTargets = CoreCompile
                   _GenerateSourceLinkFileDependsOnTargets = 
                   _GenerateSupportedRuntimeIntermediateAppConfig = obj\Debug\net8.0\Hackathon-2025.Tests.dll.withSupportedRuntime.config
                   _GenerateToolsSettingsFileCacheFile = C:\Users\austi\OneDrive\Documents\CSCD Spring25\Hackathon-2025\Hackathon-2025.Tests\obj\Debug\net8.0\Hackathon-2025.Tests.toolssettingsinput.cache
                   _GetChildProjectCopyToOutputDirectoryItems = true
                   _GetChildProjectCopyToPublishDirectoryItems = true
                   _InitialBaseIntermediateOutputPath = obj\
                   _IsDisjointMSBuildVersion = False
                   _IsNETCoreOrNETStandard = true
                   _IsNotSetContainersTargetsDir = true
                   _IsSDKContainerAllowedVersion = true
                   _LatestAnalysisLevel = 9.0
                   _MaxSupportedLangVersion = 12.0
                   _MicrosoftSourceLinkCommonAssemblyFile = C:\Program Files\dotnet\sdk\9.0.100\Sdks\Microsoft.SourceLink.Common\build\..\tools\core\Microsoft.SourceLink.Common.dll
                   _MinimumNonEolSupportedNetCoreTargetFramework = net6.0
                   _MSBuildVersionMajorMinor = 17.12
                   _NativeLibraryExtension = .so
                   _NativeLibraryPrefix = lib
                   _NETAnalyzersSDKAssemblyVersion = 9.0.0
                   _NETCoreSdkIsPreview = false
                   _NetFrameworkHostedCompilersVersion = 4.12.0-3.24523.4
                   _NoneAnalysisLevel = 4.0
                   _NugetFallbackFolder = C:\Program Files\dotnet\sdk\9.0.100\Sdks\Microsoft.NET.Sdk\targets\..\..\..\..\NuGetFallbackFolder
                   _NugetTargetMonikerAndRID = .NETCoreApp,Version=v8.0
                   _OriginalConfiguration = Debug
                   _OriginalPlatform = AnyCPU
                   _PackToolPublishDependency = _PublishBuildAlternative
                   _PlatformWithoutConfigurationInference = AnyCPU
                   _PreviewAnalysisLevel = 10.0
                   _ProjectDefaultTargets = Build
                   _PublishNoBuildAlternativeDependsOn = 
                         BuildOnlySettings;
                         _PreventProjectReferencesFromBuilding;
                         ResolveReferences;
                         PrepareResourceNames;
                         ComputeIntermediateSatelliteAssemblies;
                         ComputeEmbeddedApphostPaths;
                       ;
                         PrepareForPublish;
                         ComputeAndCopyFilesToPublishDirectory;
                         ;
                         PublishItemsOutputGroup;
                       
                   _PublishProfileDesignerFolder = Properties
                   _PublishProfileRootFolder = C:\Users\austi\OneDrive\Documents\CSCD Spring25\Hackathon-2025\Hackathon-2025.Tests\Properties\PublishProfiles\
                   _RecursiveTargetForContentCopying = GetCopyToOutputDirectoryItems
                   _ResolveReferenceDependencies = false
                   _RestoreSolutionFileUsed = true
                   _RuntimePackInWorkloadVersion6 = 6.0.36
                   _RuntimePackInWorkloadVersion7 = 7.0.20
                   _RuntimePackInWorkloadVersion8 = 8.0.11
                   _RuntimePackInWorkloadVersionCurrent = 9.0.0
                   _SGenDllCreated = false
                   _SGenDllName = Hackathon-2025.Tests.XmlSerializers.dll
                   _SGenGenerateSerializationAssembliesConfig = Off
                   _ShimCreatedSentinelFile = C:\Users\austi\OneDrive\Documents\CSCD Spring25\Hackathon-2025\Hackathon-2025.Tests\obj\Debug\net8.0\Hackathon-2025.Tests.shimcreated.sentinel
                   _ShimInputCacheFile = C:\Users\austi\OneDrive\Documents\CSCD Spring25\Hackathon-2025\Hackathon-2025.Tests\obj\Debug\net8.0\Hackathon-2025.Tests.shiminput.cache
                   _SourceLinkAzureReposGitAssemblyFile = C:\Program Files\dotnet\sdk\9.0.100\Sdks\Microsoft.SourceLink.AzureRepos.Git\build\..\tools\core\Microsoft.SourceLink.AzureRepos.Git.dll
                   _SourceLinkBitbucketAssemblyFile = C:\Program Files\dotnet\sdk\9.0.100\Sdks\Microsoft.SourceLink.Bitbucket.Git\build\..\tools\core\Microsoft.SourceLink.Bitbucket.Git.dll
                   _SourceLinkGitHubAssemblyFile = C:\Program Files\dotnet\sdk\9.0.100\Sdks\Microsoft.SourceLink.GitHub\build\..\tools\core\Microsoft.SourceLink.GitHub.dll
                   _SourceLinkGitLabAssemblyFile = C:\Program Files\dotnet\sdk\9.0.100\Sdks\Microsoft.SourceLink.GitLab\build\..\tools\core\Microsoft.SourceLink.GitLab.dll
                   _SourceLinkPropsImported = true
                   _SourceLinkSdkSubDir = build
                   _SupportedArchitectures = amd64 arm64
                   _SupportedPlatformList = @(SupportedPlatform, ',')
                   _TargetFrameworkDirectories = 
                   _TargetFrameworkVersionValue = 0.0
                   _TargetFrameworkVersionWithoutV = 8.0
                   _TargetLatestRuntimePatchIsDefault = true
                   _TargetsThatPrepareProjectReferences = 
                         AssignProjectConfiguration;
                         _SplitProjectReferencesByFileExistence
                       
                   _ToolsSettingsFilePath = obj\DotnetToolSettings.xml
                   _UseAttributeForTargetFrameworkInfoPropertyNames = true
                   _UsingDefaultForHasRuntimeOutput = true
                   _UsingDefaultPlatformTarget = true
                   _WindowsDesktopSdkTargetFrameworkVersionFloor = 3.0
                   _WorkloadLibraryPacksFolder = C:\Program Files\dotnet\library-packs
                   AddAdditionalExplicitAssemblyReferences = false
                   AllowedOutputExtensionsInPackageBuildOutputFolder = .dll; .exe; .winmd; .json; .pri; .xml ;
                   AllowedOutputExtensionsInSymbolsPackageBuildOutputFolder = .pdb; .mdb; .dll; .exe; .winmd; .json; .pri; .xml ;; 
                   AllowedReferenceAssemblyFileExtensions = 
                         .winmd;
                         .dll;
                         .exe
                       
                   AllowedReferenceRelatedFileExtensions = 
                         .pdb;
                         .xml;
                         .pri;
                         .dll.config;
                         .exe.config
                       
                   AllowUnsafeBlocks = false
                   AlwaysIncludeCoreFrameworkInRuntimeConfig = true
                   AlwaysUseNumericalSuffixInItemNames = true
                   AnalysisLevel = 8.0
                   AppDesignerFolder = Properties
                   AppendPlatformToOutputPath = false
                   AppendRuntimeIdentifierToOutputPath = true
                   AppendTargetFrameworkToOutputPath = true
                   AssemblyFoldersConfigFile = C:\Program Files\dotnet\sdk\9.0.100\AssemblyFolders.config
                   AssemblyFoldersSuffix = AssemblyFoldersEx
                   AssemblyName = Hackathon-2025.Tests
                   AssemblySearchPaths = {CandidateAssemblyFiles};{HintPathFromItem};{TargetFrameworkDirectory};{RawFileName}
                   AssemblyTitle = Hackathon-2025.Tests
                   AssetTargetFallback = ;net461;net462;net47;net471;net472;net48;net481
                   AssignTargetPathsDependsOn = 
                   Authors = Hackathon-2025.Tests
                   AutomaticallyUseReferenceAssemblyPackages = true
                   AutoUnifyAssemblyReferences = true
                   AvailablePlatforms = Any CPU,x86,x64,ARM32,ARM64
                   BackwardsCompatFrameworkDefine = NETCOREAPP
                   BaseIntermediateOutputPath = obj\
                   BaseOutputPath = bin\
                   BaseOutputPathWasSpecified = true
                   BuildCompileAction = Build
                   BuildDependsOn = 
                         BeforeBuild;
                         CoreBuild;
                         AfterBuild
                       
                   BuildGenerateSourcesAction = Build
                   BuildingProject = false
                   BuildInParallel = true
                   BuildLinkAction = Build
                   BuildOutputTargetFolder = lib
                   BuildProjectReferences = true
                   BuiltProjectOutputGroupDependenciesDependsOn = 
                         ;
                         
                         ;
                         BuildOnlySettings;
                         PrepareForBuild;
                         AssignTargetPaths;
                         ResolveReferences
                       
                       
                   BuiltProjectOutputGroupDependsOn = PrepareForBuild
                   BundledMSBuildVersion = 17.12.7
                   BundledNETCoreAppPackageVersion = 9.0.0
                   BundledNETCoreAppTargetFrameworkVersion = 9.0
                   BundledNETCorePlatformsPackageVersion = 9.0.0-rtm.24528.9
                   BundledNETStandardPackageVersion = 2.1.0
                   BundledNETStandardTargetFrameworkVersion = 2.1
                   BundledRuntimeIdentifierGraphFile = C:\Program Files\dotnet\sdk\9.0.100\RuntimeIdentifierGraph.json
                   CheckEolWorkloads = true
                   CheckForOverflowUnderflow = false
                   CleanDependsOn = 
                         BeforeClean;
                         UnmanagedUnregistration;
                         CoreClean;
                         CleanReferencedProjects;
                         CleanPublishFolder;
                         AfterClean
                       
                   CleanFile = Hackathon-2025.Tests.csproj.FileListAbsolute.txt
                   ClickOncePublishDir = bin\Debug\net8.0\publish\
                   CodeAnalysisRuleIds = CA1000;CA1001;CA1002;CA1003;CA1005;CA1008;CA1010;CA1012;CA1014;CA1016;CA1017;CA1018;CA1019;CA1021;CA1024;CA1027;CA1028;CA1030;CA1031;CA1032;CA1033;CA1034;CA1036;CA1040;CA1041;CA1043;CA1044;CA1045;CA1046;CA1047;CA1050;CA1051;CA1052;CA1054;CA1055;CA1056;CA1058;CA1060;CA1061;CA1062;CA1063;CA1064;CA1065;CA1066;CA1067;CA1068;CA1069;CA1070;CA1200;CA1303;CA1304;CA1305;CA1307;CA1308;CA1309;CA1310;CA1311;CA1401;CA1416;CA1417;CA1418;CA1419;CA1420;CA1421;CA1422;CA1501;CA1502;CA1505;CA1506;CA1507;CA1508;CA1509;CA1510;CA1511;CA1512;CA1513;CA1514;CA1515;CA1700;CA1707;CA1708;CA1710;CA1711;CA1712;CA1713;CA1715;CA1716;CA1720;CA1721;CA1724;CA1725;CA1727;CA1802;CA1805;CA1806;CA1810;CA1812;CA1813;CA1814;CA1815;CA1816;CA1819;CA1820;CA1821;CA1822;CA1823;CA1824;CA1825;CA1826;CA1827;CA1828;CA1829;CA1830;CA1831;CA1832;CA1833;CA1834;CA1835;CA1836;CA1837;CA1838;CA1839;CA1840;CA1841;CA1842;CA1843;CA1844;CA1845;CA1846;CA1847;CA1848;CA1849;CA1850;CA1851;CA1852;CA1853;CA1854;CA1855;CA1856;CA1857;CA1858;CA1859;CA1860;CA1861;CA1862;CA1863;CA1864;CA1865;CA1866;CA1867;CA1868;CA1869;CA1870;CA1871;CA1872;CA2000;CA2002;CA2007;CA2008;CA2009;CA2011;CA2012;CA2013;CA2014;CA2015;CA2016;CA2017;CA2018;CA2019;CA2020;CA2021;CA2022;CA2100;CA2101;CA2119;CA2153;CA2200;CA2201;CA2207;CA2208;CA2211;CA2213;CA2214;CA2215;CA2216;CA2217;CA2218;CA2219;CA2224;CA2225;CA2226;CA2227;CA2231;CA2234;CA2235;CA2237;CA2241;CA2242;CA2243;CA2244;CA2245;CA2246;CA2247;CA2248;CA2249;CA2250;CA2251;CA2252;CA2253;CA2254;CA2255;CA2256;CA2257;CA2258;CA2259;CA2260;CA2261;CA2262;CA2263;CA2264;CA2265;CA2300;CA2301;CA2302;CA2305;CA2310;CA2311;CA2312;CA2315;CA2321;CA2322;CA2326;CA2327;CA2328;CA2329;CA2330;CA2350;CA2351;CA2352;CA2353;CA2354;CA2355;CA2356;CA2361;CA2362;CA3001;CA3002;CA3003;CA3004;CA3005;CA3006;CA3007;CA3008;CA3009;CA3010;CA3011;CA3012;CA3061;CA3075;CA3076;CA3077;CA3147;CA5350;CA5351;CA5358;CA5359;CA5360;CA5361;CA5362;CA5363;CA5364;CA5365;CA5366;CA5367;CA5368;CA5369;CA5370;CA5371;CA5372;CA5373;CA5374;CA5375;CA5376;CA5377;CA5378;CA5379;CA5380;CA5381;CA5382;CA5383;CA5384;CA5385;CA5386;CA5387;CA5388;CA5389;CA5390;CA5391;CA5392;CA5393;CA5394;CA5395;CA5396;CA5397;CA5398;CA5399;CA5400;CA5401;CA5402;CA5403;CA5404;CA5405
                   CodeAnalysisTargets = C:\Program Files\dotnet\sdk\9.0.100\Microsoft\VisualStudio\v17.0\CodeAnalysis\Microsoft.CodeAnalysis.targets
                   CommandLineArgsForDesignTimeEvaluation = -langversion:latest -define:TRACE
                   CommonOutputGroupsDependsOn = 
                         ;
                         BuildOnlySettings;
                         PrepareForBuild;
                         AssignTargetPaths;
                         ResolveReferences
                       
                   CommonTargetsPath = C:\Program Files\dotnet\sdk\9.0.100\Microsoft.Common.CurrentVersion.targets
                   CommonXamlResourcesDirectory = C:\Program Files\dotnet\sdk\9.0.100\\
                   Company = Hackathon-2025.Tests
                   CompileDependsOn = 
                         
                         ResolveReferences;
                         ResolveKeySource;
                         SetWin32ManifestProperties;
                         _SetPreferNativeArm64Win32ManifestProperties;
                         FindReferenceAssembliesForReferences;
                         _GenerateCompileInputs;
                         BeforeCompile;
                         _TimeStampBeforeCompile;
                         _GenerateCompileDependencyCache;
                         CoreCompile;
                         _TimeStampAfterCompile;
                         AfterCompile;
                       ;
                         _CreateAppHost;
                         _CreateComHost;
                         _GetIjwHostPaths;
                       
                   CompileLicxFilesDependsOn = 
                   CompilerApiVersion = roslyn4.12
                   CompilerGeneratedFilesOutputPath = 
                   ComputeIntermediateSatelliteAssembliesDependsOn = 
                         CreateManifestResourceNames
                       
                   ComputeNETCoreBuildOutputFiles = true
                   ComReferenceExecuteAsTool = false
                   ComReferenceNoClassMembers = false
                   Configuration = Debug
                   ConfigurationName = Debug
                   Configurations = Debug;Release
                   ConsiderPlatformAsProcessorArchitecture = true
                   ContainerCustomTasksAssembly = C:\Program Files\dotnet\sdk\9.0.100\Containers\build\..\tasks\net9.0\Microsoft.NET.Build.Containers.dll
                   ContainerCustomTasksFolder = C:\Program Files\dotnet\sdk\9.0.100\Containers\build\..\tasks\net9.0\
                   ContainerizeFolder = C:\Program Files\dotnet\sdk\9.0.100\Containers\build\..\containerize\
                   ContainerizeFolderName = containerize
                   ContainerTaskFolderName = tasks
                   ContainerTaskFramework = net9.0
                   ContentFilesProjectOutputGroupDependsOn = PrepareForBuild;AssignTargetPaths
                   ContentPreprocessorOutputDirectory = obj\Debug\net8.0\NuGet\
                   ContentTargetFolders = content;contentFiles
                   ContinueOnError = false
                   CopyBuildOutputToPublishDirectory = true
                   CopyConflictingTransitiveContent = false
                   CopyLocalLockFileAssemblies = false
                   CopyOutputSymbolsToPublishDirectory = true
                   CoreBuildDependsOn = 
                         _CheckForBuildWithNoBuild;
                         
                         BuildOnlySettings;
                         PrepareForBuild;
                         PreBuildEvent;
                         ResolveReferences;
                         PrepareResources;
                         ResolveKeySource;
                         Compile;
                         ExportWindowsMDFile;
                         UnmanagedUnregistration;
                         GenerateSerializationAssemblies;
                         CreateSatelliteAssemblies;
                         GenerateManifests;
                         GetTargetPath;
                         PrepareForRun;
                         UnmanagedRegistration;
                         IncrementalClean;
                         PostBuildEvent
                       ;
                         GenerateBuildDependencyFile;
                         GenerateBuildRuntimeConfigurationFiles
                       
                   CoreCleanDependsOn = 
                         _SdkBeforeClean;
                         
                       
                   CoreCompileDependsOn = ;_ComputeNonExistentFileProperty;ResolveCodeAnalysisRuleSet
                   CoreResGenDependsOn = FindReferenceAssembliesForReferences
                   CreateCustomManifestResourceNamesDependsOn = 
                   CreateHardLinksForCopyAdditionalFilesIfPossible = false
                   CreateManifestResourceNamesDependsOn = 
                   CreateSatelliteAssembliesDependsOn = 
                         
                         ;
                         _GenerateSatelliteAssemblyInputs;
                         ComputeIntermediateSatelliteAssemblies;
                         GenerateSatelliteAssemblies
                       ;
                         CoreGenerateSatelliteAssemblies
                       
                   CreateSymbolicLinksForCopyAdditionalFilesIfPossible = false
                   CSharpCoreTargetsPath = C:\Program Files\dotnet\sdk\9.0.100\Roslyn\Microsoft.CSharp.Core.targets
                   CSharpDesignTimeTargetsPath = C:\Program Files\dotnet\sdk\9.0.100\\Microsoft\VisualStudio\Managed\Microsoft.CSharp.DesignTime.targets
                   CSharpTargetsPath = C:\Program Files\dotnet\sdk\9.0.100\Microsoft.CSharp.CurrentVersion.targets
                   CustomAfterDirectoryBuildProps = ;C:\Program Files\dotnet\sdk\9.0.100\Sdks\Microsoft.NET.Sdk\Sdk\UseArtifactsOutputPath.props
                   CustomAfterMicrosoftCommonProps = C:\Program Files\dotnet\sdk\9.0.100\\vCurrent\Custom.After.Microsoft.Common.props
                   CustomAfterMicrosoftCommonTargets = C:\Program Files\dotnet\sdk\9.0.100\\vCurrent\Custom.After.Microsoft.Common.targets
                   CustomAfterMicrosoftCSharpTargets = C:\Program Files\dotnet\sdk\9.0.100\\vCurrent\Custom.After.Microsoft.CSharp.targets
                   CustomBeforeMicrosoftCommonProps = C:\Program Files\dotnet\sdk\9.0.100\\vCurrent\Custom.Before.Microsoft.Common.props
                   CustomBeforeMicrosoftCommonTargets = C:\Program Files\dotnet\sdk\9.0.100\\vCurrent\Custom.Before.Microsoft.Common.targets
                   CustomBeforeMicrosoftCSharpTargets = C:\Program Files\dotnet\sdk\9.0.100\\vCurrent\Custom.Before.Microsoft.CSharp.targets
                   DebugSymbols = true
                   DebugSymbolsProjectOutputGroupDependenciesDependsOn = 
                         ;
                         
                         ;
                         BuildOnlySettings;
                         PrepareForBuild;
                         AssignTargetPaths;
                         ResolveReferences
                       
                       
                   DebugSymbolsProjectOutputGroupDependsOn = 
                   DebugType = portable
                   DefaultAllowedOutputExtensionsInPackageBuildOutputFolder = .dll; .exe; .winmd; .json; .pri; .xml
                   DefaultCopyToPublishDirectoryMetadata = true
                   DefaultExcludesInProjectFolder = ;;**/.*/**
                   DefaultImplicitPackages = Microsoft.NETCore.App;NETStandard.Library
                   DefaultItemExcludes = ;bin\Debug\/**;obj\Debug\/**;bin\/**;obj\/**;**/*.user;**/*.*proj;**/*.sln;**/*.vssscc;**/.DS_Store
                   DefaultLanguageSourceExtension = .cs
                   DefaultProjectTypeGuid = {FAE04EC0-301F-11D3-BF4B-00C04F79EFBC}
                   DefineCommonCapabilities = true
                   DefineCommonItemSchemas = true
                   DefineCommonReferenceSchemas = true
                   DefineConstants = TRACE;DEBUG;NET;NET8_0;NETCOREAPP
                   DelaySign = 
                   DeploymentComputeClickOnceManifestInfoDependsOn = 
                         CleanPublishFolder;
                         GetCopyToOutputDirectoryItems;
                         _DeploymentGenerateTrustInfo;
                         
                       
                   DesignerRuntimeImplementationProjectOutputGroupDependsOn = 
                         
                         ;
                         
                         ;
                         BuildOnlySettings;
                         PrepareForBuild;
                         AssignTargetPaths;
                         ResolveReferences
                       
                       ;
                         _GenerateDesignerDepsFile;
                         _GenerateDesignerRuntimeConfigFile;
                         GetCopyToOutputDirectoryItems;
                         _GatherDesignerShadowCopyFiles;
                       
                   DesignTimeAssemblySearchPaths = {CandidateAssemblyFiles};{HintPathFromItem};{TargetFrameworkDirectory};{RawFileName}
                   DesignTimeAutoUnify = true
                   DesignTimeResolveAssemblyReferencesDependsOn = 
                         GetFrameworkPaths;
                         GetReferenceAssemblyPaths;
                         ResolveReferences
                       
                   Deterministic = true
                   DevEnvDir = *Undefined*
                   DisableHandlePackageFileConflicts = true
                   DisableLogTaskParameter_ConvertToAbsolutePath_Path = true
                   DisableLogTaskParameter_FindUnderPath_OutOfPath = true
                   DisableLogTaskParameter_RemoveDuplicates_Inputs = true
                   DisableLogTaskParameterItemMetadata_ConvertToAbsolutePath_AbsolutePaths = true
                   DisableLogTaskParameterItemMetadata_Copy_CopiedFiles = true
                   DisableLogTaskParameterItemMetadata_Copy_DestinationFiles = true
                   DisableLogTaskParameterItemMetadata_Copy_SourceFiles = true
                   DisableLogTaskParameterItemMetadata_FindUnderPath_Files = true
                   DisableLogTaskParameterItemMetadata_FindUnderPath_InPath = true
                   DisableLogTaskParameterItemMetadata_GenerateResource_FilesWritten = true
                   DisableLogTaskParameterItemMetadata_Hash_ItemsToHash = true
                   DisableLogTaskParameterItemMetadata_RemoveDuplicates_Filtered = true
                   DisableLogTaskParameterItemMetadata_WriteLinesToFile_Lines = true
                   DisableStandardFrameworkResolution = true
                   DocumentationFile = 
                   DocumentationProjectOutputGroupDependenciesDependsOn = 
                         ;
                         
                         ;
                         BuildOnlySettings;
                         PrepareForBuild;
                         AssignTargetPaths;
                         ResolveReferences
                       
                       
                   DocumentationProjectOutputGroupDependsOn = 
                   DOTNET_CLI_TELEMETRY_SESSIONID = 57cbd918-d6e8-4bc3-be34-5b5dda67f0f5
                   DOTNET_HOST_PATH = C:\Program Files\dotnet\dotnet.exe
                   DotNetApiCompatTaskAssembly = C:\Program Files\dotnet\sdk\9.0.100\Sdks\Microsoft.NET.Sdk\targets\..\tools\net9.0\Microsoft.DotNet.ApiCompat.Task.dll
                   DotnetCliToolTargetFramework = netcoreapp2.2
                   EffectiveAnalysisLevel = 8.0
                   EffectiveCodeAnalysisTreatWarningsAsErrors = 
                   EmbeddedResourceUseDependentUponConvention = true
                   EmbeddedWin32Manifest = 
                   EmbedUntrackedSources = true
                   EmitAssetsLogMessages = true
                   EmitCompilerGeneratedFiles = false
                   EmitLegacyAssetsFileItems = false
                   EnableAppxPackageTargetsForUwpClassLibraries = true
                   EnableDefaultCompileItems = true
                   EnableDefaultEmbeddedResourceItems = true
                   EnableDefaultItems = true
                   EnableDefaultNoneItems = true
                   EnableFrameworkPathOverride = false
                   EnableNETAnalyzers = true
                   EnableSourceControlManagerQueries = true
                   EnableSourceLink = true
                   EnableUnsafeBinaryFormatterSerialization = false
                   EnableWebSdkImplicitPackageVersions = false
                   EnforceCodeStyleInBuild = false
                   ErrorReport = prompt
                   ExcludeRestorePackageImports = true
                   ExpandSDKAllowedReferenceExtensions = 
                         .winmd;
                         .dll
                       
                   ExpandSDKReferencesDependsOn = 
                         ResolveSDKReferences
                       
                   FileAlignment = 512
                   FindInvalidProjectReferencesDependsOn = 
                         GetReferenceTargetPlatformMonikers
                       
                   ForceNet8Current = false
                   Framework20Dir = @(_TargetFramework20DirectoryItem)
                   Framework30Dir = @(_TargetFramework30DirectoryItem)
                   Framework35Dir = @(_TargetFramework35DirectoryItem)
                   Framework40Dir = @(_TargetFramework40DirectoryItem)
                   FrameworkDir = @(_TargetFramework40DirectoryItem)
                   FrameworkPathOverride = 
                   FrameworkRegistryBase = Software\Microsoft\.NETCoreApp
                   FrameworkSDKDir = @(_TargetFrameworkSDKDirectoryItem)
                   FullReferenceAssemblyNames = Full
                   GenerateAssemblyCompanyAttribute = true
                   GenerateAssemblyConfigurationAttribute = true
                   GenerateAssemblyCopyrightAttribute = true
                   GenerateAssemblyDescriptionAttribute = true
                   GenerateAssemblyFileVersionAttribute = true
                   GenerateAssemblyInfo = true
                   GenerateAssemblyInformationalVersionAttribute = true
                   GenerateAssemblyMetadataAttributes = true
                   GenerateAssemblyProductAttribute = true
                   GenerateAssemblyTitleAttribute = true
                   GenerateAssemblyTrademarkAttribute = true
                   GenerateAssemblyVersionAttribute = true
                   GeneratedAssemblyInfoFile = obj\Debug\net8.0\Hackathon-2025.Tests.AssemblyInfo.cs
                   GenerateDependencyFile = true
                   GeneratedGlobalUsingsFile = obj\Debug\net8.0\Hackathon-2025.Tests.GlobalUsings.g.cs
                   GenerateDisableRuntimeMarshallingAttribute = true
                   GenerateDocumentationFile = false
                   GenerateFullPaths = true
                   GenerateInternalsVisibleToAttributes = true
                   GenerateManifestsDependsOn = 
                         SetWin32ManifestProperties;
                         GenerateApplicationManifest;
                         GenerateDeploymentManifest
                       
                   GenerateNeutralResourcesLanguageAttribute = true
                   GenerateNuspecDependsOn = Build;_LoadPackInputItems; _GetTargetFrameworksOutput; _WalkEachTargetPerFramework; _GetPackageFiles; 
                   GeneratePackageOnBuild = false
                   GenerateRepositoryUrlAttribute = true
                   GenerateResourceMSBuildArchitecture = CurrentArchitecture
                   GenerateResourceMSBuildRuntime = CurrentRuntime
                   GenerateResourceUsePreserializedResources = true
                   GenerateResourceWarnOnBinaryFormatterUse = true
                   GenerateRuntimeConfigDevFile = false
                   GenerateSatelliteAssembliesForCore = true
                   GenerateSupportedOSPlatformAttribute = true
                   GenerateTargetFrameworkAttribute = true
                   GenerateTargetPlatformAttribute = true
                   GetCopyToOutputDirectoryItemsDependsOn = 
                         AssignTargetPaths;
                         
                         AssignProjectConfiguration;
                         _SplitProjectReferencesByFileExistence
                       ;
                         _GetProjectReferenceTargetFrameworkProperties;
                         _PopulateCommonStateForGetCopyToOutputDirectoryItems
                       
                   GetFrameworkPathsDependsOn = 
                   GetReferenceNearestTargetFrameworkTaskSupportsTargetPlatformParameter = true
                   GetTargetPathWithTargetPlatformMonikerDependsOn = 
                   HasRuntimeOutput = 
                   HideWarningsAndErrors = false
                   HighEntropyVA = true
                   ImplicitConfigurationDefine = DEBUG
                   ImplicitFrameworkDefine = NET8_0
                   ImplicitUsings = enable
                   ImportByWildcardAfterMicrosoftCommonProps = true
                   ImportByWildcardAfterMicrosoftCommonTargets = true
                   ImportByWildcardAfterMicrosoftCSharpTargets = true
                   ImportByWildcardBeforeMicrosoftCommonProps = true
                   ImportByWildcardBeforeMicrosoftCommonTargets = true
                   ImportByWildcardBeforeMicrosoftCSharpTargets = true
                   ImportDirectoryBuildProps = true
                   ImportDirectoryBuildTargets = true
                   ImportDirectoryPackagesProps = true
                   ImportFrameworkWinFXTargets = false
                   ImportNuGetBuildTasksPackTargetsFromSdk = true
                   ImportProjectExtensionProps = false
                   ImportProjectExtensionTargets = false
                   ImportUserLocationsByWildcardAfterMicrosoftCommonProps = true
                   ImportUserLocationsByWildcardAfterMicrosoftCommonTargets = true
                   ImportUserLocationsByWildcardAfterMicrosoftCSharpTargets = true
                   ImportUserLocationsByWildcardBeforeMicrosoftCommonProps = true
                   ImportUserLocationsByWildcardBeforeMicrosoftCommonTargets = true
                   ImportUserLocationsByWildcardBeforeMicrosoftCSharpTargets = true
                   IncludeBuildOutput = true
                   IncludeContentInPack = true
                   IncludeFileVersionsInDependencyFile = true
                   IncludeMainProjectInDepsFile = true
                   IncludeProjectsNotInAssetsFileInDepsFile = true
                   IncludeSourceRevisionInInformationalVersion = true
                   IncludeSymbolsInSingleFile = false
                   InnerBuildProperty = TargetFramework
                   InnerBuildPropertyValues = TargetFrameworks
                   IntermediateOutputPath = obj\Debug\net8.0\
                   IsPackable = true
                   IsPublishable = true
                   IsRestoreTargetsFileLoaded = true
                   IsRidAgnostic = true
                   Language = C#
                   LanguageTargets = C:\Program Files\dotnet\sdk\9.0.100\Microsoft.CSharp.targets
                   LangVersion = latest
                   MarkPackageReferencesAsExternallyResolved = true
                   MaxSupportedLangVersion = 12.0
                   MaxTargetPath = 100
                   MicrosoftBuildTasksGitAssemblyFile = C:\Program Files\dotnet\sdk\9.0.100\Sdks\Microsoft.Build.Tasks.Git\build\..\tools\core\Microsoft.Build.Tasks.Git.dll
                   MicrosoftCommonPropsHasBeenImported = true
                   MicrosoftNETBuildExtensionsTargets = C:\Program Files\dotnet\sdk\9.0.100\\Microsoft\Microsoft.NET.Build.Extensions\Microsoft.NET.Build.Extensions.targets
                   MicrosoftNETBuildExtensionsTasksAssembly = C:\Program Files\dotnet\sdk\9.0.100\Microsoft\Microsoft.NET.Build.Extensions\\tools\net9.0\Microsoft.NET.Build.Extensions.Tasks.dll
                   MicrosoftNETBuildTasksAssembly = C:\Program Files\dotnet\sdk\9.0.100\Sdks\Microsoft.NET.Sdk\targets\..\tools\net9.0\Microsoft.NET.Build.Tasks.dll
                   MicrosoftNETBuildTasksDirectory = C:\Program Files\dotnet\sdk\9.0.100\Sdks\Microsoft.NET.Sdk\targets\..\tools\net9.0\
                   MicrosoftNETBuildTasksDirectoryRoot = C:\Program Files\dotnet\sdk\9.0.100\Sdks\Microsoft.NET.Sdk\targets\..\tools\
                   MicrosoftNETBuildTasksTFM = net9.0
                   MicrosoftNETCrossgenBuildTasksAssembly = C:\Program Files\dotnet\sdk\9.0.100\Sdks\Microsoft.NET.Sdk\targets\..\tasks\net7.0\Microsoft.NET.Sdk.Crossgen.dll
                   MicrosoftNETFrameworkReferenceAssembliesLatestPackageVersion = 1.0.3
                   MicrosoftNETWindowsWorkloadInstalled = true
                   MinimumMSBuildVersion = 17.11.0
                   MinimumVisualStudioVersionForUnsupportedTargetFrameworkVersion = 17.16
                   MsAppxPackageTargets = C:\Program Files\dotnet\sdk\9.0.100\Microsoft\VisualStudio\v17.0\AppxPackage\Microsoft.AppXPackage.Targets
                   MSBuildAllProjects = C:\Users\austi\OneDrive\Documents\CSCD Spring25\Hackathon-2025\Hackathon-2025.Tests\Hackathon-2025.Tests.csproj;;C:\Program Files\dotnet\sdk\9.0.100\Current\Microsoft.Common.targets\ImportAfter\Microsoft.TestPlatform.ImportAfter.targets
                   MSBuildAssemblyVersion = 17.0
                   MSBuildBinPath = C:\Program Files\dotnet\sdk\9.0.100
                   MSBuildCopyContentTransitively = true
                   MSBuildCopyMarkerName = Hackatho.99CD3D09.Up2Date
                   MSBuildDisableFeaturesFromVersion = 999.999
                   MSBuildEnableWorkloadResolver = true
                   MSBuildExtensionsPath = C:\Program Files\dotnet\sdk\9.0.100\
                   MSBuildExtensionsPath32 = C:\Program Files\dotnet\sdk\9.0.100
                   MSBuildExtensionsPath64 = C:\Program Files\dotnet\sdk\9.0.100
                   MSBUILDFAILONDRIVEENUMERATINGWILDCARD = 1
                   MSBuildFileVersion = 17.12.7.52203
                   MSBuildIsRestoring = True
                   MSBuildLoadMicrosoftTargetsReadOnly = true
                   MSBuildNodeCount = 12
                   MSBuildProgramFiles32 = C:\Program Files (x86)
                   MSBuildProjectDefaultTargets = Build
                   MSBuildProjectDirectory = C:\Users\austi\OneDrive\Documents\CSCD Spring25\Hackathon-2025\Hackathon-2025.Tests
                   MSBuildProjectDirectoryNoRoot = Users\austi\OneDrive\Documents\CSCD Spring25\Hackathon-2025\Hackathon-2025.Tests
                   MSBuildProjectExtension = .csproj
                   MSBuildProjectExtensionsPath = C:\Users\austi\OneDrive\Documents\CSCD Spring25\Hackathon-2025\Hackathon-2025.Tests\obj\
                   MSBuildProjectFile = Hackathon-2025.Tests.csproj
                   MSBuildProjectFullPath = C:\Users\austi\OneDrive\Documents\CSCD Spring25\Hackathon-2025\Hackathon-2025.Tests\Hackathon-2025.Tests.csproj
                   MSBuildProjectName = Hackathon-2025.Tests
                   MSBuildRestoreSessionId = 46153a84-4b97-4d3e-af58-dac232af2069
                   MSBuildRuntimeType = Core
                   MSBuildSDKsPath = C:\Program Files\dotnet\sdk\9.0.100\Sdks
                   MSBuildSemanticVersion = 17.12.7+5b8665660
                   MSBuildStartupDirectory = C:\Users\austi\OneDrive\Documents\CSCD Spring25\Hackathon-2025
                   MSBuildToolsPath = C:\Program Files\dotnet\sdk\9.0.100
                   MSBuildToolsVersion = Current
                   MSBuildUserExtensionsPath = C:\Users\austi\AppData\Local\Microsoft\MSBuild
                   MSBUILDUSESERVER = 0
                   MSBuildUseVisualStudioDirectoryLayout = False
                   MSBuildVersion = 17.12.7
                   MSBuildWarningsAsErrors = ;NU1605
                   MSBuildWarningsAsMessages = 1701;1702
                   MSBuildWarningsNotAsErrors = 
                   MsTestToolsTargets = C:\Program Files\dotnet\sdk\9.0.100\Microsoft\VisualStudio\v17.0\TeamTest\Microsoft.TeamTest.targets
                   NETCoreAppMaximumVersion = 9.0
                   NetCoreRoot = C:\Program Files\dotnet\
                   NETCoreSdkBundledCliToolsProps = C:\Program Files\dotnet\sdk\9.0.100\Sdks\Microsoft.NET.Sdk\targets\..\..\..\Microsoft.NETCoreSdk.BundledCliTools.props
                   NETCoreSdkBundledMSBuildInformationProps = C:\Program Files\dotnet\sdk\9.0.100\Sdks\Microsoft.NET.Sdk\targets\..\..\..\Microsoft.NETCoreSdk.BundledMSBuildInformation.props
                   NETCoreSdkBundledVersionsProps = C:\Program Files\dotnet\sdk\9.0.100\Sdks\Microsoft.NET.Sdk\targets\..\..\..\Microsoft.NETCoreSdk.BundledVersions.props
                   NETCoreSdkPortableRuntimeIdentifier = win-x64
                   NETCoreSdkRuntimeIdentifier = win-x64
                   NETCoreSdkVersion = 9.0.100
                   NetCoreTargetingPackRoot = C:\Program Files\dotnet\packs
                   NoCompilerStandardLib = true
                   NoStdLib = true
                   NoWarn = 1701;1702
                   NuGetAudit = true
                   NuGetAuditLevel = low
                   NuGetAuditMode = all
                   NuGetBuildTasksPackTargets = C:\Program Files\dotnet\sdk\9.0.100\Sdks\Microsoft.NET.Sdk\Sdk\..\..\NuGet.Build.Tasks.Pack\build\NuGet.Build.Tasks.Pack.targets
                   NuGetInteractive = 
                   NuGetPackTaskAssemblyFile = ..\CoreCLR\NuGet.Build.Tasks.Pack.dll
                   NuGetPropsFile = C:\Program Files\dotnet\sdk\9.0.100\NuGet.props
                   NuGetRestoreTargets = C:\Program Files\dotnet\sdk\9.0.100\NuGet.targets
                   NuGetTargetMoniker = .NETCoreApp,Version=v8.0
                   Nullable = enable
                   NuspecOutputPath = obj\Debug\
                   Optimize = false
                   OutDir = bin\Debug\net8.0\
                   OutputPath = bin\Debug\net8.0\
                   OutputType = Library
                   OverwriteReadOnlyFiles = false
                   PackageDescription = Package Description
                   PackageDownloadSupported = true
                   PackagedShimOutputRootDirectory = bin\Debug\net8.0\
                   PackageId = Hackathon-2025.Tests
                   PackageOutputPath = bin\Debug\
                   PackageRequireLicenseAcceptance = false
                   PackageVersion = 1.0.0
                   PackDependsOn = ; _IntermediatePack; GenerateNuspec; 
                   PackRelease = true
                   Platform = AnyCPU
                   PlatformName = AnyCPU
                   Platforms = AnyCPU
                   PostBuildEventDependsOn = 
                   PreBuildEventDependsOn = 
                   Prefer32Bit = false
                   PreferNativeArm64 = false
                   PrepareForBuildDependsOn = ;GetFrameworkPaths;GetReferenceAssemblyPaths;AssignLinkMetadata
                   PrepareForRunDependsOn = 
                         CopyFilesToOutputDirectory
                       
                   PrepareProjectReferencesDependsOn = 
                         AssignProjectConfiguration;
                         _SplitProjectReferencesByFileExistence;
                         _GetProjectReferenceTargetFrameworkProperties;
                         _GetProjectReferencePlatformProperties
                       
                   PrepareResourceNamesDependsOn = 
                         AssignTargetPaths;
                         SplitResourcesByCulture;
                         CreateManifestResourceNames;
                         CreateCustomManifestResourceNames
                       
                   PrepareResourcesDependsOn = 
                         ResolvePackageDependenciesForBuild;
                         _HandlePackageFileConflicts;
                         
                         ;
                         PrepareResourceNames;
                         ResGen;
                         CompileLicxFiles
                       
                       
                   PreserveCompilationReferences = 
                   ProcessorArchitecture = msil
                   ProcessorArchitectureAsPlatform = AnyCPU
                   ProduceReferenceAssembly = true
                   Product = Hackathon-2025.Tests
                   ProjectAssetsCacheFile = C:\Users\austi\OneDrive\Documents\CSCD Spring25\Hackathon-2025\Hackathon-2025.Tests\obj\Debug\net8.0\Hackathon-2025.Tests.assets.cache
                   ProjectAssetsFile = C:\Users\austi\OneDrive\Documents\CSCD Spring25\Hackathon-2025\Hackathon-2025.Tests\obj\project.assets.json
                   ProjectDepsFileName = Hackathon-2025.Tests.deps.json
                   ProjectDepsFilePath = C:\Users\austi\OneDrive\Documents\CSCD Spring25\Hackathon-2025\Hackathon-2025.Tests\bin\Debug\net8.0\Hackathon-2025.Tests.deps.json
                   ProjectDesignTimeAssemblyResolutionSearchPaths = 
                         {CandidateAssemblyFiles};
                         ;
                         {HintPathFromItem};
                         {TargetFrameworkDirectory};
                         {Registry:Software\Microsoft\.NETCoreApp,v8.0,AssemblyFoldersEx};
                         {RawFileName};
                         C:\Users\austi\OneDrive\Documents\CSCD Spring25\Hackathon-2025\Hackathon-2025.Tests\bin\Debug\net8.0\
                       
                   ProjectDir = C:\Users\austi\OneDrive\Documents\CSCD Spring25\Hackathon-2025\Hackathon-2025.Tests\
                   ProjectExt = .csproj
                   ProjectFileName = Hackathon-2025.Tests.csproj
                   ProjectFlavor = Client
                   ProjectName = Hackathon-2025.Tests
                   ProjectPath = C:\Users\austi\OneDrive\Documents\CSCD Spring25\Hackathon-2025\Hackathon-2025.Tests\Hackathon-2025.Tests.csproj
                   ProjectRuntimeConfigFileName = Hackathon-2025.Tests.runtimeconfig.json
                   ProjectRuntimeConfigFilePath = C:\Users\austi\OneDrive\Documents\CSCD Spring25\Hackathon-2025\Hackathon-2025.Tests\bin\Debug\net8.0\Hackathon-2025.Tests.runtimeconfig.json
                   PublishableProject = 
                   PublishBuildDependsOn = 
                         BuildOnlySettings;
                         PrepareForBuild;
                         ResolveReferences;
                         PrepareResources;
                         ResolveKeySource;
                         GenerateSerializationAssemblies;
                         CreateSatelliteAssemblies;
                       
                   PublishContainerDependsOn = 
                         _ContainerVerifySDKVersion;
                         ComputeContainerConfig;
                         _CheckContainersPackage
                       
                   PublishDependsOn = 
                         _DeploymentUnpublishable
                       
                   PublishDir = bin\Debug\net8.0\publish\
                   PublishDirName = publish
                   PublishDocumentationFile = true
                   PublishDocumentationFiles = true
                   PublishItemsOutputGroupDependsOn = 
                         ;
                         ResolveReferences;
                         ComputeResolvedFilesToPublishList;
                         _ComputeFilesToBundle;
                       
                   PublishOnlyDependsOn = 
                         SetGenerateManifests;
                         PublishBuild;
                         BeforePublish;
                         GenerateManifests;
                         CopyFilesToOutputDirectory;
                         _CopyFilesToPublishFolder;
                         _DeploymentGenerateBootstrapper;
                         ResolveKeySource;
                         _DeploymentSignClickOnceDeployment;
                         AfterPublish
                       
                   PublishProfileImported = false
                   PublishReadyToRunComposite = false
                   PublishReadyToRunPerfmapFormatVersion = 1
                   PublishReadyToRunUseCrossgen2 = true
                   PublishReadyToRunUseRuntimePackOptimizationData = true
                   PublishReferencesDocumentationFiles = true
                   PublishRelease = true
                   RebuildDependsOn = 
                         _SdkBeforeRebuild;
                         
                         BeforeRebuild;
                         Clean;
                         Build;
                         AfterRebuild;
                       
                       
                   RefAssembliesFolderName = refs
                   ReferenceCopyLocalPathsOutputGroupDependsOn = 
                         ;
                         
                         ;
                         BuildOnlySettings;
                         PrepareForBuild;
                         AssignTargetPaths;
                         ResolveReferences
                       
                       
                   ReportingServicesTargets = C:\Program Files\dotnet\sdk\9.0.100\\Microsoft\VisualStudio\v17.0\ReportingServices\Microsoft.ReportingServices.targets
                   ResGenDependsOn = ResolveAssemblyReferences;SplitResourcesByCulture;BeforeResGen;CoreResGen;AfterResGen
                   ResGenExecuteAsTool = false
                   ResolveAssemblyReferenceOutputUnresolvedAssemblyConflicts = true
                   ResolveAssemblyReferencesDependsOn = 
                         
                         
                         ResolveProjectReferences;
                         FindInvalidProjectReferences;
                         GetFrameworkPaths;
                         GetReferenceAssemblyPaths;
                         PrepareForBuild;
                         ResolveSDKReferences;
                         ExpandSDKReferences;
                       ;
                         ResolvePackageDependenciesForBuild;
                         _HandlePackageFileConflicts;
                       ;
                         ResolveTargetingPackAssets;
                       
                   ResolveNuGetPackages = false
                   ResolvePackageDependenciesForBuildDependsOn = 
                         ResolveLockFileReferences;
                         ResolveLockFileAnalyzers;
                         ResolveLockFileCopyLocalFiles;
                         ResolveRuntimePackAssets;
                         RunProduceContentAssets;
                         IncludeTransitiveProjectReferences
                       
                   ResolveReferencesDependsOn = 
                         BeforeResolveReferences;
                         AssignProjectConfiguration;
                         ResolveProjectReferences;
                         FindInvalidProjectReferences;
                         ResolveNativeReferences;
                         ResolveAssemblyReferences;
                         GenerateBindingRedirects;
                         GenerateBindingRedirectsUpdateAppConfig;
                         ResolveComReferences;
                         AfterResolveReferences
                       
                   ResolveSDKReferencesDependsOn = 
                         GetInstalledSDKLocations
                       
                   RestoreBuildInParallel = true
                   RestoreContinueOnError = WarnAndContinue
                   RestoreOutputPath = C:\Users\austi\OneDrive\Documents\CSCD Spring25\Hackathon-2025\Hackathon-2025.Tests\obj\
                   RestoreProjectStyle = PackageReference
                   RestoreRecursive = true
                   RestoreTaskAssemblyFile = NuGet.Build.Tasks.dll
                   RestoreUseSkipNonexistentTargets = true
                   RootNamespace = Hackathon_2025.Tests
                   RoslynTargetsPath = C:\Program Files\dotnet\sdk\9.0.100\Roslyn
                   RunDependsOn = 
                   RunPackageValidationDependsOn = CollectApiCompatInputs;_GetReferencePathFromInnerProjects;
                   RuntimeIdentifierGraphPath = C:\Program Files\dotnet\sdk\9.0.100/PortableRuntimeIdentifierGraph.json
                   RunWorkingDirectory = 
                   SatelliteDllsProjectOutputGroupDependenciesDependsOn = 
                         ;
                         
                         ;
                         BuildOnlySettings;
                         PrepareForBuild;
                         AssignTargetPaths;
                         ResolveReferences
                       
                       
                   SatelliteDllsProjectOutputGroupDependsOn = ;PrepareForBuild;PrepareResourceNames
                   SdkAnalysisLevel = 9.0.100
                   SDKContainerSupportEnabled = true
                   SDKRedistOutputGroupDependsOn = ResolveSDKReferences;ExpandSDKReferences
                   SDKReferenceDirectoryRoot = C:\Users\austi\AppData\Local\Microsoft SDKs;C:\Program Files (x86)\Microsoft SDKs
                   SDKReferenceRegistryRoot = Software\Microsoft\Microsoft SDKs
                   SGenFilesOutputGroupDependenciesDependsOn = 
                         ;
                         
                         ;
                         BuildOnlySettings;
                         PrepareForBuild;
                         AssignTargetPaths;
                         ResolveReferences
                       
                       
                   SGenFilesOutputGroupDependsOn = 
                   SGenShouldGenerateSerializer = true
                   SGenUseKeep = false
                   SGenUseProxyTypes = true
                   ShouldMarkCertainSDKReferencesAsRuntimeOnly = true
                   SignAssembly = false
                   SkipCopyUnchangedFiles = true
                   SkipImportNuGetBuildTargets = true
                   SkipImportNuGetProps = true
                   SolutionDir = C:\Users\austi\OneDrive\Documents\CSCD Spring25\Hackathon-2025\
                   SolutionExt = .sln
                   SolutionFileName = StarlitStories.sln
                   SolutionName = StarlitStories
                   SolutionPath = C:\Users\austi\OneDrive\Documents\CSCD Spring25\Hackathon-2025\StarlitStories.sln
                   SourceControlInformationFeatureSupported = true
                   SourceControlManagerUrlTranslationTargets = ;TranslateGitHubUrlsInSourceControlInformation;TranslateGitLabUrlsInSourceControlInformation;TranslateAzureReposGitUrlsInSourceControlInformation;TranslateBitbucketGitUrlsInSourceControlInformation
                   SourceFilesProjectOutputGroupDependsOn = PrepareForBuild;AssignTargetPaths
                   SourceLinkUrlInitializerTargets = ;_InitializeGitHubSourceLinkUrl;_InitializeGitLabSourceLinkUrl;_InitializeAzureReposGitSourceLinkUrl;_InitializeBitbucketGitSourceLinkUrl
                   SourceRootMappedPathsFeatureSupported = true
                   SupportedOSPlatformVersion = 
                   SupportsRoslynComponentVersioning = true
                   SuppressDependenciesWhenPacking = false
                   SymbolPackageFormat = symbols.nupkg
                   TargetCulture = *
                   TargetDeployManifestFileName = Hackathon-2025.Tests.application
                   TargetDir = C:\Users\austi\OneDrive\Documents\CSCD Spring25\Hackathon-2025\Hackathon-2025.Tests\bin\Debug\net8.0\
                   TargetedFrameworkDir = @(_TargetedFrameworkDirectoryItem)
                   TargetedSDKArchitecture = msil
                   TargetedSDKConfiguration = Debug
                   TargetExt = .dll
                   TargetFileName = Hackathon-2025.Tests.dll
                   TargetFramework = net8.0
                   TargetFrameworkDirectory = 
                   TargetFrameworkIdentifier = .NETCoreApp
                   TargetFrameworkMoniker = .NETCoreApp,Version=v8.0
                   TargetFrameworkMonikerAssemblyAttributesPath = obj\Debug\net8.0\.NETCoreApp,Version=v8.0.AssemblyAttributes.cs
                   TargetFrameworkMonikerDisplayName = .NET 8.0
                   TargetFrameworkSDKToolsDirectory = 
                   TargetFrameworkVersion = v8.0
                   TargetLatestRuntimePatch = false
                   TargetName = Hackathon-2025.Tests
                   TargetPath = C:\Users\austi\OneDrive\Documents\CSCD Spring25\Hackathon-2025\Hackathon-2025.Tests\bin\Debug\net8.0\Hackathon-2025.Tests.dll
                   TargetPlatformDisplayName =  
                   TargetPlatformIdentifier = 
                   TargetPlatformRegistryBase = Software\Microsoft\Microsoft SDKs\
                   TargetPlatformSdkPath = 
                   TargetPlatformVersion = 
                   TargetRefPath = C:\Users\austi\OneDrive\Documents\CSCD Spring25\Hackathon-2025\Hackathon-2025.Tests\obj\Debug\net8.0\ref\Hackathon-2025.Tests.dll
                   TargetRuntime = Managed
                   TargetsForTfmSpecificContentInPackage = ;PackTool;_PackProjectToolValidation
                   TargetsNet8 = true
                   ToolCommandName = Hackathon-2025.Tests
                   ToolDepsJsonGeneratorProject = C:\Program Files\dotnet\sdk\9.0.100\Sdks\Microsoft.NET.Sdk\targets\GenerateDeps\GenerateDeps.proj
                   ToolEntryPoint = Hackathon-2025.Tests.dll
                   TreatWarningsAsErrors = false
                   UnmanagedRegistrationDependsOn = 
                   UnmanagedUnregistrationDependsOn = 
                   UnsupportedTargetFrameworkVersion = 10.0
                   UseCommonOutputDirectory = false
                   UseDefaultPlatformLookupTables = true
                   UseHostCompilerIfAvailable = true
                   UseMSBuildTestInfrastructure = false
                   UseOSWinMdReferences = false
                   UseRidGraph = false
                   UserProfileRuntimeStorePath = C:\Users\austi\.dotnet\store
                   UserRuntimeConfig = C:\Users\austi\OneDrive\Documents\CSCD Spring25\Hackathon-2025\Hackathon-2025.Tests/runtimeconfig.template.json
                   UseSourcePath = true
                   UsingMicrosoftNETSdk = true
                   UsingNETSdkDefaults = true
                   Utf8Output = true
                   ValidateRuntimeIdentifierCompatibility = false
                   VerifyMatchingImplicitPackageVersion = true
                   Version = 1.0.0
                   VersionlessImplicitFrameworkDefine = NET
                   VersionPrefix = 1.0.0
                   VisualStudioVersion = 17.0
                   VSTestConsolePath = C:\Program Files\dotnet\sdk\9.0.100\vstest.console.dll
                   VSTestNoBuild = False
                   VSTestTargets = C:\Program Files\dotnet\sdk\9.0.100\\Microsoft.TestPlatform.targets
                   VSTestTaskAssemblyFile = Microsoft.TestPlatform.Build.dll
                   VsTestUseMSBuildOutput = False
                   WarningLevel = 8
                   WarningsAsErrors = ;NU1605;SYSLIB0011
                   WarnOnPackingNonPackableProject = false
                   WebReference_EnableLegacyEventingModel = false
                   WebReference_EnableProperties = true
                   WebReference_EnableSQLTypes = true
                   WMSJSProject = WJProject
                   WMSJSProjectDirectory = JavaScript
                   YieldDuringToolExecution = true

17:20:50.240     0>Initial Items:
                   _AllDirectoriesAbove
                       C:\
                       C:\Users
                       C:\Users\austi
                       C:\Users\austi\OneDrive
                       C:\Users\austi\OneDrive\Documents
                       C:\Users\austi\OneDrive\Documents\CSCD Spring25
                       C:\Users\austi\OneDrive\Documents\CSCD Spring25\Hackathon-2025
                       C:\Users\austi\OneDrive\Documents\CSCD Spring25\Hackathon-2025\Hackathon-2025.Tests
                       C:\Users\austi\OneDrive\Documents\CSCD Spring25\Hackathon-2025\Hackathon-2025.Tests\Controllers
                       C:\Users\austi\OneDrive\Documents\CSCD Spring25\Hackathon-2025\Hackathon-2025.Tests\Models
                       C:\Users\austi\OneDrive\Documents\CSCD Spring25\Hackathon-2025\Hackathon-2025.Tests\Utils
                   _ApplicationManifestFinal
                       bin\Debug\net8.0\Native.Hackathon-2025.Tests.manifest
                           TargetPath = Native.Hackathon-2025.Tests.manifest
                   _DebugSymbolsIntermediatePath
                       obj\Debug\net8.0\Hackathon-2025.Tests.pdb
                   _DebugSymbolsOutputPath
                       bin\Debug\net8.0\Hackathon-2025.Tests.pdb
                   _DeploymentManifestEntryPoint
                       obj\Debug\net8.0\Hackathon-2025.Tests.dll
                           TargetPath = Hackathon-2025.Tests.dll
                   _EolNetCoreTargetFrameworkVersions
                       1.0
                       1.1
                       2.0
                       2.1
                       2.2
                       3.0
                       3.1
                       5.0
                       7.0
                   _ExcludedKnownRuntimeIdentiferPlatforms
                       rhel.6
                       rhel.6
                       rhel.6
                       rhel.6
                       rhel.6
                       rhel.6
                       rhel.6
                       rhel.6
                       rhel.6
                       rhel.6
                       rhel.6
                       rhel.6
                       rhel.6
                       rhel.6
                       rhel.6
                       rhel.6
                       tizen.4.0.0
                       tizen.4.0.0
                       tizen.4.0.0
                       tizen.4.0.0
                       tizen.4.0.0
                       tizen.4.0.0
                       tizen.4.0.0
                       tizen.4.0.0
                       tizen.4.0.0
                       tizen.4.0.0
                       tizen.4.0.0
                       tizen.4.0.0
                       tizen.4.0.0
                       tizen.4.0.0
                       tizen.4.0.0
                       tizen.4.0.0
                       tizen.5.0.0
                       tizen.5.0.0
                       tizen.5.0.0
                       tizen.5.0.0
                       tizen.5.0.0
                       tizen.5.0.0
                       tizen.5.0.0
                       tizen.5.0.0
                       tizen.5.0.0
                       tizen.5.0.0
                       tizen.5.0.0
                       tizen.5.0.0
                       tizen.5.0.0
                       tizen.5.0.0
                       tizen.5.0.0
                       tizen.5.0.0
                   _KnownRuntimeIdentiferPlatforms
                       any
                       any
                       any
                       any
                       any
                       any
                       any
                       any
                       any
                       any
                       any
                       any
                       any
                       any
                       any
                       aot
                       aot
                       aot
                       aot
                       aot
                       aot
                       aot
                       aot
                       aot
                       aot
                       aot
                       aot
                       aot
                       aot
                       aot
                       freebsd
                       freebsd
                       freebsd
                       freebsd
                       freebsd
                       freebsd
                       freebsd
                       freebsd
                       freebsd
                       freebsd
                       freebsd
                       freebsd
                       freebsd
                       freebsd
                       freebsd
                       illumos
                       illumos
                       illumos
                       illumos
                       illumos
                       illumos
                       illumos
                       illumos
                       illumos
                       illumos
                       illumos
                       illumos
                       illumos
                       illumos
                       illumos
                       solaris
                       solaris
                       solaris
                       solaris
                       solaris
                       solaris
                       solaris
                       solaris
                       solaris
                       solaris
                       solaris
                       solaris
                       solaris
                       solaris
                       solaris
                       unix
                       unix
                       unix
                       unix
                       unix
                       unix
                       unix
                       unix
                       unix
                       unix
                       unix
                       unix
                       unix
                       unix
                       unix
                   _OutputPathItem
                       bin\Debug\net8.0\
                   _ResolveComReferenceCache
                       obj\Debug\net8.0\Hackathon-2025.Tests.csproj.ResolveComReference.cache
                   _UnmanagedRegistrationCache
                       obj\Hackathon-2025.Tests.csproj.UnmanagedRegistration.cache
                   _ValidProjectsForRestore
                       C:\Users\austi\OneDrive\Documents\CSCD Spring25\Hackathon-2025\Hackathon-2025.Tests\Hackathon-2025.Tests.csproj
                   AdditionalTargetFrameworkInfoProperty
                       _IsExecutable
                       _SelfContainedWasSpecified
                       IsRidAgnostic
                       SelfContained
                       ShouldBeValidatedAsExecutableReference
                   Analyzer
                       C:\Program Files\dotnet\sdk\9.0.100\Sdks\Microsoft.NET.Sdk\targets\..\analyzers\Microsoft.CodeAnalysis.CSharp.NetAnalyzers.dll
                           IsImplicitlyDefined = true
                       C:\Program Files\dotnet\sdk\9.0.100\Sdks\Microsoft.NET.Sdk\targets\..\analyzers\Microsoft.CodeAnalysis.NetAnalyzers.dll
                           IsImplicitlyDefined = true
                   AppConfigFileDestination
                       bin\Debug\net8.0\Hackathon-2025.Tests.dll.config
                   ApplicationManifest
                       obj\Debug\net8.0\Native.Hackathon-2025.Tests.manifest
                           TargetPath = Native.Hackathon-2025.Tests.manifest
                   BuiltProjectOutputGroupKeyOutput
                       C:\Users\austi\OneDrive\Documents\CSCD Spring25\Hackathon-2025\Hackathon-2025.Tests\obj\Debug\net8.0\Hackathon-2025.Tests.dll
                           IsKeyOutput = true
                           FinalOutputPath = C:\Users\austi\OneDrive\Documents\CSCD Spring25\Hackathon-2025\Hackathon-2025.Tests\bin\Debug\net8.0\Hackathon-2025.Tests.dll
                           TargetPath = Hackathon-2025.Tests.dll
                   ClsidMap
                       obj\Debug\net8.0\Hackathon-2025.Tests.clsidmap
                   Compile
                       Controllers\AuthControllerTests.cs
                       Controllers\ImageControllerTests.cs
                       Controllers\PaymentsControllerTests.cs
                       Controllers\ProfileControllerTests.cs
                       Models\AuthRequestTests.cs
                       Models\AuthResponseTests.cs
                       Models\CharacterSpecTests.cs
                       Models\CheckoutRequestTests.cs
                       Models\ForgotPasswordRequestTests.cs
                       Models\ImageBatchRequestTests.cs
                       Models\ResetPasswordRequestTests.cs
                       Models\StoryPageTests.cs
                       Models\StoryRequestTests.cs
                       Models\StoryResultTests.cs
                       Models\StoryTests.cs
                       Models\StripeSettingsTests.cs
                       MSTestSettings.cs
                       Utils\TestAuthHandler.cs
                       Utils\TestWebAppFactory.cs
                   CompilerVisibleProperty
                       _SupportedPlatformList
                       EnableComHosting
                       EnableGeneratedComInterfaceComImportInterop
                       EnforceExtendedAnalyzerRules
                       InvariantGlobalization
                       PlatformNeutralAssembly
                       ProjectDir
                       ProjectTypeGuids
                       RootNamespace
                       TargetFramework
                       TargetPlatformMinVersion
                       UsingMicrosoftNETSdkWeb
                   CopyUpToDateMarker
                       C:\Users\austi\OneDrive\Documents\CSCD Spring25\Hackathon-2025\Hackathon-2025.Tests\obj\Debug\net8.0\Hackatho.99CD3D09.Up2Date
                   CreateDirectory
                       C:\Users\austi\OneDrive\Documents\CSCD Spring25\Hackathon-2025\Hackathon-2025.Tests\obj\Debug\net8.0\refint\
                       obj\Debug\net8.0\ref
                   DebugSymbolsProjectOutputGroupOutput
                       C:\Users\austi\OneDrive\Documents\CSCD Spring25\Hackathon-2025\Hackathon-2025.Tests\obj\Debug\net8.0\Hackathon-2025.Tests.pdb
                           FinalOutputPath = C:\Users\austi\OneDrive\Documents\CSCD Spring25\Hackathon-2025\Hackathon-2025.Tests\bin\Debug\net8.0\Hackathon-2025.Tests.pdb
                           TargetPath = Hackathon-2025.Tests.pdb
                   DeployManifest
                       obj\Debug\net8.0\Hackathon-2025.Tests.application
                           TargetPath = Hackathon-2025.Tests.application
                   EmbedInBinlog
                       C:\Users\austi\OneDrive\Documents\CSCD Spring25\Hackathon-2025\Hackathon-2025.Tests\obj\project.assets.json
                   FrameworkReference
                       Microsoft.NETCore.App
                           IsImplicitlyDefined = true
                           PrivateAssets = All
                           Pack = false
                   GenerateRuntimeConfigurationFilesInputs
                       C:\Users\austi\OneDrive\Documents\CSCD Spring25\Hackathon-2025\Hackathon-2025.Tests\obj\Debug\net8.0\Hackathon-2025.Tests.assets.cache
                       C:\Users\austi\OneDrive\Documents\CSCD Spring25\Hackathon-2025\Hackathon-2025.Tests\obj\project.assets.json
                   GlobalAnalyzerConfigFiles
                       C:\.globalconfig
                       C:\Users\.globalconfig
                       C:\Users\austi\.globalconfig
                       C:\Users\austi\OneDrive\.globalconfig
                       C:\Users\austi\OneDrive\Documents\.globalconfig
                       C:\Users\austi\OneDrive\Documents\CSCD Spring25\.globalconfig
                       C:\Users\austi\OneDrive\Documents\CSCD Spring25\Hackathon-2025\.globalconfig
                       C:\Users\austi\OneDrive\Documents\CSCD Spring25\Hackathon-2025\Hackathon-2025.Tests\.globalconfig
                       C:\Users\austi\OneDrive\Documents\CSCD Spring25\Hackathon-2025\Hackathon-2025.Tests\Controllers\.globalconfig
                       C:\Users\austi\OneDrive\Documents\CSCD Spring25\Hackathon-2025\Hackathon-2025.Tests\Models\.globalconfig
                       C:\Users\austi\OneDrive\Documents\CSCD Spring25\Hackathon-2025\Hackathon-2025.Tests\Utils\.globalconfig
                   ImplicitPackageReferenceVersion
                       Microsoft.AspNetCore.All
                           LatestVersion = 2.1.30
                           DefaultVersion = 2.1.1
                           TargetFrameworkVersion = 2.1
                       Microsoft.AspNetCore.All
                           LatestVersion = 2.2.8
                           DefaultVersion = 2.2.0
                           TargetFrameworkVersion = 2.2
                       Microsoft.AspNetCore.App
                           LatestVersion = 2.1.30
                           DefaultVersion = 2.1.1
                           TargetFrameworkVersion = 2.1
                       Microsoft.AspNetCore.App
                           LatestVersion = 2.2.8
                           DefaultVersion = 2.2.0
                           TargetFrameworkVersion = 2.2
                       Microsoft.NETCore.App
                           LatestVersion = 1.0.16
                           DefaultVersion = 1.0.5
                           TargetFrameworkVersion = 1.0
                       Microsoft.NETCore.App
                           LatestVersion = 1.1.13
                           DefaultVersion = 1.1.2
                           TargetFrameworkVersion = 1.1
                       Microsoft.NETCore.App
                           LatestVersion = 2.0.9
                           DefaultVersion = 2.0.0
                           TargetFrameworkVersion = 2.0
                       Microsoft.NETCore.App
                           LatestVersion = 2.1.30
                           DefaultVersion = 2.1.0
                           TargetFrameworkVersion = 2.1
                       Microsoft.NETCore.App
                           LatestVersion = 2.2.8
                           DefaultVersion = 2.2.0
                           TargetFrameworkVersion = 2.2
                   IntermediateAssembly
                       obj\Debug\net8.0\Hackathon-2025.Tests.dll
                   IntermediateRefAssembly
                       obj\Debug\net8.0\refint\Hackathon-2025.Tests.dll
                   KnownAppHostPack
                       Microsoft.NETCore.App
                           ExcludedRuntimeIdentifiers = android
                           AppHostRuntimeIdentifiers = linux-arm;linux-arm64;linux-musl-arm64;linux-musl-x64;linux-x64;osx-x64;rhel.6-x64;tizen.4.0.0-armel;tizen.5.0.0-armel;win-arm64;win-x64;win-x86;linux-musl-arm;osx-arm64;linux-s390x;linux-loongarch64;linux-bionic-arm;linux-bionic-arm64;linux-bionic-x64;linux-bionic-x86;linux-ppc64le;freebsd-x64;freebsd-arm64;linux-riscv64;linux-musl-riscv64;linux-musl-loongarch64
                           TargetFramework = net9.0
                           AppHostPackNamePattern = Microsoft.NETCore.App.Host.**RID**
                           AppHostPackVersion = 9.0.0
                       Microsoft.NETCore.App
                           ExcludedRuntimeIdentifiers = android
                           AppHostRuntimeIdentifiers = linux-arm;linux-arm64;linux-musl-arm64;linux-musl-x64;linux-x64;osx-x64;rhel.6-x64;tizen.4.0.0-armel;tizen.5.0.0-armel;win-arm64;win-x64;win-x86;linux-musl-arm;osx-arm64;linux-s390x;linux-loongarch64;linux-bionic-arm;linux-bionic-arm64;linux-bionic-x64;linux-bionic-x86;linux-ppc64le;freebsd-x64;freebsd-arm64
                           TargetFramework = net8.0
                           AppHostPackNamePattern = Microsoft.NETCore.App.Host.**RID**
                           AppHostPackVersion = 8.0.11
                       Microsoft.NETCore.App
                           ExcludedRuntimeIdentifiers = android
                           AppHostRuntimeIdentifiers = linux-arm;linux-arm64;linux-musl-arm64;linux-musl-x64;linux-x64;osx-x64;rhel.6-x64;tizen.4.0.0-armel;tizen.5.0.0-armel;win-arm;win-arm64;win-x64;win-x86;linux-musl-arm;osx-arm64;linux-s390x;linux-loongarch64;linux-bionic-arm;linux-bionic-arm64;linux-bionic-x64;linux-bionic-x86;linux-ppc64le
                           TargetFramework = net7.0
                           AppHostPackNamePattern = Microsoft.NETCore.App.Host.**RID**
                           AppHostPackVersion = 7.0.20
                       Microsoft.NETCore.App
                           ExcludedRuntimeIdentifiers = android
                           AppHostRuntimeIdentifiers = linux-arm;linux-arm64;linux-musl-arm64;linux-musl-x64;linux-x64;osx-x64;rhel.6-x64;tizen.4.0.0-armel;tizen.5.0.0-armel;win-arm;win-arm64;win-x64;win-x86;linux-musl-arm;osx-arm64;linux-s390x;linux-loongarch64
                           TargetFramework = net6.0
                           AppHostPackNamePattern = Microsoft.NETCore.App.Host.**RID**
                           AppHostPackVersion = 6.0.36
                       Microsoft.NETCore.App
                           AppHostRuntimeIdentifiers = linux-arm;linux-arm64;linux-musl-arm64;linux-musl-x64;linux-x64;osx-x64;rhel.6-x64;tizen.4.0.0-armel;tizen.5.0.0-armel;win-arm;win-arm64;win-x64;win-x86;linux-musl-arm
                           TargetFramework = net5.0
                           AppHostPackNamePattern = Microsoft.NETCore.App.Host.**RID**
                           AppHostPackVersion = 5.0.17
                       Microsoft.NETCore.App
                           AppHostRuntimeIdentifiers = linux-arm;linux-arm64;linux-musl-arm64;linux-musl-x64;linux-x64;osx-x64;rhel.6-x64;tizen.4.0.0-armel;tizen.5.0.0-armel;win-arm;win-arm64;win-x64;win-x86
                           TargetFramework = netcoreapp3.1
                           AppHostPackNamePattern = Microsoft.NETCore.App.Host.**RID**
                           AppHostPackVersion = 3.1.32
                       Microsoft.NETCore.App
                           AppHostRuntimeIdentifiers = linux-arm;linux-arm64;linux-musl-arm64;linux-musl-x64;linux-x64;osx-x64;rhel.6-x64;tizen.4.0.0-armel;tizen.5.0.0-armel;win-arm;win-arm64;win-x64;win-x86
                           TargetFramework = netcoreapp3.0
                           AppHostPackNamePattern = Microsoft.NETCore.App.Host.**RID**
                           AppHostPackVersion = 3.0.3
                   KnownCrossgen2Pack
                       Microsoft.NETCore.App.Crossgen2
                           Crossgen2RuntimeIdentifiers = linux-musl-x64;linux-x64;win-x64;linux-arm;linux-arm64;linux-musl-arm;linux-musl-arm64;osx-arm64;osx-x64;win-arm64;win-x86;freebsd-x64;freebsd-arm64;linux-riscv64;linux-musl-riscv64;linux-loongarch64;linux-musl-loongarch64
                           TargetFramework = net9.0
                           Crossgen2PackNamePattern = Microsoft.NETCore.App.Crossgen2.**RID**
                           Crossgen2PackVersion = 9.0.0
                       Microsoft.NETCore.App.Crossgen2
                           Crossgen2RuntimeIdentifiers = linux-musl-x64;linux-x64;win-x64;linux-arm;linux-arm64;linux-musl-arm;linux-musl-arm64;osx-arm64;osx-x64;win-arm64;win-x86;freebsd-x64;freebsd-arm64
                           TargetFramework = net8.0
                           Crossgen2PackNamePattern = Microsoft.NETCore.App.Crossgen2.**RID**
                           Crossgen2PackVersion = 8.0.11
                       Microsoft.NETCore.App.Crossgen2
                           Crossgen2RuntimeIdentifiers = linux-musl-x64;linux-x64;win-x64;linux-arm;linux-arm64;linux-musl-arm;linux-musl-arm64;osx-arm64;osx-x64;win-arm;win-arm64;win-x86
                           TargetFramework = net7.0
                           Crossgen2PackNamePattern = Microsoft.NETCore.App.Crossgen2.**RID**
                           Crossgen2PackVersion = 7.0.20
                       Microsoft.NETCore.App.Crossgen2
                           Crossgen2RuntimeIdentifiers = linux-musl-x64;linux-x64;win-x64;linux-arm;linux-arm64;linux-musl-arm;linux-musl-arm64;osx-arm64;osx-x64;win-arm;win-arm64;win-x86
                           TargetFramework = net6.0
                           Crossgen2PackNamePattern = Microsoft.NETCore.App.Crossgen2.**RID**
                           Crossgen2PackVersion = 6.0.36
                       Microsoft.NETCore.App.Crossgen2
                           Crossgen2RuntimeIdentifiers = linux-musl-x64;linux-x64;win-x64
                           TargetFramework = net5.0
                           Crossgen2PackNamePattern = Microsoft.NETCore.App.Crossgen2.**RID**
                           Crossgen2PackVersion = 5.0.17
                   KnownFrameworkReference
                       Microsoft.AspNetCore.App
                           TargetFramework = net7.0
                           DefaultRuntimeFrameworkVersion = 7.0.0
                           TargetingPackName = Microsoft.AspNetCore.App.Ref
                           LatestRuntimeFrameworkVersion = 7.0.20
                           RuntimePackExcludedRuntimeIdentifiers = android
                           RuntimePackRuntimeIdentifiers = win-x64;win-x86;win-arm;osx-x64;linux-musl-x64;linux-musl-arm64;linux-x64;linux-arm;linux-arm64;linux-musl-arm;win-arm64;osx-arm64;linux-s390x;linux-loongarch64;linux-ppc64le
                           RuntimePackNamePatterns = Microsoft.AspNetCore.App.Runtime.**RID**
                           TargetingPackVersion = 7.0.20
                           RuntimeFrameworkName = Microsoft.AspNetCore.App
                       Microsoft.AspNetCore.App
                           TargetFramework = net5.0
                           DefaultRuntimeFrameworkVersion = 5.0.0
                           TargetingPackName = Microsoft.AspNetCore.App.Ref
                           LatestRuntimeFrameworkVersion = 5.0.17
                           RuntimePackRuntimeIdentifiers = win-x64;win-x86;win-arm;osx-x64;linux-musl-x64;linux-musl-arm64;linux-x64;linux-arm;linux-arm64;linux-musl-arm;win-arm64
                           RuntimePackNamePatterns = Microsoft.AspNetCore.App.Runtime.**RID**
                           TargetingPackVersion = 5.0.0
                           RuntimeFrameworkName = Microsoft.AspNetCore.App
                       Microsoft.AspNetCore.App
                           TargetFramework = net9.0
                           DefaultRuntimeFrameworkVersion = 9.0.0
                           TargetingPackName = Microsoft.AspNetCore.App.Ref
                           LatestRuntimeFrameworkVersion = 9.0.0
                           RuntimePackExcludedRuntimeIdentifiers = android;linux-bionic
                           RuntimePackRuntimeIdentifiers = win-x64;win-x86;osx-x64;linux-musl-x64;linux-musl-arm64;linux-x64;linux-arm;linux-arm64;linux-musl-arm;win-arm64;osx-arm64;linux-s390x;linux-loongarch64;linux-ppc64le;freebsd-x64;freebsd-arm64;linux-riscv64;linux-musl-riscv64;linux-loongarch64;linux-musl-loongarch64
                           RuntimePackNamePatterns = Microsoft.AspNetCore.App.Runtime.**RID**
                           TargetingPackVersion = 9.0.0
                           RuntimeFrameworkName = Microsoft.AspNetCore.App
                       Microsoft.AspNetCore.App
                           TargetFramework = net6.0
                           DefaultRuntimeFrameworkVersion = 6.0.0
                           TargetingPackName = Microsoft.AspNetCore.App.Ref
                           LatestRuntimeFrameworkVersion = 6.0.36
                           RuntimePackRuntimeIdentifiers = win-x64;win-x86;win-arm;osx-x64;linux-musl-x64;linux-musl-arm64;linux-x64;linux-arm;linux-arm64;linux-musl-arm;win-arm64;osx-arm64;linux-s390x;linux-loongarch64
                           RuntimePackNamePatterns = Microsoft.AspNetCore.App.Runtime.**RID**
                           TargetingPackVersion = 6.0.36
                           RuntimeFrameworkName = Microsoft.AspNetCore.App
                       Microsoft.AspNetCore.App
                           TargetFramework = netcoreapp3.0
                           DefaultRuntimeFrameworkVersion = 3.0.0
                           TargetingPackName = Microsoft.AspNetCore.App.Ref
                           LatestRuntimeFrameworkVersion = 3.0.3
                           RuntimePackRuntimeIdentifiers = win-x64;win-x86;win-arm;osx-x64;linux-musl-x64;linux-musl-arm64;linux-x64;linux-arm;linux-arm64
                           RuntimePackNamePatterns = Microsoft.AspNetCore.App.Runtime.**RID**
                           TargetingPackVersion = 3.0.1
                           RuntimeFrameworkName = Microsoft.AspNetCore.App
                       Microsoft.AspNetCore.App
                           TargetFramework = net8.0
                           DefaultRuntimeFrameworkVersion = 8.0.0
                           TargetingPackName = Microsoft.AspNetCore.App.Ref
                           LatestRuntimeFrameworkVersion = 8.0.11
                           RuntimePackExcludedRuntimeIdentifiers = android;linux-bionic
                           RuntimePackRuntimeIdentifiers = win-x64;win-x86;osx-x64;linux-musl-x64;linux-musl-arm64;linux-x64;linux-arm;linux-arm64;linux-musl-arm;win-arm64;osx-arm64;linux-s390x;linux-loongarch64;linux-ppc64le;freebsd-x64;freebsd-arm64
                           RuntimePackNamePatterns = Microsoft.AspNetCore.App.Runtime.**RID**
                           TargetingPackVersion = 8.0.11
                           RuntimeFrameworkName = Microsoft.AspNetCore.App
                       Microsoft.AspNetCore.App
                           TargetFramework = netcoreapp3.1
                           DefaultRuntimeFrameworkVersion = 3.1.0
                           TargetingPackName = Microsoft.AspNetCore.App.Ref
                           LatestRuntimeFrameworkVersion = 3.1.32
                           RuntimePackRuntimeIdentifiers = win-x64;win-x86;win-arm;osx-x64;linux-musl-x64;linux-musl-arm64;linux-x64;linux-arm;linux-arm64
                           RuntimePackNamePatterns = Microsoft.AspNetCore.App.Runtime.**RID**
                           TargetingPackVersion = 3.1.10
                           RuntimeFrameworkName = Microsoft.AspNetCore.App
                       Microsoft.NETCore.App
                           TargetFramework = netcoreapp3.1
                           DefaultRuntimeFrameworkVersion = 3.1.0
                           TargetingPackName = Microsoft.NETCore.App.Ref
                           LatestRuntimeFrameworkVersion = 3.1.32
                           RuntimePackRuntimeIdentifiers = linux-arm;linux-arm64;linux-musl-arm64;linux-musl-x64;linux-x64;osx-x64;rhel.6-x64;tizen.4.0.0-armel;tizen.5.0.0-armel;win-arm;win-arm64;win-x64;win-x86
                           RuntimePackNamePatterns = Microsoft.NETCore.App.Runtime.**RID**
                           TargetingPackVersion = 3.1.0
                           IsTrimmable = true
                           RuntimeFrameworkName = Microsoft.NETCore.App
                       Microsoft.NETCore.App
                           TargetFramework = netcoreapp3.0
                           DefaultRuntimeFrameworkVersion = 3.0.0
                           TargetingPackName = Microsoft.NETCore.App.Ref
                           LatestRuntimeFrameworkVersion = 3.0.3
                           RuntimePackRuntimeIdentifiers = linux-arm;linux-arm64;linux-musl-arm64;linux-musl-x64;linux-x64;osx-x64;rhel.6-x64;tizen.4.0.0-armel;tizen.5.0.0-armel;win-arm;win-arm64;win-x64;win-x86
                           RuntimePackNamePatterns = Microsoft.NETCore.App.Runtime.**RID**
                           TargetingPackVersion = 3.0.0
                           IsTrimmable = true
                           RuntimeFrameworkName = Microsoft.NETCore.App
                       Microsoft.NETCore.App
                           TargetFramework = net5.0
                           DefaultRuntimeFrameworkVersion = 5.0.0
                           TargetingPackName = Microsoft.NETCore.App.Ref
                           LatestRuntimeFrameworkVersion = 5.0.17
                           RuntimePackRuntimeIdentifiers = linux-arm;linux-arm64;linux-musl-arm64;linux-musl-x64;linux-x64;osx-x64;rhel.6-x64;tizen.4.0.0-armel;tizen.5.0.0-armel;win-arm;win-arm64;win-x64;win-x86;linux-musl-arm;browser-wasm
                           RuntimePackNamePatterns = Microsoft.NETCore.App.Runtime.**RID**
                           TargetingPackVersion = 5.0.0
                           IsTrimmable = true
                           RuntimeFrameworkName = Microsoft.NETCore.App
                       Microsoft.NETCore.App
                           TargetFramework = net6.0
                           DefaultRuntimeFrameworkVersion = 6.0.0
                           TargetingPackName = Microsoft.NETCore.App.Ref
                           LatestRuntimeFrameworkVersion = 6.0.36
                           RuntimePackRuntimeIdentifiers = linux-arm;linux-arm64;linux-musl-arm64;linux-musl-x64;linux-x64;osx-x64;rhel.6-x64;tizen.4.0.0-armel;tizen.5.0.0-armel;win-arm;win-arm64;win-x64;win-x86;linux-musl-arm;osx-arm64;linux-s390x;linux-loongarch64
                           RuntimePackNamePatterns = Microsoft.NETCore.App.Runtime.**RID**
                           TargetingPackVersion = 6.0.36
                           RuntimeFrameworkName = Microsoft.NETCore.App
                       Microsoft.NETCore.App
                           TargetFramework = net9.0
                           DefaultRuntimeFrameworkVersion = 9.0.0
                           TargetingPackName = Microsoft.NETCore.App.Ref
                           LatestRuntimeFrameworkVersion = 9.0.0
                           RuntimePackRuntimeIdentifiers = linux-arm;linux-arm64;linux-musl-arm64;linux-musl-x64;linux-x64;osx-x64;rhel.6-x64;tizen.4.0.0-armel;tizen.5.0.0-armel;win-arm64;win-x64;win-x86;linux-musl-arm;osx-arm64;linux-s390x;linux-loongarch64;linux-bionic-arm;linux-bionic-arm64;linux-bionic-x64;linux-bionic-x86;linux-ppc64le;freebsd-x64;freebsd-arm64;linux-riscv64;linux-musl-riscv64;linux-musl-loongarch64
                           RuntimePackNamePatterns = Microsoft.NETCore.App.Runtime.**RID**
                           TargetingPackVersion = 9.0.0
                           RuntimeFrameworkName = Microsoft.NETCore.App
                       Microsoft.NETCore.App
                           TargetFramework = net8.0
                           DefaultRuntimeFrameworkVersion = 8.0.0
                           TargetingPackName = Microsoft.NETCore.App.Ref
                           LatestRuntimeFrameworkVersion = 8.0.11
                           RuntimePackRuntimeIdentifiers = linux-arm;linux-arm64;linux-musl-arm64;linux-musl-x64;linux-x64;osx-x64;rhel.6-x64;tizen.4.0.0-armel;tizen.5.0.0-armel;win-arm64;win-x64;win-x86;linux-musl-arm;osx-arm64;linux-s390x;linux-loongarch64;linux-bionic-arm;linux-bionic-arm64;linux-bionic-x64;linux-bionic-x86;linux-ppc64le;freebsd-x64;freebsd-arm64
                           RuntimePackNamePatterns = Microsoft.NETCore.App.Runtime.**RID**
                           TargetingPackVersion = 8.0.11
                           RuntimeFrameworkName = Microsoft.NETCore.App
                       Microsoft.NETCore.App
                           TargetFramework = net7.0
                           DefaultRuntimeFrameworkVersion = 7.0.0
                           TargetingPackName = Microsoft.NETCore.App.Ref
                           LatestRuntimeFrameworkVersion = 7.0.20
                           RuntimePackRuntimeIdentifiers = linux-arm;linux-arm64;linux-musl-arm64;linux-musl-x64;linux-x64;osx-x64;rhel.6-x64;tizen.4.0.0-armel;tizen.5.0.0-armel;win-arm;win-arm64;win-x64;win-x86;linux-musl-arm;osx-arm64;linux-s390x;linux-loongarch64;linux-bionic-arm;linux-bionic-arm64;linux-bionic-x64;linux-bionic-x86;linux-ppc64le
                           RuntimePackNamePatterns = Microsoft.NETCore.App.Runtime.**RID**
                           TargetingPackVersion = 7.0.20
                           RuntimeFrameworkName = Microsoft.NETCore.App
                       Microsoft.WindowsDesktop.App
                           TargetFramework = netcoreapp3.1
                           DefaultRuntimeFrameworkVersion = 3.1.0
                           TargetingPackName = Microsoft.WindowsDesktop.App.Ref
                           IsWindowsOnly = true
                           LatestRuntimeFrameworkVersion = 3.1.32
                           RuntimePackRuntimeIdentifiers = win-x64;win-x86
                           RuntimePackNamePatterns = Microsoft.WindowsDesktop.App.Runtime.**RID**
                           TargetingPackVersion = 3.1.0
                           RuntimeFrameworkName = Microsoft.WindowsDesktop.App
                       Microsoft.WindowsDesktop.App
                           TargetFramework = net9.0
                           DefaultRuntimeFrameworkVersion = 9.0.0
                           TargetingPackName = Microsoft.WindowsDesktop.App.Ref
                           IsWindowsOnly = true
                           LatestRuntimeFrameworkVersion = 9.0.0
                           RuntimePackRuntimeIdentifiers = win-x64;win-x86;win-arm64
                           RuntimePackNamePatterns = Microsoft.WindowsDesktop.App.Runtime.**RID**
                           TargetingPackVersion = 9.0.0
                           RuntimeFrameworkName = Microsoft.WindowsDesktop.App
                       Microsoft.WindowsDesktop.App
                           TargetFramework = net5.0
                           DefaultRuntimeFrameworkVersion = 5.0.0
                           TargetingPackName = Microsoft.WindowsDesktop.App.Ref
                           IsWindowsOnly = true
                           LatestRuntimeFrameworkVersion = 5.0.17
                           RuntimePackRuntimeIdentifiers = win-x64;win-x86;win-arm64
                           RuntimePackNamePatterns = Microsoft.WindowsDesktop.App.Runtime.**RID**
                           TargetingPackVersion = 5.0.0
                           RuntimeFrameworkName = Microsoft.WindowsDesktop.App
                       Microsoft.WindowsDesktop.App
                           TargetFramework = net7.0
                           DefaultRuntimeFrameworkVersion = 7.0.0
                           TargetingPackName = Microsoft.WindowsDesktop.App.Ref
                           IsWindowsOnly = true
                           LatestRuntimeFrameworkVersion = 7.0.20
                           RuntimePackRuntimeIdentifiers = win-x64;win-x86;win-arm64
                           RuntimePackNamePatterns = Microsoft.WindowsDesktop.App.Runtime.**RID**
                           TargetingPackVersion = 7.0.20
                           RuntimeFrameworkName = Microsoft.WindowsDesktop.App
                       Microsoft.WindowsDesktop.App
                           TargetFramework = net8.0
                           DefaultRuntimeFrameworkVersion = 8.0.0
                           TargetingPackName = Microsoft.WindowsDesktop.App.Ref
                           IsWindowsOnly = true
                           LatestRuntimeFrameworkVersion = 8.0.11
                           RuntimePackRuntimeIdentifiers = win-x64;win-x86;win-arm64
                           RuntimePackNamePatterns = Microsoft.WindowsDesktop.App.Runtime.**RID**
                           TargetingPackVersion = 8.0.11
                           RuntimeFrameworkName = Microsoft.WindowsDesktop.App
                       Microsoft.WindowsDesktop.App
                           TargetFramework = netcoreapp3.0
                           DefaultRuntimeFrameworkVersion = 3.0.0
                           TargetingPackName = Microsoft.WindowsDesktop.App.Ref
                           IsWindowsOnly = true
                           LatestRuntimeFrameworkVersion = 3.0.3
                           RuntimePackRuntimeIdentifiers = win-x64;win-x86
                           RuntimePackNamePatterns = Microsoft.WindowsDesktop.App.Runtime.**RID**
                           TargetingPackVersion = 3.0.0
                           RuntimeFrameworkName = Microsoft.WindowsDesktop.App
                       Microsoft.WindowsDesktop.App
                           TargetFramework = net6.0
                           DefaultRuntimeFrameworkVersion = 6.0.0
                           TargetingPackName = Microsoft.WindowsDesktop.App.Ref
                           IsWindowsOnly = true
                           LatestRuntimeFrameworkVersion = 6.0.36
                           RuntimePackRuntimeIdentifiers = win-x64;win-x86;win-arm64
                           RuntimePackNamePatterns = Microsoft.WindowsDesktop.App.Runtime.**RID**
                           TargetingPackVersion = 6.0.36
                           RuntimeFrameworkName = Microsoft.WindowsDesktop.App
                       Microsoft.WindowsDesktop.App.WindowsForms
                           TargetFramework = net9.0
                           DefaultRuntimeFrameworkVersion = 9.0.0
                           TargetingPackName = Microsoft.WindowsDesktop.App.Ref
                           IsWindowsOnly = true
                           LatestRuntimeFrameworkVersion = 9.0.0
                           RuntimePackRuntimeIdentifiers = win-x64;win-x86;win-arm64
                           RuntimePackNamePatterns = Microsoft.WindowsDesktop.App.Runtime.**RID**
                           TargetingPackVersion = 9.0.0
                           Profile = WindowsForms
                           RuntimeFrameworkName = Microsoft.WindowsDesktop.App
                       Microsoft.WindowsDesktop.App.WindowsForms
                           TargetFramework = net5.0
                           DefaultRuntimeFrameworkVersion = 5.0.0
                           TargetingPackName = Microsoft.WindowsDesktop.App.Ref
                           IsWindowsOnly = true
                           LatestRuntimeFrameworkVersion = 5.0.17
                           RuntimePackRuntimeIdentifiers = win-x64;win-x86;win-arm64
                           RuntimePackNamePatterns = Microsoft.WindowsDesktop.App.Runtime.**RID**
                           TargetingPackVersion = 5.0.0
                           Profile = WindowsForms
                           RuntimeFrameworkName = Microsoft.WindowsDesktop.App
                       Microsoft.WindowsDesktop.App.WindowsForms
                           TargetFramework = netcoreapp3.0
                           DefaultRuntimeFrameworkVersion = 3.0.0
                           TargetingPackName = Microsoft.WindowsDesktop.App.Ref
                           IsWindowsOnly = true
                           LatestRuntimeFrameworkVersion = 3.0.3
                           RuntimePackRuntimeIdentifiers = win-x64;win-x86
                           RuntimePackNamePatterns = Microsoft.WindowsDesktop.App.Runtime.**RID**
                           TargetingPackVersion = 3.0.0
                           Profile = WindowsForms
                           RuntimeFrameworkName = Microsoft.WindowsDesktop.App
                       Microsoft.WindowsDesktop.App.WindowsForms
                           TargetFramework = net8.0
                           DefaultRuntimeFrameworkVersion = 8.0.0
                           TargetingPackName = Microsoft.WindowsDesktop.App.Ref
                           IsWindowsOnly = true
                           LatestRuntimeFrameworkVersion = 8.0.11
                           RuntimePackRuntimeIdentifiers = win-x64;win-x86;win-arm64
                           RuntimePackNamePatterns = Microsoft.WindowsDesktop.App.Runtime.**RID**
                           TargetingPackVersion = 8.0.11
                           Profile = WindowsForms
                           RuntimeFrameworkName = Microsoft.WindowsDesktop.App
                       Microsoft.WindowsDesktop.App.WindowsForms
                           TargetFramework = net7.0
                           DefaultRuntimeFrameworkVersion = 7.0.0
                           TargetingPackName = Microsoft.WindowsDesktop.App.Ref
                           IsWindowsOnly = true
                           LatestRuntimeFrameworkVersion = 7.0.20
                           RuntimePackRuntimeIdentifiers = win-x64;win-x86;win-arm64
                           RuntimePackNamePatterns = Microsoft.WindowsDesktop.App.Runtime.**RID**
                           TargetingPackVersion = 7.0.20
                           Profile = WindowsForms
                           RuntimeFrameworkName = Microsoft.WindowsDesktop.App
                       Microsoft.WindowsDesktop.App.WindowsForms
                           TargetFramework = net6.0
                           DefaultRuntimeFrameworkVersion = 6.0.0
                           TargetingPackName = Microsoft.WindowsDesktop.App.Ref
                           IsWindowsOnly = true
                           LatestRuntimeFrameworkVersion = 6.0.36
                           RuntimePackRuntimeIdentifiers = win-x64;win-x86;win-arm64
                           RuntimePackNamePatterns = Microsoft.WindowsDesktop.App.Runtime.**RID**
                           TargetingPackVersion = 6.0.36
                           Profile = WindowsForms
                           RuntimeFrameworkName = Microsoft.WindowsDesktop.App
                       Microsoft.WindowsDesktop.App.WindowsForms
                           TargetFramework = netcoreapp3.1
                           DefaultRuntimeFrameworkVersion = 3.1.0
                           TargetingPackName = Microsoft.WindowsDesktop.App.Ref
                           IsWindowsOnly = true
                           LatestRuntimeFrameworkVersion = 3.1.32
                           RuntimePackRuntimeIdentifiers = win-x64;win-x86
                           RuntimePackNamePatterns = Microsoft.WindowsDesktop.App.Runtime.**RID**
                           TargetingPackVersion = 3.1.0
                           Profile = WindowsForms
                           RuntimeFrameworkName = Microsoft.WindowsDesktop.App
                       Microsoft.WindowsDesktop.App.WPF
                           TargetFramework = netcoreapp3.0
                           DefaultRuntimeFrameworkVersion = 3.0.0
                           TargetingPackName = Microsoft.WindowsDesktop.App.Ref
                           IsWindowsOnly = true
                           LatestRuntimeFrameworkVersion = 3.0.3
                           RuntimePackRuntimeIdentifiers = win-x64;win-x86
                           RuntimePackNamePatterns = Microsoft.WindowsDesktop.App.Runtime.**RID**
                           TargetingPackVersion = 3.0.0
                           Profile = WPF
                           RuntimeFrameworkName = Microsoft.WindowsDesktop.App
                       Microsoft.WindowsDesktop.App.WPF
                           TargetFramework = net6.0
                           DefaultRuntimeFrameworkVersion = 6.0.0
                           TargetingPackName = Microsoft.WindowsDesktop.App.Ref
                           IsWindowsOnly = true
                           LatestRuntimeFrameworkVersion = 6.0.36
                           RuntimePackRuntimeIdentifiers = win-x64;win-x86;win-arm64
                           RuntimePackNamePatterns = Microsoft.WindowsDesktop.App.Runtime.**RID**
                           TargetingPackVersion = 6.0.36
                           Profile = WPF
                           RuntimeFrameworkName = Microsoft.WindowsDesktop.App
                       Microsoft.WindowsDesktop.App.WPF
                           TargetFramework = net5.0
                           DefaultRuntimeFrameworkVersion = 5.0.0
                           TargetingPackName = Microsoft.WindowsDesktop.App.Ref
                           IsWindowsOnly = true
                           LatestRuntimeFrameworkVersion = 5.0.17
                           RuntimePackRuntimeIdentifiers = win-x64;win-x86;win-arm64
                           RuntimePackNamePatterns = Microsoft.WindowsDesktop.App.Runtime.**RID**
                           TargetingPackVersion = 5.0.0
                           Profile = WPF
                           RuntimeFrameworkName = Microsoft.WindowsDesktop.App
                       Microsoft.WindowsDesktop.App.WPF
                           TargetFramework = net7.0
                           DefaultRuntimeFrameworkVersion = 7.0.0
                           TargetingPackName = Microsoft.WindowsDesktop.App.Ref
                           IsWindowsOnly = true
                           LatestRuntimeFrameworkVersion = 7.0.20
                           RuntimePackRuntimeIdentifiers = win-x64;win-x86;win-arm64
                           RuntimePackNamePatterns = Microsoft.WindowsDesktop.App.Runtime.**RID**
                           TargetingPackVersion = 7.0.20
                           Profile = WPF
                           RuntimeFrameworkName = Microsoft.WindowsDesktop.App
                       Microsoft.WindowsDesktop.App.WPF
                           TargetFramework = net8.0
                           DefaultRuntimeFrameworkVersion = 8.0.0
                           TargetingPackName = Microsoft.WindowsDesktop.App.Ref
                           IsWindowsOnly = true
                           LatestRuntimeFrameworkVersion = 8.0.11
                           RuntimePackRuntimeIdentifiers = win-x64;win-x86;win-arm64
                           RuntimePackNamePatterns = Microsoft.WindowsDesktop.App.Runtime.**RID**
                           TargetingPackVersion = 8.0.11
                           Profile = WPF
                           RuntimeFrameworkName = Microsoft.WindowsDesktop.App
                       Microsoft.WindowsDesktop.App.WPF
                           TargetFramework = net9.0
                           DefaultRuntimeFrameworkVersion = 9.0.0
                           TargetingPackName = Microsoft.WindowsDesktop.App.Ref
                           IsWindowsOnly = true
                           LatestRuntimeFrameworkVersion = 9.0.0
                           RuntimePackRuntimeIdentifiers = win-x64;win-x86;win-arm64
                           RuntimePackNamePatterns = Microsoft.WindowsDesktop.App.Runtime.**RID**
                           TargetingPackVersion = 9.0.0
                           Profile = WPF
                           RuntimeFrameworkName = Microsoft.WindowsDesktop.App
                       Microsoft.WindowsDesktop.App.WPF
                           TargetFramework = netcoreapp3.1
                           DefaultRuntimeFrameworkVersion = 3.1.0
                           TargetingPackName = Microsoft.WindowsDesktop.App.Ref
                           IsWindowsOnly = true
                           LatestRuntimeFrameworkVersion = 3.1.32
                           RuntimePackRuntimeIdentifiers = win-x64;win-x86
                           RuntimePackNamePatterns = Microsoft.WindowsDesktop.App.Runtime.**RID**
                           TargetingPackVersion = 3.1.0
                           Profile = WPF
                           RuntimeFrameworkName = Microsoft.WindowsDesktop.App
                       NETStandard.Library
                           TargetFramework = netstandard2.1
                           TargetingPackName = NETStandard.Library.Ref
                           TargetingPackVersion = 2.1.0
                   KnownILCompilerPack
                       Microsoft.DotNet.ILCompiler
                           ILCompilerPackNamePattern = runtime.**RID**.Microsoft.DotNet.ILCompiler
                           TargetFramework = net9.0
                           ILCompilerPackVersion = 9.0.0
                           ILCompilerRuntimeIdentifiers = linux-arm64;linux-musl-arm64;linux-musl-x64;linux-x64;win-arm64;win-x64;osx-x64;osx-arm64;freebsd-x64;freebsd-arm64;linux-arm;linux-musl-arm;win-x86
                       Microsoft.DotNet.ILCompiler
                           ILCompilerPackNamePattern = runtime.**RID**.Microsoft.DotNet.ILCompiler
                           TargetFramework = net8.0
                           ILCompilerPackVersion = 8.0.11
                           ILCompilerRuntimeIdentifiers = linux-arm64;linux-musl-arm64;linux-musl-x64;linux-x64;win-arm64;win-x64;osx-x64;osx-arm64;freebsd-x64;freebsd-arm64
                       Microsoft.DotNet.ILCompiler
                           ILCompilerPackNamePattern = runtime.**RID**.Microsoft.DotNet.ILCompiler
                           TargetFramework = net7.0
                           ILCompilerPackVersion = 7.0.20
                           ILCompilerRuntimeIdentifiers = linux-arm64;linux-musl-arm64;linux-musl-x64;linux-x64;win-arm64;win-x64
                   KnownILLinkPack
                       Microsoft.NET.ILLink.Tasks
                           TargetFramework = net9.0
                           ILLinkPackVersion = 9.0.0
                       Microsoft.NET.ILLink.Tasks
                           TargetFramework = net8.0
                           ILLinkPackVersion = 8.0.11
                       Microsoft.NET.ILLink.Tasks
                           TargetFramework = net7.0
                           ILLinkPackVersion = 7.0.100-1.23211.1
                       Microsoft.NET.ILLink.Tasks
                           TargetFramework = net6.0
                           ILLinkPackVersion = 7.0.100-1.23211.1
                       Microsoft.NET.ILLink.Tasks
                           TargetFramework = net5.0
                           ILLinkPackVersion = 7.0.100-1.23211.1
                       Microsoft.NET.ILLink.Tasks
                           TargetFramework = netcoreapp3.1
                           ILLinkPackVersion = 7.0.100-1.23211.1
                       Microsoft.NET.ILLink.Tasks
                           TargetFramework = netcoreapp3.0
                           ILLinkPackVersion = 7.0.100-1.23211.1
                   KnownRuntimePack
                       Microsoft.NETCore.App
                           TargetFramework = net9.0
                           LatestRuntimeFrameworkVersion = 9.0.0
                           RuntimePackRuntimeIdentifiers = ios-arm64;iossimulator-arm64;iossimulator-x64;tvos-arm64;tvossimulator-arm64;tvossimulator-x64;maccatalyst-arm64;maccatalyst-x64;linux-bionic-arm64;linux-bionic-x64;osx-arm64;osx-x64;freebsd-arm64;freebsd-x64;linux-x64;linux-arm;linux-arm64;linux-bionic-arm;linux-musl-x64;linux-musl-arm;linux-musl-arm64;win-x64;win-x86;win-arm64;browser-wasm;wasi-wasm
                           RuntimePackNamePatterns = Microsoft.NETCore.App.Runtime.NativeAOT.**RID**
                           RuntimePackLabels = NativeAOT
                           RuntimeFrameworkName = Microsoft.NETCore.App
                       Microsoft.NETCore.App
                           TargetFramework = net9.0
                           LatestRuntimeFrameworkVersion = 9.0.0
                           RuntimePackRuntimeIdentifiers = linux-arm;linux-arm64;linux-musl-arm64;linux-musl-x64;linux-x64;osx-x64;rhel.6-x64;win-arm64;win-x64;win-x86;linux-musl-arm;osx-arm64;linux-s390x;linux-loongarch64;browser-wasm;ios-arm64;ios-arm;iossimulator-arm64;iossimulator-x64;iossimulator-x86;tvos-arm64;tvossimulator-arm64;tvossimulator-x64;maccatalyst-x64;maccatalyst-arm64;android-arm64;android-arm;android-x64;android-x86;freebsd-x64;freebsd-arm64;linux-riscv64;linux-musl-riscv64;linux-loongarch64;linux-musl-loongarch64
                           RuntimePackNamePatterns = Microsoft.NETCore.App.Runtime.Mono.**RID**
                           RuntimePackLabels = Mono
                           RuntimeFrameworkName = Microsoft.NETCore.App
                       Microsoft.NETCore.App
                           TargetFramework = net8.0
                           LatestRuntimeFrameworkVersion = 8.0.11
                           RuntimePackRuntimeIdentifiers = ios-arm64;iossimulator-arm64;iossimulator-x64;tvos-arm64;tvossimulator-arm64;tvossimulator-x64;maccatalyst-arm64;maccatalyst-x64;linux-bionic-arm64;linux-bionic-x64;osx-arm64;osx-x64;freebsd-arm64;freebsd-x64
                           RuntimePackNamePatterns = Microsoft.NETCore.App.Runtime.NativeAOT.**RID**
                           RuntimePackLabels = NativeAOT
                           RuntimeFrameworkName = Microsoft.NETCore.App
                       Microsoft.NETCore.App
                           TargetFramework = net8.0
                           LatestRuntimeFrameworkVersion = 8.0.11
                           RuntimePackRuntimeIdentifiers = linux-arm;linux-arm64;linux-musl-arm64;linux-musl-x64;linux-x64;osx-x64;rhel.6-x64;win-arm64;win-x64;win-x86;linux-musl-arm;osx-arm64;linux-s390x;linux-loongarch64;browser-wasm;ios-arm64;ios-arm;iossimulator-arm64;iossimulator-x64;iossimulator-x86;tvos-arm64;tvossimulator-arm64;tvossimulator-x64;maccatalyst-x64;maccatalyst-arm64;android-arm64;android-arm;android-x64;android-x86;freebsd-x64;freebsd-arm64
                           RuntimePackNamePatterns = Microsoft.NETCore.App.Runtime.Mono.**RID**
                           RuntimePackLabels = Mono
                           RuntimeFrameworkName = Microsoft.NETCore.App
                       Microsoft.NETCore.App
                           TargetFramework = net7.0
                           LatestRuntimeFrameworkVersion = 7.0.20
                           RuntimePackRuntimeIdentifiers = linux-arm;linux-arm64;linux-musl-arm64;linux-musl-x64;linux-x64;osx-x64;rhel.6-x64;win-arm;win-arm64;win-x64;win-x86;linux-musl-arm;osx-arm64;linux-s390x;linux-loongarch64;browser-wasm;ios-arm64;ios-arm;iossimulator-arm64;iossimulator-x64;iossimulator-x86;tvos-arm64;tvossimulator-arm64;tvossimulator-x64;maccatalyst-x64;maccatalyst-arm64;android-arm64;android-arm;android-x64;android-x86
                           RuntimePackNamePatterns = Microsoft.NETCore.App.Runtime.Mono.**RID**
                           RuntimePackLabels = Mono
                           RuntimeFrameworkName = Microsoft.NETCore.App
                       Microsoft.NETCore.App
                           TargetFramework = net6.0
                           LatestRuntimeFrameworkVersion = 6.0.36
                           RuntimePackRuntimeIdentifiers = linux-arm;linux-arm64;linux-musl-arm64;linux-musl-x64;linux-x64;osx-x64;rhel.6-x64;win-arm;win-arm64;win-x64;win-x86;linux-musl-arm;osx-arm64;linux-s390x;linux-loongarch64;browser-wasm;ios-arm64;ios-arm;iossimulator-arm64;iossimulator-x64;iossimulator-x86;tvos-arm64;tvossimulator-arm64;tvossimulator-x64;maccatalyst-x64;maccatalyst-arm64;android-arm64;android-arm;android-x64;android-x86
                           RuntimePackNamePatterns = Microsoft.NETCore.App.Runtime.Mono.**RID**
                           RuntimePackLabels = Mono
                           RuntimeFrameworkName = Microsoft.NETCore.App
                   KnownWebAssemblySdkPack
                       Microsoft.NET.Sdk.WebAssembly.Pack
                           TargetFramework = net9.0
                           WebAssemblySdkPackVersion = 9.0.0
                       Microsoft.NET.Sdk.WebAssembly.Pack
                           TargetFramework = net8.0
                           WebAssemblySdkPackVersion = 9.0.0
                       Microsoft.NET.Sdk.WebAssembly.Pack
                           TargetFramework = net7.0
                           WebAssemblySdkPackVersion = 9.0.0
                       Microsoft.NET.Sdk.WebAssembly.Pack
                           TargetFramework = net6.0
                           WebAssemblySdkPackVersion = 9.0.0
                   PackageConflictOverrides
                       NETStandard.Library
                           OverriddenPackages = 
                           Microsoft.Win32.Primitives|4.3.0;
                           System.AppContext|4.3.0;
                           System.Collections|4.3.0;
                           System.Collections.Concurrent|4.3.0;
                           System.Collections.Immutable|1.4.0;
                           System.Collections.NonGeneric|4.3.0;
                           System.Collections.Specialized|4.3.0;
                           System.ComponentModel|4.3.0;
                           System.ComponentModel.EventBasedAsync|4.3.0;
                           System.ComponentModel.Primitives|4.3.0;
                           System.ComponentModel.TypeConverter|4.3.0;
                           System.Console|4.3.0;
                           System.Data.Common|4.3.0;
                           System.Diagnostics.Contracts|4.3.0;
                           System.Diagnostics.Debug|4.3.0;
                           System.Diagnostics.FileVersionInfo|4.3.0;
                           System.Diagnostics.Process|4.3.0;
                           System.Diagnostics.StackTrace|4.3.0;
                           System.Diagnostics.TextWriterTraceListener|4.3.0;
                           System.Diagnostics.Tools|4.3.0;
                           System.Diagnostics.TraceSource|4.3.0;
                           System.Diagnostics.Tracing|4.3.0;
                           System.Dynamic.Runtime|4.3.0;
                           System.Globalization|4.3.0;
                           System.Globalization.Calendars|4.3.0;
                           System.Globalization.Extensions|4.3.0;
                           System.IO|4.3.0;
                           System.IO.Compression|4.3.0;
                           System.IO.Compression.ZipFile|4.3.0;
                           System.IO.FileSystem|4.3.0;
                           System.IO.FileSystem.DriveInfo|4.3.0;
                           System.IO.FileSystem.Primitives|4.3.0;
                           System.IO.FileSystem.Watcher|4.3.0;
                           System.IO.IsolatedStorage|4.3.0;
                           System.IO.MemoryMappedFiles|4.3.0;
                           System.IO.Pipes|4.3.0;
                           System.IO.UnmanagedMemoryStream|4.3.0;
                           System.Linq|4.3.0;
                           System.Linq.Expressions|4.3.0;
                           System.Linq.Queryable|4.3.0;
                           System.Net.Http|4.3.0;
                           System.Net.NameResolution|4.3.0;
                           System.Net.Primitives|4.3.0;
                           System.Net.Requests|4.3.0;
                           System.Net.Security|4.3.0;
                           System.Net.Sockets|4.3.0;
                           System.Net.WebHeaderCollection|4.3.0;
                           System.ObjectModel|4.3.0;
                           System.Private.DataContractSerialization|4.3.0;
                           System.Reflection|4.3.0;
                           System.Reflection.Emit|4.3.0;
                           System.Reflection.Emit.ILGeneration|4.3.0;
                           System.Reflection.Emit.Lightweight|4.3.0;
                           System.Reflection.Extensions|4.3.0;
                           System.Reflection.Primitives|4.3.0;
                           System.Reflection.TypeExtensions|4.3.0;
                           System.Resources.ResourceManager|4.3.0;
                           System.Runtime|4.3.0;
                           System.Runtime.Extensions|4.3.0;
                           System.Runtime.Handles|4.3.0;
                           System.Runtime.InteropServices|4.3.0;
                           System.Runtime.InteropServices.RuntimeInformation|4.3.0;
                           System.Runtime.Loader|4.3.0;
                           System.Runtime.Numerics|4.3.0;
                           System.Runtime.Serialization.Formatters|4.3.0;
                           System.Runtime.Serialization.Json|4.3.0;
                           System.Runtime.Serialization.Primitives|4.3.0;
                           System.Security.AccessControl|4.4.0;
                           System.Security.Claims|4.3.0;
                           System.Security.Cryptography.Algorithms|4.3.0;
                           System.Security.Cryptography.Csp|4.3.0;
                           System.Security.Cryptography.Encoding|4.3.0;
                           System.Security.Cryptography.Primitives|4.3.0;
                           System.Security.Cryptography.X509Certificates|4.3.0;
                           System.Security.Cryptography.Xml|4.4.0;
                           System.Security.Principal|4.3.0;
                           System.Security.Principal.Windows|4.4.0;
                           System.Text.Encoding|4.3.0;
                           System.Text.Encoding.Extensions|4.3.0;
                           System.Text.RegularExpressions|4.3.0;
                           System.Threading|4.3.0;
                           System.Threading.Overlapped|4.3.0;
                           System.Threading.Tasks|4.3.0;
                           System.Threading.Tasks.Extensions|4.3.0;
                           System.Threading.Tasks.Parallel|4.3.0;
                           System.Threading.Thread|4.3.0;
                           System.Threading.ThreadPool|4.3.0;
                           System.Threading.Timer|4.3.0;
                           System.ValueTuple|4.3.0;
                           System.Xml.ReaderWriter|4.3.0;
                           System.Xml.XDocument|4.3.0;
                           System.Xml.XmlDocument|4.3.0;
                           System.Xml.XmlSerializer|4.3.0;
                           System.Xml.XPath|4.3.0;
                           System.Xml.XPath.XDocument|4.3.0;
                         
                   PackageReference
                       Microsoft.AspNetCore.Mvc.Testing
                           Version = 8.0.8
                       Microsoft.EntityFrameworkCore.InMemory
                           Version = 8.0.8
                       Microsoft.NET.Test.Sdk
                           Version = 17.12.0
                       Moq
                           Version = 4.20.72
                       MSTest.TestAdapter
                           Version = 3.6.4
                       MSTest.TestFramework
                           Version = 3.6.4
                   PotentialEditorConfigFiles
                       C:\.editorconfig
                       C:\Users\.editorconfig
                       C:\Users\austi\.editorconfig
                       C:\Users\austi\OneDrive\.editorconfig
                       C:\Users\austi\OneDrive\Documents\.editorconfig
                       C:\Users\austi\OneDrive\Documents\CSCD Spring25\.editorconfig
                       C:\Users\austi\OneDrive\Documents\CSCD Spring25\Hackathon-2025\.editorconfig
                       C:\Users\austi\OneDrive\Documents\CSCD Spring25\Hackathon-2025\Hackathon-2025.Tests\.editorconfig
                       C:\Users\austi\OneDrive\Documents\CSCD Spring25\Hackathon-2025\Hackathon-2025.Tests\Controllers\.editorconfig
                       C:\Users\austi\OneDrive\Documents\CSCD Spring25\Hackathon-2025\Hackathon-2025.Tests\Models\.editorconfig
                       C:\Users\austi\OneDrive\Documents\CSCD Spring25\Hackathon-2025\Hackathon-2025.Tests\Utils\.editorconfig
                   PreprocessorValue
                       assemblyname
                           Value = Hackathon-2025.Tests
                       filename
                           Value = Hackathon-2025.Tests.csproj
                       fullpath
                           Value = C:\Users\austi\OneDrive\Documents\CSCD Spring25\Hackathon-2025\Hackathon-2025.Tests
                       outputfilename
                           Value = Hackathon-2025.Tests.dll
                       rootnamespace
                           Value = Hackathon_2025.Tests
                   ProjectCapability
                       AllTargetOutputGroups
                       AssemblyReferences
                       COMReferences
                       CSharp
                       DeclaredSourceItems
                       GenerateDocumentationFile
                       LanguageService
                       Managed
                       NativeAOT
                       NetSdkOCIImageBuild
                       OutputGroups
                       Pack
                       ProjectReferences
                       ReferencesFolder
                       RelativePathDerivedDefaultNamespace
                       SharedProjectReferences
                       SingleFileGenerators
                       SupportsComputeRunCommand
                       SupportsHotReload
                       UserSourceItems
                       VisualStudioWellKnownOutputGroups
                   ProjectReference
                       ..\Hackathon-2025\Hackathon-2025.csproj
                           ReferenceSourceTarget = ProjectReference
                           OutputItemType = 
                           Targets = 
                   PropertyPageSchema
                       C:\Program Files\dotnet\sdk\9.0.100\\assemblyreference.xaml
                           Context = ;BrowseObject
                       C:\Program Files\dotnet\sdk\9.0.100\\COMReference.xaml
                           Context = ;BrowseObject
                       C:\Program Files\dotnet\sdk\9.0.100\\Content.xaml
                           Context = File;BrowseObject
                       C:\Program Files\dotnet\sdk\9.0.100\\CSharp.BrowseObject.xaml
                           Context = BrowseObject
                       C:\Program Files\dotnet\sdk\9.0.100\\CSharp.ProjectItemsSchema.xaml
                       C:\Program Files\dotnet\sdk\9.0.100\\CSharp.xaml
                           Context = File
                       C:\Program Files\dotnet\sdk\9.0.100\\Debugger_General.xaml
                           Context = Project
                       C:\Program Files\dotnet\sdk\9.0.100\\EmbeddedResource.xaml
                           Context = File;BrowseObject
                       C:\Program Files\dotnet\sdk\9.0.100\\Folder.xaml
                           Context = File;BrowseObject
                       C:\Program Files\dotnet\sdk\9.0.100\\General_File.xaml
                           Context = File
                       C:\Program Files\dotnet\sdk\9.0.100\\General.BrowseObject.xaml
                           Context = BrowseObject
                       C:\Program Files\dotnet\sdk\9.0.100\\General.xaml
                           Context = Project
                       C:\Program Files\dotnet\sdk\9.0.100\\None.xaml
                           Context = File;BrowseObject
                       C:\Program Files\dotnet\sdk\9.0.100\\ProjectItemsSchema.xaml
                       C:\Program Files\dotnet\sdk\9.0.100\\ProjectReference.xaml
                           Context = ;BrowseObject
                       C:\Program Files\dotnet\sdk\9.0.100\\ResolvedAssemblyReference.xaml
                           Context = ProjectSubscriptionService;BrowseObject
                       C:\Program Files\dotnet\sdk\9.0.100\\ResolvedCOMReference.xaml
                           Context = ProjectSubscriptionService;BrowseObject
                       C:\Program Files\dotnet\sdk\9.0.100\\ResolvedProjectReference.xaml
                           Context = ProjectSubscriptionService;BrowseObject
                       C:\Program Files\dotnet\sdk\9.0.100\\SCC.xaml
                           Context = Invisible
                       C:\Program Files\dotnet\sdk\9.0.100\\SpecialFolder.xaml
                           Context = File;ProjectSubscriptionService
                   RegFreeComManifest
                       obj\Debug\net8.0\Hackathon-2025.Tests.X.manifest
                   RuntimeHostConfigurationOption
                       System.Runtime.Serialization.EnableUnsafeBinaryFormatterSerialization
                           Value = false
                           Trim = true
                   SdkSupportedTargetPlatformIdentifier
                       android
                           DisplayName = Android
                       ios
                           DisplayName = iOS
                       maccatalyst
                           DisplayName = MacCatalyst
                       macos
                           DisplayName = macOS
                       tvos
                           DisplayName = tvOS
                       windows
                           DisplayName = Windows
                   SourceLinkAzureReposGitHost
                       dev.azure.com
                       visualstudio.com
                       vsts.me
                   SourceLinkBitbucketGitHost
                       bitbucket.org
                           EnterpriseEdition = false
                   SourceLinkGitHubHost
                       github.com
                           ContentUrl = https://raw.githubusercontent.com
                   SourceLinkGitLabHost
                       gitlab.com
                   SupportedNETCoreAppTargetFramework
                       .NETCoreApp,Version=v1.0
                           DisplayName = .NET Core 1.0
                           Alias = netcoreapp1.0
                       .NETCoreApp,Version=v1.1
                           DisplayName = .NET Core 1.1
                           Alias = netcoreapp1.1
                       .NETCoreApp,Version=v2.0
                           DisplayName = .NET Core 2.0
                           Alias = netcoreapp2.0
                       .NETCoreApp,Version=v2.1
                           DisplayName = .NET Core 2.1
                           Alias = netcoreapp2.1
                       .NETCoreApp,Version=v2.2
                           DisplayName = .NET Core 2.2
                           Alias = netcoreapp2.2
                       .NETCoreApp,Version=v3.0
                           DisplayName = .NET Core 3.0
                           Alias = netcoreapp3.0
                       .NETCoreApp,Version=v3.1
                           DisplayName = .NET Core 3.1
                           Alias = netcoreapp3.1
                       .NETCoreApp,Version=v5.0
                           DisplayName = .NET 5.0
                           Alias = net5.0
                       .NETCoreApp,Version=v6.0
                           DisplayName = .NET 6.0
                           Alias = net6.0
                       .NETCoreApp,Version=v7.0
                           DisplayName = .NET 7.0
                           Alias = net7.0
                       .NETCoreApp,Version=v8.0
                           DisplayName = .NET 8.0
                           Alias = net8.0
                       .NETCoreApp,Version=v9.0
                           DisplayName = .NET 9.0
                           Alias = net9.0
                   SupportedNETFrameworkTargetFramework
                       .NETFramework,Version=v2.0
                           DisplayName = .NET Framework 2.0
                           Alias = net20
                       .NETFramework,Version=v3.0
                           DisplayName = .NET Framework 3.0
                           Alias = net30
                       .NETFramework,Version=v3.5
                           DisplayName = .NET Framework 3.5
                           Alias = net35
                       .NETFramework,Version=v4.0
                           DisplayName = .NET Framework 4.0
                           Alias = net40
                       .NETFramework,Version=v4.5
                           DisplayName = .NET Framework 4.5
                           Alias = net45
                       .NETFramework,Version=v4.5.1
                           DisplayName = .NET Framework 4.5.1
                           Alias = net451
                       .NETFramework,Version=v4.5.2
                           DisplayName = .NET Framework 4.5.2
                           Alias = net452
                       .NETFramework,Version=v4.6
                           DisplayName = .NET Framework 4.6
                           Alias = net46
                       .NETFramework,Version=v4.6.1
                           DisplayName = .NET Framework 4.6.1
                           Alias = net461
                       .NETFramework,Version=v4.6.2
                           DisplayName = .NET Framework 4.6.2
                           Alias = net462
                       .NETFramework,Version=v4.7
                           DisplayName = .NET Framework 4.7
                           Alias = net47
                       .NETFramework,Version=v4.7.1
                           DisplayName = .NET Framework 4.7.1
                           Alias = net471
                       .NETFramework,Version=v4.7.2
                           DisplayName = .NET Framework 4.7.2
                           Alias = net472
                       .NETFramework,Version=v4.8
                           DisplayName = .NET Framework 4.8
                           Alias = net48
                       .NETFramework,Version=v4.8.1
                           DisplayName = .NET Framework 4.8.1
                           Alias = net481
                   SupportedNETStandardTargetFramework
                       .NETStandard,Version=v1.0
                           DisplayName = .NET Standard 1.0
                           Alias = netstandard1.0
                       .NETStandard,Version=v1.1
                           DisplayName = .NET Standard 1.1
                           Alias = netstandard1.1
                       .NETStandard,Version=v1.2
                           DisplayName = .NET Standard 1.2
                           Alias = netstandard1.2
                       .NETStandard,Version=v1.3
                           DisplayName = .NET Standard 1.3
                           Alias = netstandard1.3
                       .NETStandard,Version=v1.4
                           DisplayName = .NET Standard 1.4
                           Alias = netstandard1.4
                       .NETStandard,Version=v1.5
                           DisplayName = .NET Standard 1.5
                           Alias = netstandard1.5
                       .NETStandard,Version=v1.6
                           DisplayName = .NET Standard 1.6
                           Alias = netstandard1.6
                       .NETStandard,Version=v2.0
                           DisplayName = .NET Standard 2.0
                           Alias = netstandard2.0
                       .NETStandard,Version=v2.1
                           DisplayName = .NET Standard 2.1
                           Alias = netstandard2.1
                   SupportedPlatform
                       Linux
                       macOS
                       Windows
                   SupportedTargetFramework
                       .NETCoreApp,Version=v1.0
                           DisplayName = .NET Core 1.0
                           Alias = netcoreapp1.0
                       .NETCoreApp,Version=v1.1
                           DisplayName = .NET Core 1.1
                           Alias = netcoreapp1.1
                       .NETCoreApp,Version=v2.0
                           DisplayName = .NET Core 2.0
                           Alias = netcoreapp2.0
                       .NETCoreApp,Version=v2.1
                           DisplayName = .NET Core 2.1
                           Alias = netcoreapp2.1
                       .NETCoreApp,Version=v2.2
                           DisplayName = .NET Core 2.2
                           Alias = netcoreapp2.2
                       .NETCoreApp,Version=v3.0
                           DisplayName = .NET Core 3.0
                           Alias = netcoreapp3.0
                       .NETCoreApp,Version=v3.1
                           DisplayName = .NET Core 3.1
                           Alias = netcoreapp3.1
                       .NETCoreApp,Version=v5.0
                           DisplayName = .NET 5.0
                           Alias = net5.0
                       .NETCoreApp,Version=v6.0
                           DisplayName = .NET 6.0
                           Alias = net6.0
                       .NETCoreApp,Version=v7.0
                           DisplayName = .NET 7.0
                           Alias = net7.0
                       .NETCoreApp,Version=v8.0
                           DisplayName = .NET 8.0
                           Alias = net8.0
                       .NETCoreApp,Version=v9.0
                           DisplayName = .NET 9.0
                           Alias = net9.0
                       .NETFramework,Version=v2.0
                           DisplayName = .NET Framework 2.0
                           Alias = net20
                       .NETFramework,Version=v3.0
                           DisplayName = .NET Framework 3.0
                           Alias = net30
                       .NETFramework,Version=v3.5
                           DisplayName = .NET Framework 3.5
                           Alias = net35
                       .NETFramework,Version=v4.0
                           DisplayName = .NET Framework 4.0
                           Alias = net40
                       .NETFramework,Version=v4.5
                           DisplayName = .NET Framework 4.5
                           Alias = net45
                       .NETFramework,Version=v4.5.1
                           DisplayName = .NET Framework 4.5.1
                           Alias = net451
                       .NETFramework,Version=v4.5.2
                           DisplayName = .NET Framework 4.5.2
                           Alias = net452
                       .NETFramework,Version=v4.6
                           DisplayName = .NET Framework 4.6
                           Alias = net46
                       .NETFramework,Version=v4.6.1
                           DisplayName = .NET Framework 4.6.1
                           Alias = net461
                       .NETFramework,Version=v4.6.2
                           DisplayName = .NET Framework 4.6.2
                           Alias = net462
                       .NETFramework,Version=v4.7
                           DisplayName = .NET Framework 4.7
                           Alias = net47
                       .NETFramework,Version=v4.7.1
                           DisplayName = .NET Framework 4.7.1
                           Alias = net471
                       .NETFramework,Version=v4.7.2
                           DisplayName = .NET Framework 4.7.2
                           Alias = net472
                       .NETFramework,Version=v4.8
                           DisplayName = .NET Framework 4.8
                           Alias = net48
                       .NETFramework,Version=v4.8.1
                           DisplayName = .NET Framework 4.8.1
                           Alias = net481
                       .NETStandard,Version=v1.0
                           DisplayName = .NET Standard 1.0
                           Alias = netstandard1.0
                       .NETStandard,Version=v1.1
                           DisplayName = .NET Standard 1.1
                           Alias = netstandard1.1
                       .NETStandard,Version=v1.2
                           DisplayName = .NET Standard 1.2
                           Alias = netstandard1.2
                       .NETStandard,Version=v1.3
                           DisplayName = .NET Standard 1.3
                           Alias = netstandard1.3
                       .NETStandard,Version=v1.4
                           DisplayName = .NET Standard 1.4
                           Alias = netstandard1.4
                       .NETStandard,Version=v1.5
                           DisplayName = .NET Standard 1.5
                           Alias = netstandard1.5
                       .NETStandard,Version=v1.6
                           DisplayName = .NET Standard 1.6
                           Alias = netstandard1.6
                       .NETStandard,Version=v2.0
                           DisplayName = .NET Standard 2.0
                           Alias = netstandard2.0
                       .NETStandard,Version=v2.1
                           DisplayName = .NET Standard 2.1
                           Alias = netstandard2.1
                   Using
                       Microsoft.VisualStudio.TestTools.UnitTesting
                       System
                       System.Collections.Generic
                       System.IO
                       System.Linq
                       System.Net.Http
                       System.Threading
                       System.Threading.Tasks
                   WindowsSdkSupportedTargetPlatformVersion
                       10.0.17763.0
                           WindowsSdkPackageVersion = 10.0.17763.52
                           MinimumNETVersion = 6.0
                       10.0.17763.0
                           WindowsSdkPackageVersion = 10.0.17763.54
                           MinimumNETVersion = 8.0
                       10.0.17763.0
                           WindowsSdkPackageVersion = 10.0.17763.26
                           MinimumNETVersion = 5.0
                       10.0.18362.0
                           WindowsSdkPackageVersion = 10.0.18362.52
                           MinimumNETVersion = 6.0
                       10.0.18362.0
                           WindowsSdkPackageVersion = 10.0.18362.54
                           MinimumNETVersion = 8.0
                       10.0.18362.0
                           WindowsSdkPackageVersion = 10.0.18362.26
                           MinimumNETVersion = 5.0
                       10.0.19041.0
                           WindowsSdkPackageVersion = 10.0.19041.26
                           MinimumNETVersion = 5.0
                       10.0.19041.0
                           WindowsSdkPackageVersion = 10.0.19041.52
                           MinimumNETVersion = 6.0
                       10.0.19041.0
                           WindowsSdkPackageVersion = 10.0.19041.54
                           MinimumNETVersion = 8.0
                       10.0.20348.0
                           WindowsSdkPackageVersion = 10.0.20348.52
                           MinimumNETVersion = 6.0
                       10.0.20348.0
                           WindowsSdkPackageVersion = 10.0.20348.26
                           MinimumNETVersion = 5.0
                       10.0.20348.0
                           WindowsSdkPackageVersion = 10.0.20348.54
                           MinimumNETVersion = 8.0
                       10.0.22000.0
                           WindowsSdkPackageVersion = 10.0.22000.54
                           MinimumNETVersion = 8.0
                       10.0.22000.0
                           WindowsSdkPackageVersion = 10.0.22000.26
                           MinimumNETVersion = 5.0
                       10.0.22000.0
                           WindowsSdkPackageVersion = 10.0.22000.52
                           MinimumNETVersion = 6.0
                       10.0.22621.0
                           WindowsSdkPackageVersion = 10.0.22621.54
                           MinimumNETVersion = 8.0
                       10.0.22621.0
                           WindowsSdkPackageVersion = 10.0.22621.52
                           MinimumNETVersion = 6.0
                       10.0.26100.0
                           WindowsSdkPackageVersion = 10.0.26100.54
                           MinimumNETVersion = 8.0
                       10.0.26100.0
                           WindowsSdkPackageVersion = 10.0.26100.52
                           MinimumNETVersion = 6.0
                       7.0
                       8.0

17:20:49.860     1>Project "C:\Users\austi\OneDrive\Documents\CSCD Spring25\Hackathon-2025\StarlitStories.sln" (1) is building "C:\Users\austi\OneDrive\Documents\CSCD Spring25\Hackathon-2025\Hackathon-2025.Tests\Hackathon-2025.Tests.csproj" (2) on node 1 (_IsProjectRestoreSupported target(s)).
17:20:50.240     2>Initial Properties:
                   __DisableWorkloadResolverSentinelPath = C:\Program Files\dotnet\sdk\9.0.100\DisableWorkloadResolver.sentinel
                   __WindowsAppSdkDefaultImageIncludes = **/*.png;**/*.bmp;**/*.jpg;**/*.dds;**/*.tif;**/*.tga;**/*.gif
                   _AfterSdkPublishDependsOn = Publish
                   _ApiCompatValidatePackageSemaphoreFile = obj\Debug\net8.0\Microsoft.NET.ApiCompat.ValidatePackage.semaphore
                   _BeforePublishNoBuildTargets = 
                         BuildOnlySettings;
                         _PreventProjectReferencesFromBuilding;
                         ResolveReferences;
                         PrepareResourceNames;
                         ComputeIntermediateSatelliteAssemblies;
                         ComputeEmbeddedApphostPaths;
                       
                   _BinaryFormatterObsoleteAsError = true
                   _ContainerIsSelfContained = false
                   _ContainerIsTargetingNet8TFM = true
                   _ContainersTargetsDir = C:\Program Files\dotnet\sdk\9.0.100\Sdks\Microsoft.NET.Sdk\Sdk\..\..\..\Containers\build\
                   _CorePublishTargets = 
                         PrepareForPublish;
                         ComputeAndCopyFilesToPublishDirectory;
                         ;
                         PublishItemsOutputGroup;
                       
                   _DebugSymbolsProduced = true
                   _DefaultArtifactsPathPropsImported = true
                   _DefaultUserProfileRuntimeStorePath = C:\Users\austi\.dotnet\store
                   _DeploymentApplicationManifestIdentity = Native.Hackathon-2025.Tests
                   _DeploymentBuiltUpdateInterval = 0
                   _DeploymentBuiltUpdateIntervalUnits = Days
                   _DeploymentDeployManifestIdentity = Hackathon-2025.Tests.application
                   _DeploymentFileMappingExtension = 
                   _DeploymentLauncherBased = true
                   _DeploymentTargetApplicationManifestFileName = Native.Hackathon-2025.Tests.manifest
                   _DeploymentUrl = 
                   _DesignerDepsFileName = Hackathon-2025.Tests.designer.deps.json
                   _DesignerDepsFilePath = obj\Debug\net8.0\Hackathon-2025.Tests.designer.deps.json
                   _DesignerRuntimeConfigFileName = Hackathon-2025.Tests.designer.runtimeconfig.json
                   _DesignerRuntimeConfigFilePath = obj\Debug\net8.0\Hackathon-2025.Tests.designer.runtimeconfig.json
                   _DirectoryBuildPropsBasePath = 
                   _DirectoryBuildPropsFile = Directory.Build.props
                   _DirectoryBuildTargetsBasePath = 
                   _DirectoryBuildTargetsFile = Directory.Build.targets
                   _DirectoryPackagesPropsBasePath = 
                   _DirectoryPackagesPropsFile = Directory.Packages.props
                   _DocumentationFileProduced = false
                   _DotNetAppHostExecutableName = apphost
                   _DotNetAppHostExecutableNameWithoutExtension = apphost
                   _DotNetComHostLibraryName = comhost
                   _DotNetComHostLibraryNameWithoutExtension = comhost
                   _DotNetHostExecutableName = dotnet
                   _DotNetHostFxrLibraryName = libhostfxr.so
                   _DotNetHostPolicyLibraryName = libhostpolicy.so
                   _DotNetIjwHostLibraryName = Ijwhost
                   _DotNetIjwHostLibraryNameWithoutExtension = Ijwhost
                   _DotNetSingleFileHostExecutableNameWithoutExtension = singlefilehost
                   _EnableDefaultWindowsPlatform = false
                   _FirstTargetFrameworkToSupportAot = net7.0
                   _FirstTargetFrameworkToSupportSingleFile = net6.0
                   _FirstTargetFrameworkToSupportTrimming = net6.0
                   _FirstTargetFrameworkVersionToSupportAotAnalyzer = 7.0
                   _FirstTargetFrameworkVersionToSupportSingleFileAnalyzer = 6.0
                   _FirstTargetFrameworkVersionToSupportTrimAnalyzer = 6.0
                   _FrameworkIdentifierForImplicitDefine = NET
                   _FrameworkVersionForImplicitDefine = 8_0
                   _GenerateBindingRedirectsIntermediateAppConfig = obj\Debug\net8.0\Hackathon-2025.Tests.dll.config
                   _GeneratePublishDependencyFilePropertyInputsCache = C:\Users\austi\OneDrive\Documents\CSCD Spring25\Hackathon-2025\Hackathon-2025.Tests\obj\Debug\net8.0\Hackathon-2025.Tests.genpublishdeps.cache
                   _GenerateRestoreGraphProjectEntryInputProperties = 
                         ExcludeRestorePackageImports=true;
                         _RestoreSolutionFileUsed=true;
                         SolutionDir=C:\Users\austi\OneDrive\Documents\CSCD Spring25\Hackathon-2025\;
                         SolutionName=StarlitStories;
                         SolutionFileName=StarlitStories.sln;
                         SolutionPath=C:\Users\austi\OneDrive\Documents\CSCD Spring25\Hackathon-2025\StarlitStories.sln;
                         SolutionExt=.sln;
                       
                   _GenerateRuntimeConfigurationPropertyInputsCache = C:\Users\austi\OneDrive\Documents\CSCD Spring25\Hackathon-2025\Hackathon-2025.Tests\obj\Debug\net8.0\Hackathon-2025.Tests.genruntimeconfig.cache
                   _GenerateSingleFileBundlePropertyInputsCache = C:\Users\austi\OneDrive\Documents\CSCD Spring25\Hackathon-2025\Hackathon-2025.Tests\obj\Debug\net8.0\Hackathon-2025.Tests.genbundle.cache
                   _GenerateSourceLinkFileBeforeTargets = CoreCompile
                   _GenerateSourceLinkFileDependsOnTargets = 
                   _GenerateSupportedRuntimeIntermediateAppConfig = obj\Debug\net8.0\Hackathon-2025.Tests.dll.withSupportedRuntime.config
                   _GenerateToolsSettingsFileCacheFile = C:\Users\austi\OneDrive\Documents\CSCD Spring25\Hackathon-2025\Hackathon-2025.Tests\obj\Debug\net8.0\Hackathon-2025.Tests.toolssettingsinput.cache
                   _GetChildProjectCopyToOutputDirectoryItems = true
                   _GetChildProjectCopyToPublishDirectoryItems = true
                   _InitialBaseIntermediateOutputPath = obj\
                   _IsDisjointMSBuildVersion = False
                   _IsNETCoreOrNETStandard = true
                   _IsNotSetContainersTargetsDir = true
                   _IsSDKContainerAllowedVersion = true
                   _LatestAnalysisLevel = 9.0
                   _MaxSupportedLangVersion = 12.0
                   _MicrosoftSourceLinkCommonAssemblyFile = C:\Program Files\dotnet\sdk\9.0.100\Sdks\Microsoft.SourceLink.Common\build\..\tools\core\Microsoft.SourceLink.Common.dll
                   _MinimumNonEolSupportedNetCoreTargetFramework = net6.0
                   _MSBuildVersionMajorMinor = 17.12
                   _NativeLibraryExtension = .so
                   _NativeLibraryPrefix = lib
                   _NETAnalyzersSDKAssemblyVersion = 9.0.0
                   _NETCoreSdkIsPreview = false
                   _NetFrameworkHostedCompilersVersion = 4.12.0-3.24523.4
                   _NoneAnalysisLevel = 4.0
                   _NugetFallbackFolder = C:\Program Files\dotnet\sdk\9.0.100\Sdks\Microsoft.NET.Sdk\targets\..\..\..\..\NuGetFallbackFolder
                   _NugetTargetMonikerAndRID = .NETCoreApp,Version=v8.0
                   _OriginalConfiguration = Debug
                   _OriginalPlatform = AnyCPU
                   _PackToolPublishDependency = _PublishBuildAlternative
                   _PlatformWithoutConfigurationInference = AnyCPU
                   _PreviewAnalysisLevel = 10.0
                   _ProjectDefaultTargets = Build
                   _PublishNoBuildAlternativeDependsOn = 
                         BuildOnlySettings;
                         _PreventProjectReferencesFromBuilding;
                         ResolveReferences;
                         PrepareResourceNames;
                         ComputeIntermediateSatelliteAssemblies;
                         ComputeEmbeddedApphostPaths;
                       ;
                         PrepareForPublish;
                         ComputeAndCopyFilesToPublishDirectory;
                         ;
                         PublishItemsOutputGroup;
                       
                   _PublishProfileDesignerFolder = Properties
                   _PublishProfileRootFolder = C:\Users\austi\OneDrive\Documents\CSCD Spring25\Hackathon-2025\Hackathon-2025.Tests\Properties\PublishProfiles\
                   _RecursiveTargetForContentCopying = GetCopyToOutputDirectoryItems
                   _ResolveReferenceDependencies = false
                   _RestoreSolutionFileUsed = true
                   _RuntimePackInWorkloadVersion6 = 6.0.36
                   _RuntimePackInWorkloadVersion7 = 7.0.20
                   _RuntimePackInWorkloadVersion8 = 8.0.11
                   _RuntimePackInWorkloadVersionCurrent = 9.0.0
                   _SGenDllCreated = false
                   _SGenDllName = Hackathon-2025.Tests.XmlSerializers.dll
                   _SGenGenerateSerializationAssembliesConfig = Off
                   _ShimCreatedSentinelFile = C:\Users\austi\OneDrive\Documents\CSCD Spring25\Hackathon-2025\Hackathon-2025.Tests\obj\Debug\net8.0\Hackathon-2025.Tests.shimcreated.sentinel
                   _ShimInputCacheFile = C:\Users\austi\OneDrive\Documents\CSCD Spring25\Hackathon-2025\Hackathon-2025.Tests\obj\Debug\net8.0\Hackathon-2025.Tests.shiminput.cache
                   _SourceLinkAzureReposGitAssemblyFile = C:\Program Files\dotnet\sdk\9.0.100\Sdks\Microsoft.SourceLink.AzureRepos.Git\build\..\tools\core\Microsoft.SourceLink.AzureRepos.Git.dll
                   _SourceLinkBitbucketAssemblyFile = C:\Program Files\dotnet\sdk\9.0.100\Sdks\Microsoft.SourceLink.Bitbucket.Git\build\..\tools\core\Microsoft.SourceLink.Bitbucket.Git.dll
                   _SourceLinkGitHubAssemblyFile = C:\Program Files\dotnet\sdk\9.0.100\Sdks\Microsoft.SourceLink.GitHub\build\..\tools\core\Microsoft.SourceLink.GitHub.dll
                   _SourceLinkGitLabAssemblyFile = C:\Program Files\dotnet\sdk\9.0.100\Sdks\Microsoft.SourceLink.GitLab\build\..\tools\core\Microsoft.SourceLink.GitLab.dll
                   _SourceLinkPropsImported = true
                   _SourceLinkSdkSubDir = build
                   _SupportedArchitectures = amd64 arm64
                   _SupportedPlatformList = @(SupportedPlatform, ',')
                   _TargetFrameworkDirectories = 
                   _TargetFrameworkVersionValue = 0.0
                   _TargetFrameworkVersionWithoutV = 8.0
                   _TargetLatestRuntimePatchIsDefault = true
                   _TargetsThatPrepareProjectReferences = 
                         AssignProjectConfiguration;
                         _SplitProjectReferencesByFileExistence
                       
                   _ToolsSettingsFilePath = obj\DotnetToolSettings.xml
                   _UseAttributeForTargetFrameworkInfoPropertyNames = true
                   _UsingDefaultForHasRuntimeOutput = true
                   _UsingDefaultPlatformTarget = true
                   _WindowsDesktopSdkTargetFrameworkVersionFloor = 3.0
                   _WorkloadLibraryPacksFolder = C:\Program Files\dotnet\library-packs
                   AddAdditionalExplicitAssemblyReferences = false
                   AllowedOutputExtensionsInPackageBuildOutputFolder = .dll; .exe; .winmd; .json; .pri; .xml ;
                   AllowedOutputExtensionsInSymbolsPackageBuildOutputFolder = .pdb; .mdb; .dll; .exe; .winmd; .json; .pri; .xml ;; 
                   AllowedReferenceAssemblyFileExtensions = 
                         .winmd;
                         .dll;
                         .exe
                       
                   AllowedReferenceRelatedFileExtensions = 
                         .pdb;
                         .xml;
                         .pri;
                         .dll.config;
                         .exe.config
                       
                   AllowUnsafeBlocks = false
                   AlwaysIncludeCoreFrameworkInRuntimeConfig = true
                   AlwaysUseNumericalSuffixInItemNames = true
                   AnalysisLevel = 8.0
                   AppDesignerFolder = Properties
                   AppendPlatformToOutputPath = false
                   AppendRuntimeIdentifierToOutputPath = true
                   AppendTargetFrameworkToOutputPath = true
                   AssemblyFoldersConfigFile = C:\Program Files\dotnet\sdk\9.0.100\AssemblyFolders.config
                   AssemblyFoldersSuffix = AssemblyFoldersEx
                   AssemblyName = Hackathon-2025.Tests
                   AssemblySearchPaths = {CandidateAssemblyFiles};{HintPathFromItem};{TargetFrameworkDirectory};{RawFileName}
                   AssemblyTitle = Hackathon-2025.Tests
                   AssetTargetFallback = ;net461;net462;net47;net471;net472;net48;net481
                   AssignTargetPathsDependsOn = 
                   Authors = Hackathon-2025.Tests
                   AutomaticallyUseReferenceAssemblyPackages = true
                   AutoUnifyAssemblyReferences = true
                   AvailablePlatforms = Any CPU,x86,x64,ARM32,ARM64
                   BackwardsCompatFrameworkDefine = NETCOREAPP
                   BaseIntermediateOutputPath = obj\
                   BaseOutputPath = bin\
                   BaseOutputPathWasSpecified = true
                   BuildCompileAction = Build
                   BuildDependsOn = 
                         BeforeBuild;
                         CoreBuild;
                         AfterBuild
                       
                   BuildGenerateSourcesAction = Build
                   BuildingProject = false
                   BuildInParallel = true
                   BuildLinkAction = Build
                   BuildOutputTargetFolder = lib
                   BuildProjectReferences = true
                   BuiltProjectOutputGroupDependenciesDependsOn = 
                         ;
                         
                         ;
                         BuildOnlySettings;
                         PrepareForBuild;
                         AssignTargetPaths;
                         ResolveReferences
                       
                       
                   BuiltProjectOutputGroupDependsOn = PrepareForBuild
                   BundledMSBuildVersion = 17.12.7
                   BundledNETCoreAppPackageVersion = 9.0.0
                   BundledNETCoreAppTargetFrameworkVersion = 9.0
                   BundledNETCorePlatformsPackageVersion = 9.0.0-rtm.24528.9
                   BundledNETStandardPackageVersion = 2.1.0
                   BundledNETStandardTargetFrameworkVersion = 2.1
                   BundledRuntimeIdentifierGraphFile = C:\Program Files\dotnet\sdk\9.0.100\RuntimeIdentifierGraph.json
                   CheckEolWorkloads = true
                   CheckForOverflowUnderflow = false
                   CleanDependsOn = 
                         BeforeClean;
                         UnmanagedUnregistration;
                         CoreClean;
                         CleanReferencedProjects;
                         CleanPublishFolder;
                         AfterClean
                       
                   CleanFile = Hackathon-2025.Tests.csproj.FileListAbsolute.txt
                   ClickOncePublishDir = bin\Debug\net8.0\publish\
                   CodeAnalysisRuleIds = CA1000;CA1001;CA1002;CA1003;CA1005;CA1008;CA1010;CA1012;CA1014;CA1016;CA1017;CA1018;CA1019;CA1021;CA1024;CA1027;CA1028;CA1030;CA1031;CA1032;CA1033;CA1034;CA1036;CA1040;CA1041;CA1043;CA1044;CA1045;CA1046;CA1047;CA1050;CA1051;CA1052;CA1054;CA1055;CA1056;CA1058;CA1060;CA1061;CA1062;CA1063;CA1064;CA1065;CA1066;CA1067;CA1068;CA1069;CA1070;CA1200;CA1303;CA1304;CA1305;CA1307;CA1308;CA1309;CA1310;CA1311;CA1401;CA1416;CA1417;CA1418;CA1419;CA1420;CA1421;CA1422;CA1501;CA1502;CA1505;CA1506;CA1507;CA1508;CA1509;CA1510;CA1511;CA1512;CA1513;CA1514;CA1515;CA1700;CA1707;CA1708;CA1710;CA1711;CA1712;CA1713;CA1715;CA1716;CA1720;CA1721;CA1724;CA1725;CA1727;CA1802;CA1805;CA1806;CA1810;CA1812;CA1813;CA1814;CA1815;CA1816;CA1819;CA1820;CA1821;CA1822;CA1823;CA1824;CA1825;CA1826;CA1827;CA1828;CA1829;CA1830;CA1831;CA1832;CA1833;CA1834;CA1835;CA1836;CA1837;CA1838;CA1839;CA1840;CA1841;CA1842;CA1843;CA1844;CA1845;CA1846;CA1847;CA1848;CA1849;CA1850;CA1851;CA1852;CA1853;CA1854;CA1855;CA1856;CA1857;CA1858;CA1859;CA1860;CA1861;CA1862;CA1863;CA1864;CA1865;CA1866;CA1867;CA1868;CA1869;CA1870;CA1871;CA1872;CA2000;CA2002;CA2007;CA2008;CA2009;CA2011;CA2012;CA2013;CA2014;CA2015;CA2016;CA2017;CA2018;CA2019;CA2020;CA2021;CA2022;CA2100;CA2101;CA2119;CA2153;CA2200;CA2201;CA2207;CA2208;CA2211;CA2213;CA2214;CA2215;CA2216;CA2217;CA2218;CA2219;CA2224;CA2225;CA2226;CA2227;CA2231;CA2234;CA2235;CA2237;CA2241;CA2242;CA2243;CA2244;CA2245;CA2246;CA2247;CA2248;CA2249;CA2250;CA2251;CA2252;CA2253;CA2254;CA2255;CA2256;CA2257;CA2258;CA2259;CA2260;CA2261;CA2262;CA2263;CA2264;CA2265;CA2300;CA2301;CA2302;CA2305;CA2310;CA2311;CA2312;CA2315;CA2321;CA2322;CA2326;CA2327;CA2328;CA2329;CA2330;CA2350;CA2351;CA2352;CA2353;CA2354;CA2355;CA2356;CA2361;CA2362;CA3001;CA3002;CA3003;CA3004;CA3005;CA3006;CA3007;CA3008;CA3009;CA3010;CA3011;CA3012;CA3061;CA3075;CA3076;CA3077;CA3147;CA5350;CA5351;CA5358;CA5359;CA5360;CA5361;CA5362;CA5363;CA5364;CA5365;CA5366;CA5367;CA5368;CA5369;CA5370;CA5371;CA5372;CA5373;CA5374;CA5375;CA5376;CA5377;CA5378;CA5379;CA5380;CA5381;CA5382;CA5383;CA5384;CA5385;CA5386;CA5387;CA5388;CA5389;CA5390;CA5391;CA5392;CA5393;CA5394;CA5395;CA5396;CA5397;CA5398;CA5399;CA5400;CA5401;CA5402;CA5403;CA5404;CA5405
                   CodeAnalysisTargets = C:\Program Files\dotnet\sdk\9.0.100\Microsoft\VisualStudio\v17.0\CodeAnalysis\Microsoft.CodeAnalysis.targets
                   CommandLineArgsForDesignTimeEvaluation = -langversion:latest -define:TRACE
                   CommonOutputGroupsDependsOn = 
                         ;
                         BuildOnlySettings;
                         PrepareForBuild;
                         AssignTargetPaths;
                         ResolveReferences
                       
                   CommonTargetsPath = C:\Program Files\dotnet\sdk\9.0.100\Microsoft.Common.CurrentVersion.targets
                   CommonXamlResourcesDirectory = C:\Program Files\dotnet\sdk\9.0.100\\
                   Company = Hackathon-2025.Tests
                   CompileDependsOn = 
                         
                         ResolveReferences;
                         ResolveKeySource;
                         SetWin32ManifestProperties;
                         _SetPreferNativeArm64Win32ManifestProperties;
                         FindReferenceAssembliesForReferences;
                         _GenerateCompileInputs;
                         BeforeCompile;
                         _TimeStampBeforeCompile;
                         _GenerateCompileDependencyCache;
                         CoreCompile;
                         _TimeStampAfterCompile;
                         AfterCompile;
                       ;
                         _CreateAppHost;
                         _CreateComHost;
                         _GetIjwHostPaths;
                       
                   CompileLicxFilesDependsOn = 
                   CompilerApiVersion = roslyn4.12
                   CompilerGeneratedFilesOutputPath = 
                   ComputeIntermediateSatelliteAssembliesDependsOn = 
                         CreateManifestResourceNames
                       
                   ComputeNETCoreBuildOutputFiles = true
                   ComReferenceExecuteAsTool = false
                   ComReferenceNoClassMembers = false
                   Configuration = Debug
                   ConfigurationName = Debug
                   Configurations = Debug;Release
                   ConsiderPlatformAsProcessorArchitecture = true
                   ContainerCustomTasksAssembly = C:\Program Files\dotnet\sdk\9.0.100\Containers\build\..\tasks\net9.0\Microsoft.NET.Build.Containers.dll
                   ContainerCustomTasksFolder = C:\Program Files\dotnet\sdk\9.0.100\Containers\build\..\tasks\net9.0\
                   ContainerizeFolder = C:\Program Files\dotnet\sdk\9.0.100\Containers\build\..\containerize\
                   ContainerizeFolderName = containerize
                   ContainerTaskFolderName = tasks
                   ContainerTaskFramework = net9.0
                   ContentFilesProjectOutputGroupDependsOn = PrepareForBuild;AssignTargetPaths
                   ContentPreprocessorOutputDirectory = obj\Debug\net8.0\NuGet\
                   ContentTargetFolders = content;contentFiles
                   ContinueOnError = false
                   CopyBuildOutputToPublishDirectory = true
                   CopyConflictingTransitiveContent = false
                   CopyLocalLockFileAssemblies = false
                   CopyOutputSymbolsToPublishDirectory = true
                   CoreBuildDependsOn = 
                         _CheckForBuildWithNoBuild;
                         
                         BuildOnlySettings;
                         PrepareForBuild;
                         PreBuildEvent;
                         ResolveReferences;
                         PrepareResources;
                         ResolveKeySource;
                         Compile;
                         ExportWindowsMDFile;
                         UnmanagedUnregistration;
                         GenerateSerializationAssemblies;
                         CreateSatelliteAssemblies;
                         GenerateManifests;
                         GetTargetPath;
                         PrepareForRun;
                         UnmanagedRegistration;
                         IncrementalClean;
                         PostBuildEvent
                       ;
                         GenerateBuildDependencyFile;
                         GenerateBuildRuntimeConfigurationFiles
                       
                   CoreCleanDependsOn = 
                         _SdkBeforeClean;
                         
                       
                   CoreCompileDependsOn = ;_ComputeNonExistentFileProperty;ResolveCodeAnalysisRuleSet
                   CoreResGenDependsOn = FindReferenceAssembliesForReferences
                   CreateCustomManifestResourceNamesDependsOn = 
                   CreateHardLinksForCopyAdditionalFilesIfPossible = false
                   CreateManifestResourceNamesDependsOn = 
                   CreateSatelliteAssembliesDependsOn = 
                         
                         ;
                         _GenerateSatelliteAssemblyInputs;
                         ComputeIntermediateSatelliteAssemblies;
                         GenerateSatelliteAssemblies
                       ;
                         CoreGenerateSatelliteAssemblies
                       
                   CreateSymbolicLinksForCopyAdditionalFilesIfPossible = false
                   CSharpCoreTargetsPath = C:\Program Files\dotnet\sdk\9.0.100\Roslyn\Microsoft.CSharp.Core.targets
                   CSharpDesignTimeTargetsPath = C:\Program Files\dotnet\sdk\9.0.100\\Microsoft\VisualStudio\Managed\Microsoft.CSharp.DesignTime.targets
                   CSharpTargetsPath = C:\Program Files\dotnet\sdk\9.0.100\Microsoft.CSharp.CurrentVersion.targets
                   CustomAfterDirectoryBuildProps = ;C:\Program Files\dotnet\sdk\9.0.100\Sdks\Microsoft.NET.Sdk\Sdk\UseArtifactsOutputPath.props
                   CustomAfterMicrosoftCommonProps = C:\Program Files\dotnet\sdk\9.0.100\\vCurrent\Custom.After.Microsoft.Common.props
                   CustomAfterMicrosoftCommonTargets = C:\Program Files\dotnet\sdk\9.0.100\\vCurrent\Custom.After.Microsoft.Common.targets
                   CustomAfterMicrosoftCSharpTargets = C:\Program Files\dotnet\sdk\9.0.100\\vCurrent\Custom.After.Microsoft.CSharp.targets
                   CustomBeforeMicrosoftCommonProps = C:\Program Files\dotnet\sdk\9.0.100\\vCurrent\Custom.Before.Microsoft.Common.props
                   CustomBeforeMicrosoftCommonTargets = C:\Program Files\dotnet\sdk\9.0.100\\vCurrent\Custom.Before.Microsoft.Common.targets
                   CustomBeforeMicrosoftCSharpTargets = C:\Program Files\dotnet\sdk\9.0.100\\vCurrent\Custom.Before.Microsoft.CSharp.targets
                   DebugSymbols = true
                   DebugSymbolsProjectOutputGroupDependenciesDependsOn = 
                         ;
                         
                         ;
                         BuildOnlySettings;
                         PrepareForBuild;
                         AssignTargetPaths;
                         ResolveReferences
                       
                       
                   DebugSymbolsProjectOutputGroupDependsOn = 
                   DebugType = portable
                   DefaultAllowedOutputExtensionsInPackageBuildOutputFolder = .dll; .exe; .winmd; .json; .pri; .xml
                   DefaultCopyToPublishDirectoryMetadata = true
                   DefaultExcludesInProjectFolder = ;;**/.*/**
                   DefaultImplicitPackages = Microsoft.NETCore.App;NETStandard.Library
                   DefaultItemExcludes = ;bin\Debug\/**;obj\Debug\/**;bin\/**;obj\/**;**/*.user;**/*.*proj;**/*.sln;**/*.vssscc;**/.DS_Store
                   DefaultLanguageSourceExtension = .cs
                   DefaultProjectTypeGuid = {FAE04EC0-301F-11D3-BF4B-00C04F79EFBC}
                   DefineCommonCapabilities = true
                   DefineCommonItemSchemas = true
                   DefineCommonReferenceSchemas = true
                   DefineConstants = TRACE;DEBUG;NET;NET8_0;NETCOREAPP
                   DelaySign = 
                   DeploymentComputeClickOnceManifestInfoDependsOn = 
                         CleanPublishFolder;
                         GetCopyToOutputDirectoryItems;
                         _DeploymentGenerateTrustInfo;
                         
                       
                   DesignerRuntimeImplementationProjectOutputGroupDependsOn = 
                         
                         ;
                         
                         ;
                         BuildOnlySettings;
                         PrepareForBuild;
                         AssignTargetPaths;
                         ResolveReferences
                       
                       ;
                         _GenerateDesignerDepsFile;
                         _GenerateDesignerRuntimeConfigFile;
                         GetCopyToOutputDirectoryItems;
                         _GatherDesignerShadowCopyFiles;
                       
                   DesignTimeAssemblySearchPaths = {CandidateAssemblyFiles};{HintPathFromItem};{TargetFrameworkDirectory};{RawFileName}
                   DesignTimeAutoUnify = true
                   DesignTimeResolveAssemblyReferencesDependsOn = 
                         GetFrameworkPaths;
                         GetReferenceAssemblyPaths;
                         ResolveReferences
                       
                   Deterministic = true
                   DevEnvDir = *Undefined*
                   DisableHandlePackageFileConflicts = true
                   DisableLogTaskParameter_ConvertToAbsolutePath_Path = true
                   DisableLogTaskParameter_FindUnderPath_OutOfPath = true
                   DisableLogTaskParameter_RemoveDuplicates_Inputs = true
                   DisableLogTaskParameterItemMetadata_ConvertToAbsolutePath_AbsolutePaths = true
                   DisableLogTaskParameterItemMetadata_Copy_CopiedFiles = true
                   DisableLogTaskParameterItemMetadata_Copy_DestinationFiles = true
                   DisableLogTaskParameterItemMetadata_Copy_SourceFiles = true
                   DisableLogTaskParameterItemMetadata_FindUnderPath_Files = true
                   DisableLogTaskParameterItemMetadata_FindUnderPath_InPath = true
                   DisableLogTaskParameterItemMetadata_GenerateResource_FilesWritten = true
                   DisableLogTaskParameterItemMetadata_Hash_ItemsToHash = true
                   DisableLogTaskParameterItemMetadata_RemoveDuplicates_Filtered = true
                   DisableLogTaskParameterItemMetadata_WriteLinesToFile_Lines = true
                   DisableStandardFrameworkResolution = true
                   DocumentationFile = 
                   DocumentationProjectOutputGroupDependenciesDependsOn = 
                         ;
                         
                         ;
                         BuildOnlySettings;
                         PrepareForBuild;
                         AssignTargetPaths;
                         ResolveReferences
                       
                       
                   DocumentationProjectOutputGroupDependsOn = 
                   DOTNET_CLI_TELEMETRY_SESSIONID = 57cbd918-d6e8-4bc3-be34-5b5dda67f0f5
                   DOTNET_HOST_PATH = C:\Program Files\dotnet\dotnet.exe
                   DotNetApiCompatTaskAssembly = C:\Program Files\dotnet\sdk\9.0.100\Sdks\Microsoft.NET.Sdk\targets\..\tools\net9.0\Microsoft.DotNet.ApiCompat.Task.dll
                   DotnetCliToolTargetFramework = netcoreapp2.2
                   EffectiveAnalysisLevel = 8.0
                   EffectiveCodeAnalysisTreatWarningsAsErrors = 
                   EmbeddedResourceUseDependentUponConvention = true
                   EmbeddedWin32Manifest = 
                   EmbedUntrackedSources = true
                   EmitAssetsLogMessages = true
                   EmitCompilerGeneratedFiles = false
                   EmitLegacyAssetsFileItems = false
                   EnableAppxPackageTargetsForUwpClassLibraries = true
                   EnableDefaultCompileItems = true
                   EnableDefaultEmbeddedResourceItems = true
                   EnableDefaultItems = true
                   EnableDefaultNoneItems = true
                   EnableFrameworkPathOverride = false
                   EnableNETAnalyzers = true
                   EnableSourceControlManagerQueries = true
                   EnableSourceLink = true
                   EnableUnsafeBinaryFormatterSerialization = false
                   EnableWebSdkImplicitPackageVersions = false
                   EnforceCodeStyleInBuild = false
                   ErrorReport = prompt
                   ExcludeRestorePackageImports = true
                   ExpandSDKAllowedReferenceExtensions = 
                         .winmd;
                         .dll
                       
                   ExpandSDKReferencesDependsOn = 
                         ResolveSDKReferences
                       
                   FileAlignment = 512
                   FindInvalidProjectReferencesDependsOn = 
                         GetReferenceTargetPlatformMonikers
                       
                   ForceNet8Current = false
                   Framework20Dir = @(_TargetFramework20DirectoryItem)
                   Framework30Dir = @(_TargetFramework30DirectoryItem)
                   Framework35Dir = @(_TargetFramework35DirectoryItem)
                   Framework40Dir = @(_TargetFramework40DirectoryItem)
                   FrameworkDir = @(_TargetFramework40DirectoryItem)
                   FrameworkPathOverride = 
                   FrameworkRegistryBase = Software\Microsoft\.NETCoreApp
                   FrameworkSDKDir = @(_TargetFrameworkSDKDirectoryItem)
                   FullReferenceAssemblyNames = Full
                   GenerateAssemblyCompanyAttribute = true
                   GenerateAssemblyConfigurationAttribute = true
                   GenerateAssemblyCopyrightAttribute = true
                   GenerateAssemblyDescriptionAttribute = true
                   GenerateAssemblyFileVersionAttribute = true
                   GenerateAssemblyInfo = true
                   GenerateAssemblyInformationalVersionAttribute = true
                   GenerateAssemblyMetadataAttributes = true
                   GenerateAssemblyProductAttribute = true
                   GenerateAssemblyTitleAttribute = true
                   GenerateAssemblyTrademarkAttribute = true
                   GenerateAssemblyVersionAttribute = true
                   GeneratedAssemblyInfoFile = obj\Debug\net8.0\Hackathon-2025.Tests.AssemblyInfo.cs
                   GenerateDependencyFile = true
                   GeneratedGlobalUsingsFile = obj\Debug\net8.0\Hackathon-2025.Tests.GlobalUsings.g.cs
                   GenerateDisableRuntimeMarshallingAttribute = true
                   GenerateDocumentationFile = false
                   GenerateFullPaths = true
                   GenerateInternalsVisibleToAttributes = true
                   GenerateManifestsDependsOn = 
                         SetWin32ManifestProperties;
                         GenerateApplicationManifest;
                         GenerateDeploymentManifest
                       
                   GenerateNeutralResourcesLanguageAttribute = true
                   GenerateNuspecDependsOn = Build;_LoadPackInputItems; _GetTargetFrameworksOutput; _WalkEachTargetPerFramework; _GetPackageFiles; 
                   GeneratePackageOnBuild = false
                   GenerateRepositoryUrlAttribute = true
                   GenerateResourceMSBuildArchitecture = CurrentArchitecture
                   GenerateResourceMSBuildRuntime = CurrentRuntime
                   GenerateResourceUsePreserializedResources = true
                   GenerateResourceWarnOnBinaryFormatterUse = true
                   GenerateRuntimeConfigDevFile = false
                   GenerateSatelliteAssembliesForCore = true
                   GenerateSupportedOSPlatformAttribute = true
                   GenerateTargetFrameworkAttribute = true
                   GenerateTargetPlatformAttribute = true
                   GetCopyToOutputDirectoryItemsDependsOn = 
                         AssignTargetPaths;
                         
                         AssignProjectConfiguration;
                         _SplitProjectReferencesByFileExistence
                       ;
                         _GetProjectReferenceTargetFrameworkProperties;
                         _PopulateCommonStateForGetCopyToOutputDirectoryItems
                       
                   GetFrameworkPathsDependsOn = 
                   GetReferenceNearestTargetFrameworkTaskSupportsTargetPlatformParameter = true
                   GetTargetPathWithTargetPlatformMonikerDependsOn = 
                   HasRuntimeOutput = 
                   HideWarningsAndErrors = false
                   HighEntropyVA = true
                   ImplicitConfigurationDefine = DEBUG
                   ImplicitFrameworkDefine = NET8_0
                   ImplicitUsings = enable
                   ImportByWildcardAfterMicrosoftCommonProps = true
                   ImportByWildcardAfterMicrosoftCommonTargets = true
                   ImportByWildcardAfterMicrosoftCSharpTargets = true
                   ImportByWildcardBeforeMicrosoftCommonProps = true
                   ImportByWildcardBeforeMicrosoftCommonTargets = true
                   ImportByWildcardBeforeMicrosoftCSharpTargets = true
                   ImportDirectoryBuildProps = true
                   ImportDirectoryBuildTargets = true
                   ImportDirectoryPackagesProps = true
                   ImportFrameworkWinFXTargets = false
                   ImportNuGetBuildTasksPackTargetsFromSdk = true
                   ImportProjectExtensionProps = false
                   ImportProjectExtensionTargets = false
                   ImportUserLocationsByWildcardAfterMicrosoftCommonProps = true
                   ImportUserLocationsByWildcardAfterMicrosoftCommonTargets = true
                   ImportUserLocationsByWildcardAfterMicrosoftCSharpTargets = true
                   ImportUserLocationsByWildcardBeforeMicrosoftCommonProps = true
                   ImportUserLocationsByWildcardBeforeMicrosoftCommonTargets = true
                   ImportUserLocationsByWildcardBeforeMicrosoftCSharpTargets = true
                   IncludeBuildOutput = true
                   IncludeContentInPack = true
                   IncludeFileVersionsInDependencyFile = true
                   IncludeMainProjectInDepsFile = true
                   IncludeProjectsNotInAssetsFileInDepsFile = true
                   IncludeSourceRevisionInInformationalVersion = true
                   IncludeSymbolsInSingleFile = false
                   InnerBuildProperty = TargetFramework
                   InnerBuildPropertyValues = TargetFrameworks
                   IntermediateOutputPath = obj\Debug\net8.0\
                   IsPackable = true
                   IsPublishable = true
                   IsRestoreTargetsFileLoaded = true
                   IsRidAgnostic = true
                   Language = C#
                   LanguageTargets = C:\Program Files\dotnet\sdk\9.0.100\Microsoft.CSharp.targets
                   LangVersion = latest
                   MarkPackageReferencesAsExternallyResolved = true
                   MaxSupportedLangVersion = 12.0
                   MaxTargetPath = 100
                   MicrosoftBuildTasksGitAssemblyFile = C:\Program Files\dotnet\sdk\9.0.100\Sdks\Microsoft.Build.Tasks.Git\build\..\tools\core\Microsoft.Build.Tasks.Git.dll
                   MicrosoftCommonPropsHasBeenImported = true
                   MicrosoftNETBuildExtensionsTargets = C:\Program Files\dotnet\sdk\9.0.100\\Microsoft\Microsoft.NET.Build.Extensions\Microsoft.NET.Build.Extensions.targets
                   MicrosoftNETBuildExtensionsTasksAssembly = C:\Program Files\dotnet\sdk\9.0.100\Microsoft\Microsoft.NET.Build.Extensions\\tools\net9.0\Microsoft.NET.Build.Extensions.Tasks.dll
                   MicrosoftNETBuildTasksAssembly = C:\Program Files\dotnet\sdk\9.0.100\Sdks\Microsoft.NET.Sdk\targets\..\tools\net9.0\Microsoft.NET.Build.Tasks.dll
                   MicrosoftNETBuildTasksDirectory = C:\Program Files\dotnet\sdk\9.0.100\Sdks\Microsoft.NET.Sdk\targets\..\tools\net9.0\
                   MicrosoftNETBuildTasksDirectoryRoot = C:\Program Files\dotnet\sdk\9.0.100\Sdks\Microsoft.NET.Sdk\targets\..\tools\
                   MicrosoftNETBuildTasksTFM = net9.0
                   MicrosoftNETCrossgenBuildTasksAssembly = C:\Program Files\dotnet\sdk\9.0.100\Sdks\Microsoft.NET.Sdk\targets\..\tasks\net7.0\Microsoft.NET.Sdk.Crossgen.dll
                   MicrosoftNETFrameworkReferenceAssembliesLatestPackageVersion = 1.0.3
                   MicrosoftNETWindowsWorkloadInstalled = true
                   MinimumMSBuildVersion = 17.11.0
                   MinimumVisualStudioVersionForUnsupportedTargetFrameworkVersion = 17.16
                   MsAppxPackageTargets = C:\Program Files\dotnet\sdk\9.0.100\Microsoft\VisualStudio\v17.0\AppxPackage\Microsoft.AppXPackage.Targets
                   MSBuildAllProjects = C:\Users\austi\OneDrive\Documents\CSCD Spring25\Hackathon-2025\Hackathon-2025.Tests\Hackathon-2025.Tests.csproj;;C:\Program Files\dotnet\sdk\9.0.100\Current\Microsoft.Common.targets\ImportAfter\Microsoft.TestPlatform.ImportAfter.targets
                   MSBuildAssemblyVersion = 17.0
                   MSBuildBinPath = C:\Program Files\dotnet\sdk\9.0.100
                   MSBuildCopyContentTransitively = true
                   MSBuildCopyMarkerName = Hackatho.99CD3D09.Up2Date
                   MSBuildDisableFeaturesFromVersion = 999.999
                   MSBuildEnableWorkloadResolver = true
                   MSBuildExtensionsPath = C:\Program Files\dotnet\sdk\9.0.100\
                   MSBuildExtensionsPath32 = C:\Program Files\dotnet\sdk\9.0.100
                   MSBuildExtensionsPath64 = C:\Program Files\dotnet\sdk\9.0.100
                   MSBUILDFAILONDRIVEENUMERATINGWILDCARD = 1
                   MSBuildFileVersion = 17.12.7.52203
                   MSBuildIsRestoring = True
                   MSBuildLoadMicrosoftTargetsReadOnly = true
                   MSBuildNodeCount = 12
                   MSBuildProgramFiles32 = C:\Program Files (x86)
                   MSBuildProjectDefaultTargets = Build
                   MSBuildProjectDirectory = C:\Users\austi\OneDrive\Documents\CSCD Spring25\Hackathon-2025\Hackathon-2025.Tests
                   MSBuildProjectDirectoryNoRoot = Users\austi\OneDrive\Documents\CSCD Spring25\Hackathon-2025\Hackathon-2025.Tests
                   MSBuildProjectExtension = .csproj
                   MSBuildProjectExtensionsPath = C:\Users\austi\OneDrive\Documents\CSCD Spring25\Hackathon-2025\Hackathon-2025.Tests\obj\
                   MSBuildProjectFile = Hackathon-2025.Tests.csproj
                   MSBuildProjectFullPath = C:\Users\austi\OneDrive\Documents\CSCD Spring25\Hackathon-2025\Hackathon-2025.Tests\Hackathon-2025.Tests.csproj
                   MSBuildProjectName = Hackathon-2025.Tests
                   MSBuildRestoreSessionId = 46153a84-4b97-4d3e-af58-dac232af2069
                   MSBuildRuntimeType = Core
                   MSBuildSDKsPath = C:\Program Files\dotnet\sdk\9.0.100\Sdks
                   MSBuildSemanticVersion = 17.12.7+5b8665660
                   MSBuildStartupDirectory = C:\Users\austi\OneDrive\Documents\CSCD Spring25\Hackathon-2025
                   MSBuildToolsPath = C:\Program Files\dotnet\sdk\9.0.100
                   MSBuildToolsVersion = Current
                   MSBuildUserExtensionsPath = C:\Users\austi\AppData\Local\Microsoft\MSBuild
                   MSBUILDUSESERVER = 0
                   MSBuildUseVisualStudioDirectoryLayout = False
                   MSBuildVersion = 17.12.7
                   MSBuildWarningsAsErrors = ;NU1605
                   MSBuildWarningsAsMessages = 1701;1702
                   MSBuildWarningsNotAsErrors = 
                   MsTestToolsTargets = C:\Program Files\dotnet\sdk\9.0.100\Microsoft\VisualStudio\v17.0\TeamTest\Microsoft.TeamTest.targets
                   NETCoreAppMaximumVersion = 9.0
                   NetCoreRoot = C:\Program Files\dotnet\
                   NETCoreSdkBundledCliToolsProps = C:\Program Files\dotnet\sdk\9.0.100\Sdks\Microsoft.NET.Sdk\targets\..\..\..\Microsoft.NETCoreSdk.BundledCliTools.props
                   NETCoreSdkBundledMSBuildInformationProps = C:\Program Files\dotnet\sdk\9.0.100\Sdks\Microsoft.NET.Sdk\targets\..\..\..\Microsoft.NETCoreSdk.BundledMSBuildInformation.props
                   NETCoreSdkBundledVersionsProps = C:\Program Files\dotnet\sdk\9.0.100\Sdks\Microsoft.NET.Sdk\targets\..\..\..\Microsoft.NETCoreSdk.BundledVersions.props
                   NETCoreSdkPortableRuntimeIdentifier = win-x64
                   NETCoreSdkRuntimeIdentifier = win-x64
                   NETCoreSdkVersion = 9.0.100
                   NetCoreTargetingPackRoot = C:\Program Files\dotnet\packs
                   NoCompilerStandardLib = true
                   NoStdLib = true
                   NoWarn = 1701;1702
                   NuGetAudit = true
                   NuGetAuditLevel = low
                   NuGetAuditMode = all
                   NuGetBuildTasksPackTargets = C:\Program Files\dotnet\sdk\9.0.100\Sdks\Microsoft.NET.Sdk\Sdk\..\..\NuGet.Build.Tasks.Pack\build\NuGet.Build.Tasks.Pack.targets
                   NuGetInteractive = 
                   NuGetPackTaskAssemblyFile = ..\CoreCLR\NuGet.Build.Tasks.Pack.dll
                   NuGetPropsFile = C:\Program Files\dotnet\sdk\9.0.100\NuGet.props
                   NuGetRestoreTargets = C:\Program Files\dotnet\sdk\9.0.100\NuGet.targets
                   NuGetTargetMoniker = .NETCoreApp,Version=v8.0
                   Nullable = enable
                   NuspecOutputPath = obj\Debug\
                   Optimize = false
                   OutDir = bin\Debug\net8.0\
                   OutputPath = bin\Debug\net8.0\
                   OutputType = Library
                   OverwriteReadOnlyFiles = false
                   PackageDescription = Package Description
                   PackageDownloadSupported = true
                   PackagedShimOutputRootDirectory = bin\Debug\net8.0\
                   PackageId = Hackathon-2025.Tests
                   PackageOutputPath = bin\Debug\
                   PackageRequireLicenseAcceptance = false
                   PackageVersion = 1.0.0
                   PackDependsOn = ; _IntermediatePack; GenerateNuspec; 
                   PackRelease = true
                   Platform = AnyCPU
                   PlatformName = AnyCPU
                   Platforms = AnyCPU
                   PostBuildEventDependsOn = 
                   PreBuildEventDependsOn = 
                   Prefer32Bit = false
                   PreferNativeArm64 = false
                   PrepareForBuildDependsOn = ;GetFrameworkPaths;GetReferenceAssemblyPaths;AssignLinkMetadata
                   PrepareForRunDependsOn = 
                         CopyFilesToOutputDirectory
                       
                   PrepareProjectReferencesDependsOn = 
                         AssignProjectConfiguration;
                         _SplitProjectReferencesByFileExistence;
                         _GetProjectReferenceTargetFrameworkProperties;
                         _GetProjectReferencePlatformProperties
                       
                   PrepareResourceNamesDependsOn = 
                         AssignTargetPaths;
                         SplitResourcesByCulture;
                         CreateManifestResourceNames;
                         CreateCustomManifestResourceNames
                       
                   PrepareResourcesDependsOn = 
                         ResolvePackageDependenciesForBuild;
                         _HandlePackageFileConflicts;
                         
                         ;
                         PrepareResourceNames;
                         ResGen;
                         CompileLicxFiles
                       
                       
                   PreserveCompilationReferences = 
                   ProcessorArchitecture = msil
                   ProcessorArchitectureAsPlatform = AnyCPU
                   ProduceReferenceAssembly = true
                   Product = Hackathon-2025.Tests
                   ProjectAssetsCacheFile = C:\Users\austi\OneDrive\Documents\CSCD Spring25\Hackathon-2025\Hackathon-2025.Tests\obj\Debug\net8.0\Hackathon-2025.Tests.assets.cache
                   ProjectAssetsFile = C:\Users\austi\OneDrive\Documents\CSCD Spring25\Hackathon-2025\Hackathon-2025.Tests\obj\project.assets.json
                   ProjectDepsFileName = Hackathon-2025.Tests.deps.json
                   ProjectDepsFilePath = C:\Users\austi\OneDrive\Documents\CSCD Spring25\Hackathon-2025\Hackathon-2025.Tests\bin\Debug\net8.0\Hackathon-2025.Tests.deps.json
                   ProjectDesignTimeAssemblyResolutionSearchPaths = 
                         {CandidateAssemblyFiles};
                         ;
                         {HintPathFromItem};
                         {TargetFrameworkDirectory};
                         {Registry:Software\Microsoft\.NETCoreApp,v8.0,AssemblyFoldersEx};
                         {RawFileName};
                         C:\Users\austi\OneDrive\Documents\CSCD Spring25\Hackathon-2025\Hackathon-2025.Tests\bin\Debug\net8.0\
                       
                   ProjectDir = C:\Users\austi\OneDrive\Documents\CSCD Spring25\Hackathon-2025\Hackathon-2025.Tests\
                   ProjectExt = .csproj
                   ProjectFileName = Hackathon-2025.Tests.csproj
                   ProjectFlavor = Client
                   ProjectName = Hackathon-2025.Tests
                   ProjectPath = C:\Users\austi\OneDrive\Documents\CSCD Spring25\Hackathon-2025\Hackathon-2025.Tests\Hackathon-2025.Tests.csproj
                   ProjectRuntimeConfigFileName = Hackathon-2025.Tests.runtimeconfig.json
                   ProjectRuntimeConfigFilePath = C:\Users\austi\OneDrive\Documents\CSCD Spring25\Hackathon-2025\Hackathon-2025.Tests\bin\Debug\net8.0\Hackathon-2025.Tests.runtimeconfig.json
                   PublishableProject = 
                   PublishBuildDependsOn = 
                         BuildOnlySettings;
                         PrepareForBuild;
                         ResolveReferences;
                         PrepareResources;
                         ResolveKeySource;
                         GenerateSerializationAssemblies;
                         CreateSatelliteAssemblies;
                       
                   PublishContainerDependsOn = 
                         _ContainerVerifySDKVersion;
                         ComputeContainerConfig;
                         _CheckContainersPackage
                       
                   PublishDependsOn = 
                         _DeploymentUnpublishable
                       
                   PublishDir = bin\Debug\net8.0\publish\
                   PublishDirName = publish
                   PublishDocumentationFile = true
                   PublishDocumentationFiles = true
                   PublishItemsOutputGroupDependsOn = 
                         ;
                         ResolveReferences;
                         ComputeResolvedFilesToPublishList;
                         _ComputeFilesToBundle;
                       
                   PublishOnlyDependsOn = 
                         SetGenerateManifests;
                         PublishBuild;
                         BeforePublish;
                         GenerateManifests;
                         CopyFilesToOutputDirectory;
                         _CopyFilesToPublishFolder;
                         _DeploymentGenerateBootstrapper;
                         ResolveKeySource;
                         _DeploymentSignClickOnceDeployment;
                         AfterPublish
                       
                   PublishProfileImported = false
                   PublishReadyToRunComposite = false
                   PublishReadyToRunPerfmapFormatVersion = 1
                   PublishReadyToRunUseCrossgen2 = true
                   PublishReadyToRunUseRuntimePackOptimizationData = true
                   PublishReferencesDocumentationFiles = true
                   PublishRelease = true
                   RebuildDependsOn = 
                         _SdkBeforeRebuild;
                         
                         BeforeRebuild;
                         Clean;
                         Build;
                         AfterRebuild;
                       
                       
                   RefAssembliesFolderName = refs
                   ReferenceCopyLocalPathsOutputGroupDependsOn = 
                         ;
                         
                         ;
                         BuildOnlySettings;
                         PrepareForBuild;
                         AssignTargetPaths;
                         ResolveReferences
                       
                       
                   ReportingServicesTargets = C:\Program Files\dotnet\sdk\9.0.100\\Microsoft\VisualStudio\v17.0\ReportingServices\Microsoft.ReportingServices.targets
                   ResGenDependsOn = ResolveAssemblyReferences;SplitResourcesByCulture;BeforeResGen;CoreResGen;AfterResGen
                   ResGenExecuteAsTool = false
                   ResolveAssemblyReferenceOutputUnresolvedAssemblyConflicts = true
                   ResolveAssemblyReferencesDependsOn = 
                         
                         
                         ResolveProjectReferences;
                         FindInvalidProjectReferences;
                         GetFrameworkPaths;
                         GetReferenceAssemblyPaths;
                         PrepareForBuild;
                         ResolveSDKReferences;
                         ExpandSDKReferences;
                       ;
                         ResolvePackageDependenciesForBuild;
                         _HandlePackageFileConflicts;
                       ;
                         ResolveTargetingPackAssets;
                       
                   ResolveNuGetPackages = false
                   ResolvePackageDependenciesForBuildDependsOn = 
                         ResolveLockFileReferences;
                         ResolveLockFileAnalyzers;
                         ResolveLockFileCopyLocalFiles;
                         ResolveRuntimePackAssets;
                         RunProduceContentAssets;
                         IncludeTransitiveProjectReferences
                       
                   ResolveReferencesDependsOn = 
                         BeforeResolveReferences;
                         AssignProjectConfiguration;
                         ResolveProjectReferences;
                         FindInvalidProjectReferences;
                         ResolveNativeReferences;
                         ResolveAssemblyReferences;
                         GenerateBindingRedirects;
                         GenerateBindingRedirectsUpdateAppConfig;
                         ResolveComReferences;
                         AfterResolveReferences
                       
                   ResolveSDKReferencesDependsOn = 
                         GetInstalledSDKLocations
                       
                   RestoreBuildInParallel = true
                   RestoreContinueOnError = WarnAndContinue
                   RestoreOutputPath = C:\Users\austi\OneDrive\Documents\CSCD Spring25\Hackathon-2025\Hackathon-2025.Tests\obj\
                   RestoreProjectStyle = PackageReference
                   RestoreRecursive = true
                   RestoreTaskAssemblyFile = NuGet.Build.Tasks.dll
                   RestoreUseSkipNonexistentTargets = true
                   RootNamespace = Hackathon_2025.Tests
                   RoslynTargetsPath = C:\Program Files\dotnet\sdk\9.0.100\Roslyn
                   RunDependsOn = 
                   RunPackageValidationDependsOn = CollectApiCompatInputs;_GetReferencePathFromInnerProjects;
                   RuntimeIdentifierGraphPath = C:\Program Files\dotnet\sdk\9.0.100/PortableRuntimeIdentifierGraph.json
                   RunWorkingDirectory = 
                   SatelliteDllsProjectOutputGroupDependenciesDependsOn = 
                         ;
                         
                         ;
                         BuildOnlySettings;
                         PrepareForBuild;
                         AssignTargetPaths;
                         ResolveReferences
                       
                       
                   SatelliteDllsProjectOutputGroupDependsOn = ;PrepareForBuild;PrepareResourceNames
                   SdkAnalysisLevel = 9.0.100
                   SDKContainerSupportEnabled = true
                   SDKRedistOutputGroupDependsOn = ResolveSDKReferences;ExpandSDKReferences
                   SDKReferenceDirectoryRoot = C:\Users\austi\AppData\Local\Microsoft SDKs;C:\Program Files (x86)\Microsoft SDKs
                   SDKReferenceRegistryRoot = Software\Microsoft\Microsoft SDKs
                   SGenFilesOutputGroupDependenciesDependsOn = 
                         ;
                         
                         ;
                         BuildOnlySettings;
                         PrepareForBuild;
                         AssignTargetPaths;
                         ResolveReferences
                       
                       
                   SGenFilesOutputGroupDependsOn = 
                   SGenShouldGenerateSerializer = true
                   SGenUseKeep = false
                   SGenUseProxyTypes = true
                   ShouldMarkCertainSDKReferencesAsRuntimeOnly = true
                   SignAssembly = false
                   SkipCopyUnchangedFiles = true
                   SkipImportNuGetBuildTargets = true
                   SkipImportNuGetProps = true
                   SolutionDir = C:\Users\austi\OneDrive\Documents\CSCD Spring25\Hackathon-2025\
                   SolutionExt = .sln
                   SolutionFileName = StarlitStories.sln
                   SolutionName = StarlitStories
                   SolutionPath = C:\Users\austi\OneDrive\Documents\CSCD Spring25\Hackathon-2025\StarlitStories.sln
                   SourceControlInformationFeatureSupported = true
                   SourceControlManagerUrlTranslationTargets = ;TranslateGitHubUrlsInSourceControlInformation;TranslateGitLabUrlsInSourceControlInformation;TranslateAzureReposGitUrlsInSourceControlInformation;TranslateBitbucketGitUrlsInSourceControlInformation
                   SourceFilesProjectOutputGroupDependsOn = PrepareForBuild;AssignTargetPaths
                   SourceLinkUrlInitializerTargets = ;_InitializeGitHubSourceLinkUrl;_InitializeGitLabSourceLinkUrl;_InitializeAzureReposGitSourceLinkUrl;_InitializeBitbucketGitSourceLinkUrl
                   SourceRootMappedPathsFeatureSupported = true
                   SupportedOSPlatformVersion = 
                   SupportsRoslynComponentVersioning = true
                   SuppressDependenciesWhenPacking = false
                   SymbolPackageFormat = symbols.nupkg
                   TargetCulture = *
                   TargetDeployManifestFileName = Hackathon-2025.Tests.application
                   TargetDir = C:\Users\austi\OneDrive\Documents\CSCD Spring25\Hackathon-2025\Hackathon-2025.Tests\bin\Debug\net8.0\
                   TargetedFrameworkDir = @(_TargetedFrameworkDirectoryItem)
                   TargetedSDKArchitecture = msil
                   TargetedSDKConfiguration = Debug
                   TargetExt = .dll
                   TargetFileName = Hackathon-2025.Tests.dll
                   TargetFramework = net8.0
                   TargetFrameworkDirectory = 
                   TargetFrameworkIdentifier = .NETCoreApp
                   TargetFrameworkMoniker = .NETCoreApp,Version=v8.0
                   TargetFrameworkMonikerAssemblyAttributesPath = obj\Debug\net8.0\.NETCoreApp,Version=v8.0.AssemblyAttributes.cs
                   TargetFrameworkMonikerDisplayName = .NET 8.0
                   TargetFrameworkSDKToolsDirectory = 
                   TargetFrameworkVersion = v8.0
                   TargetLatestRuntimePatch = false
                   TargetName = Hackathon-2025.Tests
                   TargetPath = C:\Users\austi\OneDrive\Documents\CSCD Spring25\Hackathon-2025\Hackathon-2025.Tests\bin\Debug\net8.0\Hackathon-2025.Tests.dll
                   TargetPlatformDisplayName =  
                   TargetPlatformIdentifier = 
                   TargetPlatformRegistryBase = Software\Microsoft\Microsoft SDKs\
                   TargetPlatformSdkPath = 
                   TargetPlatformVersion = 
                   TargetRefPath = C:\Users\austi\OneDrive\Documents\CSCD Spring25\Hackathon-2025\Hackathon-2025.Tests\obj\Debug\net8.0\ref\Hackathon-2025.Tests.dll
                   TargetRuntime = Managed
                   TargetsForTfmSpecificContentInPackage = ;PackTool;_PackProjectToolValidation
                   TargetsNet8 = true
                   ToolCommandName = Hackathon-2025.Tests
                   ToolDepsJsonGeneratorProject = C:\Program Files\dotnet\sdk\9.0.100\Sdks\Microsoft.NET.Sdk\targets\GenerateDeps\GenerateDeps.proj
                   ToolEntryPoint = Hackathon-2025.Tests.dll
                   TreatWarningsAsErrors = false
                   UnmanagedRegistrationDependsOn = 
                   UnmanagedUnregistrationDependsOn = 
                   UnsupportedTargetFrameworkVersion = 10.0
                   UseCommonOutputDirectory = false
                   UseDefaultPlatformLookupTables = true
                   UseHostCompilerIfAvailable = true
                   UseMSBuildTestInfrastructure = false
                   UseOSWinMdReferences = false
                   UseRidGraph = false
                   UserProfileRuntimeStorePath = C:\Users\austi\.dotnet\store
                   UserRuntimeConfig = C:\Users\austi\OneDrive\Documents\CSCD Spring25\Hackathon-2025\Hackathon-2025.Tests/runtimeconfig.template.json
                   UseSourcePath = true
                   UsingMicrosoftNETSdk = true
                   UsingNETSdkDefaults = true
                   Utf8Output = true
                   ValidateRuntimeIdentifierCompatibility = false
                   VerifyMatchingImplicitPackageVersion = true
                   Version = 1.0.0
                   VersionlessImplicitFrameworkDefine = NET
                   VersionPrefix = 1.0.0
                   VisualStudioVersion = 17.0
                   VSTestConsolePath = C:\Program Files\dotnet\sdk\9.0.100\vstest.console.dll
                   VSTestNoBuild = False
                   VSTestTargets = C:\Program Files\dotnet\sdk\9.0.100\\Microsoft.TestPlatform.targets
                   VSTestTaskAssemblyFile = Microsoft.TestPlatform.Build.dll
                   VsTestUseMSBuildOutput = False
                   WarningLevel = 8
                   WarningsAsErrors = ;NU1605;SYSLIB0011
                   WarnOnPackingNonPackableProject = false
                   WebReference_EnableLegacyEventingModel = false
                   WebReference_EnableProperties = true
                   WebReference_EnableSQLTypes = true
                   WMSJSProject = WJProject
                   WMSJSProjectDirectory = JavaScript
                   YieldDuringToolExecution = true

17:20:50.240     2>Initial Items:
                   _AllDirectoriesAbove
                       C:\
                       C:\Users
                       C:\Users\austi
                       C:\Users\austi\OneDrive
                       C:\Users\austi\OneDrive\Documents
                       C:\Users\austi\OneDrive\Documents\CSCD Spring25
                       C:\Users\austi\OneDrive\Documents\CSCD Spring25\Hackathon-2025
                       C:\Users\austi\OneDrive\Documents\CSCD Spring25\Hackathon-2025\Hackathon-2025.Tests
                       C:\Users\austi\OneDrive\Documents\CSCD Spring25\Hackathon-2025\Hackathon-2025.Tests\Controllers
                       C:\Users\austi\OneDrive\Documents\CSCD Spring25\Hackathon-2025\Hackathon-2025.Tests\Models
                       C:\Users\austi\OneDrive\Documents\CSCD Spring25\Hackathon-2025\Hackathon-2025.Tests\Utils
                   _ApplicationManifestFinal
                       bin\Debug\net8.0\Native.Hackathon-2025.Tests.manifest
                           TargetPath = Native.Hackathon-2025.Tests.manifest
                   _DebugSymbolsIntermediatePath
                       obj\Debug\net8.0\Hackathon-2025.Tests.pdb
                   _DebugSymbolsOutputPath
                       bin\Debug\net8.0\Hackathon-2025.Tests.pdb
                   _DeploymentManifestEntryPoint
                       obj\Debug\net8.0\Hackathon-2025.Tests.dll
                           TargetPath = Hackathon-2025.Tests.dll
                   _EolNetCoreTargetFrameworkVersions
                       1.0
                       1.1
                       2.0
                       2.1
                       2.2
                       3.0
                       3.1
                       5.0
                       7.0
                   _ExcludedKnownRuntimeIdentiferPlatforms
                       rhel.6
                       rhel.6
                       rhel.6
                       rhel.6
                       rhel.6
                       rhel.6
                       rhel.6
                       rhel.6
                       rhel.6
                       rhel.6
                       rhel.6
                       rhel.6
                       rhel.6
                       rhel.6
                       rhel.6
                       rhel.6
                       tizen.4.0.0
                       tizen.4.0.0
                       tizen.4.0.0
                       tizen.4.0.0
                       tizen.4.0.0
                       tizen.4.0.0
                       tizen.4.0.0
                       tizen.4.0.0
                       tizen.4.0.0
                       tizen.4.0.0
                       tizen.4.0.0
                       tizen.4.0.0
                       tizen.4.0.0
                       tizen.4.0.0
                       tizen.4.0.0
                       tizen.4.0.0
                       tizen.5.0.0
                       tizen.5.0.0
                       tizen.5.0.0
                       tizen.5.0.0
                       tizen.5.0.0
                       tizen.5.0.0
                       tizen.5.0.0
                       tizen.5.0.0
                       tizen.5.0.0
                       tizen.5.0.0
                       tizen.5.0.0
                       tizen.5.0.0
                       tizen.5.0.0
                       tizen.5.0.0
                       tizen.5.0.0
                       tizen.5.0.0
                   _KnownRuntimeIdentiferPlatforms
                       any
                       any
                       any
                       any
                       any
                       any
                       any
                       any
                       any
                       any
                       any
                       any
                       any
                       any
                       any
                       aot
                       aot
                       aot
                       aot
                       aot
                       aot
                       aot
                       aot
                       aot
                       aot
                       aot
                       aot
                       aot
                       aot
                       aot
                       freebsd
                       freebsd
                       freebsd
                       freebsd
                       freebsd
                       freebsd
                       freebsd
                       freebsd
                       freebsd
                       freebsd
                       freebsd
                       freebsd
                       freebsd
                       freebsd
                       freebsd
                       illumos
                       illumos
                       illumos
                       illumos
                       illumos
                       illumos
                       illumos
                       illumos
                       illumos
                       illumos
                       illumos
                       illumos
                       illumos
                       illumos
                       illumos
                       solaris
                       solaris
                       solaris
                       solaris
                       solaris
                       solaris
                       solaris
                       solaris
                       solaris
                       solaris
                       solaris
                       solaris
                       solaris
                       solaris
                       solaris
                       unix
                       unix
                       unix
                       unix
                       unix
                       unix
                       unix
                       unix
                       unix
                       unix
                       unix
                       unix
                       unix
                       unix
                       unix
                   _OutputPathItem
                       bin\Debug\net8.0\
                   _ResolveComReferenceCache
                       obj\Debug\net8.0\Hackathon-2025.Tests.csproj.ResolveComReference.cache
                   _UnmanagedRegistrationCache
                       obj\Hackathon-2025.Tests.csproj.UnmanagedRegistration.cache
                   _ValidProjectsForRestore
                       C:\Users\austi\OneDrive\Documents\CSCD Spring25\Hackathon-2025\Hackathon-2025.Tests\Hackathon-2025.Tests.csproj
                   AdditionalTargetFrameworkInfoProperty
                       _IsExecutable
                       _SelfContainedWasSpecified
                       IsRidAgnostic
                       SelfContained
                       ShouldBeValidatedAsExecutableReference
                   Analyzer
                       C:\Program Files\dotnet\sdk\9.0.100\Sdks\Microsoft.NET.Sdk\targets\..\analyzers\Microsoft.CodeAnalysis.CSharp.NetAnalyzers.dll
                           IsImplicitlyDefined = true
                       C:\Program Files\dotnet\sdk\9.0.100\Sdks\Microsoft.NET.Sdk\targets\..\analyzers\Microsoft.CodeAnalysis.NetAnalyzers.dll
                           IsImplicitlyDefined = true
                   AppConfigFileDestination
                       bin\Debug\net8.0\Hackathon-2025.Tests.dll.config
                   ApplicationManifest
                       obj\Debug\net8.0\Native.Hackathon-2025.Tests.manifest
                           TargetPath = Native.Hackathon-2025.Tests.manifest
                   BuiltProjectOutputGroupKeyOutput
                       C:\Users\austi\OneDrive\Documents\CSCD Spring25\Hackathon-2025\Hackathon-2025.Tests\obj\Debug\net8.0\Hackathon-2025.Tests.dll
                           IsKeyOutput = true
                           FinalOutputPath = C:\Users\austi\OneDrive\Documents\CSCD Spring25\Hackathon-2025\Hackathon-2025.Tests\bin\Debug\net8.0\Hackathon-2025.Tests.dll
                           TargetPath = Hackathon-2025.Tests.dll
                   ClsidMap
                       obj\Debug\net8.0\Hackathon-2025.Tests.clsidmap
                   Compile
                       Controllers\AuthControllerTests.cs
                       Controllers\ImageControllerTests.cs
                       Controllers\PaymentsControllerTests.cs
                       Controllers\ProfileControllerTests.cs
                       Models\AuthRequestTests.cs
                       Models\AuthResponseTests.cs
                       Models\CharacterSpecTests.cs
                       Models\CheckoutRequestTests.cs
                       Models\ForgotPasswordRequestTests.cs
                       Models\ImageBatchRequestTests.cs
                       Models\ResetPasswordRequestTests.cs
                       Models\StoryPageTests.cs
                       Models\StoryRequestTests.cs
                       Models\StoryResultTests.cs
                       Models\StoryTests.cs
                       Models\StripeSettingsTests.cs
                       MSTestSettings.cs
                       Utils\TestAuthHandler.cs
                       Utils\TestWebAppFactory.cs
                   CompilerVisibleProperty
                       _SupportedPlatformList
                       EnableComHosting
                       EnableGeneratedComInterfaceComImportInterop
                       EnforceExtendedAnalyzerRules
                       InvariantGlobalization
                       PlatformNeutralAssembly
                       ProjectDir
                       ProjectTypeGuids
                       RootNamespace
                       TargetFramework
                       TargetPlatformMinVersion
                       UsingMicrosoftNETSdkWeb
                   CopyUpToDateMarker
                       C:\Users\austi\OneDrive\Documents\CSCD Spring25\Hackathon-2025\Hackathon-2025.Tests\obj\Debug\net8.0\Hackatho.99CD3D09.Up2Date
                   CreateDirectory
                       C:\Users\austi\OneDrive\Documents\CSCD Spring25\Hackathon-2025\Hackathon-2025.Tests\obj\Debug\net8.0\refint\
                       obj\Debug\net8.0\ref
                   DebugSymbolsProjectOutputGroupOutput
                       C:\Users\austi\OneDrive\Documents\CSCD Spring25\Hackathon-2025\Hackathon-2025.Tests\obj\Debug\net8.0\Hackathon-2025.Tests.pdb
                           FinalOutputPath = C:\Users\austi\OneDrive\Documents\CSCD Spring25\Hackathon-2025\Hackathon-2025.Tests\bin\Debug\net8.0\Hackathon-2025.Tests.pdb
                           TargetPath = Hackathon-2025.Tests.pdb
                   DeployManifest
                       obj\Debug\net8.0\Hackathon-2025.Tests.application
                           TargetPath = Hackathon-2025.Tests.application
                   EmbedInBinlog
                       C:\Users\austi\OneDrive\Documents\CSCD Spring25\Hackathon-2025\Hackathon-2025.Tests\obj\project.assets.json
                   FrameworkReference
                       Microsoft.NETCore.App
                           IsImplicitlyDefined = true
                           PrivateAssets = All
                           Pack = false
                   GenerateRuntimeConfigurationFilesInputs
                       C:\Users\austi\OneDrive\Documents\CSCD Spring25\Hackathon-2025\Hackathon-2025.Tests\obj\Debug\net8.0\Hackathon-2025.Tests.assets.cache
                       C:\Users\austi\OneDrive\Documents\CSCD Spring25\Hackathon-2025\Hackathon-2025.Tests\obj\project.assets.json
                   GlobalAnalyzerConfigFiles
                       C:\.globalconfig
                       C:\Users\.globalconfig
                       C:\Users\austi\.globalconfig
                       C:\Users\austi\OneDrive\.globalconfig
                       C:\Users\austi\OneDrive\Documents\.globalconfig
                       C:\Users\austi\OneDrive\Documents\CSCD Spring25\.globalconfig
                       C:\Users\austi\OneDrive\Documents\CSCD Spring25\Hackathon-2025\.globalconfig
                       C:\Users\austi\OneDrive\Documents\CSCD Spring25\Hackathon-2025\Hackathon-2025.Tests\.globalconfig
                       C:\Users\austi\OneDrive\Documents\CSCD Spring25\Hackathon-2025\Hackathon-2025.Tests\Controllers\.globalconfig
                       C:\Users\austi\OneDrive\Documents\CSCD Spring25\Hackathon-2025\Hackathon-2025.Tests\Models\.globalconfig
                       C:\Users\austi\OneDrive\Documents\CSCD Spring25\Hackathon-2025\Hackathon-2025.Tests\Utils\.globalconfig
                   ImplicitPackageReferenceVersion
                       Microsoft.AspNetCore.All
                           LatestVersion = 2.1.30
                           DefaultVersion = 2.1.1
                           TargetFrameworkVersion = 2.1
                       Microsoft.AspNetCore.All
                           LatestVersion = 2.2.8
                           DefaultVersion = 2.2.0
                           TargetFrameworkVersion = 2.2
                       Microsoft.AspNetCore.App
                           LatestVersion = 2.1.30
                           DefaultVersion = 2.1.1
                           TargetFrameworkVersion = 2.1
                       Microsoft.AspNetCore.App
                           LatestVersion = 2.2.8
                           DefaultVersion = 2.2.0
                           TargetFrameworkVersion = 2.2
                       Microsoft.NETCore.App
                           LatestVersion = 1.0.16
                           DefaultVersion = 1.0.5
                           TargetFrameworkVersion = 1.0
                       Microsoft.NETCore.App
                           LatestVersion = 1.1.13
                           DefaultVersion = 1.1.2
                           TargetFrameworkVersion = 1.1
                       Microsoft.NETCore.App
                           LatestVersion = 2.0.9
                           DefaultVersion = 2.0.0
                           TargetFrameworkVersion = 2.0
                       Microsoft.NETCore.App
                           LatestVersion = 2.1.30
                           DefaultVersion = 2.1.0
                           TargetFrameworkVersion = 2.1
                       Microsoft.NETCore.App
                           LatestVersion = 2.2.8
                           DefaultVersion = 2.2.0
                           TargetFrameworkVersion = 2.2
                   IntermediateAssembly
                       obj\Debug\net8.0\Hackathon-2025.Tests.dll
                   IntermediateRefAssembly
                       obj\Debug\net8.0\refint\Hackathon-2025.Tests.dll
                   KnownAppHostPack
                       Microsoft.NETCore.App
                           ExcludedRuntimeIdentifiers = android
                           AppHostRuntimeIdentifiers = linux-arm;linux-arm64;linux-musl-arm64;linux-musl-x64;linux-x64;osx-x64;rhel.6-x64;tizen.4.0.0-armel;tizen.5.0.0-armel;win-arm64;win-x64;win-x86;linux-musl-arm;osx-arm64;linux-s390x;linux-loongarch64;linux-bionic-arm;linux-bionic-arm64;linux-bionic-x64;linux-bionic-x86;linux-ppc64le;freebsd-x64;freebsd-arm64;linux-riscv64;linux-musl-riscv64;linux-musl-loongarch64
                           TargetFramework = net9.0
                           AppHostPackNamePattern = Microsoft.NETCore.App.Host.**RID**
                           AppHostPackVersion = 9.0.0
                       Microsoft.NETCore.App
                           ExcludedRuntimeIdentifiers = android
                           AppHostRuntimeIdentifiers = linux-arm;linux-arm64;linux-musl-arm64;linux-musl-x64;linux-x64;osx-x64;rhel.6-x64;tizen.4.0.0-armel;tizen.5.0.0-armel;win-arm64;win-x64;win-x86;linux-musl-arm;osx-arm64;linux-s390x;linux-loongarch64;linux-bionic-arm;linux-bionic-arm64;linux-bionic-x64;linux-bionic-x86;linux-ppc64le;freebsd-x64;freebsd-arm64
                           TargetFramework = net8.0
                           AppHostPackNamePattern = Microsoft.NETCore.App.Host.**RID**
                           AppHostPackVersion = 8.0.11
                       Microsoft.NETCore.App
                           ExcludedRuntimeIdentifiers = android
                           AppHostRuntimeIdentifiers = linux-arm;linux-arm64;linux-musl-arm64;linux-musl-x64;linux-x64;osx-x64;rhel.6-x64;tizen.4.0.0-armel;tizen.5.0.0-armel;win-arm;win-arm64;win-x64;win-x86;linux-musl-arm;osx-arm64;linux-s390x;linux-loongarch64;linux-bionic-arm;linux-bionic-arm64;linux-bionic-x64;linux-bionic-x86;linux-ppc64le
                           TargetFramework = net7.0
                           AppHostPackNamePattern = Microsoft.NETCore.App.Host.**RID**
                           AppHostPackVersion = 7.0.20
                       Microsoft.NETCore.App
                           ExcludedRuntimeIdentifiers = android
                           AppHostRuntimeIdentifiers = linux-arm;linux-arm64;linux-musl-arm64;linux-musl-x64;linux-x64;osx-x64;rhel.6-x64;tizen.4.0.0-armel;tizen.5.0.0-armel;win-arm;win-arm64;win-x64;win-x86;linux-musl-arm;osx-arm64;linux-s390x;linux-loongarch64
                           TargetFramework = net6.0
                           AppHostPackNamePattern = Microsoft.NETCore.App.Host.**RID**
                           AppHostPackVersion = 6.0.36
                       Microsoft.NETCore.App
                           AppHostRuntimeIdentifiers = linux-arm;linux-arm64;linux-musl-arm64;linux-musl-x64;linux-x64;osx-x64;rhel.6-x64;tizen.4.0.0-armel;tizen.5.0.0-armel;win-arm;win-arm64;win-x64;win-x86;linux-musl-arm
                           TargetFramework = net5.0
                           AppHostPackNamePattern = Microsoft.NETCore.App.Host.**RID**
                           AppHostPackVersion = 5.0.17
                       Microsoft.NETCore.App
                           AppHostRuntimeIdentifiers = linux-arm;linux-arm64;linux-musl-arm64;linux-musl-x64;linux-x64;osx-x64;rhel.6-x64;tizen.4.0.0-armel;tizen.5.0.0-armel;win-arm;win-arm64;win-x64;win-x86
                           TargetFramework = netcoreapp3.1
                           AppHostPackNamePattern = Microsoft.NETCore.App.Host.**RID**
                           AppHostPackVersion = 3.1.32
                       Microsoft.NETCore.App
                           AppHostRuntimeIdentifiers = linux-arm;linux-arm64;linux-musl-arm64;linux-musl-x64;linux-x64;osx-x64;rhel.6-x64;tizen.4.0.0-armel;tizen.5.0.0-armel;win-arm;win-arm64;win-x64;win-x86
                           TargetFramework = netcoreapp3.0
                           AppHostPackNamePattern = Microsoft.NETCore.App.Host.**RID**
                           AppHostPackVersion = 3.0.3
                   KnownCrossgen2Pack
                       Microsoft.NETCore.App.Crossgen2
                           Crossgen2RuntimeIdentifiers = linux-musl-x64;linux-x64;win-x64;linux-arm;linux-arm64;linux-musl-arm;linux-musl-arm64;osx-arm64;osx-x64;win-arm64;win-x86;freebsd-x64;freebsd-arm64;linux-riscv64;linux-musl-riscv64;linux-loongarch64;linux-musl-loongarch64
                           TargetFramework = net9.0
                           Crossgen2PackNamePattern = Microsoft.NETCore.App.Crossgen2.**RID**
                           Crossgen2PackVersion = 9.0.0
                       Microsoft.NETCore.App.Crossgen2
                           Crossgen2RuntimeIdentifiers = linux-musl-x64;linux-x64;win-x64;linux-arm;linux-arm64;linux-musl-arm;linux-musl-arm64;osx-arm64;osx-x64;win-arm64;win-x86;freebsd-x64;freebsd-arm64
                           TargetFramework = net8.0
                           Crossgen2PackNamePattern = Microsoft.NETCore.App.Crossgen2.**RID**
                           Crossgen2PackVersion = 8.0.11
                       Microsoft.NETCore.App.Crossgen2
                           Crossgen2RuntimeIdentifiers = linux-musl-x64;linux-x64;win-x64;linux-arm;linux-arm64;linux-musl-arm;linux-musl-arm64;osx-arm64;osx-x64;win-arm;win-arm64;win-x86
                           TargetFramework = net7.0
                           Crossgen2PackNamePattern = Microsoft.NETCore.App.Crossgen2.**RID**
                           Crossgen2PackVersion = 7.0.20
                       Microsoft.NETCore.App.Crossgen2
                           Crossgen2RuntimeIdentifiers = linux-musl-x64;linux-x64;win-x64;linux-arm;linux-arm64;linux-musl-arm;linux-musl-arm64;osx-arm64;osx-x64;win-arm;win-arm64;win-x86
                           TargetFramework = net6.0
                           Crossgen2PackNamePattern = Microsoft.NETCore.App.Crossgen2.**RID**
                           Crossgen2PackVersion = 6.0.36
                       Microsoft.NETCore.App.Crossgen2
                           Crossgen2RuntimeIdentifiers = linux-musl-x64;linux-x64;win-x64
                           TargetFramework = net5.0
                           Crossgen2PackNamePattern = Microsoft.NETCore.App.Crossgen2.**RID**
                           Crossgen2PackVersion = 5.0.17
                   KnownFrameworkReference
                       Microsoft.AspNetCore.App
                           TargetFramework = net7.0
                           DefaultRuntimeFrameworkVersion = 7.0.0
                           TargetingPackName = Microsoft.AspNetCore.App.Ref
                           LatestRuntimeFrameworkVersion = 7.0.20
                           RuntimePackExcludedRuntimeIdentifiers = android
                           RuntimePackRuntimeIdentifiers = win-x64;win-x86;win-arm;osx-x64;linux-musl-x64;linux-musl-arm64;linux-x64;linux-arm;linux-arm64;linux-musl-arm;win-arm64;osx-arm64;linux-s390x;linux-loongarch64;linux-ppc64le
                           RuntimePackNamePatterns = Microsoft.AspNetCore.App.Runtime.**RID**
                           TargetingPackVersion = 7.0.20
                           RuntimeFrameworkName = Microsoft.AspNetCore.App
                       Microsoft.AspNetCore.App
                           TargetFramework = net5.0
                           DefaultRuntimeFrameworkVersion = 5.0.0
                           TargetingPackName = Microsoft.AspNetCore.App.Ref
                           LatestRuntimeFrameworkVersion = 5.0.17
                           RuntimePackRuntimeIdentifiers = win-x64;win-x86;win-arm;osx-x64;linux-musl-x64;linux-musl-arm64;linux-x64;linux-arm;linux-arm64;linux-musl-arm;win-arm64
                           RuntimePackNamePatterns = Microsoft.AspNetCore.App.Runtime.**RID**
                           TargetingPackVersion = 5.0.0
                           RuntimeFrameworkName = Microsoft.AspNetCore.App
                       Microsoft.AspNetCore.App
                           TargetFramework = net9.0
                           DefaultRuntimeFrameworkVersion = 9.0.0
                           TargetingPackName = Microsoft.AspNetCore.App.Ref
                           LatestRuntimeFrameworkVersion = 9.0.0
                           RuntimePackExcludedRuntimeIdentifiers = android;linux-bionic
                           RuntimePackRuntimeIdentifiers = win-x64;win-x86;osx-x64;linux-musl-x64;linux-musl-arm64;linux-x64;linux-arm;linux-arm64;linux-musl-arm;win-arm64;osx-arm64;linux-s390x;linux-loongarch64;linux-ppc64le;freebsd-x64;freebsd-arm64;linux-riscv64;linux-musl-riscv64;linux-loongarch64;linux-musl-loongarch64
                           RuntimePackNamePatterns = Microsoft.AspNetCore.App.Runtime.**RID**
                           TargetingPackVersion = 9.0.0
                           RuntimeFrameworkName = Microsoft.AspNetCore.App
                       Microsoft.AspNetCore.App
                           TargetFramework = net6.0
                           DefaultRuntimeFrameworkVersion = 6.0.0
                           TargetingPackName = Microsoft.AspNetCore.App.Ref
                           LatestRuntimeFrameworkVersion = 6.0.36
                           RuntimePackRuntimeIdentifiers = win-x64;win-x86;win-arm;osx-x64;linux-musl-x64;linux-musl-arm64;linux-x64;linux-arm;linux-arm64;linux-musl-arm;win-arm64;osx-arm64;linux-s390x;linux-loongarch64
                           RuntimePackNamePatterns = Microsoft.AspNetCore.App.Runtime.**RID**
                           TargetingPackVersion = 6.0.36
                           RuntimeFrameworkName = Microsoft.AspNetCore.App
                       Microsoft.AspNetCore.App
                           TargetFramework = netcoreapp3.0
                           DefaultRuntimeFrameworkVersion = 3.0.0
                           TargetingPackName = Microsoft.AspNetCore.App.Ref
                           LatestRuntimeFrameworkVersion = 3.0.3
                           RuntimePackRuntimeIdentifiers = win-x64;win-x86;win-arm;osx-x64;linux-musl-x64;linux-musl-arm64;linux-x64;linux-arm;linux-arm64
                           RuntimePackNamePatterns = Microsoft.AspNetCore.App.Runtime.**RID**
                           TargetingPackVersion = 3.0.1
                           RuntimeFrameworkName = Microsoft.AspNetCore.App
                       Microsoft.AspNetCore.App
                           TargetFramework = net8.0
                           DefaultRuntimeFrameworkVersion = 8.0.0
                           TargetingPackName = Microsoft.AspNetCore.App.Ref
                           LatestRuntimeFrameworkVersion = 8.0.11
                           RuntimePackExcludedRuntimeIdentifiers = android;linux-bionic
                           RuntimePackRuntimeIdentifiers = win-x64;win-x86;osx-x64;linux-musl-x64;linux-musl-arm64;linux-x64;linux-arm;linux-arm64;linux-musl-arm;win-arm64;osx-arm64;linux-s390x;linux-loongarch64;linux-ppc64le;freebsd-x64;freebsd-arm64
                           RuntimePackNamePatterns = Microsoft.AspNetCore.App.Runtime.**RID**
                           TargetingPackVersion = 8.0.11
                           RuntimeFrameworkName = Microsoft.AspNetCore.App
                       Microsoft.AspNetCore.App
                           TargetFramework = netcoreapp3.1
                           DefaultRuntimeFrameworkVersion = 3.1.0
                           TargetingPackName = Microsoft.AspNetCore.App.Ref
                           LatestRuntimeFrameworkVersion = 3.1.32
                           RuntimePackRuntimeIdentifiers = win-x64;win-x86;win-arm;osx-x64;linux-musl-x64;linux-musl-arm64;linux-x64;linux-arm;linux-arm64
                           RuntimePackNamePatterns = Microsoft.AspNetCore.App.Runtime.**RID**
                           TargetingPackVersion = 3.1.10
                           RuntimeFrameworkName = Microsoft.AspNetCore.App
                       Microsoft.NETCore.App
                           TargetFramework = netcoreapp3.1
                           DefaultRuntimeFrameworkVersion = 3.1.0
                           TargetingPackName = Microsoft.NETCore.App.Ref
                           LatestRuntimeFrameworkVersion = 3.1.32
                           RuntimePackRuntimeIdentifiers = linux-arm;linux-arm64;linux-musl-arm64;linux-musl-x64;linux-x64;osx-x64;rhel.6-x64;tizen.4.0.0-armel;tizen.5.0.0-armel;win-arm;win-arm64;win-x64;win-x86
                           RuntimePackNamePatterns = Microsoft.NETCore.App.Runtime.**RID**
                           TargetingPackVersion = 3.1.0
                           IsTrimmable = true
                           RuntimeFrameworkName = Microsoft.NETCore.App
                       Microsoft.NETCore.App
                           TargetFramework = netcoreapp3.0
                           DefaultRuntimeFrameworkVersion = 3.0.0
                           TargetingPackName = Microsoft.NETCore.App.Ref
                           LatestRuntimeFrameworkVersion = 3.0.3
                           RuntimePackRuntimeIdentifiers = linux-arm;linux-arm64;linux-musl-arm64;linux-musl-x64;linux-x64;osx-x64;rhel.6-x64;tizen.4.0.0-armel;tizen.5.0.0-armel;win-arm;win-arm64;win-x64;win-x86
                           RuntimePackNamePatterns = Microsoft.NETCore.App.Runtime.**RID**
                           TargetingPackVersion = 3.0.0
                           IsTrimmable = true
                           RuntimeFrameworkName = Microsoft.NETCore.App
                       Microsoft.NETCore.App
                           TargetFramework = net5.0
                           DefaultRuntimeFrameworkVersion = 5.0.0
                           TargetingPackName = Microsoft.NETCore.App.Ref
                           LatestRuntimeFrameworkVersion = 5.0.17
                           RuntimePackRuntimeIdentifiers = linux-arm;linux-arm64;linux-musl-arm64;linux-musl-x64;linux-x64;osx-x64;rhel.6-x64;tizen.4.0.0-armel;tizen.5.0.0-armel;win-arm;win-arm64;win-x64;win-x86;linux-musl-arm;browser-wasm
                           RuntimePackNamePatterns = Microsoft.NETCore.App.Runtime.**RID**
                           TargetingPackVersion = 5.0.0
                           IsTrimmable = true
                           RuntimeFrameworkName = Microsoft.NETCore.App
                       Microsoft.NETCore.App
                           TargetFramework = net6.0
                           DefaultRuntimeFrameworkVersion = 6.0.0
                           TargetingPackName = Microsoft.NETCore.App.Ref
                           LatestRuntimeFrameworkVersion = 6.0.36
                           RuntimePackRuntimeIdentifiers = linux-arm;linux-arm64;linux-musl-arm64;linux-musl-x64;linux-x64;osx-x64;rhel.6-x64;tizen.4.0.0-armel;tizen.5.0.0-armel;win-arm;win-arm64;win-x64;win-x86;linux-musl-arm;osx-arm64;linux-s390x;linux-loongarch64
                           RuntimePackNamePatterns = Microsoft.NETCore.App.Runtime.**RID**
                           TargetingPackVersion = 6.0.36
                           RuntimeFrameworkName = Microsoft.NETCore.App
                       Microsoft.NETCore.App
                           TargetFramework = net9.0
                           DefaultRuntimeFrameworkVersion = 9.0.0
                           TargetingPackName = Microsoft.NETCore.App.Ref
                           LatestRuntimeFrameworkVersion = 9.0.0
                           RuntimePackRuntimeIdentifiers = linux-arm;linux-arm64;linux-musl-arm64;linux-musl-x64;linux-x64;osx-x64;rhel.6-x64;tizen.4.0.0-armel;tizen.5.0.0-armel;win-arm64;win-x64;win-x86;linux-musl-arm;osx-arm64;linux-s390x;linux-loongarch64;linux-bionic-arm;linux-bionic-arm64;linux-bionic-x64;linux-bionic-x86;linux-ppc64le;freebsd-x64;freebsd-arm64;linux-riscv64;linux-musl-riscv64;linux-musl-loongarch64
                           RuntimePackNamePatterns = Microsoft.NETCore.App.Runtime.**RID**
                           TargetingPackVersion = 9.0.0
                           RuntimeFrameworkName = Microsoft.NETCore.App
                       Microsoft.NETCore.App
                           TargetFramework = net8.0
                           DefaultRuntimeFrameworkVersion = 8.0.0
                           TargetingPackName = Microsoft.NETCore.App.Ref
                           LatestRuntimeFrameworkVersion = 8.0.11
                           RuntimePackRuntimeIdentifiers = linux-arm;linux-arm64;linux-musl-arm64;linux-musl-x64;linux-x64;osx-x64;rhel.6-x64;tizen.4.0.0-armel;tizen.5.0.0-armel;win-arm64;win-x64;win-x86;linux-musl-arm;osx-arm64;linux-s390x;linux-loongarch64;linux-bionic-arm;linux-bionic-arm64;linux-bionic-x64;linux-bionic-x86;linux-ppc64le;freebsd-x64;freebsd-arm64
                           RuntimePackNamePatterns = Microsoft.NETCore.App.Runtime.**RID**
                           TargetingPackVersion = 8.0.11
                           RuntimeFrameworkName = Microsoft.NETCore.App
                       Microsoft.NETCore.App
                           TargetFramework = net7.0
                           DefaultRuntimeFrameworkVersion = 7.0.0
                           TargetingPackName = Microsoft.NETCore.App.Ref
                           LatestRuntimeFrameworkVersion = 7.0.20
                           RuntimePackRuntimeIdentifiers = linux-arm;linux-arm64;linux-musl-arm64;linux-musl-x64;linux-x64;osx-x64;rhel.6-x64;tizen.4.0.0-armel;tizen.5.0.0-armel;win-arm;win-arm64;win-x64;win-x86;linux-musl-arm;osx-arm64;linux-s390x;linux-loongarch64;linux-bionic-arm;linux-bionic-arm64;linux-bionic-x64;linux-bionic-x86;linux-ppc64le
                           RuntimePackNamePatterns = Microsoft.NETCore.App.Runtime.**RID**
                           TargetingPackVersion = 7.0.20
                           RuntimeFrameworkName = Microsoft.NETCore.App
                       Microsoft.WindowsDesktop.App
                           TargetFramework = netcoreapp3.1
                           DefaultRuntimeFrameworkVersion = 3.1.0
                           TargetingPackName = Microsoft.WindowsDesktop.App.Ref
                           IsWindowsOnly = true
                           LatestRuntimeFrameworkVersion = 3.1.32
                           RuntimePackRuntimeIdentifiers = win-x64;win-x86
                           RuntimePackNamePatterns = Microsoft.WindowsDesktop.App.Runtime.**RID**
                           TargetingPackVersion = 3.1.0
                           RuntimeFrameworkName = Microsoft.WindowsDesktop.App
                       Microsoft.WindowsDesktop.App
                           TargetFramework = net9.0
                           DefaultRuntimeFrameworkVersion = 9.0.0
                           TargetingPackName = Microsoft.WindowsDesktop.App.Ref
                           IsWindowsOnly = true
                           LatestRuntimeFrameworkVersion = 9.0.0
                           RuntimePackRuntimeIdentifiers = win-x64;win-x86;win-arm64
                           RuntimePackNamePatterns = Microsoft.WindowsDesktop.App.Runtime.**RID**
                           TargetingPackVersion = 9.0.0
                           RuntimeFrameworkName = Microsoft.WindowsDesktop.App
                       Microsoft.WindowsDesktop.App
                           TargetFramework = net5.0
                           DefaultRuntimeFrameworkVersion = 5.0.0
                           TargetingPackName = Microsoft.WindowsDesktop.App.Ref
                           IsWindowsOnly = true
                           LatestRuntimeFrameworkVersion = 5.0.17
                           RuntimePackRuntimeIdentifiers = win-x64;win-x86;win-arm64
                           RuntimePackNamePatterns = Microsoft.WindowsDesktop.App.Runtime.**RID**
                           TargetingPackVersion = 5.0.0
                           RuntimeFrameworkName = Microsoft.WindowsDesktop.App
                       Microsoft.WindowsDesktop.App
                           TargetFramework = net7.0
                           DefaultRuntimeFrameworkVersion = 7.0.0
                           TargetingPackName = Microsoft.WindowsDesktop.App.Ref
                           IsWindowsOnly = true
                           LatestRuntimeFrameworkVersion = 7.0.20
                           RuntimePackRuntimeIdentifiers = win-x64;win-x86;win-arm64
                           RuntimePackNamePatterns = Microsoft.WindowsDesktop.App.Runtime.**RID**
                           TargetingPackVersion = 7.0.20
                           RuntimeFrameworkName = Microsoft.WindowsDesktop.App
                       Microsoft.WindowsDesktop.App
                           TargetFramework = net8.0
                           DefaultRuntimeFrameworkVersion = 8.0.0
                           TargetingPackName = Microsoft.WindowsDesktop.App.Ref
                           IsWindowsOnly = true
                           LatestRuntimeFrameworkVersion = 8.0.11
                           RuntimePackRuntimeIdentifiers = win-x64;win-x86;win-arm64
                           RuntimePackNamePatterns = Microsoft.WindowsDesktop.App.Runtime.**RID**
                           TargetingPackVersion = 8.0.11
                           RuntimeFrameworkName = Microsoft.WindowsDesktop.App
                       Microsoft.WindowsDesktop.App
                           TargetFramework = netcoreapp3.0
                           DefaultRuntimeFrameworkVersion = 3.0.0
                           TargetingPackName = Microsoft.WindowsDesktop.App.Ref
                           IsWindowsOnly = true
                           LatestRuntimeFrameworkVersion = 3.0.3
                           RuntimePackRuntimeIdentifiers = win-x64;win-x86
                           RuntimePackNamePatterns = Microsoft.WindowsDesktop.App.Runtime.**RID**
                           TargetingPackVersion = 3.0.0
                           RuntimeFrameworkName = Microsoft.WindowsDesktop.App
                       Microsoft.WindowsDesktop.App
                           TargetFramework = net6.0
                           DefaultRuntimeFrameworkVersion = 6.0.0
                           TargetingPackName = Microsoft.WindowsDesktop.App.Ref
                           IsWindowsOnly = true
                           LatestRuntimeFrameworkVersion = 6.0.36
                           RuntimePackRuntimeIdentifiers = win-x64;win-x86;win-arm64
                           RuntimePackNamePatterns = Microsoft.WindowsDesktop.App.Runtime.**RID**
                           TargetingPackVersion = 6.0.36
                           RuntimeFrameworkName = Microsoft.WindowsDesktop.App
                       Microsoft.WindowsDesktop.App.WindowsForms
                           TargetFramework = net9.0
                           DefaultRuntimeFrameworkVersion = 9.0.0
                           TargetingPackName = Microsoft.WindowsDesktop.App.Ref
                           IsWindowsOnly = true
                           LatestRuntimeFrameworkVersion = 9.0.0
                           RuntimePackRuntimeIdentifiers = win-x64;win-x86;win-arm64
                           RuntimePackNamePatterns = Microsoft.WindowsDesktop.App.Runtime.**RID**
                           TargetingPackVersion = 9.0.0
                           Profile = WindowsForms
                           RuntimeFrameworkName = Microsoft.WindowsDesktop.App
                       Microsoft.WindowsDesktop.App.WindowsForms
                           TargetFramework = net5.0
                           DefaultRuntimeFrameworkVersion = 5.0.0
                           TargetingPackName = Microsoft.WindowsDesktop.App.Ref
                           IsWindowsOnly = true
                           LatestRuntimeFrameworkVersion = 5.0.17
                           RuntimePackRuntimeIdentifiers = win-x64;win-x86;win-arm64
                           RuntimePackNamePatterns = Microsoft.WindowsDesktop.App.Runtime.**RID**
                           TargetingPackVersion = 5.0.0
                           Profile = WindowsForms
                           RuntimeFrameworkName = Microsoft.WindowsDesktop.App
                       Microsoft.WindowsDesktop.App.WindowsForms
                           TargetFramework = netcoreapp3.0
                           DefaultRuntimeFrameworkVersion = 3.0.0
                           TargetingPackName = Microsoft.WindowsDesktop.App.Ref
                           IsWindowsOnly = true
                           LatestRuntimeFrameworkVersion = 3.0.3
                           RuntimePackRuntimeIdentifiers = win-x64;win-x86
                           RuntimePackNamePatterns = Microsoft.WindowsDesktop.App.Runtime.**RID**
                           TargetingPackVersion = 3.0.0
                           Profile = WindowsForms
                           RuntimeFrameworkName = Microsoft.WindowsDesktop.App
                       Microsoft.WindowsDesktop.App.WindowsForms
                           TargetFramework = net8.0
                           DefaultRuntimeFrameworkVersion = 8.0.0
                           TargetingPackName = Microsoft.WindowsDesktop.App.Ref
                           IsWindowsOnly = true
                           LatestRuntimeFrameworkVersion = 8.0.11
                           RuntimePackRuntimeIdentifiers = win-x64;win-x86;win-arm64
                           RuntimePackNamePatterns = Microsoft.WindowsDesktop.App.Runtime.**RID**
                           TargetingPackVersion = 8.0.11
                           Profile = WindowsForms
                           RuntimeFrameworkName = Microsoft.WindowsDesktop.App
                       Microsoft.WindowsDesktop.App.WindowsForms
                           TargetFramework = net7.0
                           DefaultRuntimeFrameworkVersion = 7.0.0
                           TargetingPackName = Microsoft.WindowsDesktop.App.Ref
                           IsWindowsOnly = true
                           LatestRuntimeFrameworkVersion = 7.0.20
                           RuntimePackRuntimeIdentifiers = win-x64;win-x86;win-arm64
                           RuntimePackNamePatterns = Microsoft.WindowsDesktop.App.Runtime.**RID**
                           TargetingPackVersion = 7.0.20
                           Profile = WindowsForms
                           RuntimeFrameworkName = Microsoft.WindowsDesktop.App
                       Microsoft.WindowsDesktop.App.WindowsForms
                           TargetFramework = net6.0
                           DefaultRuntimeFrameworkVersion = 6.0.0
                           TargetingPackName = Microsoft.WindowsDesktop.App.Ref
                           IsWindowsOnly = true
                           LatestRuntimeFrameworkVersion = 6.0.36
                           RuntimePackRuntimeIdentifiers = win-x64;win-x86;win-arm64
                           RuntimePackNamePatterns = Microsoft.WindowsDesktop.App.Runtime.**RID**
                           TargetingPackVersion = 6.0.36
                           Profile = WindowsForms
                           RuntimeFrameworkName = Microsoft.WindowsDesktop.App
                       Microsoft.WindowsDesktop.App.WindowsForms
                           TargetFramework = netcoreapp3.1
                           DefaultRuntimeFrameworkVersion = 3.1.0
                           TargetingPackName = Microsoft.WindowsDesktop.App.Ref
                           IsWindowsOnly = true
                           LatestRuntimeFrameworkVersion = 3.1.32
                           RuntimePackRuntimeIdentifiers = win-x64;win-x86
                           RuntimePackNamePatterns = Microsoft.WindowsDesktop.App.Runtime.**RID**
                           TargetingPackVersion = 3.1.0
                           Profile = WindowsForms
                           RuntimeFrameworkName = Microsoft.WindowsDesktop.App
                       Microsoft.WindowsDesktop.App.WPF
                           TargetFramework = netcoreapp3.0
                           DefaultRuntimeFrameworkVersion = 3.0.0
                           TargetingPackName = Microsoft.WindowsDesktop.App.Ref
                           IsWindowsOnly = true
                           LatestRuntimeFrameworkVersion = 3.0.3
                           RuntimePackRuntimeIdentifiers = win-x64;win-x86
                           RuntimePackNamePatterns = Microsoft.WindowsDesktop.App.Runtime.**RID**
                           TargetingPackVersion = 3.0.0
                           Profile = WPF
                           RuntimeFrameworkName = Microsoft.WindowsDesktop.App
                       Microsoft.WindowsDesktop.App.WPF
                           TargetFramework = net6.0
                           DefaultRuntimeFrameworkVersion = 6.0.0
                           TargetingPackName = Microsoft.WindowsDesktop.App.Ref
                           IsWindowsOnly = true
                           LatestRuntimeFrameworkVersion = 6.0.36
                           RuntimePackRuntimeIdentifiers = win-x64;win-x86;win-arm64
                           RuntimePackNamePatterns = Microsoft.WindowsDesktop.App.Runtime.**RID**
                           TargetingPackVersion = 6.0.36
                           Profile = WPF
                           RuntimeFrameworkName = Microsoft.WindowsDesktop.App
                       Microsoft.WindowsDesktop.App.WPF
                           TargetFramework = net5.0
                           DefaultRuntimeFrameworkVersion = 5.0.0
                           TargetingPackName = Microsoft.WindowsDesktop.App.Ref
                           IsWindowsOnly = true
                           LatestRuntimeFrameworkVersion = 5.0.17
                           RuntimePackRuntimeIdentifiers = win-x64;win-x86;win-arm64
                           RuntimePackNamePatterns = Microsoft.WindowsDesktop.App.Runtime.**RID**
                           TargetingPackVersion = 5.0.0
                           Profile = WPF
                           RuntimeFrameworkName = Microsoft.WindowsDesktop.App
                       Microsoft.WindowsDesktop.App.WPF
                           TargetFramework = net7.0
                           DefaultRuntimeFrameworkVersion = 7.0.0
                           TargetingPackName = Microsoft.WindowsDesktop.App.Ref
                           IsWindowsOnly = true
                           LatestRuntimeFrameworkVersion = 7.0.20
                           RuntimePackRuntimeIdentifiers = win-x64;win-x86;win-arm64
                           RuntimePackNamePatterns = Microsoft.WindowsDesktop.App.Runtime.**RID**
                           TargetingPackVersion = 7.0.20
                           Profile = WPF
                           RuntimeFrameworkName = Microsoft.WindowsDesktop.App
                       Microsoft.WindowsDesktop.App.WPF
                           TargetFramework = net8.0
                           DefaultRuntimeFrameworkVersion = 8.0.0
                           TargetingPackName = Microsoft.WindowsDesktop.App.Ref
                           IsWindowsOnly = true
                           LatestRuntimeFrameworkVersion = 8.0.11
                           RuntimePackRuntimeIdentifiers = win-x64;win-x86;win-arm64
                           RuntimePackNamePatterns = Microsoft.WindowsDesktop.App.Runtime.**RID**
                           TargetingPackVersion = 8.0.11
                           Profile = WPF
                           RuntimeFrameworkName = Microsoft.WindowsDesktop.App
                       Microsoft.WindowsDesktop.App.WPF
                           TargetFramework = net9.0
                           DefaultRuntimeFrameworkVersion = 9.0.0
                           TargetingPackName = Microsoft.WindowsDesktop.App.Ref
                           IsWindowsOnly = true
                           LatestRuntimeFrameworkVersion = 9.0.0
                           RuntimePackRuntimeIdentifiers = win-x64;win-x86;win-arm64
                           RuntimePackNamePatterns = Microsoft.WindowsDesktop.App.Runtime.**RID**
                           TargetingPackVersion = 9.0.0
                           Profile = WPF
                           RuntimeFrameworkName = Microsoft.WindowsDesktop.App
                       Microsoft.WindowsDesktop.App.WPF
                           TargetFramework = netcoreapp3.1
                           DefaultRuntimeFrameworkVersion = 3.1.0
                           TargetingPackName = Microsoft.WindowsDesktop.App.Ref
                           IsWindowsOnly = true
                           LatestRuntimeFrameworkVersion = 3.1.32
                           RuntimePackRuntimeIdentifiers = win-x64;win-x86
                           RuntimePackNamePatterns = Microsoft.WindowsDesktop.App.Runtime.**RID**
                           TargetingPackVersion = 3.1.0
                           Profile = WPF
                           RuntimeFrameworkName = Microsoft.WindowsDesktop.App
                       NETStandard.Library
                           TargetFramework = netstandard2.1
                           TargetingPackName = NETStandard.Library.Ref
                           TargetingPackVersion = 2.1.0
                   KnownILCompilerPack
                       Microsoft.DotNet.ILCompiler
                           ILCompilerPackNamePattern = runtime.**RID**.Microsoft.DotNet.ILCompiler
                           TargetFramework = net9.0
                           ILCompilerPackVersion = 9.0.0
                           ILCompilerRuntimeIdentifiers = linux-arm64;linux-musl-arm64;linux-musl-x64;linux-x64;win-arm64;win-x64;osx-x64;osx-arm64;freebsd-x64;freebsd-arm64;linux-arm;linux-musl-arm;win-x86
                       Microsoft.DotNet.ILCompiler
                           ILCompilerPackNamePattern = runtime.**RID**.Microsoft.DotNet.ILCompiler
                           TargetFramework = net8.0
                           ILCompilerPackVersion = 8.0.11
                           ILCompilerRuntimeIdentifiers = linux-arm64;linux-musl-arm64;linux-musl-x64;linux-x64;win-arm64;win-x64;osx-x64;osx-arm64;freebsd-x64;freebsd-arm64
                       Microsoft.DotNet.ILCompiler
                           ILCompilerPackNamePattern = runtime.**RID**.Microsoft.DotNet.ILCompiler
                           TargetFramework = net7.0
                           ILCompilerPackVersion = 7.0.20
                           ILCompilerRuntimeIdentifiers = linux-arm64;linux-musl-arm64;linux-musl-x64;linux-x64;win-arm64;win-x64
                   KnownILLinkPack
                       Microsoft.NET.ILLink.Tasks
                           TargetFramework = net9.0
                           ILLinkPackVersion = 9.0.0
                       Microsoft.NET.ILLink.Tasks
                           TargetFramework = net8.0
                           ILLinkPackVersion = 8.0.11
                       Microsoft.NET.ILLink.Tasks
                           TargetFramework = net7.0
                           ILLinkPackVersion = 7.0.100-1.23211.1
                       Microsoft.NET.ILLink.Tasks
                           TargetFramework = net6.0
                           ILLinkPackVersion = 7.0.100-1.23211.1
                       Microsoft.NET.ILLink.Tasks
                           TargetFramework = net5.0
                           ILLinkPackVersion = 7.0.100-1.23211.1
                       Microsoft.NET.ILLink.Tasks
                           TargetFramework = netcoreapp3.1
                           ILLinkPackVersion = 7.0.100-1.23211.1
                       Microsoft.NET.ILLink.Tasks
                           TargetFramework = netcoreapp3.0
                           ILLinkPackVersion = 7.0.100-1.23211.1
                   KnownRuntimePack
                       Microsoft.NETCore.App
                           TargetFramework = net9.0
                           LatestRuntimeFrameworkVersion = 9.0.0
                           RuntimePackRuntimeIdentifiers = ios-arm64;iossimulator-arm64;iossimulator-x64;tvos-arm64;tvossimulator-arm64;tvossimulator-x64;maccatalyst-arm64;maccatalyst-x64;linux-bionic-arm64;linux-bionic-x64;osx-arm64;osx-x64;freebsd-arm64;freebsd-x64;linux-x64;linux-arm;linux-arm64;linux-bionic-arm;linux-musl-x64;linux-musl-arm;linux-musl-arm64;win-x64;win-x86;win-arm64;browser-wasm;wasi-wasm
                           RuntimePackNamePatterns = Microsoft.NETCore.App.Runtime.NativeAOT.**RID**
                           RuntimePackLabels = NativeAOT
                           RuntimeFrameworkName = Microsoft.NETCore.App
                       Microsoft.NETCore.App
                           TargetFramework = net9.0
                           LatestRuntimeFrameworkVersion = 9.0.0
                           RuntimePackRuntimeIdentifiers = linux-arm;linux-arm64;linux-musl-arm64;linux-musl-x64;linux-x64;osx-x64;rhel.6-x64;win-arm64;win-x64;win-x86;linux-musl-arm;osx-arm64;linux-s390x;linux-loongarch64;browser-wasm;ios-arm64;ios-arm;iossimulator-arm64;iossimulator-x64;iossimulator-x86;tvos-arm64;tvossimulator-arm64;tvossimulator-x64;maccatalyst-x64;maccatalyst-arm64;android-arm64;android-arm;android-x64;android-x86;freebsd-x64;freebsd-arm64;linux-riscv64;linux-musl-riscv64;linux-loongarch64;linux-musl-loongarch64
                           RuntimePackNamePatterns = Microsoft.NETCore.App.Runtime.Mono.**RID**
                           RuntimePackLabels = Mono
                           RuntimeFrameworkName = Microsoft.NETCore.App
                       Microsoft.NETCore.App
                           TargetFramework = net8.0
                           LatestRuntimeFrameworkVersion = 8.0.11
                           RuntimePackRuntimeIdentifiers = ios-arm64;iossimulator-arm64;iossimulator-x64;tvos-arm64;tvossimulator-arm64;tvossimulator-x64;maccatalyst-arm64;maccatalyst-x64;linux-bionic-arm64;linux-bionic-x64;osx-arm64;osx-x64;freebsd-arm64;freebsd-x64
                           RuntimePackNamePatterns = Microsoft.NETCore.App.Runtime.NativeAOT.**RID**
                           RuntimePackLabels = NativeAOT
                           RuntimeFrameworkName = Microsoft.NETCore.App
                       Microsoft.NETCore.App
                           TargetFramework = net8.0
                           LatestRuntimeFrameworkVersion = 8.0.11
                           RuntimePackRuntimeIdentifiers = linux-arm;linux-arm64;linux-musl-arm64;linux-musl-x64;linux-x64;osx-x64;rhel.6-x64;win-arm64;win-x64;win-x86;linux-musl-arm;osx-arm64;linux-s390x;linux-loongarch64;browser-wasm;ios-arm64;ios-arm;iossimulator-arm64;iossimulator-x64;iossimulator-x86;tvos-arm64;tvossimulator-arm64;tvossimulator-x64;maccatalyst-x64;maccatalyst-arm64;android-arm64;android-arm;android-x64;android-x86;freebsd-x64;freebsd-arm64
                           RuntimePackNamePatterns = Microsoft.NETCore.App.Runtime.Mono.**RID**
                           RuntimePackLabels = Mono
                           RuntimeFrameworkName = Microsoft.NETCore.App
                       Microsoft.NETCore.App
                           TargetFramework = net7.0
                           LatestRuntimeFrameworkVersion = 7.0.20
                           RuntimePackRuntimeIdentifiers = linux-arm;linux-arm64;linux-musl-arm64;linux-musl-x64;linux-x64;osx-x64;rhel.6-x64;win-arm;win-arm64;win-x64;win-x86;linux-musl-arm;osx-arm64;linux-s390x;linux-loongarch64;browser-wasm;ios-arm64;ios-arm;iossimulator-arm64;iossimulator-x64;iossimulator-x86;tvos-arm64;tvossimulator-arm64;tvossimulator-x64;maccatalyst-x64;maccatalyst-arm64;android-arm64;android-arm;android-x64;android-x86
                           RuntimePackNamePatterns = Microsoft.NETCore.App.Runtime.Mono.**RID**
                           RuntimePackLabels = Mono
                           RuntimeFrameworkName = Microsoft.NETCore.App
                       Microsoft.NETCore.App
                           TargetFramework = net6.0
                           LatestRuntimeFrameworkVersion = 6.0.36
                           RuntimePackRuntimeIdentifiers = linux-arm;linux-arm64;linux-musl-arm64;linux-musl-x64;linux-x64;osx-x64;rhel.6-x64;win-arm;win-arm64;win-x64;win-x86;linux-musl-arm;osx-arm64;linux-s390x;linux-loongarch64;browser-wasm;ios-arm64;ios-arm;iossimulator-arm64;iossimulator-x64;iossimulator-x86;tvos-arm64;tvossimulator-arm64;tvossimulator-x64;maccatalyst-x64;maccatalyst-arm64;android-arm64;android-arm;android-x64;android-x86
                           RuntimePackNamePatterns = Microsoft.NETCore.App.Runtime.Mono.**RID**
                           RuntimePackLabels = Mono
                           RuntimeFrameworkName = Microsoft.NETCore.App
                   KnownWebAssemblySdkPack
                       Microsoft.NET.Sdk.WebAssembly.Pack
                           TargetFramework = net9.0
                           WebAssemblySdkPackVersion = 9.0.0
                       Microsoft.NET.Sdk.WebAssembly.Pack
                           TargetFramework = net8.0
                           WebAssemblySdkPackVersion = 9.0.0
                       Microsoft.NET.Sdk.WebAssembly.Pack
                           TargetFramework = net7.0
                           WebAssemblySdkPackVersion = 9.0.0
                       Microsoft.NET.Sdk.WebAssembly.Pack
                           TargetFramework = net6.0
                           WebAssemblySdkPackVersion = 9.0.0
                   PackageConflictOverrides
                       NETStandard.Library
                           OverriddenPackages = 
                           Microsoft.Win32.Primitives|4.3.0;
                           System.AppContext|4.3.0;
                           System.Collections|4.3.0;
                           System.Collections.Concurrent|4.3.0;
                           System.Collections.Immutable|1.4.0;
                           System.Collections.NonGeneric|4.3.0;
                           System.Collections.Specialized|4.3.0;
                           System.ComponentModel|4.3.0;
                           System.ComponentModel.EventBasedAsync|4.3.0;
                           System.ComponentModel.Primitives|4.3.0;
                           System.ComponentModel.TypeConverter|4.3.0;
                           System.Console|4.3.0;
                           System.Data.Common|4.3.0;
                           System.Diagnostics.Contracts|4.3.0;
                           System.Diagnostics.Debug|4.3.0;
                           System.Diagnostics.FileVersionInfo|4.3.0;
                           System.Diagnostics.Process|4.3.0;
                           System.Diagnostics.StackTrace|4.3.0;
                           System.Diagnostics.TextWriterTraceListener|4.3.0;
                           System.Diagnostics.Tools|4.3.0;
                           System.Diagnostics.TraceSource|4.3.0;
                           System.Diagnostics.Tracing|4.3.0;
                           System.Dynamic.Runtime|4.3.0;
                           System.Globalization|4.3.0;
                           System.Globalization.Calendars|4.3.0;
                           System.Globalization.Extensions|4.3.0;
                           System.IO|4.3.0;
                           System.IO.Compression|4.3.0;
                           System.IO.Compression.ZipFile|4.3.0;
                           System.IO.FileSystem|4.3.0;
                           System.IO.FileSystem.DriveInfo|4.3.0;
                           System.IO.FileSystem.Primitives|4.3.0;
                           System.IO.FileSystem.Watcher|4.3.0;
                           System.IO.IsolatedStorage|4.3.0;
                           System.IO.MemoryMappedFiles|4.3.0;
                           System.IO.Pipes|4.3.0;
                           System.IO.UnmanagedMemoryStream|4.3.0;
                           System.Linq|4.3.0;
                           System.Linq.Expressions|4.3.0;
                           System.Linq.Queryable|4.3.0;
                           System.Net.Http|4.3.0;
                           System.Net.NameResolution|4.3.0;
                           System.Net.Primitives|4.3.0;
                           System.Net.Requests|4.3.0;
                           System.Net.Security|4.3.0;
                           System.Net.Sockets|4.3.0;
                           System.Net.WebHeaderCollection|4.3.0;
                           System.ObjectModel|4.3.0;
                           System.Private.DataContractSerialization|4.3.0;
                           System.Reflection|4.3.0;
                           System.Reflection.Emit|4.3.0;
                           System.Reflection.Emit.ILGeneration|4.3.0;
                           System.Reflection.Emit.Lightweight|4.3.0;
                           System.Reflection.Extensions|4.3.0;
                           System.Reflection.Primitives|4.3.0;
                           System.Reflection.TypeExtensions|4.3.0;
                           System.Resources.ResourceManager|4.3.0;
                           System.Runtime|4.3.0;
                           System.Runtime.Extensions|4.3.0;
                           System.Runtime.Handles|4.3.0;
                           System.Runtime.InteropServices|4.3.0;
                           System.Runtime.InteropServices.RuntimeInformation|4.3.0;
                           System.Runtime.Loader|4.3.0;
                           System.Runtime.Numerics|4.3.0;
                           System.Runtime.Serialization.Formatters|4.3.0;
                           System.Runtime.Serialization.Json|4.3.0;
                           System.Runtime.Serialization.Primitives|4.3.0;
                           System.Security.AccessControl|4.4.0;
                           System.Security.Claims|4.3.0;
                           System.Security.Cryptography.Algorithms|4.3.0;
                           System.Security.Cryptography.Csp|4.3.0;
                           System.Security.Cryptography.Encoding|4.3.0;
                           System.Security.Cryptography.Primitives|4.3.0;
                           System.Security.Cryptography.X509Certificates|4.3.0;
                           System.Security.Cryptography.Xml|4.4.0;
                           System.Security.Principal|4.3.0;
                           System.Security.Principal.Windows|4.4.0;
                           System.Text.Encoding|4.3.0;
                           System.Text.Encoding.Extensions|4.3.0;
                           System.Text.RegularExpressions|4.3.0;
                           System.Threading|4.3.0;
                           System.Threading.Overlapped|4.3.0;
                           System.Threading.Tasks|4.3.0;
                           System.Threading.Tasks.Extensions|4.3.0;
                           System.Threading.Tasks.Parallel|4.3.0;
                           System.Threading.Thread|4.3.0;
                           System.Threading.ThreadPool|4.3.0;
                           System.Threading.Timer|4.3.0;
                           System.ValueTuple|4.3.0;
                           System.Xml.ReaderWriter|4.3.0;
                           System.Xml.XDocument|4.3.0;
                           System.Xml.XmlDocument|4.3.0;
                           System.Xml.XmlSerializer|4.3.0;
                           System.Xml.XPath|4.3.0;
                           System.Xml.XPath.XDocument|4.3.0;
                         
                   PackageReference
                       Microsoft.AspNetCore.Mvc.Testing
                           Version = 8.0.8
                       Microsoft.EntityFrameworkCore.InMemory
                           Version = 8.0.8
                       Microsoft.NET.Test.Sdk
                           Version = 17.12.0
                       Moq
                           Version = 4.20.72
                       MSTest.TestAdapter
                           Version = 3.6.4
                       MSTest.TestFramework
                           Version = 3.6.4
                   PotentialEditorConfigFiles
                       C:\.editorconfig
                       C:\Users\.editorconfig
                       C:\Users\austi\.editorconfig
                       C:\Users\austi\OneDrive\.editorconfig
                       C:\Users\austi\OneDrive\Documents\.editorconfig
                       C:\Users\austi\OneDrive\Documents\CSCD Spring25\.editorconfig
                       C:\Users\austi\OneDrive\Documents\CSCD Spring25\Hackathon-2025\.editorconfig
                       C:\Users\austi\OneDrive\Documents\CSCD Spring25\Hackathon-2025\Hackathon-2025.Tests\.editorconfig
                       C:\Users\austi\OneDrive\Documents\CSCD Spring25\Hackathon-2025\Hackathon-2025.Tests\Controllers\.editorconfig
                       C:\Users\austi\OneDrive\Documents\CSCD Spring25\Hackathon-2025\Hackathon-2025.Tests\Models\.editorconfig
                       C:\Users\austi\OneDrive\Documents\CSCD Spring25\Hackathon-2025\Hackathon-2025.Tests\Utils\.editorconfig
                   PreprocessorValue
                       assemblyname
                           Value = Hackathon-2025.Tests
                       filename
                           Value = Hackathon-2025.Tests.csproj
                       fullpath
                           Value = C:\Users\austi\OneDrive\Documents\CSCD Spring25\Hackathon-2025\Hackathon-2025.Tests
                       outputfilename
                           Value = Hackathon-2025.Tests.dll
                       rootnamespace
                           Value = Hackathon_2025.Tests
                   ProjectCapability
                       AllTargetOutputGroups
                       AssemblyReferences
                       COMReferences
                       CSharp
                       DeclaredSourceItems
                       GenerateDocumentationFile
                       LanguageService
                       Managed
                       NativeAOT
                       NetSdkOCIImageBuild
                       OutputGroups
                       Pack
                       ProjectReferences
                       ReferencesFolder
                       RelativePathDerivedDefaultNamespace
                       SharedProjectReferences
                       SingleFileGenerators
                       SupportsComputeRunCommand
                       SupportsHotReload
                       UserSourceItems
                       VisualStudioWellKnownOutputGroups
                   ProjectReference
                       ..\Hackathon-2025\Hackathon-2025.csproj
                           ReferenceSourceTarget = ProjectReference
                           OutputItemType = 
                           Targets = 
                   PropertyPageSchema
                       C:\Program Files\dotnet\sdk\9.0.100\\assemblyreference.xaml
                           Context = ;BrowseObject
                       C:\Program Files\dotnet\sdk\9.0.100\\COMReference.xaml
                           Context = ;BrowseObject
                       C:\Program Files\dotnet\sdk\9.0.100\\Content.xaml
                           Context = File;BrowseObject
                       C:\Program Files\dotnet\sdk\9.0.100\\CSharp.BrowseObject.xaml
                           Context = BrowseObject
                       C:\Program Files\dotnet\sdk\9.0.100\\CSharp.ProjectItemsSchema.xaml
                       C:\Program Files\dotnet\sdk\9.0.100\\CSharp.xaml
                           Context = File
                       C:\Program Files\dotnet\sdk\9.0.100\\Debugger_General.xaml
                           Context = Project
                       C:\Program Files\dotnet\sdk\9.0.100\\EmbeddedResource.xaml
                           Context = File;BrowseObject
                       C:\Program Files\dotnet\sdk\9.0.100\\Folder.xaml
                           Context = File;BrowseObject
                       C:\Program Files\dotnet\sdk\9.0.100\\General_File.xaml
                           Context = File
                       C:\Program Files\dotnet\sdk\9.0.100\\General.BrowseObject.xaml
                           Context = BrowseObject
                       C:\Program Files\dotnet\sdk\9.0.100\\General.xaml
                           Context = Project
                       C:\Program Files\dotnet\sdk\9.0.100\\None.xaml
                           Context = File;BrowseObject
                       C:\Program Files\dotnet\sdk\9.0.100\\ProjectItemsSchema.xaml
                       C:\Program Files\dotnet\sdk\9.0.100\\ProjectReference.xaml
                           Context = ;BrowseObject
                       C:\Program Files\dotnet\sdk\9.0.100\\ResolvedAssemblyReference.xaml
                           Context = ProjectSubscriptionService;BrowseObject
                       C:\Program Files\dotnet\sdk\9.0.100\\ResolvedCOMReference.xaml
                           Context = ProjectSubscriptionService;BrowseObject
                       C:\Program Files\dotnet\sdk\9.0.100\\ResolvedProjectReference.xaml
                           Context = ProjectSubscriptionService;BrowseObject
                       C:\Program Files\dotnet\sdk\9.0.100\\SCC.xaml
                           Context = Invisible
                       C:\Program Files\dotnet\sdk\9.0.100\\SpecialFolder.xaml
                           Context = File;ProjectSubscriptionService
                   RegFreeComManifest
                       obj\Debug\net8.0\Hackathon-2025.Tests.X.manifest
                   RuntimeHostConfigurationOption
                       System.Runtime.Serialization.EnableUnsafeBinaryFormatterSerialization
                           Value = false
                           Trim = true
                   SdkSupportedTargetPlatformIdentifier
                       android
                           DisplayName = Android
                       ios
                           DisplayName = iOS
                       maccatalyst
                           DisplayName = MacCatalyst
                       macos
                           DisplayName = macOS
                       tvos
                           DisplayName = tvOS
                       windows
                           DisplayName = Windows
                   SourceLinkAzureReposGitHost
                       dev.azure.com
                       visualstudio.com
                       vsts.me
                   SourceLinkBitbucketGitHost
                       bitbucket.org
                           EnterpriseEdition = false
                   SourceLinkGitHubHost
                       github.com
                           ContentUrl = https://raw.githubusercontent.com
                   SourceLinkGitLabHost
                       gitlab.com
                   SupportedNETCoreAppTargetFramework
                       .NETCoreApp,Version=v1.0
                           DisplayName = .NET Core 1.0
                           Alias = netcoreapp1.0
                       .NETCoreApp,Version=v1.1
                           DisplayName = .NET Core 1.1
                           Alias = netcoreapp1.1
                       .NETCoreApp,Version=v2.0
                           DisplayName = .NET Core 2.0
                           Alias = netcoreapp2.0
                       .NETCoreApp,Version=v2.1
                           DisplayName = .NET Core 2.1
                           Alias = netcoreapp2.1
                       .NETCoreApp,Version=v2.2
                           DisplayName = .NET Core 2.2
                           Alias = netcoreapp2.2
                       .NETCoreApp,Version=v3.0
                           DisplayName = .NET Core 3.0
                           Alias = netcoreapp3.0
                       .NETCoreApp,Version=v3.1
                           DisplayName = .NET Core 3.1
                           Alias = netcoreapp3.1
                       .NETCoreApp,Version=v5.0
                           DisplayName = .NET 5.0
                           Alias = net5.0
                       .NETCoreApp,Version=v6.0
                           DisplayName = .NET 6.0
                           Alias = net6.0
                       .NETCoreApp,Version=v7.0
                           DisplayName = .NET 7.0
                           Alias = net7.0
                       .NETCoreApp,Version=v8.0
                           DisplayName = .NET 8.0
                           Alias = net8.0
                       .NETCoreApp,Version=v9.0
                           DisplayName = .NET 9.0
                           Alias = net9.0
                   SupportedNETFrameworkTargetFramework
                       .NETFramework,Version=v2.0
                           DisplayName = .NET Framework 2.0
                           Alias = net20
                       .NETFramework,Version=v3.0
                           DisplayName = .NET Framework 3.0
                           Alias = net30
                       .NETFramework,Version=v3.5
                           DisplayName = .NET Framework 3.5
                           Alias = net35
                       .NETFramework,Version=v4.0
                           DisplayName = .NET Framework 4.0
                           Alias = net40
                       .NETFramework,Version=v4.5
                           DisplayName = .NET Framework 4.5
                           Alias = net45
                       .NETFramework,Version=v4.5.1
                           DisplayName = .NET Framework 4.5.1
                           Alias = net451
                       .NETFramework,Version=v4.5.2
                           DisplayName = .NET Framework 4.5.2
                           Alias = net452
                       .NETFramework,Version=v4.6
                           DisplayName = .NET Framework 4.6
                           Alias = net46
                       .NETFramework,Version=v4.6.1
                           DisplayName = .NET Framework 4.6.1
                           Alias = net461
                       .NETFramework,Version=v4.6.2
                           DisplayName = .NET Framework 4.6.2
                           Alias = net462
                       .NETFramework,Version=v4.7
                           DisplayName = .NET Framework 4.7
                           Alias = net47
                       .NETFramework,Version=v4.7.1
                           DisplayName = .NET Framework 4.7.1
                           Alias = net471
                       .NETFramework,Version=v4.7.2
                           DisplayName = .NET Framework 4.7.2
                           Alias = net472
                       .NETFramework,Version=v4.8
                           DisplayName = .NET Framework 4.8
                           Alias = net48
                       .NETFramework,Version=v4.8.1
                           DisplayName = .NET Framework 4.8.1
                           Alias = net481
                   SupportedNETStandardTargetFramework
                       .NETStandard,Version=v1.0
                           DisplayName = .NET Standard 1.0
                           Alias = netstandard1.0
                       .NETStandard,Version=v1.1
                           DisplayName = .NET Standard 1.1
                           Alias = netstandard1.1
                       .NETStandard,Version=v1.2
                           DisplayName = .NET Standard 1.2
                           Alias = netstandard1.2
                       .NETStandard,Version=v1.3
                           DisplayName = .NET Standard 1.3
                           Alias = netstandard1.3
                       .NETStandard,Version=v1.4
                           DisplayName = .NET Standard 1.4
                           Alias = netstandard1.4
                       .NETStandard,Version=v1.5
                           DisplayName = .NET Standard 1.5
                           Alias = netstandard1.5
                       .NETStandard,Version=v1.6
                           DisplayName = .NET Standard 1.6
                           Alias = netstandard1.6
                       .NETStandard,Version=v2.0
                           DisplayName = .NET Standard 2.0
                           Alias = netstandard2.0
                       .NETStandard,Version=v2.1
                           DisplayName = .NET Standard 2.1
                           Alias = netstandard2.1
                   SupportedPlatform
                       Linux
                       macOS
                       Windows
                   SupportedTargetFramework
                       .NETCoreApp,Version=v1.0
                           DisplayName = .NET Core 1.0
                           Alias = netcoreapp1.0
                       .NETCoreApp,Version=v1.1
                           DisplayName = .NET Core 1.1
                           Alias = netcoreapp1.1
                       .NETCoreApp,Version=v2.0
                           DisplayName = .NET Core 2.0
                           Alias = netcoreapp2.0
                       .NETCoreApp,Version=v2.1
                           DisplayName = .NET Core 2.1
                           Alias = netcoreapp2.1
                       .NETCoreApp,Version=v2.2
                           DisplayName = .NET Core 2.2
                           Alias = netcoreapp2.2
                       .NETCoreApp,Version=v3.0
                           DisplayName = .NET Core 3.0
                           Alias = netcoreapp3.0
                       .NETCoreApp,Version=v3.1
                           DisplayName = .NET Core 3.1
                           Alias = netcoreapp3.1
                       .NETCoreApp,Version=v5.0
                           DisplayName = .NET 5.0
                           Alias = net5.0
                       .NETCoreApp,Version=v6.0
                           DisplayName = .NET 6.0
                           Alias = net6.0
                       .NETCoreApp,Version=v7.0
                           DisplayName = .NET 7.0
                           Alias = net7.0
                       .NETCoreApp,Version=v8.0
                           DisplayName = .NET 8.0
                           Alias = net8.0
                       .NETCoreApp,Version=v9.0
                           DisplayName = .NET 9.0
                           Alias = net9.0
                       .NETFramework,Version=v2.0
                           DisplayName = .NET Framework 2.0
                           Alias = net20
                       .NETFramework,Version=v3.0
                           DisplayName = .NET Framework 3.0
                           Alias = net30
                       .NETFramework,Version=v3.5
                           DisplayName = .NET Framework 3.5
                           Alias = net35
                       .NETFramework,Version=v4.0
                           DisplayName = .NET Framework 4.0
                           Alias = net40
                       .NETFramework,Version=v4.5
                           DisplayName = .NET Framework 4.5
                           Alias = net45
                       .NETFramework,Version=v4.5.1
                           DisplayName = .NET Framework 4.5.1
                           Alias = net451
                       .NETFramework,Version=v4.5.2
                           DisplayName = .NET Framework 4.5.2
                           Alias = net452
                       .NETFramework,Version=v4.6
                           DisplayName = .NET Framework 4.6
                           Alias = net46
                       .NETFramework,Version=v4.6.1
                           DisplayName = .NET Framework 4.6.1
                           Alias = net461
                       .NETFramework,Version=v4.6.2
                           DisplayName = .NET Framework 4.6.2
                           Alias = net462
                       .NETFramework,Version=v4.7
                           DisplayName = .NET Framework 4.7
                           Alias = net47
                       .NETFramework,Version=v4.7.1
                           DisplayName = .NET Framework 4.7.1
                           Alias = net471
                       .NETFramework,Version=v4.7.2
                           DisplayName = .NET Framework 4.7.2
                           Alias = net472
                       .NETFramework,Version=v4.8
                           DisplayName = .NET Framework 4.8
                           Alias = net48
                       .NETFramework,Version=v4.8.1
                           DisplayName = .NET Framework 4.8.1
                           Alias = net481
                       .NETStandard,Version=v1.0
                           DisplayName = .NET Standard 1.0
                           Alias = netstandard1.0
                       .NETStandard,Version=v1.1
                           DisplayName = .NET Standard 1.1
                           Alias = netstandard1.1
                       .NETStandard,Version=v1.2
                           DisplayName = .NET Standard 1.2
                           Alias = netstandard1.2
                       .NETStandard,Version=v1.3
                           DisplayName = .NET Standard 1.3
                           Alias = netstandard1.3
                       .NETStandard,Version=v1.4
                           DisplayName = .NET Standard 1.4
                           Alias = netstandard1.4
                       .NETStandard,Version=v1.5
                           DisplayName = .NET Standard 1.5
                           Alias = netstandard1.5
                       .NETStandard,Version=v1.6
                           DisplayName = .NET Standard 1.6
                           Alias = netstandard1.6
                       .NETStandard,Version=v2.0
                           DisplayName = .NET Standard 2.0
                           Alias = netstandard2.0
                       .NETStandard,Version=v2.1
                           DisplayName = .NET Standard 2.1
                           Alias = netstandard2.1
                   Using
                       Microsoft.VisualStudio.TestTools.UnitTesting
                       System
                       System.Collections.Generic
                       System.IO
                       System.Linq
                       System.Net.Http
                       System.Threading
                       System.Threading.Tasks
                   WindowsSdkSupportedTargetPlatformVersion
                       10.0.17763.0
                           WindowsSdkPackageVersion = 10.0.17763.52
                           MinimumNETVersion = 6.0
                       10.0.17763.0
                           WindowsSdkPackageVersion = 10.0.17763.54
                           MinimumNETVersion = 8.0
                       10.0.17763.0
                           WindowsSdkPackageVersion = 10.0.17763.26
                           MinimumNETVersion = 5.0
                       10.0.18362.0
                           WindowsSdkPackageVersion = 10.0.18362.52
                           MinimumNETVersion = 6.0
                       10.0.18362.0
                           WindowsSdkPackageVersion = 10.0.18362.54
                           MinimumNETVersion = 8.0
                       10.0.18362.0
                           WindowsSdkPackageVersion = 10.0.18362.26
                           MinimumNETVersion = 5.0
                       10.0.19041.0
                           WindowsSdkPackageVersion = 10.0.19041.26
                           MinimumNETVersion = 5.0
                       10.0.19041.0
                           WindowsSdkPackageVersion = 10.0.19041.52
                           MinimumNETVersion = 6.0
                       10.0.19041.0
                           WindowsSdkPackageVersion = 10.0.19041.54
                           MinimumNETVersion = 8.0
                       10.0.20348.0
                           WindowsSdkPackageVersion = 10.0.20348.52
                           MinimumNETVersion = 6.0
                       10.0.20348.0
                           WindowsSdkPackageVersion = 10.0.20348.26
                           MinimumNETVersion = 5.0
                       10.0.20348.0
                           WindowsSdkPackageVersion = 10.0.20348.54
                           MinimumNETVersion = 8.0
                       10.0.22000.0
                           WindowsSdkPackageVersion = 10.0.22000.54
                           MinimumNETVersion = 8.0
                       10.0.22000.0
                           WindowsSdkPackageVersion = 10.0.22000.26
                           MinimumNETVersion = 5.0
                       10.0.22000.0
                           WindowsSdkPackageVersion = 10.0.22000.52
                           MinimumNETVersion = 6.0
                       10.0.22621.0
                           WindowsSdkPackageVersion = 10.0.22621.54
                           MinimumNETVersion = 8.0
                       10.0.22621.0
                           WindowsSdkPackageVersion = 10.0.22621.52
                           MinimumNETVersion = 6.0
                       10.0.26100.0
                           WindowsSdkPackageVersion = 10.0.26100.54
                           MinimumNETVersion = 8.0
                       10.0.26100.0
                           WindowsSdkPackageVersion = 10.0.26100.52
                           MinimumNETVersion = 6.0
                       7.0
                       8.0

17:20:50.243     2>Target "_IsProjectRestoreSupported: (TargetId:7)" in file "C:\Program Files\dotnet\sdk\9.0.100\NuGet.targets" from project "C:\Users\austi\OneDrive\Documents\CSCD Spring25\Hackathon-2025\Hackathon-2025.Tests\Hackathon-2025.Tests.csproj" (entry point):
17:20:50.244     2>Added Item(s): _ValidProjectsForRestore=C:\Users\austi\OneDrive\Documents\CSCD Spring25\Hackathon-2025\Hackathon-2025.Tests\Hackathon-2025.Tests.csproj
17:20:50.244     2>Done building target "_IsProjectRestoreSupported" in project "Hackathon-2025.Tests.csproj".: (TargetId:7)
17:20:50.246     2>Done Building Project "C:\Users\austi\OneDrive\Documents\CSCD Spring25\Hackathon-2025\Hackathon-2025.Tests\Hackathon-2025.Tests.csproj" (_IsProjectRestoreSupported target(s)).
17:20:51.700     0>The SDK "Microsoft.NET.Sdk.Web" was successfully resolved by the "DefaultSdkResolver" resolver to location "C:\Program Files\dotnet\sdk\9.0.100\Sdks\Microsoft.NET.Sdk.Web\Sdk" and version "".
                   The SDK "Microsoft.NET.Sdk" was successfully resolved by the "DefaultSdkResolver" resolver to location "C:\Program Files\dotnet\sdk\9.0.100\Sdks\Microsoft.NET.Sdk\Sdk" and version "".
                   C:\Program Files\dotnet\sdk\9.0.100\Sdks\Microsoft.NET.Sdk\Sdk\Sdk.props(49,11): message : Property 'MSBuildExtensionsPath' with value 'C:\Program Files\dotnet\sdk\9.0.100\' expanded from the environment.
                   Property reassignment: $(MSBuildProjectExtensionsPath)="C:\Users\austi\OneDrive\Documents\CSCD Spring25\Hackathon-2025\Hackathon-2025\obj\" (previous value: "obj\") at C:\Program Files\dotnet\sdk\9.0.100\Current\Microsoft.Common.props (60,5)
                   C:\Program Files\dotnet\sdk\9.0.100\Current\Microsoft.Common.props(84,119): message : Property 'MSBuildUserExtensionsPath' with value 'C:\Users\austi\AppData\Local\Microsoft\MSBuild' expanded from the environment.
                   The "Configuration" property is a global property, and cannot be modified.
                   The "Platform" property is a global property, and cannot be modified.
                   The "Configuration" property is a global property, and cannot be modified.
                   The "Platform" property is a global property, and cannot be modified.
                   Property reassignment: $(AssemblySearchPaths)="{CandidateAssemblyFiles};{HintPathFromItem}" (previous value: "{CandidateAssemblyFiles}") at C:\Program Files\dotnet\sdk\9.0.100\Sdks\Microsoft.NET.Sdk\targets\Microsoft.NET.Sdk.props (90,5)
                   Property reassignment: $(AssemblySearchPaths)="{CandidateAssemblyFiles};{HintPathFromItem};{TargetFrameworkDirectory}" (previous value: "{CandidateAssemblyFiles};{HintPathFromItem}") at C:\Program Files\dotnet\sdk\9.0.100\Sdks\Microsoft.NET.Sdk\targets\Microsoft.NET.Sdk.props (91,5)
                   Property reassignment: $(AssemblySearchPaths)="{CandidateAssemblyFiles};{HintPathFromItem};{TargetFrameworkDirectory};{RawFileName}" (previous value: "{CandidateAssemblyFiles};{HintPathFromItem};{TargetFrameworkDirectory}") at C:\Program Files\dotnet\sdk\9.0.100\Sdks\Microsoft.NET.Sdk\targets\Microsoft.NET.Sdk.props (92,5)
                   The "DefaultSdkResolver" resolver attempted to resolve the SDK "Microsoft.NET.SDK.WorkloadAutoImportPropsLocator".
                   Warnings: null
                   Errors: MSB4276: The default SDK resolver failed to resolve SDK "Microsoft.NET.SDK.WorkloadAutoImportPropsLocator" because directory "C:\Program Files\dotnet\sdk\9.0.100\Sdks\Microsoft.NET.SDK.WorkloadAutoImportPropsLocator\Sdk" did not exist.
                   The SDK "Microsoft.NET.SDK.WorkloadAutoImportPropsLocator" was successfully resolved by the "Microsoft.DotNet.MSBuildWorkloadSdkResolver" resolver to location "null" and version "null".
                   Property reassignment: $(TargetsForTfmSpecificContentInPackage)=";PackTool;_PackProjectToolValidation" (previous value: ";PackTool") at C:\Program Files\dotnet\sdk\9.0.100\Sdks\Microsoft.NET.Sdk\targets\Microsoft.NET.PackProjectTool.props (15,5)
                   The SDK "Microsoft.NET.Sdk.Razor" was successfully resolved by the "DefaultSdkResolver" resolver to location "C:\Program Files\dotnet\sdk\9.0.100\Sdks\Microsoft.NET.Sdk.Razor\Sdk" and version "".
                   The SDK "Microsoft.NET.Sdk.StaticWebAssets" was successfully resolved by the "DefaultSdkResolver" resolver to location "C:\Program Files\dotnet\sdk\9.0.100\Sdks\Microsoft.NET.Sdk.StaticWebAssets\Sdk" and version "".
                   Property reassignment: $(DefaultItemExcludes)=";**\node_modules\**;node_modules\**;**\jspm_packages\**;jspm_packages\**" (previous value: ";**\node_modules\**;node_modules\**") at C:\Program Files\dotnet\sdk\9.0.100\Sdks\Microsoft.NET.Sdk.StaticWebAssets\Sdk\Sdk.StaticWebAssets.StaticAssets.ProjectSystem.props (23,5)
                   Property reassignment: $(DefaultItemExcludes)=";**\node_modules\**;node_modules\**;**\jspm_packages\**;jspm_packages\**;**\bower_components\**;bower_components\**" (previous value: ";**\node_modules\**;node_modules\**;**\jspm_packages\**;jspm_packages\**") at C:\Program Files\dotnet\sdk\9.0.100\Sdks\Microsoft.NET.Sdk.StaticWebAssets\Sdk\Sdk.StaticWebAssets.StaticAssets.ProjectSystem.props (24,5)
                   Property reassignment: $(DefaultItemExcludes)=";**\node_modules\**;node_modules\**;**\jspm_packages\**;jspm_packages\**;**\bower_components\**;bower_components\**;**\packages.lock.json" (previous value: ";**\node_modules\**;node_modules\**;**\jspm_packages\**;jspm_packages\**;**\bower_components\**;bower_components\**") at C:\Program Files\dotnet\sdk\9.0.100\Sdks\Microsoft.NET.Sdk.StaticWebAssets\Sdk\Sdk.StaticWebAssets.StaticAssets.ProjectSystem.props (25,5)
                   The SDK "Microsoft.NET.Sdk.Web.ProjectSystem" was successfully resolved by the "DefaultSdkResolver" resolver to location "C:\Program Files\dotnet\sdk\9.0.100\Sdks\Microsoft.NET.Sdk.Web.ProjectSystem\Sdk" and version "".
                   Property reassignment: $(OutputType)="Exe" (previous value: "Library") at C:\Program Files\dotnet\sdk\9.0.100\Sdks\Microsoft.NET.Sdk.Web.ProjectSystem\targets\Microsoft.NET.Sdk.Web.ProjectSystem.props (16,5)
                   The SDK "Microsoft.NET.Sdk.Publish" was successfully resolved by the "DefaultSdkResolver" resolver to location "C:\Program Files\dotnet\sdk\9.0.100\Sdks\Microsoft.NET.Sdk.Publish\Sdk" and version "".
                   Property reassignment: $(TreatWarningsAsErrors)="true" (previous value: "false") at C:\Users\austi\OneDrive\Documents\CSCD Spring25\Hackathon-2025\Hackathon-2025\Hackathon-2025.csproj (7,2)
                   Property reassignment: $(RootNamespace)="Hackathon_2025" (previous value: "Hackathon-2025") at C:\Users\austi\OneDrive\Documents\CSCD Spring25\Hackathon-2025\Hackathon-2025\Hackathon-2025.csproj (8,5)
                   The "Configuration" property is a global property, and cannot be modified.
                   The "Platform" property is a global property, and cannot be modified.
                   Property reassignment: $(PublishProfileImported)="false" (previous value: "true") at C:\Program Files\dotnet\sdk\9.0.100\Sdks\Microsoft.NET.Sdk\targets\Microsoft.NET.Sdk.ImportPublishProfile.targets (28,5)
                   Property reassignment: $(TargetPlatformVersion)="" (previous value: "0.0") at C:\Program Files\dotnet\sdk\9.0.100\Sdks\Microsoft.NET.Sdk\targets\Microsoft.NET.TargetFrameworkInference.targets (69,5)
                   Property reassignment: $(DefaultItemExcludes)=";**\node_modules\**;node_modules\**;**\jspm_packages\**;jspm_packages\**;**\bower_components\**;bower_components\**;**\packages.lock.json;bin\Debug\/**" (previous value: ";**\node_modules\**;node_modules\**;**\jspm_packages\**;jspm_packages\**;**\bower_components\**;bower_components\**;**\packages.lock.json") at C:\Program Files\dotnet\sdk\9.0.100\Sdks\Microsoft.NET.Sdk\targets\Microsoft.NET.DefaultOutputPaths.targets (121,5)
                   Property reassignment: $(DefaultItemExcludes)=";**\node_modules\**;node_modules\**;**\jspm_packages\**;jspm_packages\**;**\bower_components\**;bower_components\**;**\packages.lock.json;bin\Debug\/**;obj\Debug\/**" (previous value: ";**\node_modules\**;node_modules\**;**\jspm_packages\**;jspm_packages\**;**\bower_components\**;bower_components\**;**\packages.lock.json;bin\Debug\/**") at C:\Program Files\dotnet\sdk\9.0.100\Sdks\Microsoft.NET.Sdk\targets\Microsoft.NET.DefaultOutputPaths.targets (122,5)
                   Property reassignment: $(OutputPath)="bin\Debug\net8.0\" (previous value: "bin\Debug\") at C:\Program Files\dotnet\sdk\9.0.100\Sdks\Microsoft.NET.Sdk\targets\Microsoft.NET.DefaultOutputPaths.targets (137,5)
                   Property reassignment: $(IntermediateOutputPath)="obj\Debug\net8.0\" (previous value: "obj\Debug\") at C:\Program Files\dotnet\sdk\9.0.100\Sdks\Microsoft.NET.Sdk\targets\Microsoft.NET.DefaultOutputPaths.targets (142,5)
                   The "DefaultSdkResolver" resolver attempted to resolve the SDK "Microsoft.NET.SDK.WorkloadManifestTargetsLocator".
                   Warnings: null
                   Errors: MSB4276: The default SDK resolver failed to resolve SDK "Microsoft.NET.SDK.WorkloadManifestTargetsLocator" because directory "C:\Program Files\dotnet\sdk\9.0.100\Sdks\Microsoft.NET.SDK.WorkloadManifestTargetsLocator\Sdk" did not exist.
                   The SDK "Microsoft.NET.SDK.WorkloadManifestTargetsLocator" was successfully resolved by the "Microsoft.DotNet.MSBuildWorkloadSdkResolver" resolver to location "C:\Program Files\dotnet\sdk-manifests\9.0.100\microsoft.net.sdk.android\35.0.7" and version "null".
                   Property reassignment: $(_FrameworkIdentifierForImplicitDefine)="NET" (previous value: "NETCOREAPP") at C:\Program Files\dotnet\sdk\9.0.100\Sdks\Microsoft.NET.Sdk\targets\Microsoft.NET.Sdk.BeforeCommon.targets (187,5)
                   Property reassignment: $(_FrameworkVersionForImplicitDefine)="8_0" (previous value: "8.0") at C:\Program Files\dotnet\sdk\9.0.100\Sdks\Microsoft.NET.Sdk\targets\Microsoft.NET.Sdk.BeforeCommon.targets (192,5)
                   Property reassignment: $(CommandLineArgsForDesignTimeEvaluation)="-langversion:12.0 -define:TRACE" (previous value: "-langversion:12.0") at C:\Program Files\dotnet\sdk\9.0.100\Roslyn\Microsoft.CSharp.Core.targets (205,5)
                   The "Platform" property is a global property, and cannot be modified.
                   The "Configuration" property is a global property, and cannot be modified.
                   Property reassignment: $(_DebugSymbolsProduced)="true" (previous value: "false") at C:\Program Files\dotnet\sdk\9.0.100\Microsoft.Common.CurrentVersion.targets (175,5)
                   Property reassignment: $(_DocumentationFileProduced)="false" (previous value: "true") at C:\Program Files\dotnet\sdk\9.0.100\Microsoft.Common.CurrentVersion.targets (185,5)
                   The "SolutionName" property is a global property, and cannot be modified.
                   The "SolutionFileName" property is a global property, and cannot be modified.
                   The "SolutionPath" property is a global property, and cannot be modified.
                   The "SolutionDir" property is a global property, and cannot be modified.
                   The "SolutionExt" property is a global property, and cannot be modified.
                   Property reassignment: $(MSBuildCopyMarkerName)="Hackatho.4E687FAD" (previous value: "Hackathon-2025.csproj") at C:\Program Files\dotnet\sdk\9.0.100\Microsoft.Common.CurrentVersion.targets (392,5)
                   Property reassignment: $(MSBuildCopyMarkerName)="Hackatho.4E687FAD.Up2Date" (previous value: "Hackatho.4E687FAD") at C:\Program Files\dotnet\sdk\9.0.100\Microsoft.Common.CurrentVersion.targets (393,5)
                   Property reassignment: $(ProcessorArchitecture)="msil" (previous value: "") at C:\Program Files\dotnet\sdk\9.0.100\Microsoft.Common.CurrentVersion.targets (541,5)
                   Property reassignment: $(DelaySign)="" (previous value: "false") at C:\Program Files\dotnet\sdk\9.0.100\Microsoft.Common.CurrentVersion.targets (580,5)
                   C:\Program Files\dotnet\sdk\9.0.100\Microsoft.Common.CurrentVersion.targets(2579,5): message : Property 'LOCALAPPDATA' with value 'C:\Users\austi\AppData\Local' expanded from the environment.
                   Property reassignment: $(_SGenGenerateSerializationAssembliesConfig)="Auto" (previous value: "") at C:\Program Files\dotnet\sdk\9.0.100\Microsoft.Common.CurrentVersion.targets (3897,5)
                   Property reassignment: $(_SGenGenerateSerializationAssembliesConfig)="Off" (previous value: "Auto") at C:\Program Files\dotnet\sdk\9.0.100\Microsoft.Common.CurrentVersion.targets (3898,5)
                   Property reassignment: $(_TargetsThatPrepareProjectReferences)="
                         AssignProjectConfiguration;
                         _SplitProjectReferencesByFileExistence
                       " (previous value: "_SplitProjectReferencesByFileExistence") at C:\Program Files\dotnet\sdk\9.0.100\Microsoft.Common.CurrentVersion.targets (5100,5)
                   C:\Program Files\dotnet\sdk\9.0.100\Microsoft.Common.CurrentVersion.targets(6846,5): message : Property 'MSBuildExtensionsPath32' with value 'C:\Program Files\dotnet\sdk\9.0.100' expanded from the environment.
                   The "_RestoreSolutionFileUsed" property is a global property, and cannot be modified.
                   Property reassignment: $(_GenerateRestoreGraphProjectEntryInputProperties)="
                         ExcludeRestorePackageImports=true;
                         _RestoreSolutionFileUsed=true;
                         SolutionDir=C:\Users\austi\OneDrive\Documents\CSCD Spring25\Hackathon-2025\;
                         SolutionName=StarlitStories;
                         SolutionFileName=StarlitStories.sln;
                         SolutionPath=C:\Users\austi\OneDrive\Documents\CSCD Spring25\Hackathon-2025\StarlitStories.sln;
                         SolutionExt=.sln;
                       " (previous value: "ExcludeRestorePackageImports=true") at C:\Program Files\dotnet\sdk\9.0.100\NuGet.targets (107,5)
                   Property reassignment: $(ProjectAssetsFile)="C:\Users\austi\OneDrive\Documents\CSCD Spring25\Hackathon-2025\Hackathon-2025\obj\project.assets.json" (previous value: "C:\Users\austi\OneDrive\Documents\CSCD Spring25\Hackathon-2025\Hackathon-2025\obj\/project.assets.json") at C:\Program Files\dotnet\sdk\9.0.100\Sdks\Microsoft.NET.Sdk\targets\Microsoft.PackageDependencyResolution.targets (24,5)
                   Property reassignment: $(ProjectAssetsCacheFile)="C:\Users\austi\OneDrive\Documents\CSCD Spring25\Hackathon-2025\Hackathon-2025\obj\Debug\net8.0\Hackathon-2025.assets.cache" (previous value: "obj\Debug\net8.0\Hackathon-2025.assets.cache") at C:\Program Files\dotnet\sdk\9.0.100\Sdks\Microsoft.NET.Sdk\targets\Microsoft.PackageDependencyResolution.targets (29,5)
                   Property reassignment: $(ResolveAssemblyReferencesDependsOn)="
                         
                         ResolveProjectReferences;
                         FindInvalidProjectReferences;
                         GetFrameworkPaths;
                         GetReferenceAssemblyPaths;
                         PrepareForBuild;
                         ResolveSDKReferences;
                         ExpandSDKReferences;
                       ;
                         ResolvePackageDependenciesForBuild;
                         _HandlePackageFileConflicts;
                       " (previous value: "
                         ResolveProjectReferences;
                         FindInvalidProjectReferences;
                         GetFrameworkPaths;
                         GetReferenceAssemblyPaths;
                         PrepareForBuild;
                         ResolveSDKReferences;
                         ExpandSDKReferences;
                       ") at C:\Program Files\dotnet\sdk\9.0.100\Sdks\Microsoft.NET.Sdk\targets\Microsoft.PackageDependencyResolution.targets (80,5)
                   Property reassignment: $(PrepareResourcesDependsOn)="
                         ResolvePackageDependenciesForBuild;
                         _HandlePackageFileConflicts;
                         
                         ;
                         PrepareResourceNames;
                         ResGen;
                         CompileLicxFiles
                       
                       " (previous value: "
                         ;
                         PrepareResourceNames;
                         ResGen;
                         CompileLicxFiles
                       ") at C:\Program Files\dotnet\sdk\9.0.100\Sdks\Microsoft.NET.Sdk\targets\Microsoft.PackageDependencyResolution.targets (86,5)
                   Property reassignment: $(DefaultItemExcludes)=";**\node_modules\**;node_modules\**;**\jspm_packages\**;jspm_packages\**;**\bower_components\**;bower_components\**;**\packages.lock.json;bin\Debug\/**;obj\Debug\/**;bin\/**" (previous value: ";**\node_modules\**;node_modules\**;**\jspm_packages\**;jspm_packages\**;**\bower_components\**;bower_components\**;**\packages.lock.json;bin\Debug\/**;obj\Debug\/**") at C:\Program Files\dotnet\sdk\9.0.100\Sdks\Microsoft.NET.Sdk\targets\Microsoft.NET.Sdk.DefaultItems.targets (27,5)
                   Property reassignment: $(DefaultItemExcludes)=";**\node_modules\**;node_modules\**;**\jspm_packages\**;jspm_packages\**;**\bower_components\**;bower_components\**;**\packages.lock.json;bin\Debug\/**;obj\Debug\/**;bin\/**;obj\/**" (previous value: ";**\node_modules\**;node_modules\**;**\jspm_packages\**;jspm_packages\**;**\bower_components\**;bower_components\**;**\packages.lock.json;bin\Debug\/**;obj\Debug\/**;bin\/**") at C:\Program Files\dotnet\sdk\9.0.100\Sdks\Microsoft.NET.Sdk\targets\Microsoft.NET.Sdk.DefaultItems.targets (29,5)
                   Property reassignment: $(DefaultItemExcludes)=";**\node_modules\**;node_modules\**;**\jspm_packages\**;jspm_packages\**;**\bower_components\**;bower_components\**;**\packages.lock.json;bin\Debug\/**;obj\Debug\/**;bin\/**;obj\/**;**/*.user" (previous value: ";**\node_modules\**;node_modules\**;**\jspm_packages\**;jspm_packages\**;**\bower_components\**;bower_components\**;**\packages.lock.json;bin\Debug\/**;obj\Debug\/**;bin\/**;obj\/**") at C:\Program Files\dotnet\sdk\9.0.100\Sdks\Microsoft.NET.Sdk\targets\Microsoft.NET.Sdk.DefaultItems.targets (32,5)
                   Property reassignment: $(DefaultItemExcludes)=";**\node_modules\**;node_modules\**;**\jspm_packages\**;jspm_packages\**;**\bower_components\**;bower_components\**;**\packages.lock.json;bin\Debug\/**;obj\Debug\/**;bin\/**;obj\/**;**/*.user;**/*.*proj" (previous value: ";**\node_modules\**;node_modules\**;**\jspm_packages\**;jspm_packages\**;**\bower_components\**;bower_components\**;**\packages.lock.json;bin\Debug\/**;obj\Debug\/**;bin\/**;obj\/**;**/*.user") at C:\Program Files\dotnet\sdk\9.0.100\Sdks\Microsoft.NET.Sdk\targets\Microsoft.NET.Sdk.DefaultItems.targets (33,5)
                   Property reassignment: $(DefaultItemExcludes)=";**\node_modules\**;node_modules\**;**\jspm_packages\**;jspm_packages\**;**\bower_components\**;bower_components\**;**\packages.lock.json;bin\Debug\/**;obj\Debug\/**;bin\/**;obj\/**;**/*.user;**/*.*proj;**/*.sln" (previous value: ";**\node_modules\**;node_modules\**;**\jspm_packages\**;jspm_packages\**;**\bower_components\**;bower_components\**;**\packages.lock.json;bin\Debug\/**;obj\Debug\/**;bin\/**;obj\/**;**/*.user;**/*.*proj") at C:\Program Files\dotnet\sdk\9.0.100\Sdks\Microsoft.NET.Sdk\targets\Microsoft.NET.Sdk.DefaultItems.targets (34,5)
                   Property reassignment: $(DefaultItemExcludes)=";**\node_modules\**;node_modules\**;**\jspm_packages\**;jspm_packages\**;**\bower_components\**;bower_components\**;**\packages.lock.json;bin\Debug\/**;obj\Debug\/**;bin\/**;obj\/**;**/*.user;**/*.*proj;**/*.sln;**/*.vssscc" (previous value: ";**\node_modules\**;node_modules\**;**\jspm_packages\**;jspm_packages\**;**\bower_components\**;bower_components\**;**\packages.lock.json;bin\Debug\/**;obj\Debug\/**;bin\/**;obj\/**;**/*.user;**/*.*proj;**/*.sln") at C:\Program Files\dotnet\sdk\9.0.100\Sdks\Microsoft.NET.Sdk\targets\Microsoft.NET.Sdk.DefaultItems.targets (35,5)
                   Property reassignment: $(DefaultItemExcludes)=";**\node_modules\**;node_modules\**;**\jspm_packages\**;jspm_packages\**;**\bower_components\**;bower_components\**;**\packages.lock.json;bin\Debug\/**;obj\Debug\/**;bin\/**;obj\/**;**/*.user;**/*.*proj;**/*.sln;**/*.vssscc;**/.DS_Store" (previous value: ";**\node_modules\**;node_modules\**;**\jspm_packages\**;jspm_packages\**;**\bower_components\**;bower_components\**;**\packages.lock.json;bin\Debug\/**;obj\Debug\/**;bin\/**;obj\/**;**/*.user;**/*.*proj;**/*.sln;**/*.vssscc") at C:\Program Files\dotnet\sdk\9.0.100\Sdks\Microsoft.NET.Sdk\targets\Microsoft.NET.Sdk.DefaultItems.targets (36,5)
                   Property reassignment: $(ResolveAssemblyReferencesDependsOn)="
                         
                         
                         ResolveProjectReferences;
                         FindInvalidProjectReferences;
                         GetFrameworkPaths;
                         GetReferenceAssemblyPaths;
                         PrepareForBuild;
                         ResolveSDKReferences;
                         ExpandSDKReferences;
                       ;
                         ResolvePackageDependenciesForBuild;
                         _HandlePackageFileConflicts;
                       ;
                         ResolveTargetingPackAssets;
                       " (previous value: "
                         
                         ResolveProjectReferences;
                         FindInvalidProjectReferences;
                         GetFrameworkPaths;
                         GetReferenceAssemblyPaths;
                         PrepareForBuild;
                         ResolveSDKReferences;
                         ExpandSDKReferences;
                       ;
                         ResolvePackageDependenciesForBuild;
                         _HandlePackageFileConflicts;
                       ") at C:\Program Files\dotnet\sdk\9.0.100\Sdks\Microsoft.NET.Sdk\targets\Microsoft.NET.Sdk.FrameworkReferenceResolution.targets (14,5)
                   Property reassignment: $(_GenerateRuntimeConfigurationPropertyInputsCache)="C:\Users\austi\OneDrive\Documents\CSCD Spring25\Hackathon-2025\Hackathon-2025\obj\Debug\net8.0\Hackathon-2025.genruntimeconfig.cache" (previous value: "obj\Debug\net8.0\Hackathon-2025.genruntimeconfig.cache") at C:\Program Files\dotnet\sdk\9.0.100\Sdks\Microsoft.NET.Sdk\targets\Microsoft.NET.Sdk.targets (44,5)
                   Property reassignment: $(_GeneratePublishDependencyFilePropertyInputsCache)="C:\Users\austi\OneDrive\Documents\CSCD Spring25\Hackathon-2025\Hackathon-2025\obj\Debug\net8.0\Hackathon-2025.genpublishdeps.cache" (previous value: "obj\Debug\net8.0\Hackathon-2025.genpublishdeps.cache") at C:\Program Files\dotnet\sdk\9.0.100\Sdks\Microsoft.NET.Sdk\targets\Microsoft.NET.Sdk.targets (46,5)
                   Property reassignment: $(_GenerateSingleFileBundlePropertyInputsCache)="C:\Users\austi\OneDrive\Documents\CSCD Spring25\Hackathon-2025\Hackathon-2025\obj\Debug\net8.0\Hackathon-2025.genbundle.cache" (previous value: "obj\Debug\net8.0\Hackathon-2025.genbundle.cache") at C:\Program Files\dotnet\sdk\9.0.100\Sdks\Microsoft.NET.Sdk\targets\Microsoft.NET.Sdk.targets (48,5)
                   Property reassignment: $(GenerateRuntimeConfigDevFile)="false" (previous value: "true") at C:\Program Files\dotnet\sdk\9.0.100\Sdks\Microsoft.NET.Sdk\targets\Microsoft.NET.Sdk.targets (81,5)
                   C:\Program Files\dotnet\sdk\9.0.100\Sdks\Microsoft.NET.Sdk\targets\Microsoft.NET.Sdk.targets(97,5): message : Property 'USERPROFILE' with value 'C:\Users\austi' expanded from the environment.
                   Property reassignment: $(_DefaultUserProfileRuntimeStorePath)="C:\Users\austi" (previous value: "") at C:\Program Files\dotnet\sdk\9.0.100\Sdks\Microsoft.NET.Sdk\targets\Microsoft.NET.Sdk.targets (97,5)
                   Property reassignment: $(_DefaultUserProfileRuntimeStorePath)="C:\Users\austi\.dotnet\store" (previous value: "C:\Users\austi") at C:\Program Files\dotnet\sdk\9.0.100\Sdks\Microsoft.NET.Sdk\targets\Microsoft.NET.Sdk.targets (98,5)
                   Property reassignment: $(AvailablePlatforms)="Any CPU,x86,x64,ARM32" (previous value: "Any CPU,x86,x64") at C:\Program Files\dotnet\sdk\9.0.100\Sdks\Microsoft.NET.Sdk\targets\Microsoft.NET.Sdk.targets (140,5)
                   Property reassignment: $(AvailablePlatforms)="Any CPU,x86,x64,ARM32,ARM64" (previous value: "Any CPU,x86,x64,ARM32") at C:\Program Files\dotnet\sdk\9.0.100\Sdks\Microsoft.NET.Sdk\targets\Microsoft.NET.Sdk.targets (144,5)
                   Property reassignment: $(CoreBuildDependsOn)="
                         _CheckForBuildWithNoBuild;
                         
                         BuildOnlySettings;
                         PrepareForBuild;
                         PreBuildEvent;
                         ResolveReferences;
                         PrepareResources;
                         ResolveKeySource;
                         Compile;
                         ExportWindowsMDFile;
                         UnmanagedUnregistration;
                         GenerateSerializationAssemblies;
                         CreateSatelliteAssemblies;
                         GenerateManifests;
                         GetTargetPath;
                         PrepareForRun;
                         UnmanagedRegistration;
                         IncrementalClean;
                         PostBuildEvent
                       ;
                         GenerateBuildDependencyFile;
                         GenerateBuildRuntimeConfigurationFiles
                       " (previous value: "
                         BuildOnlySettings;
                         PrepareForBuild;
                         PreBuildEvent;
                         ResolveReferences;
                         PrepareResources;
                         ResolveKeySource;
                         Compile;
                         ExportWindowsMDFile;
                         UnmanagedUnregistration;
                         GenerateSerializationAssemblies;
                         CreateSatelliteAssemblies;
                         GenerateManifests;
                         GetTargetPath;
                         PrepareForRun;
                         UnmanagedRegistration;
                         IncrementalClean;
                         PostBuildEvent
                       ") at C:\Program Files\dotnet\sdk\9.0.100\Sdks\Microsoft.NET.Sdk\targets\Microsoft.NET.Sdk.targets (201,5)
                   Property reassignment: $(CoreCleanDependsOn)="
                         _SdkBeforeClean;
                         
                       " (previous value: "") at C:\Program Files\dotnet\sdk\9.0.100\Sdks\Microsoft.NET.Sdk\targets\Microsoft.NET.Sdk.targets (210,5)
                   Property reassignment: $(RebuildDependsOn)="
                         _SdkBeforeRebuild;
                         
                         BeforeRebuild;
                         Clean;
                         Build;
                         AfterRebuild;
                       
                       " (previous value: "
                         BeforeRebuild;
                         Clean;
                         Build;
                         AfterRebuild;
                       ") at C:\Program Files\dotnet\sdk\9.0.100\Sdks\Microsoft.NET.Sdk\targets\Microsoft.NET.Sdk.targets (217,5)
                   Property reassignment: $(CompileDependsOn)="
                         
                         ResolveReferences;
                         ResolveKeySource;
                         SetWin32ManifestProperties;
                         _SetPreferNativeArm64Win32ManifestProperties;
                         FindReferenceAssembliesForReferences;
                         _GenerateCompileInputs;
                         BeforeCompile;
                         _TimeStampBeforeCompile;
                         _GenerateCompileDependencyCache;
                         CoreCompile;
                         _TimeStampAfterCompile;
                         AfterCompile;
                       ;
                         _CreateAppHost;
                         _CreateComHost;
                         _GetIjwHostPaths;
                       " (previous value: "
                         ResolveReferences;
                         ResolveKeySource;
                         SetWin32ManifestProperties;
                         _SetPreferNativeArm64Win32ManifestProperties;
                         FindReferenceAssembliesForReferences;
                         _GenerateCompileInputs;
                         BeforeCompile;
                         _TimeStampBeforeCompile;
                         _GenerateCompileDependencyCache;
                         CoreCompile;
                         _TimeStampAfterCompile;
                         AfterCompile;
                       ") at C:\Program Files\dotnet\sdk\9.0.100\Sdks\Microsoft.NET.Sdk\targets\Microsoft.NET.Sdk.targets (783,5)
                   Property reassignment: $(CreateSatelliteAssembliesDependsOn)="
                         
                         ;
                         _GenerateSatelliteAssemblyInputs;
                         ComputeIntermediateSatelliteAssemblies;
                         GenerateSatelliteAssemblies
                       ;
                         CoreGenerateSatelliteAssemblies
                       " (previous value: "
                         ;
                         _GenerateSatelliteAssemblyInputs;
                         ComputeIntermediateSatelliteAssemblies;
                         GenerateSatelliteAssemblies
                       ") at C:\Program Files\dotnet\sdk\9.0.100\Sdks\Microsoft.NET.Sdk\targets\Microsoft.NET.Sdk.targets (1183,5)
                   Property reassignment: $(SourceLinkUrlInitializerTargets)=";_InitializeGitHubSourceLinkUrl;_InitializeGitLabSourceLinkUrl" (previous value: ";_InitializeGitHubSourceLinkUrl") at C:\Program Files\dotnet\sdk\9.0.100\Sdks\Microsoft.SourceLink.GitLab\build\Microsoft.SourceLink.GitLab.targets (12,5)
                   Property reassignment: $(SourceControlManagerUrlTranslationTargets)=";TranslateGitHubUrlsInSourceControlInformation;TranslateGitLabUrlsInSourceControlInformation" (previous value: ";TranslateGitHubUrlsInSourceControlInformation") at C:\Program Files\dotnet\sdk\9.0.100\Sdks\Microsoft.SourceLink.GitLab\build\Microsoft.SourceLink.GitLab.targets (13,5)
                   Property reassignment: $(SourceLinkUrlInitializerTargets)=";_InitializeGitHubSourceLinkUrl;_InitializeGitLabSourceLinkUrl;_InitializeAzureReposGitSourceLinkUrl" (previous value: ";_InitializeGitHubSourceLinkUrl;_InitializeGitLabSourceLinkUrl") at C:\Program Files\dotnet\sdk\9.0.100\Sdks\Microsoft.SourceLink.AzureRepos.Git\build\Microsoft.SourceLink.AzureRepos.Git.targets (12,5)
                   Property reassignment: $(SourceControlManagerUrlTranslationTargets)=";TranslateGitHubUrlsInSourceControlInformation;TranslateGitLabUrlsInSourceControlInformation;TranslateAzureReposGitUrlsInSourceControlInformation" (previous value: ";TranslateGitHubUrlsInSourceControlInformation;TranslateGitLabUrlsInSourceControlInformation") at C:\Program Files\dotnet\sdk\9.0.100\Sdks\Microsoft.SourceLink.AzureRepos.Git\build\Microsoft.SourceLink.AzureRepos.Git.targets (13,5)
                   Property reassignment: $(SourceLinkUrlInitializerTargets)=";_InitializeGitHubSourceLinkUrl;_InitializeGitLabSourceLinkUrl;_InitializeAzureReposGitSourceLinkUrl;_InitializeBitbucketGitSourceLinkUrl" (previous value: ";_InitializeGitHubSourceLinkUrl;_InitializeGitLabSourceLinkUrl;_InitializeAzureReposGitSourceLinkUrl") at C:\Program Files\dotnet\sdk\9.0.100\Sdks\Microsoft.SourceLink.Bitbucket.Git\build\Microsoft.SourceLink.Bitbucket.Git.targets (12,5)
                   Property reassignment: $(SourceControlManagerUrlTranslationTargets)=";TranslateGitHubUrlsInSourceControlInformation;TranslateGitLabUrlsInSourceControlInformation;TranslateAzureReposGitUrlsInSourceControlInformation;TranslateBitbucketGitUrlsInSourceControlInformation" (previous value: ";TranslateGitHubUrlsInSourceControlInformation;TranslateGitLabUrlsInSourceControlInformation;TranslateAzureReposGitUrlsInSourceControlInformation") at C:\Program Files\dotnet\sdk\9.0.100\Sdks\Microsoft.SourceLink.Bitbucket.Git\build\Microsoft.SourceLink.Bitbucket.Git.targets (13,5)
                   Property reassignment: $(DesignerRuntimeImplementationProjectOutputGroupDependsOn)="
                         
                         ;
                         
                         ;
                         BuildOnlySettings;
                         PrepareForBuild;
                         AssignTargetPaths;
                         ResolveReferences
                       
                       ;
                         _GenerateDesignerDepsFile;
                         _GenerateDesignerRuntimeConfigFile;
                         GetCopyToOutputDirectoryItems;
                         _GatherDesignerShadowCopyFiles;
                       " (previous value: "
                         ;
                         
                         ;
                         BuildOnlySettings;
                         PrepareForBuild;
                         AssignTargetPaths;
                         ResolveReferences
                       
                       ") at C:\Program Files\dotnet\sdk\9.0.100\Sdks\Microsoft.NET.Sdk\targets\Microsoft.NET.DesignerSupport.targets (21,5)
                   Property reassignment: $(_GenerateToolsSettingsFileCacheFile)="C:\Users\austi\OneDrive\Documents\CSCD Spring25\Hackathon-2025\Hackathon-2025\obj\Debug\net8.0\Hackathon-2025.toolssettingsinput.cache" (previous value: "obj\Debug\net8.0\Hackathon-2025.toolssettingsinput.cache") at C:\Program Files\dotnet\sdk\9.0.100\Sdks\Microsoft.NET.Sdk\targets\Microsoft.NET.PackTool.targets (68,5)
                   Property reassignment: $(_ShimInputCacheFile)="C:\Users\austi\OneDrive\Documents\CSCD Spring25\Hackathon-2025\Hackathon-2025\obj\Debug\net8.0\Hackathon-2025.shiminput.cache" (previous value: "obj\Debug\net8.0\Hackathon-2025.shiminput.cache") at C:\Program Files\dotnet\sdk\9.0.100\Sdks\Microsoft.NET.Sdk\targets\Microsoft.NET.PackTool.targets (137,5)
                   Property reassignment: $(_ShimCreatedSentinelFile)="C:\Users\austi\OneDrive\Documents\CSCD Spring25\Hackathon-2025\Hackathon-2025\obj\Debug\net8.0\Hackathon-2025.shimcreated.sentinel" (previous value: "obj\Debug\net8.0\Hackathon-2025.shimcreated.sentinel") at C:\Program Files\dotnet\sdk\9.0.100\Sdks\Microsoft.NET.Sdk\targets\Microsoft.NET.PackTool.targets (139,5)
                   Property reassignment: $(DefineConstants)="TRACE;DEBUG" (previous value: "TRACE") at C:\Program Files\dotnet\sdk\9.0.100\Sdks\Microsoft.NET.Sdk\targets\Microsoft.NET.Sdk.CSharp.targets (31,5)
                   Property reassignment: $(DefineConstants)="TRACE;DEBUG;NET;NET8_0;NETCOREAPP" (previous value: "TRACE;DEBUG") at C:\Program Files\dotnet\sdk\9.0.100\Sdks\Microsoft.NET.Sdk\targets\Microsoft.NET.Sdk.CSharp.targets (34,5)
                   Property reassignment: $(WarningsAsErrors)=";NU1605;SYSLIB0011" (previous value: ";NU1605") at C:\Program Files\dotnet\sdk\9.0.100\Sdks\Microsoft.NET.Sdk\targets\Microsoft.NET.Sdk.CSharp.targets (48,5)
                   Property reassignment: $(PackageDescription)="Package Description" (previous value: "") at C:\Program Files\dotnet\sdk\9.0.100\Sdks\NuGet.Build.Tasks.Pack\build\NuGet.Build.Tasks.Pack.targets (34,5)
                   Property reassignment: $(GenerateNuspecDependsOn)="Build;_LoadPackInputItems; _GetTargetFrameworksOutput; _WalkEachTargetPerFramework; _GetPackageFiles; " (previous value: "_LoadPackInputItems; _GetTargetFrameworksOutput; _WalkEachTargetPerFramework; _GetPackageFiles; ") at C:\Program Files\dotnet\sdk\9.0.100\Sdks\NuGet.Build.Tasks.Pack\build\NuGet.Build.Tasks.Pack.targets (59,5)
                   Property reassignment: $(_IsNotSetContainersTargetsDir)="true" (previous value: "false") at C:\Program Files\dotnet\sdk\9.0.100\Sdks\Microsoft.NET.Sdk\Sdk\Sdk.targets (60,5)
                   Property reassignment: $(_IsSDKContainerAllowedVersion)="true" (previous value: "false") at C:\Program Files\dotnet\sdk\9.0.100\Containers\build\Microsoft.NET.Build.Containers.targets (5,5)
                   Property reassignment: $(_ContainerIsTargetingNet8TFM)="true" (previous value: "false") at C:\Program Files\dotnet\sdk\9.0.100\Containers\build\Microsoft.NET.Build.Containers.targets (15,5)
                   C:\Program Files\dotnet\sdk\9.0.100\Sdks\Microsoft.NET.Sdk.StaticWebAssets\targets\Sdk.StaticWebAssets.CurrentVersion.targets(37,18): message : Property 'DOTNET_HOST_PATH' with value 'C:\Program Files\dotnet\dotnet.exe' expanded from the environment.
                   Property reassignment: $(PrepareForRunDependsOn)="StaticWebAssetsPrepareForRun;
                         CopyFilesToOutputDirectory
                       " (previous value: "
                         CopyFilesToOutputDirectory
                       ") at C:\Program Files\dotnet\sdk\9.0.100\Sdks\Microsoft.NET.Sdk.StaticWebAssets\targets\Microsoft.NET.Sdk.StaticWebAssets.targets (286,5)
                   Property reassignment: $(GetCopyToOutputDirectoryItemsDependsOn)="
                         AssignTargetPaths;
                         
                         AssignProjectConfiguration;
                         _SplitProjectReferencesByFileExistence
                       ;
                         _GetProjectReferenceTargetFrameworkProperties;
                         _PopulateCommonStateForGetCopyToOutputDirectoryItems
                       ;AddStaticWebAssetsManifest;AddStaticWebAssetEndpointsBuildManifest" (previous value: "
                         AssignTargetPaths;
                         
                         AssignProjectConfiguration;
                         _SplitProjectReferencesByFileExistence
                       ;
                         _GetProjectReferenceTargetFrameworkProperties;
                         _PopulateCommonStateForGetCopyToOutputDirectoryItems
                       ") at C:\Program Files\dotnet\sdk\9.0.100\Sdks\Microsoft.NET.Sdk.StaticWebAssets\targets\Microsoft.NET.Sdk.StaticWebAssets.targets (323,5)
                   Property reassignment: $(GenerateNuspecDependsOn)="
                         IncludeStaticWebAssetsPackItems;
                         Build;_LoadPackInputItems; _GetTargetFrameworksOutput; _WalkEachTargetPerFramework; _GetPackageFiles; ;
                       " (previous value: "Build;_LoadPackInputItems; _GetTargetFrameworksOutput; _WalkEachTargetPerFramework; _GetPackageFiles; ") at C:\Program Files\dotnet\sdk\9.0.100\Sdks\Microsoft.NET.Sdk.StaticWebAssets\targets\Microsoft.NET.Sdk.StaticWebAssets.Pack.targets (46,5)
                   Property reassignment: $(IncludeStaticWebAssetsPackItemsDependsOn)="
                         Build;
                         ResolveStaticWebAssetsConfiguration;LoadStaticWebAssetsBuildManifest
                       ;
                       " (previous value: "
                         ResolveStaticWebAssetsConfiguration;LoadStaticWebAssetsBuildManifest
                       ") at C:\Program Files\dotnet\sdk\9.0.100\Sdks\Microsoft.NET.Sdk.StaticWebAssets\targets\Microsoft.NET.Sdk.StaticWebAssets.Pack.targets (55,5)
                   Property reassignment: $(ResolveStaticWebAssetsInputsDependsOn)="
                       
                         ResolveCoreStaticWebAssets;
                         GenerateComputedBuildStaticWebAssets;
                         
                       ;
                       ResolveScopedCssAssets;
                     " (previous value: "
                         ResolveCoreStaticWebAssets;
                         GenerateComputedBuildStaticWebAssets;
                         
                       ") at C:\Program Files\dotnet\sdk\9.0.100\Sdks\Microsoft.NET.Sdk.StaticWebAssets\targets\Microsoft.NET.Sdk.StaticWebAssets.ScopedCss.targets (55,3)
                   Property reassignment: $(GenerateComputedBuildStaticWebAssetsDependsOn)="
                       ResolveCoreStaticWebAssets;;
                       BundleScopedCssFiles;
                     " (previous value: "ResolveCoreStaticWebAssets;") at C:\Program Files\dotnet\sdk\9.0.100\Sdks\Microsoft.NET.Sdk.StaticWebAssets\targets\Microsoft.NET.Sdk.StaticWebAssets.ScopedCss.targets (88,3)
                   Property reassignment: $(ResolveCoreStaticWebAssetsDependsOn)="
                         
                         UpdateExistingPackageStaticWebAssets;
                         ResolveProjectStaticWebAssets;
                         ResolveEmbeddedProjectsStaticWebAssets;
                         ResolveReferencedProjectsStaticWebAssets;
                         ;
                       ;
                         ResolveJSModuleStaticWebAssets;
                         ResolveJsInitializerModuleStaticWebAssets;
                       " (previous value: "
                         UpdateExistingPackageStaticWebAssets;
                         ResolveProjectStaticWebAssets;
                         ResolveEmbeddedProjectsStaticWebAssets;
                         ResolveReferencedProjectsStaticWebAssets;
                         ;
                       ") at C:\Program Files\dotnet\sdk\9.0.100\Sdks\Microsoft.NET.Sdk.StaticWebAssets\targets\Microsoft.NET.Sdk.StaticWebAssets.JSModules.targets (37,5)
                   Property reassignment: $(ResolveStaticWebAssetsInputsDependsOn)="
                         ResolveJSModuleManifestBuildStaticWebAssets;
                         
                       
                         ResolveCoreStaticWebAssets;
                         GenerateComputedBuildStaticWebAssets;
                         
                       ;
                       ResolveScopedCssAssets;
                     
                       " (previous value: "
                       
                         ResolveCoreStaticWebAssets;
                         GenerateComputedBuildStaticWebAssets;
                         
                       ;
                       ResolveScopedCssAssets;
                     ") at C:\Program Files\dotnet\sdk\9.0.100\Sdks\Microsoft.NET.Sdk.StaticWebAssets\targets\Microsoft.NET.Sdk.StaticWebAssets.JSModules.targets (53,5)
                   Property reassignment: $(ResolvePublishStaticWebAssetsDependsOn)="
                         ResolveJSModuleManifestPublishStaticWebAssets;
                         
                         ResolveCorePublishStaticWebAssets;
                         GenerateComputedPublishStaticWebAssets;
                         ;
                       
                       " (previous value: "
                         ResolveCorePublishStaticWebAssets;
                         GenerateComputedPublishStaticWebAssets;
                         ;
                       ") at C:\Program Files\dotnet\sdk\9.0.100\Sdks\Microsoft.NET.Sdk.StaticWebAssets\targets\Microsoft.NET.Sdk.StaticWebAssets.JSModules.targets (72,5)
                   Property reassignment: $(ResolveBuildRelatedStaticWebAssetsDependsOn)="
                         ResolveBuildCompressedStaticWebAssets;
                         
                         ResolveStaticWebAssetsInputs;
                         
                       
                       " (previous value: "
                         ResolveStaticWebAssetsInputs;
                         
                       ") at C:\Program Files\dotnet\sdk\9.0.100\Sdks\Microsoft.NET.Sdk.StaticWebAssets\targets\Microsoft.NET.Sdk.StaticWebAssets.Compression.targets (178,5)
                   Property reassignment: $(ResolvePublishRelatedStaticWebAssetsDependsOn)="
                         ResolvePublishCompressedStaticWebAssets;
                         
                       " (previous value: "") at C:\Program Files\dotnet\sdk\9.0.100\Sdks\Microsoft.NET.Sdk.StaticWebAssets\targets\Microsoft.NET.Sdk.StaticWebAssets.Compression.targets (197,5)
                   Property reassignment: $(DebugSymbolsProjectOutputGroupDependsOn)="
                         ;
                         _RazorAddDebugSymbolsProjectOutputGroupOutput
                       " (previous value: "") at C:\Program Files\dotnet\sdk\9.0.100\Sdks\Microsoft.NET.Sdk.Razor\targets\Sdk.Razor.CurrentVersion.targets (205,5)
                   Property reassignment: $(PrepareForBuildDependsOn)="
                         ;GetFrameworkPaths;GetReferenceAssemblyPaths;AssignLinkMetadata;
                         ResolveRazorGenerateInputs
                       " (previous value: ";GetFrameworkPaths;GetReferenceAssemblyPaths;AssignLinkMetadata") at C:\Program Files\dotnet\sdk\9.0.100\Sdks\Microsoft.NET.Sdk.Razor\targets\Sdk.Razor.CurrentVersion.targets (210,5)
                   Property reassignment: $(GenerateNuspecDependsOn)="
                         ResolveRazorGenerateInputs;
                         
                         IncludeStaticWebAssetsPackItems;
                         Build;_LoadPackInputItems; _GetTargetFrameworksOutput; _WalkEachTargetPerFramework; _GetPackageFiles; ;
                       
                       " (previous value: "
                         IncludeStaticWebAssetsPackItems;
                         Build;_LoadPackInputItems; _GetTargetFrameworksOutput; _WalkEachTargetPerFramework; _GetPackageFiles; ;
                       ") at C:\Program Files\dotnet\sdk\9.0.100\Sdks\Microsoft.NET.Sdk.Razor\targets\Sdk.Razor.CurrentVersion.targets (215,5)
                   Property reassignment: $(PrepareForRunDependsOn)="
                         _RazorPrepareForRun;
                         StaticWebAssetsPrepareForRun;
                         CopyFilesToOutputDirectory
                       
                       " (previous value: "StaticWebAssetsPrepareForRun;
                         CopyFilesToOutputDirectory
                       ") at C:\Program Files\dotnet\sdk\9.0.100\Sdks\Microsoft.NET.Sdk.Razor\targets\Sdk.Razor.CurrentVersion.targets (220,5)
                   Property reassignment: $(UseRazorBuildServer)="true" (previous value: "") at C:\Program Files\dotnet\sdk\9.0.100\Sdks\Microsoft.NET.Sdk.Razor\targets\Sdk.Razor.CurrentVersion.targets (311,5)
                   Property reassignment: $(_RazorDebugSymbolsProduced)="true" (previous value: "false") at C:\Program Files\dotnet\sdk\9.0.100\Sdks\Microsoft.NET.Sdk.Razor\targets\Sdk.Razor.CurrentVersion.targets (317,5)
                   Property reassignment: $(GenerateRazorTargetAssemblyInfoDependsOn)="
                         _ResolveMvcAssemblyAttributes;
                         
                         GetRazorTargetAssemblyAttributes;
                         _CreateRazorTargetAssemblyInfoInputsCacheFile;
                         CoreGenerateRazorTargetAssemblyInfo
                       
                       " (previous value: "
                         GetRazorTargetAssemblyAttributes;
                         _CreateRazorTargetAssemblyInfoInputsCacheFile;
                         CoreGenerateRazorTargetAssemblyInfo
                       ") at C:\Program Files\dotnet\sdk\9.0.100\Sdks\Microsoft.NET.Sdk.Razor\targets\Microsoft.NET.Sdk.Razor.GenerateAssemblyInfo.targets (36,5)
                   Property reassignment: $(CoreCompileDependsOn)="
                         ;_ComputeNonExistentFileProperty;ResolveCodeAnalysisRuleSet;
                         _GenerateRazorAssemblyInfo
                       " (previous value: ";_ComputeNonExistentFileProperty;ResolveCodeAnalysisRuleSet") at C:\Program Files\dotnet\sdk\9.0.100\Sdks\Microsoft.NET.Sdk.Razor\targets\Microsoft.NET.Sdk.Razor.GenerateAssemblyInfo.targets (181,5)
                   Property reassignment: $(_GenerateRazorAssemblyInfoDependsOn)="
                         _ResolveMvcAssemblyAttributes;
                         RazorGetAssemblyAttributes;PrepareForBuild;_CoreGenerateRazorAssemblyInfo;
                       " (previous value: "RazorGetAssemblyAttributes;PrepareForBuild;_CoreGenerateRazorAssemblyInfo") at C:\Program Files\dotnet\sdk\9.0.100\Sdks\Microsoft.NET.Sdk.Razor\targets\Microsoft.NET.Sdk.Razor.GenerateAssemblyInfo.targets (189,5)
                   Property reassignment: $(CoreCompileDependsOn)="
                         _DiscoverMvcApplicationParts;
                         
                         ;_ComputeNonExistentFileProperty;ResolveCodeAnalysisRuleSet;
                         _GenerateRazorAssemblyInfo
                       ;
                       " (previous value: "
                         ;_ComputeNonExistentFileProperty;ResolveCodeAnalysisRuleSet;
                         _GenerateRazorAssemblyInfo
                       ") at C:\Program Files\dotnet\sdk\9.0.100\Sdks\Microsoft.NET.Sdk.Razor\targets\Microsoft.NET.Sdk.Razor.MvcApplicationPartsDiscovery.targets (22,5)
                   Property reassignment: $(RazorDesignTimeTargets)="C:\Program Files\dotnet\sdk\9.0.100\Sdks\Microsoft.NET.Sdk.Razor\targets\Microsoft.NET.Sdk.Razor.DesignTime.targets" (previous value: "C:\Program Files\dotnet\sdk\9.0.100\\Microsoft\VisualStudio\Razor\Microsoft.NET.Sdk.Razor.DesignTime.targets") at C:\Program Files\dotnet\sdk\9.0.100\Sdks\Microsoft.NET.Sdk.Razor\targets\Sdk.Razor.CurrentVersion.targets (791,5)
                   Property reassignment: $(RunWorkingDirectory)="C:\Users\austi\OneDrive\Documents\CSCD Spring25\Hackathon-2025\Hackathon-2025" (previous value: "") at C:\Program Files\dotnet\sdk\9.0.100\Sdks\Microsoft.NET.Sdk.Web.ProjectSystem\targets\Microsoft.NET.Sdk.Web.ProjectSystem.targets (21,5)
                   Property reassignment: $(PublishProfileImported)="true" (previous value: "false") at C:\Program Files\dotnet\sdk\9.0.100\Sdks\Microsoft.NET.Sdk.Publish\targets\Microsoft.NET.Sdk.Publish.targets (60,5)
                   Property reassignment: $(PublishConfiguration)="Debug" (previous value: "") at C:\Program Files\dotnet\sdk\9.0.100\Sdks\Microsoft.NET.Sdk.Publish\targets\Microsoft.NET.Sdk.Publish.targets (81,5)
                   Property reassignment: $(BaseIntermediateOutputPath)="C:\Users\austi\OneDrive\Documents\CSCD Spring25\Hackathon-2025\Hackathon-2025\obj\" (previous value: "obj\") at C:\Program Files\dotnet\sdk\9.0.100\Sdks\Microsoft.NET.Sdk.Publish\targets\Microsoft.NET.Sdk.Publish.targets (87,5)
                   Overriding target "ResolveFrameworkReferences" in project "C:\Program Files\dotnet\sdk\9.0.100\Microsoft.Common.CurrentVersion.targets" with target "ResolveFrameworkReferences" from project "C:\Program Files\dotnet\sdk\9.0.100\Sdks\Microsoft.NET.Sdk\targets\Microsoft.NET.Sdk.FrameworkReferenceResolution.targets".
                   Overriding target "Run" in project "C:\Program Files\dotnet\sdk\9.0.100\Microsoft.Common.CurrentVersion.targets" with target "Run" from project "C:\Program Files\dotnet\sdk\9.0.100\Sdks\Microsoft.NET.Sdk\targets\Microsoft.NET.Sdk.targets".
                   Overriding target "GenerateSupportedTargetFrameworkAlias" in project "C:\Program Files\dotnet\sdk\9.0.100\Microsoft.Common.CurrentVersion.targets" with target "GenerateSupportedTargetFrameworkAlias" from project "C:\Program Files\dotnet\sdk\9.0.100\Sdks\Microsoft.NET.Sdk\targets\Microsoft.NET.Sdk.targets".
                   Overriding target "GetReferenceAssemblyPaths" in project "C:\Program Files\dotnet\sdk\9.0.100\Microsoft.Common.CurrentVersion.targets" with target "GetReferenceAssemblyPaths" from project "C:\Program Files\dotnet\sdk\9.0.100\Sdks\Microsoft.NET.Sdk\targets\Microsoft.NET.DisableStandardFrameworkResolution.targets".
                   Overriding target "GetFrameworkPaths" in project "C:\Program Files\dotnet\sdk\9.0.100\Microsoft.Common.CurrentVersion.targets" with target "GetFrameworkPaths" from project "C:\Program Files\dotnet\sdk\9.0.100\Sdks\Microsoft.NET.Sdk\targets\Microsoft.NET.DisableStandardFrameworkResolution.targets".
                   Overriding target "DesignerRuntimeImplementationProjectOutputGroup" in project "C:\Program Files\dotnet\sdk\9.0.100\Microsoft.Common.CurrentVersion.targets" with target "DesignerRuntimeImplementationProjectOutputGroup" from project "C:\Program Files\dotnet\sdk\9.0.100\Sdks\Microsoft.NET.Sdk\targets\Microsoft.NET.DesignerSupport.targets".
                   Overriding target "Publish" in project "C:\Program Files\dotnet\sdk\9.0.100\Microsoft.Common.CurrentVersion.targets" with target "Publish" from project "C:\Program Files\dotnet\sdk\9.0.100\Sdks\Microsoft.NET.Sdk\targets\Microsoft.NET.Publish.targets".
                   Overriding target "ResolveReadyToRunCompilers" in project "C:\Program Files\dotnet\sdk\9.0.100\Sdks\Microsoft.NET.Sdk\targets\Microsoft.NET.CrossGen.targets" with target "ResolveReadyToRunCompilers" from project "C:\Program Files\dotnet\sdk\9.0.100\Sdks\Microsoft.NET.Sdk\targets\Microsoft.NET.Publish.targets".
                   Overriding target "GetCopyToPublishDirectoryItems" in project "C:\Program Files\dotnet\sdk\9.0.100\Microsoft.Common.CurrentVersion.targets" with target "GetCopyToPublishDirectoryItems" from project "C:\Program Files\dotnet\sdk\9.0.100\Sdks\Microsoft.NET.Sdk\targets\Microsoft.NET.Publish.targets".
                   Overriding target "BeforePublish" in project "C:\Program Files\dotnet\sdk\9.0.100\Microsoft.Common.CurrentVersion.targets" with target "BeforePublish" from project "C:\Program Files\dotnet\sdk\9.0.100\Sdks\Microsoft.NET.Sdk.Publish\targets\Microsoft.NET.Sdk.Publish.targets".
                   Overriding target "AfterPublish" in project "C:\Program Files\dotnet\sdk\9.0.100\Microsoft.Common.CurrentVersion.targets" with target "AfterPublish" from project "C:\Program Files\dotnet\sdk\9.0.100\Sdks\Microsoft.NET.Sdk.Publish\targets\Microsoft.NET.Sdk.Publish.targets".
                   The target "CollectUpToDateCheckInputDesignTime" listed in a BeforeTargets attribute at "C:\Program Files\dotnet\sdk\9.0.100\Sdks\Microsoft.NET.Sdk.StaticWebAssets\targets\Microsoft.NET.Sdk.StaticWebAssets.ScopedCss.targets (171,5)" does not exist in the project, and will be ignored.
                   The target "CollectUpToDateCheckBuiltDesignTime" listed in a BeforeTargets attribute at "C:\Program Files\dotnet\sdk\9.0.100\Sdks\Microsoft.NET.Sdk.StaticWebAssets\targets\Microsoft.NET.Sdk.StaticWebAssets.ScopedCss.targets (171,5)" does not exist in the project, and will be ignored.
                   The target "RazorGenerateComponentDeclaration" listed in an AfterTargets attribute at "C:\Program Files\dotnet\sdk\9.0.100\Sdks\Microsoft.NET.Sdk.Razor\targets\Microsoft.NET.Sdk.Razor.DesignTime.targets (55,53)" does not exist in the project, and will be ignored.
17:20:52.064     0>Initial Properties:
                   __DisableWorkloadResolverSentinelPath = C:\Program Files\dotnet\sdk\9.0.100\DisableWorkloadResolver.sentinel
                   __WindowsAppSdkDefaultImageIncludes = **/*.png;**/*.bmp;**/*.jpg;**/*.dds;**/*.tif;**/*.tga;**/*.gif
                   _AfterSdkPublishDependsOn = Publish
                   _ApiCompatValidatePackageSemaphoreFile = obj\Debug\net8.0\Microsoft.NET.ApiCompat.ValidatePackage.semaphore
                   _AspNetCoreProjectSystemPostPublishDependsOn = 
                         _InitPublishIntermediateOutputPath;
                         
                         _TransformWebConfig;
                         _TransformXml;
                         _TransformAppSettings;
                         _GenerateEFSQLScripts;
                         _GenerateRunCommandFile;
                       ;
                         _PublishFiles;
                       
                   _AspNetCoreProjectSystemPrePublishDependsOn = 
                         BeforePublish;
                         
                         _DetermineProjectType;
                       ;
                       
                   _BeforePublishNoBuildTargets = 
                         BuildOnlySettings;
                         _PreventProjectReferencesFromBuilding;
                         ResolveReferences;
                         PrepareResourceNames;
                         ComputeIntermediateSatelliteAssemblies;
                         ComputeEmbeddedApphostPaths;
                       
                   _BinaryFormatterObsoleteAsError = true
                   _ComHostLibraryExtension = .dll
                   _ComputeTargetsDir = C:\Program Files\dotnet\sdk\9.0.100\Sdks\Microsoft.NET.Sdk.Publish\targets\ComputeTargets\
                   _ContainerIsSelfContained = false
                   _ContainerIsTargetingNet8TFM = true
                   _ContainersTargetsDir = C:\Program Files\dotnet\sdk\9.0.100\Sdks\Microsoft.NET.Sdk\Sdk\..\..\..\Containers\build\
                   _CopyAspNetCoreFilesToIntermediateOutputPathDependsOn = 
                         ;
                         _PrepareForAspNetCoreProjectSystemPublish;
                         Publish;
                       
                   _CopyConsoleFilesToIntermediateOutputPathDependsOn = 
                         ;
                         _PrepareForConsolePublish;
                         Publish;
                       
                   _CopyTargetsDir = C:\Program Files\dotnet\sdk\9.0.100\Sdks\Microsoft.NET.Sdk.Publish\targets\CopyTargets\
                   _CopyWebJobFilesToIntermediateOutputPathDependsOn = 
                         ;
                         _PrepareForWebJobPublish;
                         Publish;
                       
                   _CorePublishTargets = 
                         PrepareForPublish;
                         ComputeAndCopyFilesToPublishDirectory;
                         ;
                         PublishItemsOutputGroup;
                       
                   _DebugSymbolsProduced = true
                   _DefaultArtifactsPathPropsImported = true
                   _DefaultUserProfileRuntimeStorePath = C:\Users\austi\.dotnet\store
                   _DeploymentApplicationManifestIdentity = Hackathon-2025.exe
                   _DeploymentBuiltUpdateInterval = 0
                   _DeploymentBuiltUpdateIntervalUnits = Days
                   _DeploymentDeployManifestIdentity = Hackathon-2025.application
                   _DeploymentFileMappingExtension = 
                   _DeploymentLauncherBased = true
                   _DeploymentPublishableProjectDefault = true
                   _DeploymentTargetApplicationManifestFileName = Hackathon-2025.dll.manifest
                   _DeploymentUrl = 
                   _DesignerDepsFileName = Hackathon-2025.designer.deps.json
                   _DesignerDepsFilePath = obj\Debug\net8.0\Hackathon-2025.designer.deps.json
                   _DesignerRuntimeConfigFileName = Hackathon-2025.designer.runtimeconfig.json
                   _DesignerRuntimeConfigFilePath = obj\Debug\net8.0\Hackathon-2025.designer.runtimeconfig.json
                   _DirectoryBuildPropsBasePath = 
                   _DirectoryBuildPropsFile = Directory.Build.props
                   _DirectoryBuildTargetsBasePath = 
                   _DirectoryBuildTargetsFile = Directory.Build.targets
                   _DirectoryPackagesPropsBasePath = 
                   _DirectoryPackagesPropsFile = Directory.Packages.props
                   _DocumentationFileProduced = false
                   _DotNetAppHostExecutableName = apphost.exe
                   _DotNetAppHostExecutableNameWithoutExtension = apphost
                   _DotNetCLIPostPublishDependsOn = 
                         _InitProjectCapabilityProperties;
                         _AspNetCoreProjectSystemPostPublish;
                         _OtherNetProjectPostPublish;
                         AfterPublish;
                       
                   _DotNetCLIPrePublishDependsOn = 
                         _InitProjectCapabilityProperties;
                         _AspNetCoreProjectSystemPrePublish;
                       
                   _DotNetCLIToolTargetsDir = C:\Program Files\dotnet\sdk\9.0.100\Sdks\Microsoft.NET.Sdk.Publish\targets\DotNetCLIToolTargets\
                   _DotNetComHostLibraryName = comhost.dll
                   _DotNetComHostLibraryNameWithoutExtension = comhost
                   _DotNetHostExecutableName = dotnet.exe
                   _DotNetHostFxrLibraryName = libhostfxr.so
                   _DotNetHostPolicyLibraryName = libhostpolicy.so
                   _DotNetIjwHostLibraryName = Ijwhost.dll
                   _DotNetIjwHostLibraryNameWithoutExtension = Ijwhost
                   _DotNetPublishComputeFiles = 
                         _DetermineProjectType;
                       
                   _DotNetPublishCopyFiles = 
                         _RemoveExcludeFiles;
                         _DeletePublishIntermediateOutputPath;
                         _CopyFilesToPublishIntermediateOutputPath;
                         _CopyAspNetCoreFilesToIntermediateOutputPath;
                         _CopyWebJobFilesToIntermediateOutputPath;
                         _CopyConsoleFilesToIntermediateOutputPath;
                       
                   _DotNetPublishFiles = 
                         FileSystemPublish;
                       
                   _DotNetPublishTransformFiles = 
                         _TransformWebConfig;
                         _TransformXml;
                         _TransformAppSettings;
                         _GenerateEFSQLScripts;
                         _GenerateRunCommandFile;
                       
                   _DotNetSingleFileHostExecutableNameWithoutExtension = singlefilehost
                   _EnableDefaultWindowsPlatform = false
                   _FirstTargetFrameworkToSupportAot = net7.0
                   _FirstTargetFrameworkToSupportSingleFile = net6.0
                   _FirstTargetFrameworkToSupportTrimming = net6.0
                   _FirstTargetFrameworkVersionToSupportAotAnalyzer = 7.0
                   _FirstTargetFrameworkVersionToSupportSingleFileAnalyzer = 6.0
                   _FirstTargetFrameworkVersionToSupportTrimAnalyzer = 6.0
                   _FrameworkIdentifierForImplicitDefine = NET
                   _FrameworkVersionForImplicitDefine = 8_0
                   _GenerateBindingRedirectsIntermediateAppConfig = obj\Debug\net8.0\Hackathon-2025.dll.config
                   _GeneratePublishDependencyFilePropertyInputsCache = C:\Users\austi\OneDrive\Documents\CSCD Spring25\Hackathon-2025\Hackathon-2025\obj\Debug\net8.0\Hackathon-2025.genpublishdeps.cache
                   _GenerateRazorAssemblyInfoDependsOn = 
                         _ResolveMvcAssemblyAttributes;
                         RazorGetAssemblyAttributes;PrepareForBuild;_CoreGenerateRazorAssemblyInfo;
                       
                   _GenerateRestoreGraphProjectEntryInputProperties = 
                         ExcludeRestorePackageImports=true;
                         _RestoreSolutionFileUsed=true;
                         SolutionDir=C:\Users\austi\OneDrive\Documents\CSCD Spring25\Hackathon-2025\;
                         SolutionName=StarlitStories;
                         SolutionFileName=StarlitStories.sln;
                         SolutionPath=C:\Users\austi\OneDrive\Documents\CSCD Spring25\Hackathon-2025\StarlitStories.sln;
                         SolutionExt=.sln;
                       
                   _GenerateRuntimeConfigurationPropertyInputsCache = C:\Users\austi\OneDrive\Documents\CSCD Spring25\Hackathon-2025\Hackathon-2025\obj\Debug\net8.0\Hackathon-2025.genruntimeconfig.cache
                   _GenerateSingleFileBundlePropertyInputsCache = C:\Users\austi\OneDrive\Documents\CSCD Spring25\Hackathon-2025\Hackathon-2025\obj\Debug\net8.0\Hackathon-2025.genbundle.cache
                   _GenerateSourceLinkFileBeforeTargets = CoreCompile
                   _GenerateSourceLinkFileDependsOnTargets = 
                   _GenerateSupportedRuntimeIntermediateAppConfig = obj\Debug\net8.0\Hackathon-2025.dll.withSupportedRuntime.config
                   _GenerateToolsSettingsFileCacheFile = C:\Users\austi\OneDrive\Documents\CSCD Spring25\Hackathon-2025\Hackathon-2025\obj\Debug\net8.0\Hackathon-2025.toolssettingsinput.cache
                   _GetChildProjectCopyToOutputDirectoryItems = true
                   _GetChildProjectCopyToPublishDirectoryItems = true
                   _IjwHostLibraryExtension = .dll
                   _InitialBaseIntermediateOutputPath = obj\
                   _IsDisjointMSBuildVersion = False
                   _IsExecutable = true
                   _IsNETCoreOrNETStandard = true
                   _IsNotSetContainersTargetsDir = true
                   _IsSDKContainerAllowedVersion = true
                   _LatestAnalysisLevel = 9.0
                   _MaxSupportedLangVersion = 12.0
                   _MicrosoftSourceLinkCommonAssemblyFile = C:\Program Files\dotnet\sdk\9.0.100\Sdks\Microsoft.SourceLink.Common\build\..\tools\core\Microsoft.SourceLink.Common.dll
                   _MinimumNonEolSupportedNetCoreTargetFramework = net6.0
                   _MSBuildVersionMajorMinor = 17.12
                   _MvcApplicationPartAttributeGeneratedFile = obj\Debug\net8.0\Hackathon-2025.MvcApplicationPartsAssemblyInfo.cs
                   _MvcApplicationPartCacheFile = obj\Debug\net8.0\Hackathon-2025.MvcApplicationPartsAssemblyInfo.cache
                   _NativeExecutableExtension = .exe
                   _NativeLibraryExtension = .so
                   _NativeLibraryPrefix = lib
                   _NETAnalyzersSDKAssemblyVersion = 9.0.0
                   _NETCoreSdkIsPreview = false
                   _NetFrameworkHostedCompilersVersion = 4.12.0-3.24523.4
                   _NoneAnalysisLevel = 4.0
                   _NugetFallbackFolder = C:\Program Files\dotnet\sdk\9.0.100\Sdks\Microsoft.NET.Sdk\targets\..\..\..\..\NuGetFallbackFolder
                   _NugetTargetMonikerAndRID = .NETCoreApp,Version=v8.0
                   _OriginalConfiguration = Debug
                   _OriginalPlatform = AnyCPU
                   _OtherNetProjectPostPublishDependsOn = 
                         _InitPublishIntermediateOutputPath;
                         _PublishFiles;
                       
                   _PackToolPublishDependency = _PublishBuildAlternative
                   _PlatformWithoutConfigurationInference = AnyCPU
                   _PreviewAnalysisLevel = 10.0
                   _ProjectDefaultTargets = Build
                   _PublishConfigurationPath = Debug\
                   _PublishFilesDependsOn = 
                         
                         FileSystemPublish;
                       ;
                       
                   _PublishNoBuildAlternativeDependsOn = 
                         BuildOnlySettings;
                         _PreventProjectReferencesFromBuilding;
                         ResolveReferences;
                         PrepareResourceNames;
                         ComputeIntermediateSatelliteAssemblies;
                         ComputeEmbeddedApphostPaths;
                       ;
                         PrepareForPublish;
                         ComputeAndCopyFilesToPublishDirectory;
                         ;
                         PublishItemsOutputGroup;
                       
                   _PublishProfileDesignerFolder = Properties
                   _PublishProfileRootFolder = C:\Users\austi\OneDrive\Documents\CSCD Spring25\Hackathon-2025\Hackathon-2025\Properties\PublishProfiles\
                   _PublishProfilesDir = C:\Program Files\dotnet\sdk\9.0.100\Sdks\Microsoft.NET.Sdk.Publish\targets\PublishProfiles\
                   _PublishTargetsDir = C:\Program Files\dotnet\sdk\9.0.100\Sdks\Microsoft.NET.Sdk.Publish\targets\PublishTargets\
                   _PublishTaskAssemblyFullPath = C:\Program Files\dotnet\sdk\9.0.100\Sdks\Microsoft.NET.Sdk.Publish\targets\..\tools\net9.0\Microsoft.NET.Sdk.Publish.Tasks.dll
                   _PublishTaskFramework = net9.0
                   _PublishTasksDir = C:\Program Files\dotnet\sdk\9.0.100\Sdks\Microsoft.NET.Sdk.Publish\targets\..\tools\net9.0\
                   _RazorAssemblyInfo = obj\Debug\net8.0\Hackathon-2025.RazorAssemblyInfo.cs
                   _RazorAssemblyInfoInputsCacheFile = obj\Debug\net8.0\Hackathon-2025.RazorAssemblyInfo.cache
                   _RazorComponentDeclarationOutputPath = obj\Debug\net8.0\RazorDeclaration\
                   _RazorDebugSymbolsProduced = true
                   _RazorGenerateComponentDesignTimeDependsOn = 
                         ResolveRazorComponentInputs;
                         AssignRazorComponentTargetPaths
                       
                   _RazorGenerateInputsHash = 
                   _RazorGenerateInputsHashFile = obj\Debug\net8.0\Hackathon-2025.RazorCoreGenerate.cache
                   _RazorLangVersion = 8.0
                   _RazorSdkImportsMicrosoftNetSdkStaticWebAssets = true
                   _RazorSdkTasksTFM = net9.0
                   _RazorSdkToolAssembly = C:\Program Files\dotnet\sdk\9.0.100\Sdks\Microsoft.NET.Sdk.Razor\targets\..\tools\rzc.dll
                   _RazorTagHelperInputCache = obj\Debug\net8.0\Hackathon-2025.TagHelpers.input.cache
                   _RazorTagHelperOutputCache = obj\Debug\net8.0\Hackathon-2025.TagHelpers.output.cache
                   _RazorTargetAssemblyInfoInputsCacheFile = obj\Debug\net8.0\Hackathon-2025.RazorTargetAssemblyInfo.cache
                   _RecursiveTargetForContentCopying = GetCopyToOutputDirectoryItems
                   _ResolveReferenceDependencies = false
                   _RestoreSolutionFileUsed = true
                   _RuntimeIdentifierUsesAppHost = true
                   _RuntimePackInWorkloadVersion6 = 6.0.36
                   _RuntimePackInWorkloadVersion7 = 7.0.20
                   _RuntimePackInWorkloadVersion8 = 8.0.11
                   _RuntimePackInWorkloadVersionCurrent = 9.0.0
                   _ScopedCssExtension = .rz.scp.css
                   _SGenDllCreated = false
                   _SGenDllName = Hackathon-2025.XmlSerializers.dll
                   _SGenGenerateSerializationAssembliesConfig = Off
                   _ShimCreatedSentinelFile = C:\Users\austi\OneDrive\Documents\CSCD Spring25\Hackathon-2025\Hackathon-2025\obj\Debug\net8.0\Hackathon-2025.shimcreated.sentinel
                   _ShimInputCacheFile = C:\Users\austi\OneDrive\Documents\CSCD Spring25\Hackathon-2025\Hackathon-2025\obj\Debug\net8.0\Hackathon-2025.shiminput.cache
                   _SourceLinkAzureReposGitAssemblyFile = C:\Program Files\dotnet\sdk\9.0.100\Sdks\Microsoft.SourceLink.AzureRepos.Git\build\..\tools\core\Microsoft.SourceLink.AzureRepos.Git.dll
                   _SourceLinkBitbucketAssemblyFile = C:\Program Files\dotnet\sdk\9.0.100\Sdks\Microsoft.SourceLink.Bitbucket.Git\build\..\tools\core\Microsoft.SourceLink.Bitbucket.Git.dll
                   _SourceLinkGitHubAssemblyFile = C:\Program Files\dotnet\sdk\9.0.100\Sdks\Microsoft.SourceLink.GitHub\build\..\tools\core\Microsoft.SourceLink.GitHub.dll
                   _SourceLinkGitLabAssemblyFile = C:\Program Files\dotnet\sdk\9.0.100\Sdks\Microsoft.SourceLink.GitLab\build\..\tools\core\Microsoft.SourceLink.GitLab.dll
                   _SourceLinkPropsImported = true
                   _SourceLinkSdkSubDir = build
                   _StaticWebAssetsSdkTasksTFM = net9.0
                   _StaticWebAssetsSdkToolAssembly = C:\Program Files\dotnet\sdk\9.0.100\Sdks\Microsoft.NET.Sdk.StaticWebAssets\targets\..\tools\net9.0\Microsoft.NET.Sdk.StaticWebAssets.Tool.dll
                   _SupportedArchitectures = amd64 arm64
                   _SupportedPlatformList = @(SupportedPlatform, ',')
                   _TargetFrameworkDirectories = 
                   _TargetFrameworkPath = net8.0\
                   _TargetFrameworkVersionValue = 0.0
                   _TargetFrameworkVersionWithoutV = 8.0
                   _Targeting30OrNewerRazorLangVersion = true
                   _TargetingNET50OrLater = true
                   _TargetingNET60OrLater = true
                   _TargetingNET70OrLater = true
                   _TargetingNET80OrLater = true
                   _TargetingNETCoreApp30OrLater = true
                   _TargetLatestRuntimePatchIsDefault = true
                   _TargetsThatPrepareProjectReferences = 
                         AssignProjectConfiguration;
                         _SplitProjectReferencesByFileExistence
                       
                   _ToolsSettingsFilePath = obj\DotnetToolSettings.xml
                   _TransformTargetsDir = C:\Program Files\dotnet\sdk\9.0.100\Sdks\Microsoft.NET.Sdk.Publish\targets\TransformTargets\
                   _UseAttributeForTargetFrameworkInfoPropertyNames = true
                   _UsingDefaultForHasRuntimeOutput = true
                   _UsingDefaultPlatformTarget = true
                   _WebProjectSystemGlobsPropsDefined = true
                   _WindowsDesktopSdkTargetFrameworkVersionFloor = 3.0
                   _WorkloadLibraryPacksFolder = C:\Program Files\dotnet\library-packs
                   ActiveDebugProfile = https
                   ActualLangName = en-us
                   AddAdditionalExplicitAssemblyReferences = false
                   AddAppConfigToBuildOutputs = true
                   AddRazorSupportForMvc = true
                   AllowedOutputExtensionsInPackageBuildOutputFolder = .dll; .exe; .winmd; .json; .pri; .xml ;
                   AllowedOutputExtensionsInSymbolsPackageBuildOutputFolder = .pdb; .mdb; .dll; .exe; .winmd; .json; .pri; .xml ;; 
                   AllowedReferenceAssemblyFileExtensions = 
                         .winmd;
                         .dll;
                         .exe
                       
                   AllowedReferenceRelatedFileExtensions = 
                         .pdb;
                         .xml;
                         .pri;
                         .dll.config;
                         .exe.config
                       
                   AllowUnsafeBlocks = false
                   AlwaysIncludeCoreFrameworkInRuntimeConfig = true
                   AlwaysUseNumericalSuffixInItemNames = true
                   AnalysisLevel = 8.0
                   AppDesignerFolder = Properties
                   AppendPlatformToOutputPath = false
                   AppendRuntimeIdentifierToOutputPath = true
                   AppendTargetFrameworkToOutputPath = true
                   AspNetCoreHostingModel = inprocess
                   AspNetCoreModuleName = AspNetCoreModuleV2
                   AssemblyFoldersConfigFile = C:\Program Files\dotnet\sdk\9.0.100\AssemblyFolders.config
                   AssemblyFoldersSuffix = AssemblyFoldersEx
                   AssemblyName = Hackathon-2025
                   AssemblySearchPaths = {CandidateAssemblyFiles};{HintPathFromItem};{TargetFrameworkDirectory};{RawFileName}
                   AssemblyTitle = Hackathon-2025
                   AssetTargetFallback = ;net461;net462;net47;net471;net472;net48;net481
                   AssignTargetPathsDependsOn = 
                   Authors = Hackathon-2025
                   AutomaticallyUseReferenceAssemblyPackages = true
                   AutoUnifyAssemblyReferences = true
                   AvailablePlatforms = Any CPU,x86,x64,ARM32,ARM64
                   BackwardsCompatFrameworkDefine = NETCOREAPP
                   BaseIntermediateOutputPath = C:\Users\austi\OneDrive\Documents\CSCD Spring25\Hackathon-2025\Hackathon-2025\obj\
                   BaseOutputPath = bin\
                   BaseOutputPathWasSpecified = true
                   BuildCompileAction = Build
                   BuildCompressionFormats = ;gzip
                   BuildDependsOn = 
                         BeforeBuild;
                         CoreBuild;
                         AfterBuild
                       
                   BuildGenerateSourcesAction = Build
                   BuildingProject = false
                   BuildInParallel = true
                   BuildLinkAction = Build
                   BuildOutputTargetFolder = lib
                   BuildProjectReferences = true
                   BuiltProjectOutputGroupDependenciesDependsOn = 
                         ;
                         
                         ;
                         BuildOnlySettings;
                         PrepareForBuild;
                         AssignTargetPaths;
                         ResolveReferences
                       
                       
                   BuiltProjectOutputGroupDependsOn = PrepareForBuild
                   BundledMSBuildVersion = 17.12.7
                   BundledNETCoreAppPackageVersion = 9.0.0
                   BundledNETCoreAppTargetFrameworkVersion = 9.0
                   BundledNETCorePlatformsPackageVersion = 9.0.0-rtm.24528.9
                   BundledNETStandardPackageVersion = 2.1.0
                   BundledNETStandardTargetFrameworkVersion = 2.1
                   BundledRuntimeIdentifierGraphFile = C:\Program Files\dotnet\sdk\9.0.100\RuntimeIdentifierGraph.json
                   CheckEolTargetFramework = true
                   CheckEolWorkloads = true
                   CheckForOverflowUnderflow = false
                   CleanDependsOn = 
                         BeforeClean;
                         UnmanagedUnregistration;
                         CoreClean;
                         CleanReferencedProjects;
                         CleanPublishFolder;
                         AfterClean
                       
                   CleanFile = Hackathon-2025.csproj.FileListAbsolute.txt
                   ClickOncePublishDir = bin\Debug\net8.0\publish\
                   CodeAnalysisRuleIds = CA1000;CA1001;CA1002;CA1003;CA1005;CA1008;CA1010;CA1012;CA1014;CA1016;CA1017;CA1018;CA1019;CA1021;CA1024;CA1027;CA1028;CA1030;CA1031;CA1032;CA1033;CA1034;CA1036;CA1040;CA1041;CA1043;CA1044;CA1045;CA1046;CA1047;CA1050;CA1051;CA1052;CA1054;CA1055;CA1056;CA1058;CA1060;CA1061;CA1062;CA1063;CA1064;CA1065;CA1066;CA1067;CA1068;CA1069;CA1070;CA1200;CA1303;CA1304;CA1305;CA1307;CA1308;CA1309;CA1310;CA1311;CA1401;CA1416;CA1417;CA1418;CA1419;CA1420;CA1421;CA1422;CA1501;CA1502;CA1505;CA1506;CA1507;CA1508;CA1509;CA1510;CA1511;CA1512;CA1513;CA1514;CA1515;CA1700;CA1707;CA1708;CA1710;CA1711;CA1712;CA1713;CA1715;CA1716;CA1720;CA1721;CA1724;CA1725;CA1727;CA1802;CA1805;CA1806;CA1810;CA1812;CA1813;CA1814;CA1815;CA1816;CA1819;CA1820;CA1821;CA1822;CA1823;CA1824;CA1825;CA1826;CA1827;CA1828;CA1829;CA1830;CA1831;CA1832;CA1833;CA1834;CA1835;CA1836;CA1837;CA1838;CA1839;CA1840;CA1841;CA1842;CA1843;CA1844;CA1845;CA1846;CA1847;CA1848;CA1849;CA1850;CA1851;CA1852;CA1853;CA1854;CA1855;CA1856;CA1857;CA1858;CA1859;CA1860;CA1861;CA1862;CA1863;CA1864;CA1865;CA1866;CA1867;CA1868;CA1869;CA1870;CA1871;CA1872;CA2000;CA2002;CA2007;CA2008;CA2009;CA2011;CA2012;CA2013;CA2014;CA2015;CA2016;CA2017;CA2018;CA2019;CA2020;CA2021;CA2022;CA2100;CA2101;CA2119;CA2153;CA2200;CA2201;CA2207;CA2208;CA2211;CA2213;CA2214;CA2215;CA2216;CA2217;CA2218;CA2219;CA2224;CA2225;CA2226;CA2227;CA2231;CA2234;CA2235;CA2237;CA2241;CA2242;CA2243;CA2244;CA2245;CA2246;CA2247;CA2248;CA2249;CA2250;CA2251;CA2252;CA2253;CA2254;CA2255;CA2256;CA2257;CA2258;CA2259;CA2260;CA2261;CA2262;CA2263;CA2264;CA2265;CA2300;CA2301;CA2302;CA2305;CA2310;CA2311;CA2312;CA2315;CA2321;CA2322;CA2326;CA2327;CA2328;CA2329;CA2330;CA2350;CA2351;CA2352;CA2353;CA2354;CA2355;CA2356;CA2361;CA2362;CA3001;CA3002;CA3003;CA3004;CA3005;CA3006;CA3007;CA3008;CA3009;CA3010;CA3011;CA3012;CA3061;CA3075;CA3076;CA3077;CA3147;CA5350;CA5351;CA5358;CA5359;CA5360;CA5361;CA5362;CA5363;CA5364;CA5365;CA5366;CA5367;CA5368;CA5369;CA5370;CA5371;CA5372;CA5373;CA5374;CA5375;CA5376;CA5377;CA5378;CA5379;CA5380;CA5381;CA5382;CA5383;CA5384;CA5385;CA5386;CA5387;CA5388;CA5389;CA5390;CA5391;CA5392;CA5393;CA5394;CA5395;CA5396;CA5397;CA5398;CA5399;CA5400;CA5401;CA5402;CA5403;CA5404;CA5405
                   CodeAnalysisTargets = C:\Program Files\dotnet\sdk\9.0.100\Microsoft\VisualStudio\v17.0\CodeAnalysis\Microsoft.CodeAnalysis.targets
                   CommandLineArgsForDesignTimeEvaluation = -langversion:12.0 -define:TRACE
                   CommonOutputGroupsDependsOn = 
                         ;
                         BuildOnlySettings;
                         PrepareForBuild;
                         AssignTargetPaths;
                         ResolveReferences
                       
                   CommonTargetsPath = C:\Program Files\dotnet\sdk\9.0.100\Microsoft.Common.CurrentVersion.targets
                   CommonXamlResourcesDirectory = C:\Program Files\dotnet\sdk\9.0.100\\
                   Company = Hackathon-2025
                   CompileDependsOn = 
                         
                         ResolveReferences;
                         ResolveKeySource;
                         SetWin32ManifestProperties;
                         _SetPreferNativeArm64Win32ManifestProperties;
                         FindReferenceAssembliesForReferences;
                         _GenerateCompileInputs;
                         BeforeCompile;
                         _TimeStampBeforeCompile;
                         _GenerateCompileDependencyCache;
                         CoreCompile;
                         _TimeStampAfterCompile;
                         AfterCompile;
                       ;
                         _CreateAppHost;
                         _CreateComHost;
                         _GetIjwHostPaths;
                       
                   CompileLicxFilesDependsOn = 
                   CompilerApiVersion = roslyn4.12
                   CompilerGeneratedFilesOutputPath = 
                   CompressionEnabled = true
                   CompressionExcludePatterns = 
                   CompressionIncludePatterns = 
                   ComputeIntermediateSatelliteAssembliesDependsOn = 
                         CreateManifestResourceNames
                       
                   ComputeNETCoreBuildOutputFiles = true
                   ComputeReferencedStaticWebAssetsPublishManifestDependsOn = 
                         ;
                         StaticWebAssetsPrepareForPublish;
                       
                   ComReferenceExecuteAsTool = false
                   ComReferenceNoClassMembers = false
                   Configuration = Debug
                   ConfigurationName = Debug
                   Configurations = Debug;Release
                   ConsiderPlatformAsProcessorArchitecture = true
                   ContainerCustomTasksAssembly = C:\Program Files\dotnet\sdk\9.0.100\Containers\build\..\tasks\net9.0\Microsoft.NET.Build.Containers.dll
                   ContainerCustomTasksFolder = C:\Program Files\dotnet\sdk\9.0.100\Containers\build\..\tasks\net9.0\
                   ContainerizeFolder = C:\Program Files\dotnet\sdk\9.0.100\Containers\build\..\containerize\
                   ContainerizeFolderName = containerize
                   ContainerTaskFolderName = tasks
                   ContainerTaskFramework = net9.0
                   ContentFilesProjectOutputGroupDependsOn = PrepareForBuild;AssignTargetPaths
                   ContentPreprocessorOutputDirectory = obj\Debug\net8.0\NuGet\
                   ContentTargetFolders = content;contentFiles
                   ContinueOnError = false
                   CopyBuildOutputToPublishDirectory = true
                   CopyConflictingTransitiveContent = false
                   CopyLocalLockFileAssemblies = true
                   CopyOutputSymbolsToPublishDirectory = true
                   CopyRazorGenerateFilesToPublishDirectory = false
                   CopyRefAssembliesToPublishDirectory = 
                   CopyStaticWebAssetsToOutputDirectoryDependsOn = LoadStaticWebAssetsBuildManifest;
                   CopyStaticWebAssetsToPublishDirectoryDependsOn = StaticWebAssetsPrepareForPublish;LoadStaticWebAssetsPublishManifest;
                   CoreBuildDependsOn = 
                         _CheckForBuildWithNoBuild;
                         
                         BuildOnlySettings;
                         PrepareForBuild;
                         PreBuildEvent;
                         ResolveReferences;
                         PrepareResources;
                         ResolveKeySource;
                         Compile;
                         ExportWindowsMDFile;
                         UnmanagedUnregistration;
                         GenerateSerializationAssemblies;
                         CreateSatelliteAssemblies;
                         GenerateManifests;
                         GetTargetPath;
                         PrepareForRun;
                         UnmanagedRegistration;
                         IncrementalClean;
                         PostBuildEvent
                       ;
                         GenerateBuildDependencyFile;
                         GenerateBuildRuntimeConfigurationFiles
                       
                   CoreCleanDependsOn = 
                         _SdkBeforeClean;
                         
                       
                   CoreCompileDependsOn = 
                         _DiscoverMvcApplicationParts;
                         
                         ;_ComputeNonExistentFileProperty;ResolveCodeAnalysisRuleSet;
                         _GenerateRazorAssemblyInfo
                       ;
                       
                   CorePublishDependsOn = 
                         
                         _DetermineProjectType;
                       ;
                         
                         _RemoveExcludeFiles;
                         _DeletePublishIntermediateOutputPath;
                         _CopyFilesToPublishIntermediateOutputPath;
                         _CopyAspNetCoreFilesToIntermediateOutputPath;
                         _CopyWebJobFilesToIntermediateOutputPath;
                         _CopyConsoleFilesToIntermediateOutputPath;
                       ;
                         
                         _TransformWebConfig;
                         _TransformXml;
                         _TransformAppSettings;
                         _GenerateEFSQLScripts;
                         _GenerateRunCommandFile;
                       ;
                         
                         FileSystemPublish;
                       ;
                       
                   CoreResGenDependsOn = FindReferenceAssembliesForReferences
                   CreateCustomManifestResourceNamesDependsOn = 
                   CreateHardLinksForCopyAdditionalFilesIfPossible = false
                   CreateManifestResourceNamesDependsOn = 
                   CreateSatelliteAssembliesDependsOn = 
                         
                         ;
                         _GenerateSatelliteAssemblyInputs;
                         ComputeIntermediateSatelliteAssemblies;
                         GenerateSatelliteAssemblies
                       ;
                         CoreGenerateSatelliteAssemblies
                       
                   CreateSymbolicLinksForCopyAdditionalFilesIfPossible = false
                   CSharpCoreTargetsPath = C:\Program Files\dotnet\sdk\9.0.100\Roslyn\Microsoft.CSharp.Core.targets
                   CSharpDesignTimeTargetsPath = C:\Program Files\dotnet\sdk\9.0.100\\Microsoft\VisualStudio\Managed\Microsoft.CSharp.DesignTime.targets
                   CSharpTargetsPath = C:\Program Files\dotnet\sdk\9.0.100\Microsoft.CSharp.CurrentVersion.targets
                   CustomAfterDirectoryBuildProps = ;C:\Program Files\dotnet\sdk\9.0.100\Sdks\Microsoft.NET.Sdk\Sdk\UseArtifactsOutputPath.props
                   CustomAfterMicrosoftCommonProps = C:\Program Files\dotnet\sdk\9.0.100\\vCurrent\Custom.After.Microsoft.Common.props
                   CustomAfterMicrosoftCommonTargets = C:\Program Files\dotnet\sdk\9.0.100\\vCurrent\Custom.After.Microsoft.Common.targets
                   CustomAfterMicrosoftCSharpTargets = C:\Program Files\dotnet\sdk\9.0.100\\vCurrent\Custom.After.Microsoft.CSharp.targets
                   CustomBeforeMicrosoftCommonProps = C:\Program Files\dotnet\sdk\9.0.100\\vCurrent\Custom.Before.Microsoft.Common.props
                   CustomBeforeMicrosoftCommonTargets = C:\Program Files\dotnet\sdk\9.0.100\\vCurrent\Custom.Before.Microsoft.Common.targets
                   CustomBeforeMicrosoftCSharpTargets = C:\Program Files\dotnet\sdk\9.0.100\\vCurrent\Custom.Before.Microsoft.CSharp.targets
                   CustomCollectWatchItems = ;_RazorSdkCustomCollectWatchItems
                   DebugSymbols = true
                   DebugSymbolsProjectOutputGroupDependenciesDependsOn = 
                         ;
                         
                         ;
                         BuildOnlySettings;
                         PrepareForBuild;
                         AssignTargetPaths;
                         ResolveReferences
                       
                       
                   DebugSymbolsProjectOutputGroupDependsOn = 
                         ;
                         _RazorAddDebugSymbolsProjectOutputGroupOutput
                       
                   DebugType = portable
                   DefaultAllowedOutputExtensionsInPackageBuildOutputFolder = .dll; .exe; .winmd; .json; .pri; .xml
                   DefaultAppHostRuntimeIdentifier = win-x64
                   DefaultCopyToPublishDirectoryMetadata = true
                   DefaultExcludesInProjectFolder = ;;**/.*/**
                   DefaultImplicitPackages = Microsoft.NETCore.App;NETStandard.Library
                   DefaultItemExcludes = ;**\node_modules\**;node_modules\**;**\jspm_packages\**;jspm_packages\**;**\bower_components\**;bower_components\**;**\packages.lock.json;bin\Debug\/**;obj\Debug\/**;bin\/**;obj\/**;**/*.user;**/*.*proj;**/*.sln;**/*.vssscc;**/.DS_Store
                   DefaultLanguageSourceExtension = .cs
                   DefaultProjectTypeGuid = {FAE04EC0-301F-11D3-BF4B-00C04F79EFBC}
                   DefaultWebContentItemExcludes = ;wwwroot\**
                   DefineCommonCapabilities = true
                   DefineCommonItemSchemas = true
                   DefineCommonReferenceSchemas = true
                   DefineConstants = TRACE;DEBUG;NET;NET8_0;NETCOREAPP
                   DelaySign = 
                   DeleteExistingFiles = False
                   DeploymentComputeClickOnceManifestInfoDependsOn = 
                         CleanPublishFolder;
                         GetCopyToOutputDirectoryItems;
                         _DeploymentGenerateTrustInfo;
                         
                       
                   DesignerRuntimeImplementationProjectOutputGroupDependsOn = 
                         
                         ;
                         
                         ;
                         BuildOnlySettings;
                         PrepareForBuild;
                         AssignTargetPaths;
                         ResolveReferences
                       
                       ;
                         _GenerateDesignerDepsFile;
                         _GenerateDesignerRuntimeConfigFile;
                         GetCopyToOutputDirectoryItems;
                         _GatherDesignerShadowCopyFiles;
                       
                   DesignTimeAssemblySearchPaths = {CandidateAssemblyFiles};{HintPathFromItem};{TargetFrameworkDirectory};{RawFileName}
                   DesignTimeAutoUnify = true
                   DesignTimeResolveAssemblyReferencesDependsOn = 
                         GetFrameworkPaths;
                         GetReferenceAssemblyPaths;
                         ResolveReferences
                       
                   Deterministic = true
                   DevEnvDir = *Undefined*
                   DisableBuildCompression = false
                   DisableHandlePackageFileConflicts = true
                   DisableLogTaskParameter_ConvertToAbsolutePath_Path = true
                   DisableLogTaskParameter_FindUnderPath_OutOfPath = true
                   DisableLogTaskParameter_RemoveDuplicates_Inputs = true
                   DisableLogTaskParameterItemMetadata_ConvertToAbsolutePath_AbsolutePaths = true
                   DisableLogTaskParameterItemMetadata_Copy_CopiedFiles = true
                   DisableLogTaskParameterItemMetadata_Copy_DestinationFiles = true
                   DisableLogTaskParameterItemMetadata_Copy_SourceFiles = true
                   DisableLogTaskParameterItemMetadata_FindUnderPath_Files = true
                   DisableLogTaskParameterItemMetadata_FindUnderPath_InPath = true
                   DisableLogTaskParameterItemMetadata_GenerateResource_FilesWritten = true
                   DisableLogTaskParameterItemMetadata_Hash_ItemsToHash = true
                   DisableLogTaskParameterItemMetadata_RemoveDuplicates_Filtered = true
                   DisableLogTaskParameterItemMetadata_WriteLinesToFile_Lines = true
                   DisableStandardFrameworkResolution = true
                   DocumentationFile = 
                   DocumentationProjectOutputGroupDependenciesDependsOn = 
                         ;
                         
                         ;
                         BuildOnlySettings;
                         PrepareForBuild;
                         AssignTargetPaths;
                         ResolveReferences
                       
                       
                   DocumentationProjectOutputGroupDependsOn = 
                   DOTNET_CLI_TELEMETRY_SESSIONID = 57cbd918-d6e8-4bc3-be34-5b5dda67f0f5
                   DOTNET_HOST_PATH = C:\Program Files\dotnet\dotnet.exe
                   DotNetApiCompatTaskAssembly = C:\Program Files\dotnet\sdk\9.0.100\Sdks\Microsoft.NET.Sdk\targets\..\tools\net9.0\Microsoft.DotNet.ApiCompat.Task.dll
                   DotnetCliToolTargetFramework = netcoreapp2.2
                   DotNetPublishDependsOn = 
                         BeforePublish;
                         CorePublish;
                         AfterPublish;
                       
                   EffectiveAnalysisLevel = 8.0
                   EffectiveCodeAnalysisTreatWarningsAsErrors = 
                   EFSQLScriptsFolderName = EFSQLScripts
                   EmbeddedResourceUseDependentUponConvention = true
                   EmbeddedWin32Manifest = 
                   EmbedRazorGenerateSources = false
                   EmbedUntrackedSources = true
                   EmitAssetsLogMessages = true
                   EmitCompilerGeneratedFiles = false
                   EmitLegacyAssetsFileItems = false
                   EnableAppxPackageTargetsForUwpClassLibraries = true
                   EnableDefaultCompileItems = true
                   EnableDefaultContentItems = true
                   EnableDefaultEmbeddedResourceItems = true
                   EnableDefaultItems = true
                   EnableDefaultNoneItems = true
                   EnableDefaultRazorComponentItems = true
                   EnableDefaultRazorGenerateItems = true
                   EnableDefaultRazorTargetAssemblyInfoAttributes = true
                   EnableDefaultScopedCssItems = true
                   EnableFrameworkPathOverride = false
                   EnableNETAnalyzers = true
                   EnableRazorSdkContent = true
                   EnableSdkContainerSupport = true
                   EnableSourceControlManagerQueries = true
                   EnableSourceLink = true
                   EnableUnsafeBinaryFormatterSerialization = false
                   EnableWebSdkImplicitPackageVersions = false
                   EnforceCodeStyleInBuild = false
                   ErrorReport = prompt
                   ExcludeRestorePackageImports = true
                   ExpandSDKAllowedReferenceExtensions = 
                         .winmd;
                         .dll
                       
                   ExpandSDKReferencesDependsOn = 
                         ResolveSDKReferences
                       
                   FileAlignment = 512
                   FileSystemPublishDependsOn = 
                         ;
                         _DeleteDestinationFilesIfSpecified;
                         _CopyEntityFrameworkScripts;
                         _GatherFilesFromPublishIntermediateOutputPath;
                       
                   FindInvalidProjectReferencesDependsOn = 
                         GetReferenceTargetPlatformMonikers
                       
                   ForceNet8Current = false
                   Framework20Dir = @(_TargetFramework20DirectoryItem)
                   Framework30Dir = @(_TargetFramework30DirectoryItem)
                   Framework35Dir = @(_TargetFramework35DirectoryItem)
                   Framework40Dir = @(_TargetFramework40DirectoryItem)
                   FrameworkDir = @(_TargetFramework40DirectoryItem)
                   FrameworkPathOverride = 
                   FrameworkRegistryBase = Software\Microsoft\.NETCoreApp
                   FrameworkSDKDir = @(_TargetFrameworkSDKDirectoryItem)
                   FullReferenceAssemblyNames = Full
                   GenerateAssemblyCompanyAttribute = true
                   GenerateAssemblyConfigurationAttribute = true
                   GenerateAssemblyCopyrightAttribute = true
                   GenerateAssemblyDescriptionAttribute = true
                   GenerateAssemblyFileVersionAttribute = true
                   GenerateAssemblyInfo = true
                   GenerateAssemblyInformationalVersionAttribute = true
                   GenerateAssemblyMetadataAttributes = true
                   GenerateAssemblyProductAttribute = true
                   GenerateAssemblyTitleAttribute = true
                   GenerateAssemblyTrademarkAttribute = true
                   GenerateAssemblyVersionAttribute = true
                   GenerateBindingRedirectsOutputType = true
                   GenerateBuildCompressedStaticWebAssetsDependsOn = 
                         ResolveBuildCompressedStaticWebAssetsConfiguration;
                         
                       
                   GenerateClickOnceManifests = 
                   GenerateComputedBuildStaticWebAssetsDependsOn = 
                       ResolveCoreStaticWebAssets;;
                       BundleScopedCssFiles;
                     
                   GenerateComputedPublishStaticWebAssetsDependsOn = 
                   GeneratedAssemblyInfoFile = obj\Debug\net8.0\Hackathon-2025.AssemblyInfo.cs
                   GenerateDependencyFile = true
                   GeneratedGlobalUsingsFile = obj\Debug\net8.0\Hackathon-2025.GlobalUsings.g.cs
                   GenerateDisableRuntimeMarshallingAttribute = true
                   GenerateDocumentationFile = false
                   GenerateFullPaths = true
                   GenerateInternalsVisibleToAttributes = true
                   GenerateJSModuleManifest = true
                   GenerateJSModuleManifestBuildStaticWebAssetsDependsOn = 
                         ResolveJSModuleManifestBuildConfiguration;
                         
                       
                   GenerateJSModuleManifestPublishStaticWebAssetsDependsOn = 
                         ResolveJSModuleManifestPublishConfiguration;
                         
                       
                   GenerateManifestsDependsOn = 
                         SetWin32ManifestProperties;
                         GenerateApplicationManifest;
                         GenerateDeploymentManifest
                       
                   GenerateMvcApplicationPartsAssemblyAttributes = true
                   GenerateNeutralResourcesLanguageAttribute = true
                   GenerateNuspecDependsOn = 
                         ResolveRazorGenerateInputs;
                         
                         IncludeStaticWebAssetsPackItems;
                         Build;_LoadPackInputItems; _GetTargetFrameworksOutput; _WalkEachTargetPerFramework; _GetPackageFiles; ;
                       
                       
                   GeneratePackageOnBuild = false
                   GeneratePublishCompressedStaticWebAssetsDependsOn = 
                         ResolvePublishCompressedStaticWebAssetsConfiguration;
                         
                       
                   GenerateRazorTargetAssemblyInfo = true
                   GenerateRazorTargetAssemblyInfoDependsOn = 
                         _ResolveMvcAssemblyAttributes;
                         
                         GetRazorTargetAssemblyAttributes;
                         _CreateRazorTargetAssemblyInfoInputsCacheFile;
                         CoreGenerateRazorTargetAssemblyInfo
                       
                       
                   GenerateRepositoryUrlAttribute = true
                   GenerateResourceMSBuildArchitecture = CurrentArchitecture
                   GenerateResourceMSBuildRuntime = CurrentRuntime
                   GenerateResourceUsePreserializedResources = true
                   GenerateResourceWarnOnBinaryFormatterUse = true
                   GenerateRuntimeConfigDevFile = false
                   GenerateRuntimeConfigurationFiles = true
                   GenerateSatelliteAssembliesForCore = true
                   GenerateScopedCssFilesDependsOn = 
                       ;
                       _ResolveBundlingConfiguration;
                       _ProcessScopedCssFiles;
                       BundleScopedCssFiles;
                     
                   GenerateStaticWebAssetsManifestDependsOn = ;ResolveBuildStaticWebAssets
                   GenerateStaticWebAssetsPublishManifestDependsOn = 
                         ResolveStaticWebAssetsConfiguration;
                         ResolveAllPublishStaticWebAssets;
                         ;
                       
                   GenerateSupportedOSPlatformAttribute = true
                   GenerateTargetFrameworkAttribute = true
                   GenerateTargetPlatformAttribute = true
                   GetCopyToOutputDirectoryItemsDependsOn = 
                         AssignTargetPaths;
                         
                         AssignProjectConfiguration;
                         _SplitProjectReferencesByFileExistence
                       ;
                         _GetProjectReferenceTargetFrameworkProperties;
                         _PopulateCommonStateForGetCopyToOutputDirectoryItems
                       ;AddStaticWebAssetsManifest;AddStaticWebAssetEndpointsBuildManifest
                   GetFrameworkPathsDependsOn = 
                   GetReferenceNearestTargetFrameworkTaskSupportsTargetPlatformParameter = true
                   GetTargetPathWithTargetPlatformMonikerDependsOn = 
                   HasRuntimeOutput = true
                   HideWarningsAndErrors = false
                   HighEntropyVA = true
                   ImplicitConfigurationDefine = DEBUG
                   ImplicitFrameworkDefine = NET8_0
                   ImplicitUsings = enable
                   ImportByWildcardAfterMicrosoftCommonProps = true
                   ImportByWildcardAfterMicrosoftCommonTargets = true
                   ImportByWildcardAfterMicrosoftCSharpTargets = true
                   ImportByWildcardBeforeMicrosoftCommonProps = true
                   ImportByWildcardBeforeMicrosoftCommonTargets = true
                   ImportByWildcardBeforeMicrosoftCSharpTargets = true
                   ImportDirectoryBuildProps = true
                   ImportDirectoryBuildTargets = true
                   ImportDirectoryPackagesProps = true
                   ImportFrameworkWinFXTargets = false
                   ImportNuGetBuildTasksPackTargetsFromSdk = true
                   ImportProjectExtensionProps = false
                   ImportProjectExtensionTargets = false
                   ImportUserLocationsByWildcardAfterMicrosoftCommonProps = true
                   ImportUserLocationsByWildcardAfterMicrosoftCommonTargets = true
                   ImportUserLocationsByWildcardAfterMicrosoftCSharpTargets = true
                   ImportUserLocationsByWildcardBeforeMicrosoftCommonProps = true
                   ImportUserLocationsByWildcardBeforeMicrosoftCommonTargets = true
                   ImportUserLocationsByWildcardBeforeMicrosoftCSharpTargets = true
                   IncludeBuildOutput = true
                   IncludeContentInPack = true
                   IncludeFileVersionsInDependencyFile = true
                   IncludeMainProjectInDepsFile = true
                   IncludeProjectsNotInAssetsFileInDepsFile = true
                   IncludeRazorContentInPack = false
                   IncludeSourceRevisionInInformationalVersion = true
                   IncludeStaticWebAssetsPackItemsDependsOn = 
                         Build;
                         ResolveStaticWebAssetsConfiguration;LoadStaticWebAssetsBuildManifest
                       ;
                       
                   IncludeSymbolsInSingleFile = false
                   InnerBuildProperty = TargetFramework
                   InnerBuildPropertyValues = TargetFrameworks
                   IntermediateOutputPath = obj\Debug\net8.0\
                   IsPackable = false
                   IsPublishable = true
                   IsRazorCompilerReferenced = true
                   IsRestoreTargetsFileLoaded = true
                   IsRidAgnostic = false
                   JSModulesEnabled = true
                   Language = C#
                   LanguageTargets = C:\Program Files\dotnet\sdk\9.0.100\Microsoft.CSharp.targets
                   LangVersion = 12.0
                   MarkPackageReferencesAsExternallyResolved = true
                   MaxSupportedLangVersion = 12.0
                   MaxTargetPath = 100
                   MicrosoftBuildTasksGitAssemblyFile = C:\Program Files\dotnet\sdk\9.0.100\Sdks\Microsoft.Build.Tasks.Git\build\..\tools\core\Microsoft.Build.Tasks.Git.dll
                   MicrosoftCommonPropsHasBeenImported = true
                   MicrosoftNETBuildExtensionsTargets = C:\Program Files\dotnet\sdk\9.0.100\\Microsoft\Microsoft.NET.Build.Extensions\Microsoft.NET.Build.Extensions.targets
                   MicrosoftNETBuildExtensionsTasksAssembly = C:\Program Files\dotnet\sdk\9.0.100\Microsoft\Microsoft.NET.Build.Extensions\\tools\net9.0\Microsoft.NET.Build.Extensions.Tasks.dll
                   MicrosoftNETBuildTasksAssembly = C:\Program Files\dotnet\sdk\9.0.100\Sdks\Microsoft.NET.Sdk\targets\..\tools\net9.0\Microsoft.NET.Build.Tasks.dll
                   MicrosoftNETBuildTasksDirectory = C:\Program Files\dotnet\sdk\9.0.100\Sdks\Microsoft.NET.Sdk\targets\..\tools\net9.0\
                   MicrosoftNETBuildTasksDirectoryRoot = C:\Program Files\dotnet\sdk\9.0.100\Sdks\Microsoft.NET.Sdk\targets\..\tools\
                   MicrosoftNETBuildTasksTFM = net9.0
                   MicrosoftNETCrossgenBuildTasksAssembly = C:\Program Files\dotnet\sdk\9.0.100\Sdks\Microsoft.NET.Sdk\targets\..\tasks\net7.0\Microsoft.NET.Sdk.Crossgen.dll
                   MicrosoftNETFrameworkReferenceAssembliesLatestPackageVersion = 1.0.3
                   MicrosoftNETWindowsWorkloadInstalled = true
                   MinimumMSBuildVersion = 17.11.0
                   MinimumVisualStudioVersionForUnsupportedTargetFrameworkVersion = 17.16
                   MsAppxPackageTargets = C:\Program Files\dotnet\sdk\9.0.100\Microsoft\VisualStudio\v17.0\AppxPackage\Microsoft.AppXPackage.Targets
                   MSBuildAllProjects = C:\Users\austi\OneDrive\Documents\CSCD Spring25\Hackathon-2025\Hackathon-2025\Hackathon-2025.csproj;;C:\Program Files\dotnet\sdk\9.0.100\Current\Microsoft.Common.targets\ImportAfter\Microsoft.TestPlatform.ImportAfter.targets
                   MSBuildAssemblyVersion = 17.0
                   MSBuildBinPath = C:\Program Files\dotnet\sdk\9.0.100
                   MSBuildCopyContentTransitively = true
                   MSBuildCopyMarkerName = Hackatho.4E687FAD.Up2Date
                   MSBuildDisableFeaturesFromVersion = 999.999
                   MSBuildEnableWorkloadResolver = true
                   MSBuildExtensionsPath = C:\Program Files\dotnet\sdk\9.0.100\
                   MSBuildExtensionsPath32 = C:\Program Files\dotnet\sdk\9.0.100
                   MSBuildExtensionsPath64 = C:\Program Files\dotnet\sdk\9.0.100
                   MSBUILDFAILONDRIVEENUMERATINGWILDCARD = 1
                   MSBuildFileVersion = 17.12.7.52203
                   MSBuildIsRestoring = True
                   MSBuildLoadMicrosoftTargetsReadOnly = true
                   MSBuildNodeCount = 12
                   MSBuildProgramFiles32 = C:\Program Files (x86)
                   MSBuildProjectDefaultTargets = Build
                   MSBuildProjectDirectory = C:\Users\austi\OneDrive\Documents\CSCD Spring25\Hackathon-2025\Hackathon-2025
                   MSBuildProjectDirectoryNoRoot = Users\austi\OneDrive\Documents\CSCD Spring25\Hackathon-2025\Hackathon-2025
                   MSBuildProjectExtension = .csproj
                   MSBuildProjectExtensionsPath = C:\Users\austi\OneDrive\Documents\CSCD Spring25\Hackathon-2025\Hackathon-2025\obj\
                   MSBuildProjectFile = Hackathon-2025.csproj
                   MSBuildProjectFullPath = C:\Users\austi\OneDrive\Documents\CSCD Spring25\Hackathon-2025\Hackathon-2025\Hackathon-2025.csproj
                   MSBuildProjectName = Hackathon-2025
                   MSBuildRestoreSessionId = 46153a84-4b97-4d3e-af58-dac232af2069
                   MSBuildRuntimeType = Core
                   MSBuildSDKsPath = C:\Program Files\dotnet\sdk\9.0.100\Sdks
                   MSBuildSemanticVersion = 17.12.7+5b8665660
                   MSBuildStartupDirectory = C:\Users\austi\OneDrive\Documents\CSCD Spring25\Hackathon-2025
                   MSBuildToolsPath = C:\Program Files\dotnet\sdk\9.0.100
                   MSBuildToolsVersion = Current
                   MSBuildUserExtensionsPath = C:\Users\austi\AppData\Local\Microsoft\MSBuild
                   MSBUILDUSESERVER = 0
                   MSBuildUseVisualStudioDirectoryLayout = False
                   MSBuildVersion = 17.12.7
                   MSBuildWarningsAsErrors = ;NU1605
                   MSBuildWarningsAsMessages = 1701;1702
                   MSBuildWarningsNotAsErrors = 
                   MSBuildWebTargetsPath = C:\Program Files\dotnet\sdk\9.0.100\\Microsoft\VisualStudio\Managed.Web\
                   MsTestToolsTargets = C:\Program Files\dotnet\sdk\9.0.100\Microsoft\VisualStudio\v17.0\TeamTest\Microsoft.TeamTest.targets
                   NETCoreAppMaximumVersion = 9.0
                   NetCoreRoot = C:\Program Files\dotnet\
                   NETCoreSdkBundledCliToolsProps = C:\Program Files\dotnet\sdk\9.0.100\Sdks\Microsoft.NET.Sdk\targets\..\..\..\Microsoft.NETCoreSdk.BundledCliTools.props
                   NETCoreSdkBundledMSBuildInformationProps = C:\Program Files\dotnet\sdk\9.0.100\Sdks\Microsoft.NET.Sdk\targets\..\..\..\Microsoft.NETCoreSdk.BundledMSBuildInformation.props
                   NETCoreSdkBundledVersionsProps = C:\Program Files\dotnet\sdk\9.0.100\Sdks\Microsoft.NET.Sdk\targets\..\..\..\Microsoft.NETCoreSdk.BundledVersions.props
                   NETCoreSdkPortableRuntimeIdentifier = win-x64
                   NETCoreSdkRuntimeIdentifier = win-x64
                   NETCoreSdkVersion = 9.0.100
                   NetCoreTargetingPackRoot = C:\Program Files\dotnet\packs
                   NoCompilerStandardLib = true
                   NoStdLib = true
                   NoWarn = 1701;1702
                   NuGetAudit = true
                   NuGetAuditLevel = low
                   NuGetAuditMode = all
                   NuGetBuildTasksPackTargets = C:\Program Files\dotnet\sdk\9.0.100\Sdks\Microsoft.NET.Sdk\Sdk\..\..\NuGet.Build.Tasks.Pack\build\NuGet.Build.Tasks.Pack.targets
                   NuGetInteractive = 
                   NuGetPackTaskAssemblyFile = ..\CoreCLR\NuGet.Build.Tasks.Pack.dll
                   NuGetPropsFile = C:\Program Files\dotnet\sdk\9.0.100\NuGet.props
                   NuGetRestoreTargets = C:\Program Files\dotnet\sdk\9.0.100\NuGet.targets
                   NuGetTargetMoniker = .NETCoreApp,Version=v8.0
                   Nullable = enable
                   NuspecOutputPath = obj\Debug\
                   Optimize = false
                   OutDir = bin\Debug\net8.0\
                   OutputPath = bin\Debug\net8.0\
                   OutputType = Exe
                   OverwriteReadOnlyFiles = false
                   PackageDescription = Package Description
                   PackageDownloadSupported = true
                   PackagedShimOutputRootDirectory = bin\Debug\net8.0\
                   PackageId = Hackathon-2025
                   PackageOutputPath = bin\Debug\
                   PackageRequireLicenseAcceptance = false
                   PackageVersion = 1.0.0
                   PackDependsOn = ; _IntermediatePack; GenerateNuspec; 
                   PackRelease = true
                   Platform = AnyCPU
                   PlatformName = AnyCPU
                   Platforms = AnyCPU
                   PostBuildEventDependsOn = 
                   PreBuildEventDependsOn = 
                   Prefer32Bit = false
                   PreferNativeArm64 = false
                   PrepareForBuildDependsOn = 
                         ;GetFrameworkPaths;GetReferenceAssemblyPaths;AssignLinkMetadata;
                         ResolveRazorGenerateInputs
                       
                   PrepareForRazorCompileDependsOn = 
                         RazorGenerate;
                         ResolveRazorCompileInputs;
                         GenerateRazorTargetAssemblyInfo
                       
                   PrepareForRazorComponentGenerateDependsOn = 
                         ResolveRazorConfiguration;
                         ResolveRazorComponentInputs;
                         _CheckForIncorrectComponentsConfiguration;
                         AssignRazorComponentTargetPaths;
                       
                   PrepareForRazorGenerateDependsOn = 
                         ResolveRazorConfiguration;
                         ResolveRazorGenerateInputs;
                         AssignRazorGenerateTargetPaths;
                         _ResolveGeneratedRazorCompileInputs;
                         _CheckForIncorrectMvcConfiguration;
                       
                   PrepareForRunDependsOn = 
                         _RazorPrepareForRun;
                         StaticWebAssetsPrepareForRun;
                         CopyFilesToOutputDirectory
                       
                       
                   PrepareProjectReferencesDependsOn = 
                         AssignProjectConfiguration;
                         _SplitProjectReferencesByFileExistence;
                         _GetProjectReferenceTargetFrameworkProperties;
                         _GetProjectReferencePlatformProperties
                       
                   PrepareResourceNamesDependsOn = 
                         AssignTargetPaths;
                         SplitResourcesByCulture;
                         CreateManifestResourceNames;
                         CreateCustomManifestResourceNames
                       
                   PrepareResourcesDependsOn = 
                         ResolvePackageDependenciesForBuild;
                         _HandlePackageFileConflicts;
                         
                         ;
                         PrepareResourceNames;
                         ResGen;
                         CompileLicxFiles
                       
                       
                   PreserveCompilationReferences = 
                   ProcessorArchitecture = msil
                   ProcessorArchitectureAsPlatform = AnyCPU
                   ProduceReferenceAssembly = true
                   Product = Hackathon-2025
                   ProjectAssetsCacheFile = C:\Users\austi\OneDrive\Documents\CSCD Spring25\Hackathon-2025\Hackathon-2025\obj\Debug\net8.0\Hackathon-2025.assets.cache
                   ProjectAssetsFile = C:\Users\austi\OneDrive\Documents\CSCD Spring25\Hackathon-2025\Hackathon-2025\obj\project.assets.json
                   ProjectDepsFileName = Hackathon-2025.deps.json
                   ProjectDepsFilePath = C:\Users\austi\OneDrive\Documents\CSCD Spring25\Hackathon-2025\Hackathon-2025\bin\Debug\net8.0\Hackathon-2025.deps.json
                   ProjectDesignTimeAssemblyResolutionSearchPaths = 
                         {CandidateAssemblyFiles};
                         ;
                         {HintPathFromItem};
                         {TargetFrameworkDirectory};
                         {Registry:Software\Microsoft\.NETCoreApp,v8.0,AssemblyFoldersEx};
                         {RawFileName};
                         C:\Users\austi\OneDrive\Documents\CSCD Spring25\Hackathon-2025\Hackathon-2025\bin\Debug\net8.0\
                       
                   ProjectDir = C:\Users\austi\OneDrive\Documents\CSCD Spring25\Hackathon-2025\Hackathon-2025\
                   ProjectExt = .csproj
                   ProjectFileName = Hackathon-2025.csproj
                   ProjectFlavor = Client
                   ProjectName = Hackathon-2025
                   ProjectPath = C:\Users\austi\OneDrive\Documents\CSCD Spring25\Hackathon-2025\Hackathon-2025\Hackathon-2025.csproj
                   ProjectRuntimeConfigFileName = Hackathon-2025.runtimeconfig.json
                   ProjectRuntimeConfigFilePath = C:\Users\austi\OneDrive\Documents\CSCD Spring25\Hackathon-2025\Hackathon-2025\bin\Debug\net8.0\Hackathon-2025.runtimeconfig.json
                   PublishableProject = true
                   PublishBuildDependsOn = 
                         BuildOnlySettings;
                         PrepareForBuild;
                         ResolveReferences;
                         PrepareResources;
                         ResolveKeySource;
                         GenerateSerializationAssemblies;
                         CreateSatelliteAssemblies;
                       
                   PublishCompressionFormats = ;gzip;brotli
                   PublishConfiguration = Debug
                   PublishContainerDependsOn = 
                         _ContainerVerifySDKVersion;
                         ComputeContainerConfig;
                         _CheckContainersPackage
                       
                   PublishDependsOn = 
                         SetGenerateManifests;
                         Build;
                         PublishOnly
                       
                   PublishDir = bin\Debug\net8.0\publish\
                   PublishDirName = publish
                   PublishDocumentationFile = true
                   PublishDocumentationFiles = true
                   PublishIntermediateOutputPath = C:\Users\austi\OneDrive\Documents\CSCD Spring25\Hackathon-2025\Hackathon-2025\obj\Debug\net8.0\PubTmp\Out\
                   PublishIntermediateTempPath = C:\Users\austi\OneDrive\Documents\CSCD Spring25\Hackathon-2025\Hackathon-2025\obj\Debug\net8.0\PubTmp\
                   PublishItemsOutputGroupDependsOn = 
                         ;
                         ResolveReferences;
                         ComputeResolvedFilesToPublishList;
                         _ComputeFilesToBundle;
                       
                   PublishOnlyDependsOn = 
                         SetGenerateManifests;
                         PublishBuild;
                         BeforePublish;
                         GenerateManifests;
                         CopyFilesToOutputDirectory;
                         _CopyFilesToPublishFolder;
                         _DeploymentGenerateBootstrapper;
                         ResolveKeySource;
                         _DeploymentSignClickOnceDeployment;
                         AfterPublish
                       
                   PublishProfile = Default
                   PublishProfileImported = true
                   PublishProfileName = Default
                   PublishProtocol = FileSystem
                   PublishReadyToRunComposite = false
                   PublishReadyToRunPerfmapFormatVersion = 1
                   PublishReadyToRunUseCrossgen2 = true
                   PublishReadyToRunUseRuntimePackOptimizationData = true
                   PublishReferencesDocumentationFiles = true
                   PublishRelease = true
                   PublishUrl = bin\Debug\net8.0\publish\
                   RazorCompileOnBuild = true
                   RazorCompileOnPublish = true
                   RazorCompileToolset = Implicit
                   RazorComponentGenerateDependsOn = 
                         PrepareForRazorComponentGenerate
                       
                   RazorCoreGenerateDependsOn = 
                         _HashRazorGenerateInputs;
                         _ResolveRazorGenerateOutputs;
                       
                   RazorDefaultConfiguration = MVC-3.0
                   RazorDesignTimeTargets = C:\Program Files\dotnet\sdk\9.0.100\Sdks\Microsoft.NET.Sdk.Razor\targets\Microsoft.NET.Sdk.Razor.DesignTime.targets
                   RazorGenerateDependsOn = 
                         PrepareForRazorGenerate;
                       
                   RazorGenerateIntermediateOutputPath = obj\Debug\net8.0\Razor\
                   RazorGenerateOutputFileExtension = .g.cs
                   RazorLangVersion = 8.0
                   RazorSdkBuildTasksAssembly = C:\Program Files\dotnet\sdk\9.0.100\Sdks\Microsoft.NET.Sdk.Razor\targets\..\tasks\net9.0\Microsoft.NET.Sdk.Razor.Tasks.dll
                   RazorSdkBuildTasksDirectoryRoot = C:\Program Files\dotnet\sdk\9.0.100\Sdks\Microsoft.NET.Sdk.Razor\targets\..\tasks\
                   RazorSdkCurrentVersionProps = C:\Program Files\dotnet\sdk\9.0.100\Sdks\Microsoft.NET.Sdk.Razor\Sdk\..\targets\Sdk.Razor.CurrentVersion.props
                   RazorSdkCurrentVersionTargets = C:\Program Files\dotnet\sdk\9.0.100\Sdks\Microsoft.NET.Sdk.Razor\Sdk\..\targets\Sdk.Razor.CurrentVersion.targets
                   RazorSdkDirectoryRoot = C:\Program Files\dotnet\sdk\9.0.100\Sdks\Microsoft.NET.Sdk.Razor\targets\..\
                   RazorTargetAssemblyInfo = obj\Debug\net8.0\Hackathon-2025.RazorTargetAssemblyInfo.cs
                   RazorTargetName = Hackathon-2025.Views
                   RazorTargetNameSuffix = .Views
                   RazorUpToDateReloadFileTypes = .cs;.razor;.resx;.cshtml
                   RebuildDependsOn = 
                         _SdkBeforeRebuild;
                         
                         BeforeRebuild;
                         Clean;
                         Build;
                         AfterRebuild;
                       
                       
                   RefAssembliesFolderName = refs
                   ReferenceCopyLocalPathsOutputGroupDependsOn = 
                         ;
                         
                         ;
                         BuildOnlySettings;
                         PrepareForBuild;
                         AssignTargetPaths;
                         ResolveReferences
                       
                       
                   ReportingServicesTargets = C:\Program Files\dotnet\sdk\9.0.100\\Microsoft\VisualStudio\v17.0\ReportingServices\Microsoft.ReportingServices.targets
                   ResGenDependsOn = ResolveAssemblyReferences;SplitResourcesByCulture;BeforeResGen;CoreResGen;AfterResGen
                   ResGenExecuteAsTool = false
                   ResolveAssemblyReferenceOutputUnresolvedAssemblyConflicts = true
                   ResolveAssemblyReferencesDependsOn = 
                         
                         
                         ResolveProjectReferences;
                         FindInvalidProjectReferences;
                         GetFrameworkPaths;
                         GetReferenceAssemblyPaths;
                         PrepareForBuild;
                         ResolveSDKReferences;
                         ExpandSDKReferences;
                       ;
                         ResolvePackageDependenciesForBuild;
                         _HandlePackageFileConflicts;
                       ;
                         ResolveTargetingPackAssets;
                       
                   ResolveBuildCompressedStaticWebAssetsDependsOn = 
                         GenerateBuildCompressedStaticWebAssets;
                         
                       
                   ResolveBuildRelatedStaticWebAssetsDependsOn = 
                         ResolveBuildCompressedStaticWebAssets;
                         
                         ResolveStaticWebAssetsInputs;
                         
                       
                       
                   ResolveCorePublishStaticWebAssetsDependsOn = 
                         LoadStaticWebAssetsBuildManifest;
                         ComputeReferencedProjectsEmbeddedPublishAssets;
                         ComputeReferencedProjectsPublishAssets;
                         ;
                       
                   ResolveCoreStaticWebAssetsDependsOn = 
                         
                         UpdateExistingPackageStaticWebAssets;
                         ResolveProjectStaticWebAssets;
                         ResolveEmbeddedProjectsStaticWebAssets;
                         ResolveReferencedProjectsStaticWebAssets;
                         ;
                       ;
                         ResolveJSModuleStaticWebAssets;
                         ResolveJsInitializerModuleStaticWebAssets;
                       
                   ResolvedRazorCompileToolset = RazorSdk
                   ResolveJSModuleManifestBuildStaticWebAssetsDependsOn = 
                         GenerateJSModuleManifestBuildStaticWebAssets;
                         
                       
                   ResolveJSModuleManifestPublishStaticWebAssetsDependsOn = 
                         GenerateJSModuleManifestPublishStaticWebAssets;
                         
                       
                   ResolveNuGetPackages = false
                   ResolvePackageDependenciesForBuildDependsOn = 
                         ResolveLockFileReferences;
                         ResolveLockFileAnalyzers;
                         ResolveLockFileCopyLocalFiles;
                         ResolveRuntimePackAssets;
                         RunProduceContentAssets;
                         IncludeTransitiveProjectReferences
                       
                   ResolvePublishCompressedStaticWebAssetsDependsOn = 
                         GeneratePublishCompressedStaticWebAssets;
                         
                       
                   ResolvePublishRelatedStaticWebAssetsDependsOn = 
                         ResolvePublishCompressedStaticWebAssets;
                         
                       
                   ResolvePublishStaticWebAssetsDependsOn = 
                         ResolveJSModuleManifestPublishStaticWebAssets;
                         
                         ResolveCorePublishStaticWebAssets;
                         GenerateComputedPublishStaticWebAssets;
                         ;
                       
                       
                   ResolveRazorCompileInputsDependsOn = 
                         ResolveRazorEmbeddedResources;
                       
                   ResolveReferencesDependsOn = 
                         BeforeResolveReferences;
                         AssignProjectConfiguration;
                         ResolveProjectReferences;
                         FindInvalidProjectReferences;
                         ResolveNativeReferences;
                         ResolveAssemblyReferences;
                         GenerateBindingRedirects;
                         GenerateBindingRedirectsUpdateAppConfig;
                         ResolveComReferences;
                         AfterResolveReferences
                       
                   ResolveScopedCssAssetsDependsOn = 
                       ;
                       UpdateLegacyPackageScopedCssBundles;
                       GenerateScopedCssFiles;
                       ResolveBundledCssAssets;
                     
                   ResolveScopedCssOutputsDependsOn = 
                         ;
                         ResolveCssScopes;
                       
                   ResolveSDKReferencesDependsOn = 
                         GetInstalledSDKLocations
                       
                   ResolveStaticWebAssetsInputsDependsOn = 
                         ResolveJSModuleManifestBuildStaticWebAssets;
                         
                       
                         ResolveCoreStaticWebAssets;
                         GenerateComputedBuildStaticWebAssets;
                         
                       ;
                       ResolveScopedCssAssets;
                     
                       
                   RestoreBuildInParallel = true
                   RestoreContinueOnError = WarnAndContinue
                   RestoreOutputPath = C:\Users\austi\OneDrive\Documents\CSCD Spring25\Hackathon-2025\Hackathon-2025\obj\
                   RestoreProjectStyle = PackageReference
                   RestoreRecursive = true
                   RestoreTaskAssemblyFile = NuGet.Build.Tasks.dll
                   RestoreUseSkipNonexistentTargets = true
                   RootNamespace = Hackathon_2025
                   RoslynTargetsPath = C:\Program Files\dotnet\sdk\9.0.100\Roslyn
                   RunArguments = 
                   RunCommand = C:\Users\austi\OneDrive\Documents\CSCD Spring25\Hackathon-2025\Hackathon-2025\bin\Debug\net8.0\Hackathon-2025.exe
                   RunDependsOn = 
                   RunPackageValidationDependsOn = CollectApiCompatInputs;_GetReferencePathFromInnerProjects;
                   RuntimeIdentifierGraphPath = C:\Program Files\dotnet\sdk\9.0.100/PortableRuntimeIdentifierGraph.json
                   RunWorkingDirectory = C:\Users\austi\OneDrive\Documents\CSCD Spring25\Hackathon-2025\Hackathon-2025
                   SatelliteDllsProjectOutputGroupDependenciesDependsOn = 
                         ;
                         
                         ;
                         BuildOnlySettings;
                         PrepareForBuild;
                         AssignTargetPaths;
                         ResolveReferences
                       
                       
                   SatelliteDllsProjectOutputGroupDependsOn = ;PrepareForBuild;PrepareResourceNames
                   ScopedCssEnabled = true
                   SdkAnalysisLevel = 9.0.100
                   SDKContainerSupportEnabled = true
                   SDKRedistOutputGroupDependsOn = ResolveSDKReferences;ExpandSDKReferences
                   SDKReferenceDirectoryRoot = C:\Users\austi\AppData\Local\Microsoft SDKs;C:\Program Files (x86)\Microsoft SDKs
                   SDKReferenceRegistryRoot = Software\Microsoft\Microsoft SDKs
                   SelfContained = false
                   ServerGarbageCollection = true
                   SGenFilesOutputGroupDependenciesDependsOn = 
                         ;
                         
                         ;
                         BuildOnlySettings;
                         PrepareForBuild;
                         AssignTargetPaths;
                         ResolveReferences
                       
                       
                   SGenFilesOutputGroupDependsOn = 
                   SGenShouldGenerateSerializer = true
                   SGenUseKeep = false
                   SGenUseProxyTypes = true
                   ShouldMarkCertainSDKReferencesAsRuntimeOnly = true
                   SignAssembly = false
                   SkipCopyUnchangedFiles = true
                   SkipImportNuGetBuildTargets = true
                   SkipImportNuGetProps = true
                   SolutionDir = C:\Users\austi\OneDrive\Documents\CSCD Spring25\Hackathon-2025\
                   SolutionExt = .sln
                   SolutionFileName = StarlitStories.sln
                   SolutionName = StarlitStories
                   SolutionPath = C:\Users\austi\OneDrive\Documents\CSCD Spring25\Hackathon-2025\StarlitStories.sln
                   SourceControlInformationFeatureSupported = true
                   SourceControlManagerUrlTranslationTargets = ;TranslateGitHubUrlsInSourceControlInformation;TranslateGitLabUrlsInSourceControlInformation;TranslateAzureReposGitUrlsInSourceControlInformation;TranslateBitbucketGitUrlsInSourceControlInformation
                   SourceFilesProjectOutputGroupDependsOn = PrepareForBuild;AssignTargetPaths
                   SourceLinkUrlInitializerTargets = ;_InitializeGitHubSourceLinkUrl;_InitializeGitLabSourceLinkUrl;_InitializeAzureReposGitSourceLinkUrl;_InitializeBitbucketGitSourceLinkUrl
                   SourceRootMappedPathsFeatureSupported = true
                   StaticWebAssetEndpointDefaultMediaCacheControlHeader = max-age=3600, must-revalidate
                   StaticWebAssetsEnabled = true
                   StaticWebAssetsPrepareForPublishDependsOn = 
                         ;
                         ResolveStaticWebAssetsConfiguration;
                         GenerateStaticWebAssetsPublishManifest;
                       
                   StaticWebAssetsPrepareForRunDependsOn = ;ResolveBuildStaticWebAssets;GenerateStaticWebAssetsManifest;CopyStaticWebAssetsToOutputDirectory;
                   StaticWebAssetsSdkBuildTasksAssembly = C:\Program Files\dotnet\sdk\9.0.100\Sdks\Microsoft.NET.Sdk.StaticWebAssets\targets\..\tasks\net9.0\Microsoft.NET.Sdk.StaticWebAssets.Tasks.dll
                   StaticWebAssetsSdkBuildTasksDirectoryRoot = C:\Program Files\dotnet\sdk\9.0.100\Sdks\Microsoft.NET.Sdk.StaticWebAssets\targets\..\tasks\
                   StaticWebAssetsSdkCurrentVersionProps = C:\Program Files\dotnet\sdk\9.0.100\Sdks\Microsoft.NET.Sdk.StaticWebAssets\Sdk\..\targets\Sdk.StaticWebAssets.CurrentVersion.props
                   StaticWebAssetsSdkCurrentVersionTargets = C:\Program Files\dotnet\sdk\9.0.100\Sdks\Microsoft.NET.Sdk.StaticWebAssets\Sdk\..\targets\Sdk.StaticWebAssets.CurrentVersion.targets
                   StaticWebAssetsSdkDirectoryRoot = C:\Program Files\dotnet\sdk\9.0.100\Sdks\Microsoft.NET.Sdk.StaticWebAssets\targets\..\
                   SupportedOSPlatformVersion = 
                   SupportsDeployOnBuild = true
                   SupportsRoslynComponentVersioning = true
                   SuppressDependenciesWhenPacking = false
                   SymbolPackageFormat = symbols.nupkg
                   TargetCulture = *
                   TargetDeployManifestFileName = Hackathon-2025.application
                   TargetDir = C:\Users\austi\OneDrive\Documents\CSCD Spring25\Hackathon-2025\Hackathon-2025\bin\Debug\net8.0\
                   TargetedFrameworkDir = @(_TargetedFrameworkDirectoryItem)
                   TargetedSDKArchitecture = msil
                   TargetedSDKConfiguration = Debug
                   TargetExt = .dll
                   TargetFileName = Hackathon-2025.dll
                   TargetFramework = net8.0
                   TargetFrameworkDirectory = 
                   TargetFrameworkIdentifier = .NETCoreApp
                   TargetFrameworkMoniker = .NETCoreApp,Version=v8.0
                   TargetFrameworkMonikerAssemblyAttributesPath = obj\Debug\net8.0\.NETCoreApp,Version=v8.0.AssemblyAttributes.cs
                   TargetFrameworkMonikerDisplayName = .NET 8.0
                   TargetFrameworkSDKToolsDirectory = 
                   TargetFrameworkVersion = v8.0
                   TargetLatestRuntimePatch = false
                   TargetName = Hackathon-2025
                   TargetPath = C:\Users\austi\OneDrive\Documents\CSCD Spring25\Hackathon-2025\Hackathon-2025\bin\Debug\net8.0\Hackathon-2025.dll
                   TargetPlatformDisplayName =  
                   TargetPlatformIdentifier = 
                   TargetPlatformRegistryBase = Software\Microsoft\Microsoft SDKs\
                   TargetPlatformSdkPath = 
                   TargetPlatformVersion = 
                   TargetRefPath = C:\Users\austi\OneDrive\Documents\CSCD Spring25\Hackathon-2025\Hackathon-2025\obj\Debug\net8.0\ref\Hackathon-2025.dll
                   TargetRuntime = Managed
                   TargetsForTfmSpecificContentInPackage = ;PackTool;_PackProjectToolValidation
                   TargetsNet8 = true
                   ToolCommandName = Hackathon-2025
                   ToolDepsJsonGeneratorProject = C:\Program Files\dotnet\sdk\9.0.100\Sdks\Microsoft.NET.Sdk\targets\GenerateDeps\GenerateDeps.proj
                   ToolEntryPoint = Hackathon-2025.dll
                   TreatWarningsAsErrors = true
                   UnmanagedRegistrationDependsOn = 
                   UnmanagedUnregistrationDependsOn = 
                   UnsupportedTargetFrameworkVersion = 10.0
                   UpToDateReloadFileTypes = ;.cs;.razor;.resx;.cshtml
                   UseAppHost = true
                   UseCommonOutputDirectory = false
                   UseDefaultPlatformLookupTables = true
                   UseHostCompilerIfAvailable = true
                   UseMSBuildTestInfrastructure = false
                   UseOSWinMdReferences = false
                   UseRazorBuildServer = true
                   UseRazorSourceGenerator = true
                   UseRidGraph = false
                   UserProfileRuntimeStorePath = C:\Users\austi\.dotnet\store
                   UserRuntimeConfig = C:\Users\austi\OneDrive\Documents\CSCD Spring25\Hackathon-2025\Hackathon-2025/runtimeconfig.template.json
                   UserSecretsId = 19037689-d894-4f80-8955-fdc3bf490948
                   UseSourcePath = true
                   UseStaticWebAssetsV2 = true
                   UsingMicrosoftNETSdk = true
                   UsingMicrosoftNETSdkPublish = true
                   UsingMicrosoftNETSdkRazor = true
                   UsingMicrosoftNETSdkStaticWebAssets = true
                   UsingMicrosoftNETSdkWeb = true
                   UsingMicrosoftNETSdkWebProjectSystem = true
                   UsingNETSdkDefaults = true
                   Utf8Output = true
                   ValidateRuntimeIdentifierCompatibility = false
                   VerifyMatchingImplicitPackageVersion = true
                   Version = 1.0.0
                   VersionlessImplicitFrameworkDefine = NET
                   VersionPrefix = 1.0.0
                   VisualStudioVersion = 17.0
                   VSTestConsolePath = C:\Program Files\dotnet\sdk\9.0.100\vstest.console.dll
                   VSTestNoBuild = False
                   VSTestTargets = C:\Program Files\dotnet\sdk\9.0.100\\Microsoft.TestPlatform.targets
                   VSTestTaskAssemblyFile = Microsoft.TestPlatform.Build.dll
                   VsTestUseMSBuildOutput = False
                   WarningLevel = 8
                   WarningsAsErrors = ;NU1605;SYSLIB0011
                   WarnOnPackingNonPackableProject = true
                   WebPublishMethod = FileSystem
                   WebReference_EnableLegacyEventingModel = false
                   WebReference_EnableProperties = true
                   WebReference_EnableSQLTypes = true
                   WMSJSProject = WJProject
                   WMSJSProjectDirectory = JavaScript
                   YieldDuringToolExecution = true

17:20:52.064     0>Initial Items:
                   _AllDirectoriesAbove
                       C:\
                       C:\Users
                       C:\Users\austi
                       C:\Users\austi\OneDrive
                       C:\Users\austi\OneDrive\Documents
                       C:\Users\austi\OneDrive\Documents\CSCD Spring25
                       C:\Users\austi\OneDrive\Documents\CSCD Spring25\Hackathon-2025
                       C:\Users\austi\OneDrive\Documents\CSCD Spring25\Hackathon-2025\Hackathon-2025
                       C:\Users\austi\OneDrive\Documents\CSCD Spring25\Hackathon-2025\Hackathon-2025\Controllers
                       C:\Users\austi\OneDrive\Documents\CSCD Spring25\Hackathon-2025\Hackathon-2025\Data
                       C:\Users\austi\OneDrive\Documents\CSCD Spring25\Hackathon-2025\Hackathon-2025\Migrations
                       C:\Users\austi\OneDrive\Documents\CSCD Spring25\Hackathon-2025\Hackathon-2025\Models
                       C:\Users\austi\OneDrive\Documents\CSCD Spring25\Hackathon-2025\Hackathon-2025\Models\Auth
                       C:\Users\austi\OneDrive\Documents\CSCD Spring25\Hackathon-2025\Hackathon-2025\Options
                       C:\Users\austi\OneDrive\Documents\CSCD Spring25\Hackathon-2025\Hackathon-2025\Services
                   _ApplicationManifestFinal
                       bin\Debug\net8.0\Hackathon-2025.dll.manifest
                           TargetPath = Hackathon-2025.dll.manifest
                   _ContentIncludedByDefault
                       appsettings.Development.json
                           CopyToOutputDirectory = PreserveNewest
                           ExcludeFromSingleFile = true
                           CopyToPublishDirectory = PreserveNewest
                       appsettings.json
                           CopyToOutputDirectory = PreserveNewest
                           ExcludeFromSingleFile = true
                           CopyToPublishDirectory = PreserveNewest
                       appsettings.Production.json
                           CopyToOutputDirectory = PreserveNewest
                           ExcludeFromSingleFile = true
                           CopyToPublishDirectory = PreserveNewest
                       appsettings.Staging.json
                           CopyToOutputDirectory = PreserveNewest
                           ExcludeFromSingleFile = true
                           CopyToPublishDirectory = PreserveNewest
                       ClientApp\dist\server\staticwebapp.config.json
                           CopyToOutputDirectory = PreserveNewest
                           ExcludeFromSingleFile = true
                           CopyToPublishDirectory = PreserveNewest
                       ClientApp\dist\staticwebapp.config.json
                           CopyToOutputDirectory = PreserveNewest
                           ExcludeFromSingleFile = true
                           CopyToPublishDirectory = PreserveNewest
                       ClientApp\package-lock.json
                           CopyToOutputDirectory = PreserveNewest
                           ExcludeFromSingleFile = true
                           CopyToPublishDirectory = PreserveNewest
                       ClientApp\package.json
                           CopyToOutputDirectory = PreserveNewest
                           ExcludeFromSingleFile = true
                           CopyToPublishDirectory = PreserveNewest
                       ClientApp\public\staticwebapp.config.json
                           CopyToOutputDirectory = PreserveNewest
                           ExcludeFromSingleFile = true
                           CopyToPublishDirectory = PreserveNewest
                       ClientApp\staticwebapp.prod.config.json
                           CopyToOutputDirectory = PreserveNewest
                           ExcludeFromSingleFile = true
                           CopyToPublishDirectory = PreserveNewest
                       ClientApp\staticwebapp.staging.config.json
                           CopyToOutputDirectory = PreserveNewest
                           ExcludeFromSingleFile = true
                           CopyToPublishDirectory = PreserveNewest
                       package-lock.json
                           CopyToOutputDirectory = PreserveNewest
                           ExcludeFromSingleFile = true
                           CopyToPublishDirectory = PreserveNewest
                       package.json
                           CopyToOutputDirectory = PreserveNewest
                           ExcludeFromSingleFile = true
                           CopyToPublishDirectory = PreserveNewest
                   _DebugSymbolsIntermediatePath
                       obj\Debug\net8.0\Hackathon-2025.pdb
                   _DebugSymbolsOutputPath
                       bin\Debug\net8.0\Hackathon-2025.pdb
                   _DeploymentManifestEntryPoint
                       obj\Debug\net8.0\Hackathon-2025.dll
                           TargetPath = Hackathon-2025.dll
                   _EolNetCoreTargetFrameworkVersions
                       1.0
                       1.1
                       2.0
                       2.1
                       2.2
                       3.0
                       3.1
                       5.0
                       7.0
                   _ExcludedKnownRuntimeIdentiferPlatforms
                       rhel.6
                       rhel.6
                       rhel.6
                       rhel.6
                       rhel.6
                       rhel.6
                       rhel.6
                       rhel.6
                       rhel.6
                       rhel.6
                       rhel.6
                       rhel.6
                       rhel.6
                       rhel.6
                       rhel.6
                       rhel.6
                       tizen.4.0.0
                       tizen.4.0.0
                       tizen.4.0.0
                       tizen.4.0.0
                       tizen.4.0.0
                       tizen.4.0.0
                       tizen.4.0.0
                       tizen.4.0.0
                       tizen.4.0.0
                       tizen.4.0.0
                       tizen.4.0.0
                       tizen.4.0.0
                       tizen.4.0.0
                       tizen.4.0.0
                       tizen.4.0.0
                       tizen.4.0.0
                       tizen.5.0.0
                       tizen.5.0.0
                       tizen.5.0.0
                       tizen.5.0.0
                       tizen.5.0.0
                       tizen.5.0.0
                       tizen.5.0.0
                       tizen.5.0.0
                       tizen.5.0.0
                       tizen.5.0.0
                       tizen.5.0.0
                       tizen.5.0.0
                       tizen.5.0.0
                       tizen.5.0.0
                       tizen.5.0.0
                       tizen.5.0.0
                   _KnownRuntimeIdentiferPlatforms
                       any
                       any
                       any
                       any
                       any
                       any
                       any
                       any
                       any
                       any
                       any
                       any
                       any
                       any
                       any
                       aot
                       aot
                       aot
                       aot
                       aot
                       aot
                       aot
                       aot
                       aot
                       aot
                       aot
                       aot
                       aot
                       aot
                       aot
                       freebsd
                       freebsd
                       freebsd
                       freebsd
                       freebsd
                       freebsd
                       freebsd
                       freebsd
                       freebsd
                       freebsd
                       freebsd
                       freebsd
                       freebsd
                       freebsd
                       freebsd
                       illumos
                       illumos
                       illumos
                       illumos
                       illumos
                       illumos
                       illumos
                       illumos
                       illumos
                       illumos
                       illumos
                       illumos
                       illumos
                       illumos
                       illumos
                       solaris
                       solaris
                       solaris
                       solaris
                       solaris
                       solaris
                       solaris
                       solaris
                       solaris
                       solaris
                       solaris
                       solaris
                       solaris
                       solaris
                       solaris
                       unix
                       unix
                       unix
                       unix
                       unix
                       unix
                       unix
                       unix
                       unix
                       unix
                       unix
                       unix
                       unix
                       unix
                       unix
                   _OutputPathItem
                       bin\Debug\net8.0\
                   _RazorDebugSymbolsIntermediatePath
                       obj\Debug\net8.0\Hackathon-2025.Views.pdb
                   _ResolveComReferenceCache
                       obj\Debug\net8.0\Hackathon-2025.csproj.ResolveComReference.cache
                   _StaticWebAssetCanonicalMetadata
                       AssetKind
                       AssetMergeBehavior
                       AssetMergeSource
                       AssetMode
                       AssetRole
                       AssetTraitName
                       AssetTraitValue
                       BasePath
                       ContentRoot
                       CopyToOutputDirectory
                       CopyToPublishDirectory
                       Fingerprint
                       Integrity
                       OriginalItemSpec
                       RelatedAsset
                       RelativePath
                       SourceId
                       SourceType
                   _StaticWebAssetDiscoveryPatternCanonicalMetadata
                       BasePath
                       ContentRoot
                       Pattern
                       Source
                   _StaticWebAssetEmbeddedProjectConfigurationCanonicalMetadata
                       AdditionalEmbeddedBuildProperties
                       AdditionalEmbeddedBuildPropertiesToRemove
                       AdditionalEmbeddedPublishProperties
                       AdditionalEmbeddedPublishPropertiesToRemove
                       GetEmbeddedBuildAssetsTargets
                       GetEmbeddedPublishAssetsTargets
                       Source
                       TargetFramework
                       Version
                   _StaticWebAssetEndpointCanonicalMetadata
                       AssetFile
                       EndpointProperties
                       ResponseHeaders
                       Selectors
                   _StaticWebAssetProjectConfigurationCanonicalMetadata
                       AdditionalBuildProperties
                       AdditionalBuildPropertiesToRemove
                       AdditionalPublishProperties
                       AdditionalPublishPropertiesToRemove
                       GetBuildAssetsTargets
                       GetPublishAssetsTargets
                       Source
                       TargetFramework
                       Version
                   _UnmanagedRegistrationCache
                       C:\Users\austi\OneDrive\Documents\CSCD Spring25\Hackathon-2025\Hackathon-2025\obj\Hackathon-2025.csproj.UnmanagedRegistration.cache
                   _ValidProjectsForRestore
                       C:\Users\austi\OneDrive\Documents\CSCD Spring25\Hackathon-2025\Hackathon-2025\Hackathon-2025.csproj
                   _WebToolingArtifacts
                       Properties\launchSettings.json
                   AdditionalProbingPath
                       C:\Users\austi\.dotnet\store\|arch|\|tfm|
                   AdditionalTargetFrameworkInfoProperty
                       _IsExecutable
                       _SelfContainedWasSpecified
                       IsRidAgnostic
                       SelfContained
                       ShouldBeValidatedAsExecutableReference
                   Analyzer
                       C:\Program Files\dotnet\sdk\9.0.100\Sdks\Microsoft.NET.Sdk.Web\analyzers\cs\Microsoft.AspNetCore.Analyzers.dll
                           IsImplicitlyDefined = true
                       C:\Program Files\dotnet\sdk\9.0.100\Sdks\Microsoft.NET.Sdk.Web\analyzers\cs\Microsoft.AspNetCore.Mvc.Analyzers.dll
                           IsImplicitlyDefined = true
                       C:\Program Files\dotnet\sdk\9.0.100\Sdks\Microsoft.NET.Sdk\targets\..\analyzers\Microsoft.CodeAnalysis.CSharp.NetAnalyzers.dll
                           IsImplicitlyDefined = true
                       C:\Program Files\dotnet\sdk\9.0.100\Sdks\Microsoft.NET.Sdk\targets\..\analyzers\Microsoft.CodeAnalysis.NetAnalyzers.dll
                           IsImplicitlyDefined = true
                   AppConfigFileDestination
                       bin\Debug\net8.0\Hackathon-2025.dll.config
                   ApplicationManifest
                       obj\Debug\net8.0\Hackathon-2025.dll.manifest
                           TargetPath = Hackathon-2025.dll.manifest
                   BuiltProjectOutputGroupKeyOutput
                       C:\Users\austi\OneDrive\Documents\CSCD Spring25\Hackathon-2025\Hackathon-2025\obj\Debug\net8.0\Hackathon-2025.dll
                           IsKeyOutput = true
                           FinalOutputPath = C:\Users\austi\OneDrive\Documents\CSCD Spring25\Hackathon-2025\Hackathon-2025\bin\Debug\net8.0\Hackathon-2025.dll
                           TargetPath = Hackathon-2025.dll
                   ClsidMap
                       obj\Debug\net8.0\Hackathon-2025.clsidmap
                   Compile
                       Controllers\AdminController.cs
                       Controllers\AuthController.cs
                       Controllers\BlobTestController.cs
                       Controllers\ConfigController.cs
                       Controllers\FeedbackController.cs
                       Controllers\ImageController.cs
                       Controllers\PaymentController.cs
                       Controllers\ProfileController.cs
                       Controllers\SavedCharacterController.cs
                       Controllers\ShareController.cs
                       Controllers\StoryController.cs
                       Controllers\UsersController.cs
                       Data\AppDbContext.cs
                       Migrations\20250724190712_InitialSqlServerMigration.cs
                       Migrations\20250724190712_InitialSqlServerMigration.Designer.cs
                       Migrations\20250724213731_AddPasswordResetFields.cs
                       Migrations\20250724213731_AddPasswordResetFields.Designer.cs
                       Migrations\20250812201616_AddEmailVerification.cs
                       Migrations\20250812201616_AddEmailVerification.Designer.cs
                       Migrations\20250814231518_AddProfileImageToUsers.cs
                       Migrations\20250814231518_AddProfileImageToUsers.Designer.cs
                       Migrations\20250822193109_AddPortableBillingFields.cs
                       Migrations\20250822193109_AddPortableBillingFields.Designer.cs
                       Migrations\20250822200753_MakeStoryPageRequiredWithCascade.cs
                       Migrations\20250822200753_MakeStoryPageRequiredWithCascade.Designer.cs
                       Migrations\20250904233612_AddCarryoverCreditsAndPeriodStart.cs
                       Migrations\20250904233612_AddCarryoverCreditsAndPeriodStart.Designer.cs
                       Migrations\20250909212030_AddProcessedWebhook.cs
                       Migrations\20250909212030_AddProcessedWebhook.Designer.cs
                       Migrations\20250909220224_AddStoryShare.cs
                       Migrations\20250909220224_AddStoryShare.Designer.cs
                       Migrations\20250909233648_ReconcileModelAfterMerge.cs
                       Migrations\20250909233648_ReconcileModelAfterMerge.Designer.cs
                       Migrations\20250916215514_AddUsernameAndIndex.cs
                       Migrations\20250916215514_AddUsernameAndIndex.Designer.cs
                       Migrations\20250917035328_AddFenceIndexAndPruneProc.cs
                       Migrations\20250917035328_AddFenceIndexAndPruneProc.Designer.cs
                       Migrations\20250917202752_AddUserCancelAtUtc.cs
                       Migrations\20250917202752_AddUserCancelAtUtc.Designer.cs
                       Migrations\20251119004419_ConvertMembershipToEnum.cs
                       Migrations\20251119004419_ConvertMembershipToEnum.Designer.cs
                       Migrations\20251119005204_NormalizeMembershipValues.cs
                       Migrations\20251119005204_NormalizeMembershipValues.Designer.cs
                       Migrations\20260307001753_AddSavedCharacter.cs
                       Migrations\20260307001753_AddSavedCharacter.Designer.cs
                       Migrations\20260307002655_AllowFiveSavedCharacters.cs
                       Migrations\20260307002655_AllowFiveSavedCharacters.Designer.cs
                       Migrations\20260317120000_AddStoryRequestMetadata.cs
                       Migrations\AppDbContextModelSnapshot.cs
                       Migrations\MakeStoryPageRequiredWithCascade.cs
                       Models\Auth\LoginRequest.cs
                       Models\Auth\SignupRequest.cs
                       Models\AuthRequest.cs
                       Models\AuthResponse.cs
                       Models\BuyCreditsRequest.cs
                       Models\CharacterSpec.cs
                       Models\CheckoutRequest.cs
                       Models\CreditsOptions.cs
                       Models\Enums.cs
                       Models\FeedbackDto.cs
                       Models\ForgotPasswordRequest.cs
                       Models\ImageBatchRequest.cs
                       Models\OpenAISettings.cs
                       Models\ProcessedWebhook.cs
                       Models\ProgressUpdate.cs
                       Models\PublicPricingResponse.cs
                       Models\ResendVerificationRequest.cs
                       Models\ResetPasswordRequest.cs
                       Models\SavedCharacter.cs
                       Models\Story.cs
                       Models\StoryOptions.cs
                       Models\StoryPage.cs
                       Models\StoryPageDto.cs
                       Models\StoryRequest.cs
                       Models\StoryResult.cs
                       Models\StoryShare.cs
                       Models\StripeSettings.cs
                       Models\User.cs
                       Models\VerifyEmailRequest.cs
                       Options\AdminOptions.cs
                       Options\AppOptions.cs
                       Options\AzureBlobStorageOptions.cs
                       Options\BillingOptions.cs
                       Options\EmailOptions.cs
                       Options\JwtOptions.cs
                       Options\OpenAIOptions.cs
                       Options\StripeOptions.cs
                       Options\TurnstileOptions.cs
                       Program.cs
                       PromptBuilder.cs
                       Services\AdminAccessService.cs
                       Services\BlobUploadService.cs
                       Services\EmailService.cs
                       Services\IAdminAccessService.cs
                       Services\IEmailService.cs
                       Services\IImageGeneratorService.cs
                       Services\IPaymentGateway.cs
                       Services\IPeriodService.cs
                       Services\IProgressBroker.cs
                       Services\IQuotaService.cs
                       Services\IStoryGeneratorService.cs
                       Services\ITurnstileService.cs
                       Services\LocalImageGeneratorService.cs
                       Services\MembershipEntitlements.cs
                       Services\OpenAIImageGeneratorService.cs
                       Services\PeriodService.cs
                       Services\PngImageInspector.cs
                       Services\ProgressBroker.cs
                       Services\QuotaService.cs
                       Services\StoryGenerator.cs
                       Services\StripeGateway.cs
                       Services\SuspiciousImageGenerationException.cs
                       Services\TurnstileService.cs
                       Services\UsernameRules.cs
                   CompilerVisibleProperty
                       _SupportedPlatformList
                       EnableComHosting
                       EnableGeneratedComInterfaceComImportInterop
                       EnforceExtendedAnalyzerRules
                       InvariantGlobalization
                       PlatformNeutralAssembly
                       ProjectDir
                       ProjectTypeGuids
                       RootNamespace
                       TargetFramework
                       TargetPlatformMinVersion
                       UsingMicrosoftNETSdkWeb
                   Content
                       appsettings.Development.json
                           CopyToOutputDirectory = PreserveNewest
                           ExcludeFromSingleFile = true
                           CopyToPublishDirectory = PreserveNewest
                       appsettings.json
                           CopyToOutputDirectory = PreserveNewest
                           ExcludeFromSingleFile = true
                           CopyToPublishDirectory = PreserveNewest
                       appsettings.Production.json
                           CopyToOutputDirectory = PreserveNewest
                           ExcludeFromSingleFile = true
                           CopyToPublishDirectory = PreserveNewest
                       appsettings.Staging.json
                           CopyToOutputDirectory = PreserveNewest
                           ExcludeFromSingleFile = true
                           CopyToPublishDirectory = PreserveNewest
                       ClientApp\dist\server\staticwebapp.config.json
                           CopyToOutputDirectory = PreserveNewest
                           ExcludeFromSingleFile = true
                           CopyToPublishDirectory = PreserveNewest
                       ClientApp\dist\staticwebapp.config.json
                           CopyToOutputDirectory = PreserveNewest
                           ExcludeFromSingleFile = true
                           CopyToPublishDirectory = PreserveNewest
                       ClientApp\package-lock.json
                           CopyToOutputDirectory = PreserveNewest
                           ExcludeFromSingleFile = true
                           CopyToPublishDirectory = PreserveNewest
                       ClientApp\package.json
                           CopyToOutputDirectory = PreserveNewest
                           ExcludeFromSingleFile = true
                           CopyToPublishDirectory = PreserveNewest
                       ClientApp\public\staticwebapp.config.json
                           CopyToOutputDirectory = PreserveNewest
                           ExcludeFromSingleFile = true
                           CopyToPublishDirectory = PreserveNewest
                       ClientApp\staticwebapp.prod.config.json
                           CopyToOutputDirectory = PreserveNewest
                           ExcludeFromSingleFile = true
                           CopyToPublishDirectory = PreserveNewest
                       ClientApp\staticwebapp.staging.config.json
                           CopyToOutputDirectory = PreserveNewest
                           ExcludeFromSingleFile = true
                           CopyToPublishDirectory = PreserveNewest
                       package-lock.json
                           CopyToOutputDirectory = PreserveNewest
                           ExcludeFromSingleFile = true
                           CopyToPublishDirectory = PreserveNewest
                       package.json
                           CopyToOutputDirectory = PreserveNewest
                           ExcludeFromSingleFile = true
                           CopyToPublishDirectory = PreserveNewest
                   CopyUpToDateMarker
                       C:\Users\austi\OneDrive\Documents\CSCD Spring25\Hackathon-2025\Hackathon-2025\obj\Debug\net8.0\Hackatho.4E687FAD.Up2Date
                   CreateDirectory
                       C:\Users\austi\OneDrive\Documents\CSCD Spring25\Hackathon-2025\Hackathon-2025\obj\Debug\net8.0\refint\
                       obj\Debug\net8.0\ref
                   DebugSymbolsProjectOutputGroupOutput
                       C:\Users\austi\OneDrive\Documents\CSCD Spring25\Hackathon-2025\Hackathon-2025\obj\Debug\net8.0\Hackathon-2025.pdb
                           FinalOutputPath = C:\Users\austi\OneDrive\Documents\CSCD Spring25\Hackathon-2025\Hackathon-2025\bin\Debug\net8.0\Hackathon-2025.pdb
                           TargetPath = Hackathon-2025.pdb
                   DeployManifest
                       obj\Debug\net8.0\Hackathon-2025.application
                           TargetPath = Hackathon-2025.application
                   EmbedInBinlog
                       C:\Users\austi\OneDrive\Documents\CSCD Spring25\Hackathon-2025\Hackathon-2025\obj\project.assets.json
                   Folder
                       ClientApp\src\assets\social\
                       ClientApp\src\assets\vision\
                   FrameworkReference
                       Microsoft.AspNetCore.App
                           IsImplicitlyDefined = true
                       Microsoft.NETCore.App
                           IsImplicitlyDefined = true
                           PrivateAssets = All
                           Pack = false
                   GenerateRuntimeConfigurationFilesInputs
                       C:\Users\austi\OneDrive\Documents\CSCD Spring25\Hackathon-2025\Hackathon-2025\obj\Debug\net8.0\Hackathon-2025.assets.cache
                       C:\Users\austi\OneDrive\Documents\CSCD Spring25\Hackathon-2025\Hackathon-2025\obj\project.assets.json
                   GlobalAnalyzerConfigFiles
                       C:\.globalconfig
                       C:\Users\.globalconfig
                       C:\Users\austi\.globalconfig
                       C:\Users\austi\OneDrive\.globalconfig
                       C:\Users\austi\OneDrive\Documents\.globalconfig
                       C:\Users\austi\OneDrive\Documents\CSCD Spring25\.globalconfig
                       C:\Users\austi\OneDrive\Documents\CSCD Spring25\Hackathon-2025\.globalconfig
                       C:\Users\austi\OneDrive\Documents\CSCD Spring25\Hackathon-2025\Hackathon-2025\.globalconfig
                       C:\Users\austi\OneDrive\Documents\CSCD Spring25\Hackathon-2025\Hackathon-2025\Controllers\.globalconfig
                       C:\Users\austi\OneDrive\Documents\CSCD Spring25\Hackathon-2025\Hackathon-2025\Data\.globalconfig
                       C:\Users\austi\OneDrive\Documents\CSCD Spring25\Hackathon-2025\Hackathon-2025\Migrations\.globalconfig
                       C:\Users\austi\OneDrive\Documents\CSCD Spring25\Hackathon-2025\Hackathon-2025\Models\.globalconfig
                       C:\Users\austi\OneDrive\Documents\CSCD Spring25\Hackathon-2025\Hackathon-2025\Models\Auth\.globalconfig
                       C:\Users\austi\OneDrive\Documents\CSCD Spring25\Hackathon-2025\Hackathon-2025\Options\.globalconfig
                       C:\Users\austi\OneDrive\Documents\CSCD Spring25\Hackathon-2025\Hackathon-2025\Services\.globalconfig
                   ImplicitPackageReferenceVersion
                       Microsoft.AspNetCore.All
                           LatestVersion = 2.1.30
                           DefaultVersion = 2.1.1
                           TargetFrameworkVersion = 2.1
                       Microsoft.AspNetCore.All
                           LatestVersion = 2.2.8
                           DefaultVersion = 2.2.0
                           TargetFrameworkVersion = 2.2
                       Microsoft.AspNetCore.App
                           LatestVersion = 2.1.30
                           DefaultVersion = 2.1.1
                           TargetFrameworkVersion = 2.1
                       Microsoft.AspNetCore.App
                           LatestVersion = 2.2.8
                           DefaultVersion = 2.2.0
                           TargetFrameworkVersion = 2.2
                       Microsoft.NETCore.App
                           LatestVersion = 1.0.16
                           DefaultVersion = 1.0.5
                           TargetFrameworkVersion = 1.0
                       Microsoft.NETCore.App
                           LatestVersion = 1.1.13
                           DefaultVersion = 1.1.2
                           TargetFrameworkVersion = 1.1
                       Microsoft.NETCore.App
                           LatestVersion = 2.0.9
                           DefaultVersion = 2.0.0
                           TargetFrameworkVersion = 2.0
                       Microsoft.NETCore.App
                           LatestVersion = 2.1.30
                           DefaultVersion = 2.1.0
                           TargetFrameworkVersion = 2.1
                       Microsoft.NETCore.App
                           LatestVersion = 2.2.8
                           DefaultVersion = 2.2.0
                           TargetFrameworkVersion = 2.2
                   IntermediateAssembly
                       obj\Debug\net8.0\Hackathon-2025.dll
                   IntermediateRefAssembly
                       obj\Debug\net8.0\refint\Hackathon-2025.dll
                   KnownAppHostPack
                       Microsoft.NETCore.App
                           ExcludedRuntimeIdentifiers = android
                           AppHostRuntimeIdentifiers = linux-arm;linux-arm64;linux-musl-arm64;linux-musl-x64;linux-x64;osx-x64;rhel.6-x64;tizen.4.0.0-armel;tizen.5.0.0-armel;win-arm64;win-x64;win-x86;linux-musl-arm;osx-arm64;linux-s390x;linux-loongarch64;linux-bionic-arm;linux-bionic-arm64;linux-bionic-x64;linux-bionic-x86;linux-ppc64le;freebsd-x64;freebsd-arm64;linux-riscv64;linux-musl-riscv64;linux-musl-loongarch64
                           TargetFramework = net9.0
                           AppHostPackNamePattern = Microsoft.NETCore.App.Host.**RID**
                           AppHostPackVersion = 9.0.0
                       Microsoft.NETCore.App
                           ExcludedRuntimeIdentifiers = android
                           AppHostRuntimeIdentifiers = linux-arm;linux-arm64;linux-musl-arm64;linux-musl-x64;linux-x64;osx-x64;rhel.6-x64;tizen.4.0.0-armel;tizen.5.0.0-armel;win-arm64;win-x64;win-x86;linux-musl-arm;osx-arm64;linux-s390x;linux-loongarch64;linux-bionic-arm;linux-bionic-arm64;linux-bionic-x64;linux-bionic-x86;linux-ppc64le;freebsd-x64;freebsd-arm64
                           TargetFramework = net8.0
                           AppHostPackNamePattern = Microsoft.NETCore.App.Host.**RID**
                           AppHostPackVersion = 8.0.11
                       Microsoft.NETCore.App
                           ExcludedRuntimeIdentifiers = android
                           AppHostRuntimeIdentifiers = linux-arm;linux-arm64;linux-musl-arm64;linux-musl-x64;linux-x64;osx-x64;rhel.6-x64;tizen.4.0.0-armel;tizen.5.0.0-armel;win-arm;win-arm64;win-x64;win-x86;linux-musl-arm;osx-arm64;linux-s390x;linux-loongarch64;linux-bionic-arm;linux-bionic-arm64;linux-bionic-x64;linux-bionic-x86;linux-ppc64le
                           TargetFramework = net7.0
                           AppHostPackNamePattern = Microsoft.NETCore.App.Host.**RID**
                           AppHostPackVersion = 7.0.20
                       Microsoft.NETCore.App
                           ExcludedRuntimeIdentifiers = android
                           AppHostRuntimeIdentifiers = linux-arm;linux-arm64;linux-musl-arm64;linux-musl-x64;linux-x64;osx-x64;rhel.6-x64;tizen.4.0.0-armel;tizen.5.0.0-armel;win-arm;win-arm64;win-x64;win-x86;linux-musl-arm;osx-arm64;linux-s390x;linux-loongarch64
                           TargetFramework = net6.0
                           AppHostPackNamePattern = Microsoft.NETCore.App.Host.**RID**
                           AppHostPackVersion = 6.0.36
                       Microsoft.NETCore.App
                           AppHostRuntimeIdentifiers = linux-arm;linux-arm64;linux-musl-arm64;linux-musl-x64;linux-x64;osx-x64;rhel.6-x64;tizen.4.0.0-armel;tizen.5.0.0-armel;win-arm;win-arm64;win-x64;win-x86;linux-musl-arm
                           TargetFramework = net5.0
                           AppHostPackNamePattern = Microsoft.NETCore.App.Host.**RID**
                           AppHostPackVersion = 5.0.17
                       Microsoft.NETCore.App
                           AppHostRuntimeIdentifiers = linux-arm;linux-arm64;linux-musl-arm64;linux-musl-x64;linux-x64;osx-x64;rhel.6-x64;tizen.4.0.0-armel;tizen.5.0.0-armel;win-arm;win-arm64;win-x64;win-x86
                           TargetFramework = netcoreapp3.1
                           AppHostPackNamePattern = Microsoft.NETCore.App.Host.**RID**
                           AppHostPackVersion = 3.1.32
                       Microsoft.NETCore.App
                           AppHostRuntimeIdentifiers = linux-arm;linux-arm64;linux-musl-arm64;linux-musl-x64;linux-x64;osx-x64;rhel.6-x64;tizen.4.0.0-armel;tizen.5.0.0-armel;win-arm;win-arm64;win-x64;win-x86
                           TargetFramework = netcoreapp3.0
                           AppHostPackNamePattern = Microsoft.NETCore.App.Host.**RID**
                           AppHostPackVersion = 3.0.3
                   KnownCrossgen2Pack
                       Microsoft.NETCore.App.Crossgen2
                           Crossgen2RuntimeIdentifiers = linux-musl-x64;linux-x64;win-x64;linux-arm;linux-arm64;linux-musl-arm;linux-musl-arm64;osx-arm64;osx-x64;win-arm64;win-x86;freebsd-x64;freebsd-arm64;linux-riscv64;linux-musl-riscv64;linux-loongarch64;linux-musl-loongarch64
                           TargetFramework = net9.0
                           Crossgen2PackNamePattern = Microsoft.NETCore.App.Crossgen2.**RID**
                           Crossgen2PackVersion = 9.0.0
                       Microsoft.NETCore.App.Crossgen2
                           Crossgen2RuntimeIdentifiers = linux-musl-x64;linux-x64;win-x64;linux-arm;linux-arm64;linux-musl-arm;linux-musl-arm64;osx-arm64;osx-x64;win-arm64;win-x86;freebsd-x64;freebsd-arm64
                           TargetFramework = net8.0
                           Crossgen2PackNamePattern = Microsoft.NETCore.App.Crossgen2.**RID**
                           Crossgen2PackVersion = 8.0.11
                       Microsoft.NETCore.App.Crossgen2
                           Crossgen2RuntimeIdentifiers = linux-musl-x64;linux-x64;win-x64;linux-arm;linux-arm64;linux-musl-arm;linux-musl-arm64;osx-arm64;osx-x64;win-arm;win-arm64;win-x86
                           TargetFramework = net7.0
                           Crossgen2PackNamePattern = Microsoft.NETCore.App.Crossgen2.**RID**
                           Crossgen2PackVersion = 7.0.20
                       Microsoft.NETCore.App.Crossgen2
                           Crossgen2RuntimeIdentifiers = linux-musl-x64;linux-x64;win-x64;linux-arm;linux-arm64;linux-musl-arm;linux-musl-arm64;osx-arm64;osx-x64;win-arm;win-arm64;win-x86
                           TargetFramework = net6.0
                           Crossgen2PackNamePattern = Microsoft.NETCore.App.Crossgen2.**RID**
                           Crossgen2PackVersion = 6.0.36
                       Microsoft.NETCore.App.Crossgen2
                           Crossgen2RuntimeIdentifiers = linux-musl-x64;linux-x64;win-x64
                           TargetFramework = net5.0
                           Crossgen2PackNamePattern = Microsoft.NETCore.App.Crossgen2.**RID**
                           Crossgen2PackVersion = 5.0.17
                   KnownFrameworkReference
                       Microsoft.AspNetCore.App
                           TargetFramework = net7.0
                           DefaultRuntimeFrameworkVersion = 7.0.0
                           TargetingPackName = Microsoft.AspNetCore.App.Ref
                           LatestRuntimeFrameworkVersion = 7.0.20
                           RuntimePackExcludedRuntimeIdentifiers = android
                           RuntimePackRuntimeIdentifiers = win-x64;win-x86;win-arm;osx-x64;linux-musl-x64;linux-musl-arm64;linux-x64;linux-arm;linux-arm64;linux-musl-arm;win-arm64;osx-arm64;linux-s390x;linux-loongarch64;linux-ppc64le
                           RuntimePackNamePatterns = Microsoft.AspNetCore.App.Runtime.**RID**
                           TargetingPackVersion = 7.0.20
                           RuntimeFrameworkName = Microsoft.AspNetCore.App
                       Microsoft.AspNetCore.App
                           TargetFramework = net5.0
                           DefaultRuntimeFrameworkVersion = 5.0.0
                           TargetingPackName = Microsoft.AspNetCore.App.Ref
                           LatestRuntimeFrameworkVersion = 5.0.17
                           RuntimePackRuntimeIdentifiers = win-x64;win-x86;win-arm;osx-x64;linux-musl-x64;linux-musl-arm64;linux-x64;linux-arm;linux-arm64;linux-musl-arm;win-arm64
                           RuntimePackNamePatterns = Microsoft.AspNetCore.App.Runtime.**RID**
                           TargetingPackVersion = 5.0.0
                           RuntimeFrameworkName = Microsoft.AspNetCore.App
                       Microsoft.AspNetCore.App
                           TargetFramework = net9.0
                           DefaultRuntimeFrameworkVersion = 9.0.0
                           TargetingPackName = Microsoft.AspNetCore.App.Ref
                           LatestRuntimeFrameworkVersion = 9.0.0
                           RuntimePackExcludedRuntimeIdentifiers = android;linux-bionic
                           RuntimePackRuntimeIdentifiers = win-x64;win-x86;osx-x64;linux-musl-x64;linux-musl-arm64;linux-x64;linux-arm;linux-arm64;linux-musl-arm;win-arm64;osx-arm64;linux-s390x;linux-loongarch64;linux-ppc64le;freebsd-x64;freebsd-arm64;linux-riscv64;linux-musl-riscv64;linux-loongarch64;linux-musl-loongarch64
                           RuntimePackNamePatterns = Microsoft.AspNetCore.App.Runtime.**RID**
                           TargetingPackVersion = 9.0.0
                           RuntimeFrameworkName = Microsoft.AspNetCore.App
                       Microsoft.AspNetCore.App
                           TargetFramework = net6.0
                           DefaultRuntimeFrameworkVersion = 6.0.0
                           TargetingPackName = Microsoft.AspNetCore.App.Ref
                           LatestRuntimeFrameworkVersion = 6.0.36
                           RuntimePackRuntimeIdentifiers = win-x64;win-x86;win-arm;osx-x64;linux-musl-x64;linux-musl-arm64;linux-x64;linux-arm;linux-arm64;linux-musl-arm;win-arm64;osx-arm64;linux-s390x;linux-loongarch64
                           RuntimePackNamePatterns = Microsoft.AspNetCore.App.Runtime.**RID**
                           TargetingPackVersion = 6.0.36
                           RuntimeFrameworkName = Microsoft.AspNetCore.App
                       Microsoft.AspNetCore.App
                           TargetFramework = netcoreapp3.0
                           DefaultRuntimeFrameworkVersion = 3.0.0
                           TargetingPackName = Microsoft.AspNetCore.App.Ref
                           LatestRuntimeFrameworkVersion = 3.0.3
                           RuntimePackRuntimeIdentifiers = win-x64;win-x86;win-arm;osx-x64;linux-musl-x64;linux-musl-arm64;linux-x64;linux-arm;linux-arm64
                           RuntimePackNamePatterns = Microsoft.AspNetCore.App.Runtime.**RID**
                           TargetingPackVersion = 3.0.1
                           RuntimeFrameworkName = Microsoft.AspNetCore.App
                       Microsoft.AspNetCore.App
                           TargetFramework = net8.0
                           DefaultRuntimeFrameworkVersion = 8.0.0
                           TargetingPackName = Microsoft.AspNetCore.App.Ref
                           LatestRuntimeFrameworkVersion = 8.0.11
                           RuntimePackExcludedRuntimeIdentifiers = android;linux-bionic
                           RuntimePackRuntimeIdentifiers = win-x64;win-x86;osx-x64;linux-musl-x64;linux-musl-arm64;linux-x64;linux-arm;linux-arm64;linux-musl-arm;win-arm64;osx-arm64;linux-s390x;linux-loongarch64;linux-ppc64le;freebsd-x64;freebsd-arm64
                           RuntimePackNamePatterns = Microsoft.AspNetCore.App.Runtime.**RID**
                           TargetingPackVersion = 8.0.11
                           RuntimeFrameworkName = Microsoft.AspNetCore.App
                       Microsoft.AspNetCore.App
                           TargetFramework = netcoreapp3.1
                           DefaultRuntimeFrameworkVersion = 3.1.0
                           TargetingPackName = Microsoft.AspNetCore.App.Ref
                           LatestRuntimeFrameworkVersion = 3.1.32
                           RuntimePackRuntimeIdentifiers = win-x64;win-x86;win-arm;osx-x64;linux-musl-x64;linux-musl-arm64;linux-x64;linux-arm;linux-arm64
                           RuntimePackNamePatterns = Microsoft.AspNetCore.App.Runtime.**RID**
                           TargetingPackVersion = 3.1.10
                           RuntimeFrameworkName = Microsoft.AspNetCore.App
                       Microsoft.NETCore.App
                           TargetFramework = netcoreapp3.1
                           DefaultRuntimeFrameworkVersion = 3.1.0
                           TargetingPackName = Microsoft.NETCore.App.Ref
                           LatestRuntimeFrameworkVersion = 3.1.32
                           RuntimePackRuntimeIdentifiers = linux-arm;linux-arm64;linux-musl-arm64;linux-musl-x64;linux-x64;osx-x64;rhel.6-x64;tizen.4.0.0-armel;tizen.5.0.0-armel;win-arm;win-arm64;win-x64;win-x86
                           RuntimePackNamePatterns = Microsoft.NETCore.App.Runtime.**RID**
                           TargetingPackVersion = 3.1.0
                           IsTrimmable = true
                           RuntimeFrameworkName = Microsoft.NETCore.App
                       Microsoft.NETCore.App
                           TargetFramework = netcoreapp3.0
                           DefaultRuntimeFrameworkVersion = 3.0.0
                           TargetingPackName = Microsoft.NETCore.App.Ref
                           LatestRuntimeFrameworkVersion = 3.0.3
                           RuntimePackRuntimeIdentifiers = linux-arm;linux-arm64;linux-musl-arm64;linux-musl-x64;linux-x64;osx-x64;rhel.6-x64;tizen.4.0.0-armel;tizen.5.0.0-armel;win-arm;win-arm64;win-x64;win-x86
                           RuntimePackNamePatterns = Microsoft.NETCore.App.Runtime.**RID**
                           TargetingPackVersion = 3.0.0
                           IsTrimmable = true
                           RuntimeFrameworkName = Microsoft.NETCore.App
                       Microsoft.NETCore.App
                           TargetFramework = net5.0
                           DefaultRuntimeFrameworkVersion = 5.0.0
                           TargetingPackName = Microsoft.NETCore.App.Ref
                           LatestRuntimeFrameworkVersion = 5.0.17
                           RuntimePackRuntimeIdentifiers = linux-arm;linux-arm64;linux-musl-arm64;linux-musl-x64;linux-x64;osx-x64;rhel.6-x64;tizen.4.0.0-armel;tizen.5.0.0-armel;win-arm;win-arm64;win-x64;win-x86;linux-musl-arm;browser-wasm
                           RuntimePackNamePatterns = Microsoft.NETCore.App.Runtime.**RID**
                           TargetingPackVersion = 5.0.0
                           IsTrimmable = true
                           RuntimeFrameworkName = Microsoft.NETCore.App
                       Microsoft.NETCore.App
                           TargetFramework = net6.0
                           DefaultRuntimeFrameworkVersion = 6.0.0
                           TargetingPackName = Microsoft.NETCore.App.Ref
                           LatestRuntimeFrameworkVersion = 6.0.36
                           RuntimePackRuntimeIdentifiers = linux-arm;linux-arm64;linux-musl-arm64;linux-musl-x64;linux-x64;osx-x64;rhel.6-x64;tizen.4.0.0-armel;tizen.5.0.0-armel;win-arm;win-arm64;win-x64;win-x86;linux-musl-arm;osx-arm64;linux-s390x;linux-loongarch64
                           RuntimePackNamePatterns = Microsoft.NETCore.App.Runtime.**RID**
                           TargetingPackVersion = 6.0.36
                           RuntimeFrameworkName = Microsoft.NETCore.App
                       Microsoft.NETCore.App
                           TargetFramework = net9.0
                           DefaultRuntimeFrameworkVersion = 9.0.0
                           TargetingPackName = Microsoft.NETCore.App.Ref
                           LatestRuntimeFrameworkVersion = 9.0.0
                           RuntimePackRuntimeIdentifiers = linux-arm;linux-arm64;linux-musl-arm64;linux-musl-x64;linux-x64;osx-x64;rhel.6-x64;tizen.4.0.0-armel;tizen.5.0.0-armel;win-arm64;win-x64;win-x86;linux-musl-arm;osx-arm64;linux-s390x;linux-loongarch64;linux-bionic-arm;linux-bionic-arm64;linux-bionic-x64;linux-bionic-x86;linux-ppc64le;freebsd-x64;freebsd-arm64;linux-riscv64;linux-musl-riscv64;linux-musl-loongarch64
                           RuntimePackNamePatterns = Microsoft.NETCore.App.Runtime.**RID**
                           TargetingPackVersion = 9.0.0
                           RuntimeFrameworkName = Microsoft.NETCore.App
                       Microsoft.NETCore.App
                           TargetFramework = net8.0
                           DefaultRuntimeFrameworkVersion = 8.0.0
                           TargetingPackName = Microsoft.NETCore.App.Ref
                           LatestRuntimeFrameworkVersion = 8.0.11
                           RuntimePackRuntimeIdentifiers = linux-arm;linux-arm64;linux-musl-arm64;linux-musl-x64;linux-x64;osx-x64;rhel.6-x64;tizen.4.0.0-armel;tizen.5.0.0-armel;win-arm64;win-x64;win-x86;linux-musl-arm;osx-arm64;linux-s390x;linux-loongarch64;linux-bionic-arm;linux-bionic-arm64;linux-bionic-x64;linux-bionic-x86;linux-ppc64le;freebsd-x64;freebsd-arm64
                           RuntimePackNamePatterns = Microsoft.NETCore.App.Runtime.**RID**
                           TargetingPackVersion = 8.0.11
                           RuntimeFrameworkName = Microsoft.NETCore.App
                       Microsoft.NETCore.App
                           TargetFramework = net7.0
                           DefaultRuntimeFrameworkVersion = 7.0.0
                           TargetingPackName = Microsoft.NETCore.App.Ref
                           LatestRuntimeFrameworkVersion = 7.0.20
                           RuntimePackRuntimeIdentifiers = linux-arm;linux-arm64;linux-musl-arm64;linux-musl-x64;linux-x64;osx-x64;rhel.6-x64;tizen.4.0.0-armel;tizen.5.0.0-armel;win-arm;win-arm64;win-x64;win-x86;linux-musl-arm;osx-arm64;linux-s390x;linux-loongarch64;linux-bionic-arm;linux-bionic-arm64;linux-bionic-x64;linux-bionic-x86;linux-ppc64le
                           RuntimePackNamePatterns = Microsoft.NETCore.App.Runtime.**RID**
                           TargetingPackVersion = 7.0.20
                           RuntimeFrameworkName = Microsoft.NETCore.App
                       Microsoft.WindowsDesktop.App
                           TargetFramework = netcoreapp3.1
                           DefaultRuntimeFrameworkVersion = 3.1.0
                           TargetingPackName = Microsoft.WindowsDesktop.App.Ref
                           IsWindowsOnly = true
                           LatestRuntimeFrameworkVersion = 3.1.32
                           RuntimePackRuntimeIdentifiers = win-x64;win-x86
                           RuntimePackNamePatterns = Microsoft.WindowsDesktop.App.Runtime.**RID**
                           TargetingPackVersion = 3.1.0
                           RuntimeFrameworkName = Microsoft.WindowsDesktop.App
                       Microsoft.WindowsDesktop.App
                           TargetFramework = net9.0
                           DefaultRuntimeFrameworkVersion = 9.0.0
                           TargetingPackName = Microsoft.WindowsDesktop.App.Ref
                           IsWindowsOnly = true
                           LatestRuntimeFrameworkVersion = 9.0.0
                           RuntimePackRuntimeIdentifiers = win-x64;win-x86;win-arm64
                           RuntimePackNamePatterns = Microsoft.WindowsDesktop.App.Runtime.**RID**
                           TargetingPackVersion = 9.0.0
                           RuntimeFrameworkName = Microsoft.WindowsDesktop.App
                       Microsoft.WindowsDesktop.App
                           TargetFramework = net5.0
                           DefaultRuntimeFrameworkVersion = 5.0.0
                           TargetingPackName = Microsoft.WindowsDesktop.App.Ref
                           IsWindowsOnly = true
                           LatestRuntimeFrameworkVersion = 5.0.17
                           RuntimePackRuntimeIdentifiers = win-x64;win-x86;win-arm64
                           RuntimePackNamePatterns = Microsoft.WindowsDesktop.App.Runtime.**RID**
                           TargetingPackVersion = 5.0.0
                           RuntimeFrameworkName = Microsoft.WindowsDesktop.App
                       Microsoft.WindowsDesktop.App
                           TargetFramework = net7.0
                           DefaultRuntimeFrameworkVersion = 7.0.0
                           TargetingPackName = Microsoft.WindowsDesktop.App.Ref
                           IsWindowsOnly = true
                           LatestRuntimeFrameworkVersion = 7.0.20
                           RuntimePackRuntimeIdentifiers = win-x64;win-x86;win-arm64
                           RuntimePackNamePatterns = Microsoft.WindowsDesktop.App.Runtime.**RID**
                           TargetingPackVersion = 7.0.20
                           RuntimeFrameworkName = Microsoft.WindowsDesktop.App
                       Microsoft.WindowsDesktop.App
                           TargetFramework = net8.0
                           DefaultRuntimeFrameworkVersion = 8.0.0
                           TargetingPackName = Microsoft.WindowsDesktop.App.Ref
                           IsWindowsOnly = true
                           LatestRuntimeFrameworkVersion = 8.0.11
                           RuntimePackRuntimeIdentifiers = win-x64;win-x86;win-arm64
                           RuntimePackNamePatterns = Microsoft.WindowsDesktop.App.Runtime.**RID**
                           TargetingPackVersion = 8.0.11
                           RuntimeFrameworkName = Microsoft.WindowsDesktop.App
                       Microsoft.WindowsDesktop.App
                           TargetFramework = netcoreapp3.0
                           DefaultRuntimeFrameworkVersion = 3.0.0
                           TargetingPackName = Microsoft.WindowsDesktop.App.Ref
                           IsWindowsOnly = true
                           LatestRuntimeFrameworkVersion = 3.0.3
                           RuntimePackRuntimeIdentifiers = win-x64;win-x86
                           RuntimePackNamePatterns = Microsoft.WindowsDesktop.App.Runtime.**RID**
                           TargetingPackVersion = 3.0.0
                           RuntimeFrameworkName = Microsoft.WindowsDesktop.App
                       Microsoft.WindowsDesktop.App
                           TargetFramework = net6.0
                           DefaultRuntimeFrameworkVersion = 6.0.0
                           TargetingPackName = Microsoft.WindowsDesktop.App.Ref
                           IsWindowsOnly = true
                           LatestRuntimeFrameworkVersion = 6.0.36
                           RuntimePackRuntimeIdentifiers = win-x64;win-x86;win-arm64
                           RuntimePackNamePatterns = Microsoft.WindowsDesktop.App.Runtime.**RID**
                           TargetingPackVersion = 6.0.36
                           RuntimeFrameworkName = Microsoft.WindowsDesktop.App
                       Microsoft.WindowsDesktop.App.WindowsForms
                           TargetFramework = net9.0
                           DefaultRuntimeFrameworkVersion = 9.0.0
                           TargetingPackName = Microsoft.WindowsDesktop.App.Ref
                           IsWindowsOnly = true
                           LatestRuntimeFrameworkVersion = 9.0.0
                           RuntimePackRuntimeIdentifiers = win-x64;win-x86;win-arm64
                           RuntimePackNamePatterns = Microsoft.WindowsDesktop.App.Runtime.**RID**
                           TargetingPackVersion = 9.0.0
                           Profile = WindowsForms
                           RuntimeFrameworkName = Microsoft.WindowsDesktop.App
                       Microsoft.WindowsDesktop.App.WindowsForms
                           TargetFramework = net5.0
                           DefaultRuntimeFrameworkVersion = 5.0.0
                           TargetingPackName = Microsoft.WindowsDesktop.App.Ref
                           IsWindowsOnly = true
                           LatestRuntimeFrameworkVersion = 5.0.17
                           RuntimePackRuntimeIdentifiers = win-x64;win-x86;win-arm64
                           RuntimePackNamePatterns = Microsoft.WindowsDesktop.App.Runtime.**RID**
                           TargetingPackVersion = 5.0.0
                           Profile = WindowsForms
                           RuntimeFrameworkName = Microsoft.WindowsDesktop.App
                       Microsoft.WindowsDesktop.App.WindowsForms
                           TargetFramework = netcoreapp3.0
                           DefaultRuntimeFrameworkVersion = 3.0.0
                           TargetingPackName = Microsoft.WindowsDesktop.App.Ref
                           IsWindowsOnly = true
                           LatestRuntimeFrameworkVersion = 3.0.3
                           RuntimePackRuntimeIdentifiers = win-x64;win-x86
                           RuntimePackNamePatterns = Microsoft.WindowsDesktop.App.Runtime.**RID**
                           TargetingPackVersion = 3.0.0
                           Profile = WindowsForms
                           RuntimeFrameworkName = Microsoft.WindowsDesktop.App
                       Microsoft.WindowsDesktop.App.WindowsForms
                           TargetFramework = net8.0
                           DefaultRuntimeFrameworkVersion = 8.0.0
                           TargetingPackName = Microsoft.WindowsDesktop.App.Ref
                           IsWindowsOnly = true
                           LatestRuntimeFrameworkVersion = 8.0.11
                           RuntimePackRuntimeIdentifiers = win-x64;win-x86;win-arm64
                           RuntimePackNamePatterns = Microsoft.WindowsDesktop.App.Runtime.**RID**
                           TargetingPackVersion = 8.0.11
                           Profile = WindowsForms
                           RuntimeFrameworkName = Microsoft.WindowsDesktop.App
                       Microsoft.WindowsDesktop.App.WindowsForms
                           TargetFramework = net7.0
                           DefaultRuntimeFrameworkVersion = 7.0.0
                           TargetingPackName = Microsoft.WindowsDesktop.App.Ref
                           IsWindowsOnly = true
                           LatestRuntimeFrameworkVersion = 7.0.20
                           RuntimePackRuntimeIdentifiers = win-x64;win-x86;win-arm64
                           RuntimePackNamePatterns = Microsoft.WindowsDesktop.App.Runtime.**RID**
                           TargetingPackVersion = 7.0.20
                           Profile = WindowsForms
                           RuntimeFrameworkName = Microsoft.WindowsDesktop.App
                       Microsoft.WindowsDesktop.App.WindowsForms
                           TargetFramework = net6.0
                           DefaultRuntimeFrameworkVersion = 6.0.0
                           TargetingPackName = Microsoft.WindowsDesktop.App.Ref
                           IsWindowsOnly = true
                           LatestRuntimeFrameworkVersion = 6.0.36
                           RuntimePackRuntimeIdentifiers = win-x64;win-x86;win-arm64
                           RuntimePackNamePatterns = Microsoft.WindowsDesktop.App.Runtime.**RID**
                           TargetingPackVersion = 6.0.36
                           Profile = WindowsForms
                           RuntimeFrameworkName = Microsoft.WindowsDesktop.App
                       Microsoft.WindowsDesktop.App.WindowsForms
                           TargetFramework = netcoreapp3.1
                           DefaultRuntimeFrameworkVersion = 3.1.0
                           TargetingPackName = Microsoft.WindowsDesktop.App.Ref
                           IsWindowsOnly = true
                           LatestRuntimeFrameworkVersion = 3.1.32
                           RuntimePackRuntimeIdentifiers = win-x64;win-x86
                           RuntimePackNamePatterns = Microsoft.WindowsDesktop.App.Runtime.**RID**
                           TargetingPackVersion = 3.1.0
                           Profile = WindowsForms
                           RuntimeFrameworkName = Microsoft.WindowsDesktop.App
                       Microsoft.WindowsDesktop.App.WPF
                           TargetFramework = netcoreapp3.0
                           DefaultRuntimeFrameworkVersion = 3.0.0
                           TargetingPackName = Microsoft.WindowsDesktop.App.Ref
                           IsWindowsOnly = true
                           LatestRuntimeFrameworkVersion = 3.0.3
                           RuntimePackRuntimeIdentifiers = win-x64;win-x86
                           RuntimePackNamePatterns = Microsoft.WindowsDesktop.App.Runtime.**RID**
                           TargetingPackVersion = 3.0.0
                           Profile = WPF
                           RuntimeFrameworkName = Microsoft.WindowsDesktop.App
                       Microsoft.WindowsDesktop.App.WPF
                           TargetFramework = net6.0
                           DefaultRuntimeFrameworkVersion = 6.0.0
                           TargetingPackName = Microsoft.WindowsDesktop.App.Ref
                           IsWindowsOnly = true
                           LatestRuntimeFrameworkVersion = 6.0.36
                           RuntimePackRuntimeIdentifiers = win-x64;win-x86;win-arm64
                           RuntimePackNamePatterns = Microsoft.WindowsDesktop.App.Runtime.**RID**
                           TargetingPackVersion = 6.0.36
                           Profile = WPF
                           RuntimeFrameworkName = Microsoft.WindowsDesktop.App
                       Microsoft.WindowsDesktop.App.WPF
                           TargetFramework = net5.0
                           DefaultRuntimeFrameworkVersion = 5.0.0
                           TargetingPackName = Microsoft.WindowsDesktop.App.Ref
                           IsWindowsOnly = true
                           LatestRuntimeFrameworkVersion = 5.0.17
                           RuntimePackRuntimeIdentifiers = win-x64;win-x86;win-arm64
                           RuntimePackNamePatterns = Microsoft.WindowsDesktop.App.Runtime.**RID**
                           TargetingPackVersion = 5.0.0
                           Profile = WPF
                           RuntimeFrameworkName = Microsoft.WindowsDesktop.App
                       Microsoft.WindowsDesktop.App.WPF
                           TargetFramework = net7.0
                           DefaultRuntimeFrameworkVersion = 7.0.0
                           TargetingPackName = Microsoft.WindowsDesktop.App.Ref
                           IsWindowsOnly = true
                           LatestRuntimeFrameworkVersion = 7.0.20
                           RuntimePackRuntimeIdentifiers = win-x64;win-x86;win-arm64
                           RuntimePackNamePatterns = Microsoft.WindowsDesktop.App.Runtime.**RID**
                           TargetingPackVersion = 7.0.20
                           Profile = WPF
                           RuntimeFrameworkName = Microsoft.WindowsDesktop.App
                       Microsoft.WindowsDesktop.App.WPF
                           TargetFramework = net8.0
                           DefaultRuntimeFrameworkVersion = 8.0.0
                           TargetingPackName = Microsoft.WindowsDesktop.App.Ref
                           IsWindowsOnly = true
                           LatestRuntimeFrameworkVersion = 8.0.11
                           RuntimePackRuntimeIdentifiers = win-x64;win-x86;win-arm64
                           RuntimePackNamePatterns = Microsoft.WindowsDesktop.App.Runtime.**RID**
                           TargetingPackVersion = 8.0.11
                           Profile = WPF
                           RuntimeFrameworkName = Microsoft.WindowsDesktop.App
                       Microsoft.WindowsDesktop.App.WPF
                           TargetFramework = net9.0
                           DefaultRuntimeFrameworkVersion = 9.0.0
                           TargetingPackName = Microsoft.WindowsDesktop.App.Ref
                           IsWindowsOnly = true
                           LatestRuntimeFrameworkVersion = 9.0.0
                           RuntimePackRuntimeIdentifiers = win-x64;win-x86;win-arm64
                           RuntimePackNamePatterns = Microsoft.WindowsDesktop.App.Runtime.**RID**
                           TargetingPackVersion = 9.0.0
                           Profile = WPF
                           RuntimeFrameworkName = Microsoft.WindowsDesktop.App
                       Microsoft.WindowsDesktop.App.WPF
                           TargetFramework = netcoreapp3.1
                           DefaultRuntimeFrameworkVersion = 3.1.0
                           TargetingPackName = Microsoft.WindowsDesktop.App.Ref
                           IsWindowsOnly = true
                           LatestRuntimeFrameworkVersion = 3.1.32
                           RuntimePackRuntimeIdentifiers = win-x64;win-x86
                           RuntimePackNamePatterns = Microsoft.WindowsDesktop.App.Runtime.**RID**
                           TargetingPackVersion = 3.1.0
                           Profile = WPF
                           RuntimeFrameworkName = Microsoft.WindowsDesktop.App
                       NETStandard.Library
                           TargetFramework = netstandard2.1
                           TargetingPackName = NETStandard.Library.Ref
                           TargetingPackVersion = 2.1.0
                   KnownILCompilerPack
                       Microsoft.DotNet.ILCompiler
                           ILCompilerPackNamePattern = runtime.**RID**.Microsoft.DotNet.ILCompiler
                           TargetFramework = net9.0
                           ILCompilerPackVersion = 9.0.0
                           ILCompilerRuntimeIdentifiers = linux-arm64;linux-musl-arm64;linux-musl-x64;linux-x64;win-arm64;win-x64;osx-x64;osx-arm64;freebsd-x64;freebsd-arm64;linux-arm;linux-musl-arm;win-x86
                       Microsoft.DotNet.ILCompiler
                           ILCompilerPackNamePattern = runtime.**RID**.Microsoft.DotNet.ILCompiler
                           TargetFramework = net8.0
                           ILCompilerPackVersion = 8.0.11
                           ILCompilerRuntimeIdentifiers = linux-arm64;linux-musl-arm64;linux-musl-x64;linux-x64;win-arm64;win-x64;osx-x64;osx-arm64;freebsd-x64;freebsd-arm64
                       Microsoft.DotNet.ILCompiler
                           ILCompilerPackNamePattern = runtime.**RID**.Microsoft.DotNet.ILCompiler
                           TargetFramework = net7.0
                           ILCompilerPackVersion = 7.0.20
                           ILCompilerRuntimeIdentifiers = linux-arm64;linux-musl-arm64;linux-musl-x64;linux-x64;win-arm64;win-x64
                   KnownILLinkPack
                       Microsoft.NET.ILLink.Tasks
                           TargetFramework = net9.0
                           ILLinkPackVersion = 9.0.0
                       Microsoft.NET.ILLink.Tasks
                           TargetFramework = net8.0
                           ILLinkPackVersion = 8.0.11
                       Microsoft.NET.ILLink.Tasks
                           TargetFramework = net7.0
                           ILLinkPackVersion = 7.0.100-1.23211.1
                       Microsoft.NET.ILLink.Tasks
                           TargetFramework = net6.0
                           ILLinkPackVersion = 7.0.100-1.23211.1
                       Microsoft.NET.ILLink.Tasks
                           TargetFramework = net5.0
                           ILLinkPackVersion = 7.0.100-1.23211.1
                       Microsoft.NET.ILLink.Tasks
                           TargetFramework = netcoreapp3.1
                           ILLinkPackVersion = 7.0.100-1.23211.1
                       Microsoft.NET.ILLink.Tasks
                           TargetFramework = netcoreapp3.0
                           ILLinkPackVersion = 7.0.100-1.23211.1
                   KnownRuntimePack
                       Microsoft.NETCore.App
                           TargetFramework = net9.0
                           LatestRuntimeFrameworkVersion = 9.0.0
                           RuntimePackRuntimeIdentifiers = ios-arm64;iossimulator-arm64;iossimulator-x64;tvos-arm64;tvossimulator-arm64;tvossimulator-x64;maccatalyst-arm64;maccatalyst-x64;linux-bionic-arm64;linux-bionic-x64;osx-arm64;osx-x64;freebsd-arm64;freebsd-x64;linux-x64;linux-arm;linux-arm64;linux-bionic-arm;linux-musl-x64;linux-musl-arm;linux-musl-arm64;win-x64;win-x86;win-arm64;browser-wasm;wasi-wasm
                           RuntimePackNamePatterns = Microsoft.NETCore.App.Runtime.NativeAOT.**RID**
                           RuntimePackLabels = NativeAOT
                           RuntimeFrameworkName = Microsoft.NETCore.App
                       Microsoft.NETCore.App
                           TargetFramework = net9.0
                           LatestRuntimeFrameworkVersion = 9.0.0
                           RuntimePackRuntimeIdentifiers = linux-arm;linux-arm64;linux-musl-arm64;linux-musl-x64;linux-x64;osx-x64;rhel.6-x64;win-arm64;win-x64;win-x86;linux-musl-arm;osx-arm64;linux-s390x;linux-loongarch64;browser-wasm;ios-arm64;ios-arm;iossimulator-arm64;iossimulator-x64;iossimulator-x86;tvos-arm64;tvossimulator-arm64;tvossimulator-x64;maccatalyst-x64;maccatalyst-arm64;android-arm64;android-arm;android-x64;android-x86;freebsd-x64;freebsd-arm64;linux-riscv64;linux-musl-riscv64;linux-loongarch64;linux-musl-loongarch64
                           RuntimePackNamePatterns = Microsoft.NETCore.App.Runtime.Mono.**RID**
                           RuntimePackLabels = Mono
                           RuntimeFrameworkName = Microsoft.NETCore.App
                       Microsoft.NETCore.App
                           TargetFramework = net8.0
                           LatestRuntimeFrameworkVersion = 8.0.11
                           RuntimePackRuntimeIdentifiers = ios-arm64;iossimulator-arm64;iossimulator-x64;tvos-arm64;tvossimulator-arm64;tvossimulator-x64;maccatalyst-arm64;maccatalyst-x64;linux-bionic-arm64;linux-bionic-x64;osx-arm64;osx-x64;freebsd-arm64;freebsd-x64
                           RuntimePackNamePatterns = Microsoft.NETCore.App.Runtime.NativeAOT.**RID**
                           RuntimePackLabels = NativeAOT
                           RuntimeFrameworkName = Microsoft.NETCore.App
                       Microsoft.NETCore.App
                           TargetFramework = net8.0
                           LatestRuntimeFrameworkVersion = 8.0.11
                           RuntimePackRuntimeIdentifiers = linux-arm;linux-arm64;linux-musl-arm64;linux-musl-x64;linux-x64;osx-x64;rhel.6-x64;win-arm64;win-x64;win-x86;linux-musl-arm;osx-arm64;linux-s390x;linux-loongarch64;browser-wasm;ios-arm64;ios-arm;iossimulator-arm64;iossimulator-x64;iossimulator-x86;tvos-arm64;tvossimulator-arm64;tvossimulator-x64;maccatalyst-x64;maccatalyst-arm64;android-arm64;android-arm;android-x64;android-x86;freebsd-x64;freebsd-arm64
                           RuntimePackNamePatterns = Microsoft.NETCore.App.Runtime.Mono.**RID**
                           RuntimePackLabels = Mono
                           RuntimeFrameworkName = Microsoft.NETCore.App
                       Microsoft.NETCore.App
                           TargetFramework = net7.0
                           LatestRuntimeFrameworkVersion = 7.0.20
                           RuntimePackRuntimeIdentifiers = linux-arm;linux-arm64;linux-musl-arm64;linux-musl-x64;linux-x64;osx-x64;rhel.6-x64;win-arm;win-arm64;win-x64;win-x86;linux-musl-arm;osx-arm64;linux-s390x;linux-loongarch64;browser-wasm;ios-arm64;ios-arm;iossimulator-arm64;iossimulator-x64;iossimulator-x86;tvos-arm64;tvossimulator-arm64;tvossimulator-x64;maccatalyst-x64;maccatalyst-arm64;android-arm64;android-arm;android-x64;android-x86
                           RuntimePackNamePatterns = Microsoft.NETCore.App.Runtime.Mono.**RID**
                           RuntimePackLabels = Mono
                           RuntimeFrameworkName = Microsoft.NETCore.App
                       Microsoft.NETCore.App
                           TargetFramework = net6.0
                           LatestRuntimeFrameworkVersion = 6.0.36
                           RuntimePackRuntimeIdentifiers = linux-arm;linux-arm64;linux-musl-arm64;linux-musl-x64;linux-x64;osx-x64;rhel.6-x64;win-arm;win-arm64;win-x64;win-x86;linux-musl-arm;osx-arm64;linux-s390x;linux-loongarch64;browser-wasm;ios-arm64;ios-arm;iossimulator-arm64;iossimulator-x64;iossimulator-x86;tvos-arm64;tvossimulator-arm64;tvossimulator-x64;maccatalyst-x64;maccatalyst-arm64;android-arm64;android-arm;android-x64;android-x86
                           RuntimePackNamePatterns = Microsoft.NETCore.App.Runtime.Mono.**RID**
                           RuntimePackLabels = Mono
                           RuntimeFrameworkName = Microsoft.NETCore.App
                   KnownWebAssemblySdkPack
                       Microsoft.NET.Sdk.WebAssembly.Pack
                           TargetFramework = net9.0
                           WebAssemblySdkPackVersion = 9.0.0
                       Microsoft.NET.Sdk.WebAssembly.Pack
                           TargetFramework = net8.0
                           WebAssemblySdkPackVersion = 9.0.0
                       Microsoft.NET.Sdk.WebAssembly.Pack
                           TargetFramework = net7.0
                           WebAssemblySdkPackVersion = 9.0.0
                       Microsoft.NET.Sdk.WebAssembly.Pack
                           TargetFramework = net6.0
                           WebAssemblySdkPackVersion = 9.0.0
                   None
                       .gitattributes
                       ClientApp\.env.development
                       ClientApp\.env.production
                       ClientApp\.env.staging
                       ClientApp\.gitignore
                       ClientApp\dist\about\index.html
                       ClientApp\dist\addon11_icon.png
                       ClientApp\dist\addon5_icon.png
                       ClientApp\dist\art-style-examples\clay-1.jpg
                       ClientApp\dist\art-style-examples\clay-2.jpg
                       ClientApp\dist\art-style-examples\clay-3.jpg
                       ClientApp\dist\art-style-examples\comic-1.jpg
                       ClientApp\dist\art-style-examples\comic-2.jpg
                       ClientApp\dist\art-style-examples\comic-3.jpg
                       ClientApp\dist\art-style-examples\crayon-1.jpg
                       ClientApp\dist\art-style-examples\crayon-2.jpg
                       ClientApp\dist\art-style-examples\crayon-3.jpg
                       ClientApp\dist\art-style-examples\gouache-1.jpg
                       ClientApp\dist\art-style-examples\gouache-2.jpg
                       ClientApp\dist\art-style-examples\gouache-3.jpg
                       ClientApp\dist\art-style-examples\inkwash-1.jpg
                       ClientApp\dist\art-style-examples\inkwash-2.jpg
                       ClientApp\dist\art-style-examples\inkwash-3.jpg
                       ClientApp\dist\art-style-examples\lineart-1.jpg
                       ClientApp\dist\art-style-examples\lineart-2.jpg
                       ClientApp\dist\art-style-examples\lineart-3.jpg
                       ClientApp\dist\art-style-examples\papercut-1.jpg
                       ClientApp\dist\art-style-examples\papercut-2.jpg
                       ClientApp\dist\art-style-examples\papercut-3.jpg
                       ClientApp\dist\art-style-examples\pastel-1.jpg
                       ClientApp\dist\art-style-examples\pastel-2.jpg
                       ClientApp\dist\art-style-examples\pastel-3.jpg
                       ClientApp\dist\art-style-examples\pixel-1.jpg
                       ClientApp\dist\art-style-examples\pixel-2.jpg
                       ClientApp\dist\art-style-examples\pixel-3.jpg
                       ClientApp\dist\art-style-examples\README.txt
                       ClientApp\dist\art-style-examples\toy3d-1.jpg
                       ClientApp\dist\art-style-examples\toy3d-2.jpg
                       ClientApp\dist\art-style-examples\toy3d-3.jpg
                       ClientApp\dist\art-style-examples\watercolor-1.jpg
                       ClientApp\dist\art-style-examples\watercolor-2.jpg
                       ClientApp\dist\art-style-examples\watercolor-3.jpg
                       ClientApp\dist\assets\audio-narration-Bt84Bn6w.png
                       ClientApp\dist\assets\bond-B1WwJ4Or.png
                       ClientApp\dist\assets\book-BkFVJ0iG.png
                       ClientApp\dist\assets\books-GGbGSto2.png
                       ClientApp\dist\assets\box1-BmDoV3wk.png
                       ClientApp\dist\assets\calendar2-Dm3HIDPk.png
                       ClientApp\dist\assets\cart-BI_Yaqw1.png
                       ClientApp\dist\assets\character-gallery-D3aP81QP.png
                       ClientApp\dist\assets\crystal-ball-WXOkVtA9.png
                       ClientApp\dist\assets\email1-DV4U5kv2.png
                       ClientApp\dist\assets\facebook-Bd5VIAQV.png
                       ClientApp\dist\assets\family1-tZ6rYeyB.png
                       ClientApp\dist\assets\heart-Bu8vX63n.png
                       ClientApp\dist\assets\icon4-C7t_Zaet.png
                       ClientApp\dist\assets\idea-CkFTEV6j.png
                       ClientApp\dist\assets\imagination-CA22cDco.png
                       ClientApp\dist\assets\index-1JAEFL5e.css
                       ClientApp\dist\assets\index-C5fNORPp.js
                       ClientApp\dist\assets\index.es-txurJGHE.js
                       ClientApp\dist\assets\instagram-B7EsWaCg.png
                       ClientApp\dist\assets\jszip.min-Dndcna-F.js
                       ClientApp\dist\assets\lesson-DC8uC7TO.png
                       ClientApp\dist\assets\magic-D18SxGKl.png
                       ClientApp\dist\assets\membership-free-BezZmUF4.png
                       ClientApp\dist\assets\membership-premium-BXUZmIma.png
                       ClientApp\dist\assets\membership-pro-C9hFPuuN.png
                       ClientApp\dist\assets\person-jyd9Sg3-.png
                       ClientApp\dist\assets\physical-books-C-Y7hIC8.png
                       ClientApp\dist\assets\purify.es-C_uT9hQ1.js
                       ClientApp\dist\assets\read-D8_iHVC1.png
                       ClientApp\dist\assets\reading-BwM7atNA.png
                       ClientApp\dist\assets\refresh-N8bYSaO_.png
                       ClientApp\dist\assets\rocket-XksNC-uT.png
                       ClientApp\dist\assets\sparkle-Gf5veO_H.png
                       ClientApp\dist\assets\sparkle3-_HxxRpAR.png
                       ClientApp\dist\assets\sparkle4-COett9dF.png
                       ClientApp\dist\assets\star-DtD_nwR9.png
                       ClientApp\dist\assets\theme-akTkGOuh.png
                       ClientApp\dist\assets\time-CIX2BVQC.png
                       ClientApp\dist\assets\tools-rAD2opf1.png
                       ClientApp\dist\assets\twitter-5Frmwa5F.png
                       ClientApp\dist\assets\uniqueness1-DVXMya7u.png
                       ClientApp\dist\assets\write-B6d3-H6q.png
                       ClientApp\dist\assets\x-CveHS3rp.png
                       ClientApp\dist\austin.jpg
                       ClientApp\dist\avatars\astronaut-avatar.png
                       ClientApp\dist\avatars\cat-avatar.png
                       ClientApp\dist\avatars\default-avatar.png
                       ClientApp\dist\avatars\dragon-avatar.png
                       ClientApp\dist\avatars\knight-avatar.png
                       ClientApp\dist\avatars\pirate-avatar.png
                       ClientApp\dist\avatars\princess-avatar.png
                       ClientApp\dist\avatars\superhero-avatar.png
                       ClientApp\dist\avatars\unicorn-avatar.png
                       ClientApp\dist\avatars\whimsical-fairy-avatar.png
                       ClientApp\dist\avatars\whimsical-mermaid-avatar.png
                       ClientApp\dist\avatars\wizard-avatar.png
                       ClientApp\dist\background.jpg
                       ClientApp\dist\blog\index.html
                       ClientApp\dist\blog\personalized-bedtime-stories\index.html
                       ClientApp\dist\ChildReading.jpg
                       ClientApp\dist\clouds.png
                       ClientApp\dist\createpagebk.jpg
                       ClientApp\dist\faq\index.html
                       ClientApp\dist\favicon1.png
                       ClientApp\dist\favicon6.png
                       ClientApp\dist\Image_fx (17).jpg
                       ClientApp\dist\index.html
                       ClientApp\dist\login\index.html
                       ClientApp\dist\new_stars.png
                       ClientApp\dist\parent.jpg
                       ClientApp\dist\parent1.png
                       ClientApp\dist\parent2.png
                       ClientApp\dist\premium_icon.png
                       ClientApp\dist\pro_icon.png
                       ClientApp\dist\robots.txt
                       ClientApp\dist\server\addon11_icon.png
                       ClientApp\dist\server\addon5_icon.png
                       ClientApp\dist\server\art-style-examples\clay-1.jpg
                       ClientApp\dist\server\art-style-examples\clay-2.jpg
                       ClientApp\dist\server\art-style-examples\clay-3.jpg
                       ClientApp\dist\server\art-style-examples\comic-1.jpg
                       ClientApp\dist\server\art-style-examples\comic-2.jpg
                       ClientApp\dist\server\art-style-examples\comic-3.jpg
                       ClientApp\dist\server\art-style-examples\crayon-1.jpg
                       ClientApp\dist\server\art-style-examples\crayon-2.jpg
                       ClientApp\dist\server\art-style-examples\crayon-3.jpg
                       ClientApp\dist\server\art-style-examples\gouache-1.jpg
                       ClientApp\dist\server\art-style-examples\gouache-2.jpg
                       ClientApp\dist\server\art-style-examples\gouache-3.jpg
                       ClientApp\dist\server\art-style-examples\inkwash-1.jpg
                       ClientApp\dist\server\art-style-examples\inkwash-2.jpg
                       ClientApp\dist\server\art-style-examples\inkwash-3.jpg
                       ClientApp\dist\server\art-style-examples\lineart-1.jpg
                       ClientApp\dist\server\art-style-examples\lineart-2.jpg
                       ClientApp\dist\server\art-style-examples\lineart-3.jpg
                       ClientApp\dist\server\art-style-examples\papercut-1.jpg
                       ClientApp\dist\server\art-style-examples\papercut-2.jpg
                       ClientApp\dist\server\art-style-examples\papercut-3.jpg
                       ClientApp\dist\server\art-style-examples\pastel-1.jpg
                       ClientApp\dist\server\art-style-examples\pastel-2.jpg
                       ClientApp\dist\server\art-style-examples\pastel-3.jpg
                       ClientApp\dist\server\art-style-examples\pixel-1.jpg
                       ClientApp\dist\server\art-style-examples\pixel-2.jpg
                       ClientApp\dist\server\art-style-examples\pixel-3.jpg
                       ClientApp\dist\server\art-style-examples\README.txt
                       ClientApp\dist\server\art-style-examples\toy3d-1.jpg
                       ClientApp\dist\server\art-style-examples\toy3d-2.jpg
                       ClientApp\dist\server\art-style-examples\toy3d-3.jpg
                       ClientApp\dist\server\art-style-examples\watercolor-1.jpg
                       ClientApp\dist\server\art-style-examples\watercolor-2.jpg
                       ClientApp\dist\server\art-style-examples\watercolor-3.jpg
                       ClientApp\dist\server\austin.jpg
                       ClientApp\dist\server\avatars\astronaut-avatar.png
                       ClientApp\dist\server\avatars\cat-avatar.png
                       ClientApp\dist\server\avatars\default-avatar.png
                       ClientApp\dist\server\avatars\dragon-avatar.png
                       ClientApp\dist\server\avatars\knight-avatar.png
                       ClientApp\dist\server\avatars\pirate-avatar.png
                       ClientApp\dist\server\avatars\princess-avatar.png
                       ClientApp\dist\server\avatars\superhero-avatar.png
                       ClientApp\dist\server\avatars\unicorn-avatar.png
                       ClientApp\dist\server\avatars\whimsical-fairy-avatar.png
                       ClientApp\dist\server\avatars\whimsical-mermaid-avatar.png
                       ClientApp\dist\server\avatars\wizard-avatar.png
                       ClientApp\dist\server\background.jpg
                       ClientApp\dist\server\ChildReading.jpg
                       ClientApp\dist\server\clouds.png
                       ClientApp\dist\server\createpagebk.jpg
                       ClientApp\dist\server\entry-server.js
                       ClientApp\dist\server\favicon1.png
                       ClientApp\dist\server\favicon6.png
                       ClientApp\dist\server\Image_fx (17).jpg
                       ClientApp\dist\server\new_stars.png
                       ClientApp\dist\server\parent.jpg
                       ClientApp\dist\server\parent1.png
                       ClientApp\dist\server\parent2.png
                       ClientApp\dist\server\premium_icon.png
                       ClientApp\dist\server\pro_icon.png
                       ClientApp\dist\server\robots.txt
                       ClientApp\dist\server\sitemap.xml
                       ClientApp\dist\server\small_clouds.png
                       ClientApp\dist\server\stars.jpg
                       ClientApp\dist\server\stars.png
                       ClientApp\dist\server\stars3.jpg
                       ClientApp\dist\server\story-generating-cover.png
                       ClientApp\dist\server\twinkling.jpg
                       ClientApp\dist\server\tyler-small.jpg
                       ClientApp\dist\server\tyler.jpg
                       ClientApp\dist\server\tyler1.jpg
                       ClientApp\dist\signup\index.html
                       ClientApp\dist\sitemap.xml
                       ClientApp\dist\small_clouds.png
                       ClientApp\dist\stars.jpg
                       ClientApp\dist\stars.png
                       ClientApp\dist\stars3.jpg
                       ClientApp\dist\story-generating-cover.png
                       ClientApp\dist\support\index.html
                       ClientApp\dist\twinkling.jpg
                       ClientApp\dist\tyler-small.jpg
                       ClientApp\dist\tyler.jpg
                       ClientApp\dist\tyler1.jpg
                       ClientApp\eslint.config.js
                       ClientApp\index.html
                       ClientApp\public\addon11_icon.png
                       ClientApp\public\addon5_icon.png
                       ClientApp\public\art-style-examples\clay-1.jpg
                       ClientApp\public\art-style-examples\clay-2.jpg
                       ClientApp\public\art-style-examples\clay-3.jpg
                       ClientApp\public\art-style-examples\comic-1.jpg
                       ClientApp\public\art-style-examples\comic-2.jpg
                       ClientApp\public\art-style-examples\comic-3.jpg
                       ClientApp\public\art-style-examples\crayon-1.jpg
                       ClientApp\public\art-style-examples\crayon-2.jpg
                       ClientApp\public\art-style-examples\crayon-3.jpg
                       ClientApp\public\art-style-examples\gouache-1.jpg
                       ClientApp\public\art-style-examples\gouache-2.jpg
                       ClientApp\public\art-style-examples\gouache-3.jpg
                       ClientApp\public\art-style-examples\inkwash-1.jpg
                       ClientApp\public\art-style-examples\inkwash-2.jpg
                       ClientApp\public\art-style-examples\inkwash-3.jpg
                       ClientApp\public\art-style-examples\lineart-1.jpg
                       ClientApp\public\art-style-examples\lineart-2.jpg
                       ClientApp\public\art-style-examples\lineart-3.jpg
                       ClientApp\public\art-style-examples\papercut-1.jpg
                       ClientApp\public\art-style-examples\papercut-2.jpg
                       ClientApp\public\art-style-examples\papercut-3.jpg
                       ClientApp\public\art-style-examples\pastel-1.jpg
                       ClientApp\public\art-style-examples\pastel-2.jpg
                       ClientApp\public\art-style-examples\pastel-3.jpg
                       ClientApp\public\art-style-examples\pixel-1.jpg
                       ClientApp\public\art-style-examples\pixel-2.jpg
                       ClientApp\public\art-style-examples\pixel-3.jpg
                       ClientApp\public\art-style-examples\README.txt
                       ClientApp\public\art-style-examples\toy3d-1.jpg
                       ClientApp\public\art-style-examples\toy3d-2.jpg
                       ClientApp\public\art-style-examples\toy3d-3.jpg
                       ClientApp\public\art-style-examples\watercolor-1.jpg
                       ClientApp\public\art-style-examples\watercolor-2.jpg
                       ClientApp\public\art-style-examples\watercolor-3.jpg
                       ClientApp\public\austin.jpg
                       ClientApp\public\avatars\astronaut-avatar.png
                       ClientApp\public\avatars\cat-avatar.png
                       ClientApp\public\avatars\default-avatar.png
                       ClientApp\public\avatars\dragon-avatar.png
                       ClientApp\public\avatars\knight-avatar.png
                       ClientApp\public\avatars\pirate-avatar.png
                       ClientApp\public\avatars\princess-avatar.png
                       ClientApp\public\avatars\superhero-avatar.png
                       ClientApp\public\avatars\unicorn-avatar.png
                       ClientApp\public\avatars\whimsical-fairy-avatar.png
                       ClientApp\public\avatars\whimsical-mermaid-avatar.png
                       ClientApp\public\avatars\wizard-avatar.png
                       ClientApp\public\background.jpg
                       ClientApp\public\ChildReading.jpg
                       ClientApp\public\clouds.png
                       ClientApp\public\createpagebk.jpg
                       ClientApp\public\favicon1.png
                       ClientApp\public\favicon6.png
                       ClientApp\public\Image_fx (17).jpg
                       ClientApp\public\new_stars.png
                       ClientApp\public\parent.jpg
                       ClientApp\public\parent1.png
                       ClientApp\public\parent2.png
                       ClientApp\public\premium_icon.png
                       ClientApp\public\pro_icon.png
                       ClientApp\public\robots.txt
                       ClientApp\public\sitemap.xml
                       ClientApp\public\small_clouds.png
                       ClientApp\public\stars.jpg
                       ClientApp\public\stars.png
                       ClientApp\public\stars3.jpg
                       ClientApp\public\story-generating-cover.png
                       ClientApp\public\twinkling.jpg
                       ClientApp\public\tyler-small.jpg
                       ClientApp\public\tyler.jpg
                       ClientApp\public\tyler1.jpg
                       ClientApp\README.md
                       ClientApp\robots.prod.txt
                       ClientApp\robots.staging.txt
                       ClientApp\scripts\prerender.mjs
                       ClientApp\src\analytics.js
                       ClientApp\src\api.js
                       ClientApp\src\App.css
                       ClientApp\src\App.jsx
                       ClientApp\src\assets\eye-closed.png
                       ClientApp\src\assets\eye-closed.svg
                       ClientApp\src\assets\eye-open.png
                       ClientApp\src\assets\eye-open.svg
                       ClientApp\src\assets\logo.png
                       ClientApp\src\assets\parent-icons\heart.png
                       ClientApp\src\assets\parent-icons\idea.png
                       ClientApp\src\assets\parent-icons\refresh.png
                       ClientApp\src\assets\parent-icons\time.png
                       ClientApp\src\assets\react.svg
                       ClientApp\src\assets\social\facebook.png
                       ClientApp\src\assets\social\instagram.png
                       ClientApp\src\assets\social\twitter.png
                       ClientApp\src\assets\social\x.png
                       ClientApp\src\assets\star.png
                       ClientApp\src\assets\step-icons\magic.png
                       ClientApp\src\assets\step-icons\read.png
                       ClientApp\src\assets\step-icons\write.png
                       ClientApp\src\assets\ui-icons\bond.png
                       ClientApp\src\assets\ui-icons\book.png
                       ClientApp\src\assets\ui-icons\books.png
                       ClientApp\src\assets\ui-icons\box.png
                       ClientApp\src\assets\ui-icons\box1.png
                       ClientApp\src\assets\ui-icons\calendar.png
                       ClientApp\src\assets\ui-icons\calendar1.png
                       ClientApp\src\assets\ui-icons\calendar2.png
                       ClientApp\src\assets\ui-icons\cart.png
                       ClientApp\src\assets\ui-icons\crystal-ball.png
                       ClientApp\src\assets\ui-icons\email.png
                       ClientApp\src\assets\ui-icons\email1.png
                       ClientApp\src\assets\ui-icons\family.png
                       ClientApp\src\assets\ui-icons\family1.png
                       ClientApp\src\assets\ui-icons\icon.png
                       ClientApp\src\assets\ui-icons\icon2.png
                       ClientApp\src\assets\ui-icons\icon3.png
                       ClientApp\src\assets\ui-icons\icon4.png
                       ClientApp\src\assets\ui-icons\imagination.png
                       ClientApp\src\assets\ui-icons\lesson.png
                       ClientApp\src\assets\ui-icons\membership-free.png
                       ClientApp\src\assets\ui-icons\membership-premium.png
                       ClientApp\src\assets\ui-icons\membership-pro.png
                       ClientApp\src\assets\ui-icons\membership-star.png
                       ClientApp\src\assets\ui-icons\membership-star1.png
                       ClientApp\src\assets\ui-icons\person.png
                       ClientApp\src\assets\ui-icons\reading.png
                       ClientApp\src\assets\ui-icons\reading1.png
                       ClientApp\src\assets\ui-icons\rocket.png
                       ClientApp\src\assets\ui-icons\sparkle-base.png
                       ClientApp\src\assets\ui-icons\sparkle-burst.png
                       ClientApp\src\assets\ui-icons\sparkle.png
                       ClientApp\src\assets\ui-icons\sparkle1.png
                       ClientApp\src\assets\ui-icons\sparkle2.png
                       ClientApp\src\assets\ui-icons\sparkle3.png
                       ClientApp\src\assets\ui-icons\sparkle4.png
                       ClientApp\src\assets\ui-icons\star.png
                       ClientApp\src\assets\ui-icons\theme.png
                       ClientApp\src\assets\ui-icons\tools.png
                       ClientApp\src\assets\ui-icons\uniqueness.png
                       ClientApp\src\assets\ui-icons\uniqueness1.png
                       ClientApp\src\assets\ui-icons\uniqueness2.png
                       ClientApp\src\assets\vision\audio-narration.png
                       ClientApp\src\assets\vision\character-gallery.png
                       ClientApp\src\assets\vision\physical-books.png
                       ClientApp\src\components\DoodlePad.jsx
                       ClientApp\src\components\FeedbackModal.css
                       ClientApp\src\components\FeedbackModal.jsx
                       ClientApp\src\components\NavBar.css
                       ClientApp\src\components\NavBar.jsx
                       ClientApp\src\components\PaintingFlightGame.css
                       ClientApp\src\components\PaintingFlightGame.jsx
                       ClientApp\src\components\PasswordChecklist.jsx
                       ClientApp\src\components\PasswordMatch.jsx
                       ClientApp\src\components\ScrollableTextPane.jsx
                       ClientApp\src\components\ScrollToTop.jsx
                       ClientApp\src\components\SiteFooter.css
                       ClientApp\src\components\SiteFooter.jsx
                       ClientApp\src\components\StoryCard.css
                       ClientApp\src\components\StoryCard.jsx
                       ClientApp\src\components\StoryForm.css
                       ClientApp\src\components\StoryForm.jsx
                       ClientApp\src\config.js
                       ClientApp\src\content\blog\bedtime-story-ideas-for-kids.js
                       ClientApp\src\content\blog\how-ai-story-generators-help-kids-love-reading.js
                       ClientApp\src\content\blog\index.js
                       ClientApp\src\content\blog\personalized-bedtime-stories.js
                       ClientApp\src\content\seoTopics.js
                       ClientApp\src\context\AuthContext.jsx
                       ClientApp\src\entry-server.jsx
                       ClientApp\src\hooks\usePublicConfig.js
                       ClientApp\src\hooks\useUserProfile.js
                       ClientApp\src\hooks\useWarmup.js
                       ClientApp\src\index.css
                       ClientApp\src\main.jsx
                       ClientApp\src\pages\AboutPage.css
                       ClientApp\src\pages\AboutPage.jsx
                       ClientApp\src\pages\AdminPage.css
                       ClientApp\src\pages\AdminPage.jsx
                       ClientApp\src\pages\BlogPage.css
                       ClientApp\src\pages\BlogPage.jsx
                       ClientApp\src\pages\BlogPostPage.css
                       ClientApp\src\pages\BlogPostPage.jsx
                       ClientApp\src\pages\CreatePage.css
                       ClientApp\src\pages\CreatePage.jsx
                       ClientApp\src\pages\FAQPage.css
                       ClientApp\src\pages\FAQPage.jsx
                       ClientApp\src\pages\ForgotPasswordPage.css
                       ClientApp\src\pages\ForgotPasswordPage.jsx
                       ClientApp\src\pages\LandingPage.css
                       ClientApp\src\pages\LandingPage.jsx
                       ClientApp\src\pages\LoginPage.css
                       ClientApp\src\pages\LoginPage.jsx
                       ClientApp\src\pages\ProfilePage.css
                       ClientApp\src\pages\ProfilePage.jsx
                       ClientApp\src\pages\ResetPasswordPage.css
                       ClientApp\src\pages\ResetPasswordPage.jsx
                       ClientApp\src\pages\SeoTopicPage.css
                       ClientApp\src\pages\SeoTopicPage.jsx
                       ClientApp\src\pages\SignupComplete.jsx
                       ClientApp\src\pages\SignupPage.css
                       ClientApp\src\pages\SignupPage.jsx
                       ClientApp\src\pages\StoryCustomizePage.css
                       ClientApp\src\pages\StoryCustomizePage.jsx
                       ClientApp\src\pages\StoryViewerPage.css
                       ClientApp\src\pages\StoryViewerPage.jsx
                       ClientApp\src\pages\SupportPage.css
                       ClientApp\src\pages\SupportPage.jsx
                       ClientApp\src\pages\UpgradePage.css
                       ClientApp\src\pages\UpgradePage.jsx
                       ClientApp\src\pages\VerifyEmailPage.css
                       ClientApp\src\pages\VerifyEmailPage.jsx
                       ClientApp\src\utils\downloadStoryPdf.js
                       ClientApp\src\utils\passwordRules.js
                       ClientApp\src\utils\urls.js
                       ClientApp\src\utils\usernameRules.js
                       ClientApp\vite.config.js
                       Properties\launchSettings.json
                           CopyToOutputDirectory = Never
                           ExcludeFromSingleFile = true
                           CopyToPublishDirectory = Never
                       README.md
                       storygen.db
                   PackageConflictOverrides
                       NETStandard.Library
                           OverriddenPackages = 
                           Microsoft.Win32.Primitives|4.3.0;
                           System.AppContext|4.3.0;
                           System.Collections|4.3.0;
                           System.Collections.Concurrent|4.3.0;
                           System.Collections.Immutable|1.4.0;
                           System.Collections.NonGeneric|4.3.0;
                           System.Collections.Specialized|4.3.0;
                           System.ComponentModel|4.3.0;
                           System.ComponentModel.EventBasedAsync|4.3.0;
                           System.ComponentModel.Primitives|4.3.0;
                           System.ComponentModel.TypeConverter|4.3.0;
                           System.Console|4.3.0;
                           System.Data.Common|4.3.0;
                           System.Diagnostics.Contracts|4.3.0;
                           System.Diagnostics.Debug|4.3.0;
                           System.Diagnostics.FileVersionInfo|4.3.0;
                           System.Diagnostics.Process|4.3.0;
                           System.Diagnostics.StackTrace|4.3.0;
                           System.Diagnostics.TextWriterTraceListener|4.3.0;
                           System.Diagnostics.Tools|4.3.0;
                           System.Diagnostics.TraceSource|4.3.0;
                           System.Diagnostics.Tracing|4.3.0;
                           System.Dynamic.Runtime|4.3.0;
                           System.Globalization|4.3.0;
                           System.Globalization.Calendars|4.3.0;
                           System.Globalization.Extensions|4.3.0;
                           System.IO|4.3.0;
                           System.IO.Compression|4.3.0;
                           System.IO.Compression.ZipFile|4.3.0;
                           System.IO.FileSystem|4.3.0;
                           System.IO.FileSystem.DriveInfo|4.3.0;
                           System.IO.FileSystem.Primitives|4.3.0;
                           System.IO.FileSystem.Watcher|4.3.0;
                           System.IO.IsolatedStorage|4.3.0;
                           System.IO.MemoryMappedFiles|4.3.0;
                           System.IO.Pipes|4.3.0;
                           System.IO.UnmanagedMemoryStream|4.3.0;
                           System.Linq|4.3.0;
                           System.Linq.Expressions|4.3.0;
                           System.Linq.Queryable|4.3.0;
                           System.Net.Http|4.3.0;
                           System.Net.NameResolution|4.3.0;
                           System.Net.Primitives|4.3.0;
                           System.Net.Requests|4.3.0;
                           System.Net.Security|4.3.0;
                           System.Net.Sockets|4.3.0;
                           System.Net.WebHeaderCollection|4.3.0;
                           System.ObjectModel|4.3.0;
                           System.Private.DataContractSerialization|4.3.0;
                           System.Reflection|4.3.0;
                           System.Reflection.Emit|4.3.0;
                           System.Reflection.Emit.ILGeneration|4.3.0;
                           System.Reflection.Emit.Lightweight|4.3.0;
                           System.Reflection.Extensions|4.3.0;
                           System.Reflection.Primitives|4.3.0;
                           System.Reflection.TypeExtensions|4.3.0;
                           System.Resources.ResourceManager|4.3.0;
                           System.Runtime|4.3.0;
                           System.Runtime.Extensions|4.3.0;
                           System.Runtime.Handles|4.3.0;
                           System.Runtime.InteropServices|4.3.0;
                           System.Runtime.InteropServices.RuntimeInformation|4.3.0;
                           System.Runtime.Loader|4.3.0;
                           System.Runtime.Numerics|4.3.0;
                           System.Runtime.Serialization.Formatters|4.3.0;
                           System.Runtime.Serialization.Json|4.3.0;
                           System.Runtime.Serialization.Primitives|4.3.0;
                           System.Security.AccessControl|4.4.0;
                           System.Security.Claims|4.3.0;
                           System.Security.Cryptography.Algorithms|4.3.0;
                           System.Security.Cryptography.Csp|4.3.0;
                           System.Security.Cryptography.Encoding|4.3.0;
                           System.Security.Cryptography.Primitives|4.3.0;
                           System.Security.Cryptography.X509Certificates|4.3.0;
                           System.Security.Cryptography.Xml|4.4.0;
                           System.Security.Principal|4.3.0;
                           System.Security.Principal.Windows|4.4.0;
                           System.Text.Encoding|4.3.0;
                           System.Text.Encoding.Extensions|4.3.0;
                           System.Text.RegularExpressions|4.3.0;
                           System.Threading|4.3.0;
                           System.Threading.Overlapped|4.3.0;
                           System.Threading.Tasks|4.3.0;
                           System.Threading.Tasks.Extensions|4.3.0;
                           System.Threading.Tasks.Parallel|4.3.0;
                           System.Threading.Thread|4.3.0;
                           System.Threading.ThreadPool|4.3.0;
                           System.Threading.Timer|4.3.0;
                           System.ValueTuple|4.3.0;
                           System.Xml.ReaderWriter|4.3.0;
                           System.Xml.XDocument|4.3.0;
                           System.Xml.XmlDocument|4.3.0;
                           System.Xml.XmlSerializer|4.3.0;
                           System.Xml.XPath|4.3.0;
                           System.Xml.XPath.XDocument|4.3.0;
                         
                   PackageReference
                       Azure.Communication.Email
                           Version = 1.1.0
                       Azure.Extensions.AspNetCore.Configuration.Secrets
                           Version = 1.4.0
                       Azure.Identity
                           Version = 1.16.0
                       Azure.Storage.Blobs
                           Version = 12.25.0
                       Microsoft.AspNetCore.Authentication.JwtBearer
                           Version = 8.0.5
                       Microsoft.AspNetCore.Identity
                           Version = 2.3.1
                       Microsoft.EntityFrameworkCore.Design
                           Version = 8.0.11
                           IncludeAssets = runtime; build; native; contentfiles; analyzers; buildtransitive
                           PrivateAssets = all
                       Microsoft.EntityFrameworkCore.InMemory
                           Version = 8.0.11
                       Microsoft.EntityFrameworkCore.Sqlite
                           Version = 8.0.11
                       Microsoft.EntityFrameworkCore.SqlServer
                           Version = 8.0.11
                       Microsoft.EntityFrameworkCore.Tools
                           Version = 8.0.11
                           IncludeAssets = runtime; build; native; contentfiles; analyzers; buildtransitive
                           PrivateAssets = all
                       OpenAI
                           Version = 2.1.0
                       Stripe.net
                           Version = 48.1.0
                       Swashbuckle.AspNetCore
                           Version = 6.6.2
                   PotentialEditorConfigFiles
                       C:\.editorconfig
                       C:\Users\.editorconfig
                       C:\Users\austi\.editorconfig
                       C:\Users\austi\OneDrive\.editorconfig
                       C:\Users\austi\OneDrive\Documents\.editorconfig
                       C:\Users\austi\OneDrive\Documents\CSCD Spring25\.editorconfig
                       C:\Users\austi\OneDrive\Documents\CSCD Spring25\Hackathon-2025\.editorconfig
                       C:\Users\austi\OneDrive\Documents\CSCD Spring25\Hackathon-2025\Hackathon-2025\.editorconfig
                       C:\Users\austi\OneDrive\Documents\CSCD Spring25\Hackathon-2025\Hackathon-2025\Controllers\.editorconfig
                       C:\Users\austi\OneDrive\Documents\CSCD Spring25\Hackathon-2025\Hackathon-2025\Data\.editorconfig
                       C:\Users\austi\OneDrive\Documents\CSCD Spring25\Hackathon-2025\Hackathon-2025\Migrations\.editorconfig
                       C:\Users\austi\OneDrive\Documents\CSCD Spring25\Hackathon-2025\Hackathon-2025\Models\.editorconfig
                       C:\Users\austi\OneDrive\Documents\CSCD Spring25\Hackathon-2025\Hackathon-2025\Models\Auth\.editorconfig
                       C:\Users\austi\OneDrive\Documents\CSCD Spring25\Hackathon-2025\Hackathon-2025\Options\.editorconfig
                       C:\Users\austi\OneDrive\Documents\CSCD Spring25\Hackathon-2025\Hackathon-2025\Services\.editorconfig
                   PreprocessorValue
                       assemblyname
                           Value = Hackathon-2025
                       filename
                           Value = Hackathon-2025.csproj
                       fullpath
                           Value = C:\Users\austi\OneDrive\Documents\CSCD Spring25\Hackathon-2025\Hackathon-2025
                       outputfilename
                           Value = Hackathon-2025.dll
                       rootnamespace
                           Value = Hackathon_2025
                   ProjectCapability
                       AllTargetOutputGroups
                       AppServicePublish
                       AspNetCore
                       AspNetCoreInProcessHosting
                       AssemblyReferences
                       COMReferences
                       CrossPlatformExecutable
                       CSharp
                       DeclaredSourceItems
                       DotNetCoreRazor
                       DotNetCoreRazorConfiguration
                       DotNetCoreWeb
                       DynamicDependentFile
                       DynamicFileNesting
                       GenerateDocumentationFile
                       LanguageService
                       Managed
                       NativeAOT
                       NetSdkOCIImageBuild
                       OutputGroups
                       Pack
                       ProjectReferences
                       ReferencesFolder
                       RelativePathDerivedDefaultNamespace
                       SharedProjectReferences
                       SingleFileGenerators
                       SupportHierarchyContextSvc
                       SupportsComputeRunCommand
                       SupportsHotReload
                       SupportsTypeScriptNuGet
                       UserSourceItems
                       VisualStudioWellKnownOutputGroups
                       Web
                       WebNestingDefaults
                   PropertyPageSchema
                       C:\Program Files\dotnet\sdk\9.0.100\\assemblyreference.xaml
                           Context = ;BrowseObject
                       C:\Program Files\dotnet\sdk\9.0.100\\COMReference.xaml
                           Context = ;BrowseObject
                       C:\Program Files\dotnet\sdk\9.0.100\\Content.xaml
                           Context = File;BrowseObject
                       C:\Program Files\dotnet\sdk\9.0.100\\CSharp.BrowseObject.xaml
                           Context = BrowseObject
                       C:\Program Files\dotnet\sdk\9.0.100\\CSharp.ProjectItemsSchema.xaml
                       C:\Program Files\dotnet\sdk\9.0.100\\CSharp.xaml
                           Context = File
                       C:\Program Files\dotnet\sdk\9.0.100\\Debugger_General.xaml
                           Context = Project
                       C:\Program Files\dotnet\sdk\9.0.100\\EmbeddedResource.xaml
                           Context = File;BrowseObject
                       C:\Program Files\dotnet\sdk\9.0.100\\Folder.xaml
                           Context = File;BrowseObject
                       C:\Program Files\dotnet\sdk\9.0.100\\General_File.xaml
                           Context = File
                       C:\Program Files\dotnet\sdk\9.0.100\\General.BrowseObject.xaml
                           Context = BrowseObject
                       C:\Program Files\dotnet\sdk\9.0.100\\General.xaml
                           Context = Project
                       C:\Program Files\dotnet\sdk\9.0.100\\None.xaml
                           Context = File;BrowseObject
                       C:\Program Files\dotnet\sdk\9.0.100\\ProjectItemsSchema.xaml
                       C:\Program Files\dotnet\sdk\9.0.100\\ProjectReference.xaml
                           Context = ;BrowseObject
                       C:\Program Files\dotnet\sdk\9.0.100\\ResolvedAssemblyReference.xaml
                           Context = ProjectSubscriptionService;BrowseObject
                       C:\Program Files\dotnet\sdk\9.0.100\\ResolvedCOMReference.xaml
                           Context = ProjectSubscriptionService;BrowseObject
                       C:\Program Files\dotnet\sdk\9.0.100\\ResolvedProjectReference.xaml
                           Context = ProjectSubscriptionService;BrowseObject
                       C:\Program Files\dotnet\sdk\9.0.100\\SCC.xaml
                           Context = Invisible
                       C:\Program Files\dotnet\sdk\9.0.100\\SpecialFolder.xaml
                           Context = File;ProjectSubscriptionService
                       C:\Program Files\dotnet\sdk\9.0.100\Sdks\Microsoft.NET.Sdk.Razor\targets\Rules\RazorComponentWithTargetPath.xaml
                           Context = Project
                       C:\Program Files\dotnet\sdk\9.0.100\Sdks\Microsoft.NET.Sdk.Razor\targets\Rules\RazorConfiguration.xaml
                           Context = File
                       C:\Program Files\dotnet\sdk\9.0.100\Sdks\Microsoft.NET.Sdk.Razor\targets\Rules\RazorExtension.xaml
                           Context = File
                       C:\Program Files\dotnet\sdk\9.0.100\Sdks\Microsoft.NET.Sdk.Razor\targets\Rules\RazorGeneral.xaml
                           Context = Project
                       C:\Program Files\dotnet\sdk\9.0.100\Sdks\Microsoft.NET.Sdk.Razor\targets\Rules\RazorGenerateWithTargetPath.xaml
                           Context = Project
                   RazorConfiguration
                       Default
                       MVC-3.0
                           Extensions = MVC-3.0;
                   RazorExtension
                       MVC-3.0
                           AssemblyName = Microsoft.CodeAnalysis.Razor.Compiler
                           AssemblyFilePath = C:\Program Files\dotnet\sdk\9.0.100\Sdks\Microsoft.NET.Sdk.Razor\targets\..\tools\Microsoft.CodeAnalysis.Razor.Compiler.dll
                   RazorIntermediateAssembly
                       obj\Debug\net8.0\Hackathon-2025.Views.dll
                   RegFreeComManifest
                       obj\Debug\net8.0\Hackathon-2025.X.manifest
                   RuntimeHostConfigurationOption
                       System.GC.Server
                           Value = true
                       System.Runtime.Serialization.EnableUnsafeBinaryFormatterSerialization
                           Value = false
                           Trim = true
                   SdkSupportedTargetPlatformIdentifier
                       android
                           DisplayName = Android
                       ios
                           DisplayName = iOS
                       maccatalyst
                           DisplayName = MacCatalyst
                       macos
                           DisplayName = macOS
                       tvos
                           DisplayName = tvOS
                       windows
                           DisplayName = Windows
                   SourceLinkAzureReposGitHost
                       dev.azure.com
                       visualstudio.com
                       vsts.me
                   SourceLinkBitbucketGitHost
                       bitbucket.org
                           EnterpriseEdition = false
                   SourceLinkGitHubHost
                       github.com
                           ContentUrl = https://raw.githubusercontent.com
                   SourceLinkGitLabHost
                       gitlab.com
                   StaticWebAssetContentTypeMapping
                       font/otf
                           Pattern = *.otf
                           Cache = max-age=3600, must-revalidate
                           Priority = 1
                       font/woff2
                           Pattern = *.woff2
                           Cache = max-age=3600, must-revalidate
                           Priority = 1
                       image/bmp
                           Pattern = *.bmp
                           Cache = max-age=3600, must-revalidate
                           Priority = 1
                       image/bmp
                           Pattern = *.dib
                           Cache = max-age=3600, must-revalidate
                           Priority = 1
                       image/cis-cod
                           Pattern = *.cod
                           Cache = max-age=3600, must-revalidate
                           Priority = 1
                       image/gif
                           Pattern = *.gif
                           Cache = max-age=3600, must-revalidate
                           Priority = 1
                       image/ief
                           Pattern = *.ief
                           Cache = max-age=3600, must-revalidate
                           Priority = 1
                       image/jpeg
                           Pattern = *.jpeg
                           Cache = max-age=3600, must-revalidate
                           Priority = 1
                       image/jpeg
                           Pattern = *.jpg
                           Cache = max-age=3600, must-revalidate
                           Priority = 1
                       image/jpeg
                           Pattern = *.jpe
                           Cache = max-age=3600, must-revalidate
                           Priority = 1
                       image/pjpeg
                           Pattern = *.jfif
                           Cache = max-age=3600, must-revalidate
                           Priority = 1
                       image/png
                           Pattern = *.pnz
                           Cache = max-age=3600, must-revalidate
                           Priority = 1
                       image/png
                           Pattern = *.png
                           Cache = max-age=3600, must-revalidate
                           Priority = 1
                       image/svg+xml
                           Pattern = *.svgz
                           Cache = max-age=3600, must-revalidate
                           Priority = 1
                       image/svg+xml
                           Pattern = *.svg
                           Cache = max-age=3600, must-revalidate
                           Priority = 1
                       image/tiff
                           Pattern = *.tif
                           Cache = max-age=3600, must-revalidate
                           Priority = 1
                       image/tiff
                           Pattern = *.tiff
                           Cache = max-age=3600, must-revalidate
                           Priority = 1
                       image/vnd.rn-realflash
                           Pattern = *.rf
                           Cache = max-age=3600, must-revalidate
                           Priority = 1
                       image/vnd.wap.wbmp
                           Pattern = *.wbmp
                           Cache = max-age=3600, must-revalidate
                           Priority = 1
                       image/webp
                           Pattern = *.webp
                           Cache = max-age=3600, must-revalidate
                           Priority = 1
                       image/x-cmu-raster
                           Pattern = *.ras
                           Cache = max-age=3600, must-revalidate
                           Priority = 1
                       image/x-cmx
                           Pattern = *.cmx
                           Cache = max-age=3600, must-revalidate
                           Priority = 1
                       image/x-icon
                           Pattern = *.ico
                           Cache = max-age=3600, must-revalidate
                           Priority = 1
                       image/x-jg
                           Pattern = *.art
                           Cache = max-age=3600, must-revalidate
                           Priority = 1
                       image/x-portable-anymap
                           Pattern = *.pnm
                           Cache = max-age=3600, must-revalidate
                           Priority = 1
                       image/x-portable-bitmap
                           Pattern = *.pbm
                           Cache = max-age=3600, must-revalidate
                           Priority = 1
                       image/x-portable-graymap
                           Pattern = *.pgm
                           Cache = max-age=3600, must-revalidate
                           Priority = 1
                       image/x-portable-pixmap
                           Pattern = *.ppm
                           Cache = max-age=3600, must-revalidate
                           Priority = 1
                       image/x-rgb
                           Pattern = *.rgb
                           Cache = max-age=3600, must-revalidate
                           Priority = 1
                       image/x-xbitmap
                           Pattern = *.xbm
                           Cache = max-age=3600, must-revalidate
                           Priority = 1
                       image/x-xpixmap
                           Pattern = *.xpm
                           Cache = max-age=3600, must-revalidate
                           Priority = 1
                       image/x-xwindowdump
                           Pattern = *.xwd
                           Cache = max-age=3600, must-revalidate
                           Priority = 1
                       video/3gpp
                           Pattern = *.3gp
                           Cache = max-age=3600, must-revalidate
                           Priority = 1
                       video/3gpp
                           Pattern = *.3gpp
                           Cache = max-age=3600, must-revalidate
                           Priority = 1
                       video/3gpp2
                           Pattern = *.3gp2
                           Cache = max-age=3600, must-revalidate
                           Priority = 1
                       video/3gpp2
                           Pattern = *.3g2
                           Cache = max-age=3600, must-revalidate
                           Priority = 1
                       video/mp4
                           Pattern = *.m4v
                           Cache = max-age=3600, must-revalidate
                           Priority = 1
                       video/mp4
                           Pattern = *.mp4v
                           Cache = max-age=3600, must-revalidate
                           Priority = 1
                       video/mp4
                           Pattern = *.mp4
                           Cache = max-age=3600, must-revalidate
                           Priority = 1
                       video/mpeg
                           Pattern = *.m1v
                           Cache = max-age=3600, must-revalidate
                           Priority = 1
                       video/mpeg
                           Pattern = *.mp2
                           Cache = max-age=3600, must-revalidate
                           Priority = 1
                       video/mpeg
                           Pattern = *.mpeg
                           Cache = max-age=3600, must-revalidate
                           Priority = 1
                       video/mpeg
                           Pattern = *.mpa
                           Cache = max-age=3600, must-revalidate
                           Priority = 1
                       video/mpeg
                           Pattern = *.mpv2
                           Cache = max-age=3600, must-revalidate
                           Priority = 1
                       video/mpeg
                           Pattern = *.mpg
                           Cache = max-age=3600, must-revalidate
                           Priority = 1
                       video/mpeg
                           Pattern = *.mpe
                           Cache = max-age=3600, must-revalidate
                           Priority = 1
                       video/ogg
                           Pattern = *.ogv
                           Cache = max-age=3600, must-revalidate
                           Priority = 1
                       video/ogg
                           Pattern = *.ogg
                           Cache = max-age=3600, must-revalidate
                           Priority = 1
                       video/quicktime
                           Pattern = *.mov
                           Cache = max-age=3600, must-revalidate
                           Priority = 1
                       video/quicktime
                           Pattern = *.qt
                           Cache = max-age=3600, must-revalidate
                           Priority = 1
                       video/vnd.dlna.mpeg-tts
                           Pattern = *.ts
                           Cache = max-age=3600, must-revalidate
                           Priority = 1
                       video/vnd.dlna.mpeg-tts
                           Pattern = *.tts
                           Cache = max-age=3600, must-revalidate
                           Priority = 1
                       video/vnd.dlna.mpeg-tts
                           Pattern = *.m2ts
                           Cache = max-age=3600, must-revalidate
                           Priority = 1
                       video/webm
                           Pattern = *.webm
                           Cache = max-age=3600, must-revalidate
                           Priority = 1
                       video/x-flv
                           Pattern = *.flv
                           Cache = max-age=3600, must-revalidate
                           Priority = 1
                       video/x-ivf
                           Pattern = *.IVF
                           Cache = max-age=3600, must-revalidate
                           Priority = 1
                       video/x-la-asf
                           Pattern = *.lsx
                           Cache = max-age=3600, must-revalidate
                           Priority = 1
                       video/x-la-asf
                           Pattern = *.lsf
                           Cache = max-age=3600, must-revalidate
                           Priority = 1
                       video/x-ms-asf
                           Pattern = *.asr
                           Cache = max-age=3600, must-revalidate
                           Priority = 1
                       video/x-ms-asf
                           Pattern = *.asx
                           Cache = max-age=3600, must-revalidate
                           Priority = 1
                       video/x-ms-asf
                           Pattern = *.asf
                           Cache = max-age=3600, must-revalidate
                           Priority = 1
                       video/x-ms-asf
                           Pattern = *.nsc
                           Cache = max-age=3600, must-revalidate
                           Priority = 1
                       video/x-ms-dvr
                           Pattern = *.dvr
                           Cache = max-age=3600, must-revalidate
                           Priority = 1
                       video/x-ms-wm
                           Pattern = *.wm
                           Cache = max-age=3600, must-revalidate
                           Priority = 1
                       video/x-ms-wmp
                           Pattern = *.wmp
                           Cache = max-age=3600, must-revalidate
                           Priority = 1
                       video/x-ms-wmv
                           Pattern = *.wmv
                           Cache = max-age=3600, must-revalidate
                           Priority = 1
                       video/x-ms-wmx
                           Pattern = *.wmx
                           Cache = max-age=3600, must-revalidate
                           Priority = 1
                       video/x-ms-wtv
                           Pattern = *.wtv
                           Cache = max-age=3600, must-revalidate
                           Priority = 1
                       video/x-ms-wvx
                           Pattern = *.wvx
                           Cache = max-age=3600, must-revalidate
                           Priority = 1
                       video/x-msvideo
                           Pattern = *.avi
                           Cache = max-age=3600, must-revalidate
                           Priority = 1
                       video/x-sgi-movie
                           Pattern = *.movie
                           Cache = max-age=3600, must-revalidate
                           Priority = 1
                   StaticWebAssetFingerprintPattern
                       ComponentsJsModule
                           Pattern = *.razor.js
                       ComponentsScopedCss
                           Pattern = *.razor.css
                       Initializer
                           Pattern = *.lib.module.js
                           Expression = #[.{fingerprint}]!
                       JsModuleManifest
                           Pattern = *.modules.json
                       MvcJsModule
                           Pattern = *.cshtml.js
                       MvcScopedCss
                           Pattern = *.cshtml.css
                   SupportedNETCoreAppTargetFramework
                       .NETCoreApp,Version=v1.0
                           DisplayName = .NET Core 1.0
                           Alias = netcoreapp1.0
                       .NETCoreApp,Version=v1.1
                           DisplayName = .NET Core 1.1
                           Alias = netcoreapp1.1
                       .NETCoreApp,Version=v2.0
                           DisplayName = .NET Core 2.0
                           Alias = netcoreapp2.0
                       .NETCoreApp,Version=v2.1
                           DisplayName = .NET Core 2.1
                           Alias = netcoreapp2.1
                       .NETCoreApp,Version=v2.2
                           DisplayName = .NET Core 2.2
                           Alias = netcoreapp2.2
                       .NETCoreApp,Version=v3.0
                           DisplayName = .NET Core 3.0
                           Alias = netcoreapp3.0
                       .NETCoreApp,Version=v3.1
                           DisplayName = .NET Core 3.1
                           Alias = netcoreapp3.1
                       .NETCoreApp,Version=v5.0
                           DisplayName = .NET 5.0
                           Alias = net5.0
                       .NETCoreApp,Version=v6.0
                           DisplayName = .NET 6.0
                           Alias = net6.0
                       .NETCoreApp,Version=v7.0
                           DisplayName = .NET 7.0
                           Alias = net7.0
                       .NETCoreApp,Version=v8.0
                           DisplayName = .NET 8.0
                           Alias = net8.0
                       .NETCoreApp,Version=v9.0
                           DisplayName = .NET 9.0
                           Alias = net9.0
                   SupportedNETFrameworkTargetFramework
                       .NETFramework,Version=v2.0
                           DisplayName = .NET Framework 2.0
                           Alias = net20
                       .NETFramework,Version=v3.0
                           DisplayName = .NET Framework 3.0
                           Alias = net30
                       .NETFramework,Version=v3.5
                           DisplayName = .NET Framework 3.5
                           Alias = net35
                       .NETFramework,Version=v4.0
                           DisplayName = .NET Framework 4.0
                           Alias = net40
                       .NETFramework,Version=v4.5
                           DisplayName = .NET Framework 4.5
                           Alias = net45
                       .NETFramework,Version=v4.5.1
                           DisplayName = .NET Framework 4.5.1
                           Alias = net451
                       .NETFramework,Version=v4.5.2
                           DisplayName = .NET Framework 4.5.2
                           Alias = net452
                       .NETFramework,Version=v4.6
                           DisplayName = .NET Framework 4.6
                           Alias = net46
                       .NETFramework,Version=v4.6.1
                           DisplayName = .NET Framework 4.6.1
                           Alias = net461
                       .NETFramework,Version=v4.6.2
                           DisplayName = .NET Framework 4.6.2
                           Alias = net462
                       .NETFramework,Version=v4.7
                           DisplayName = .NET Framework 4.7
                           Alias = net47
                       .NETFramework,Version=v4.7.1
                           DisplayName = .NET Framework 4.7.1
                           Alias = net471
                       .NETFramework,Version=v4.7.2
                           DisplayName = .NET Framework 4.7.2
                           Alias = net472
                       .NETFramework,Version=v4.8
                           DisplayName = .NET Framework 4.8
                           Alias = net48
                       .NETFramework,Version=v4.8.1
                           DisplayName = .NET Framework 4.8.1
                           Alias = net481
                   SupportedNETStandardTargetFramework
                       .NETStandard,Version=v1.0
                           DisplayName = .NET Standard 1.0
                           Alias = netstandard1.0
                       .NETStandard,Version=v1.1
                           DisplayName = .NET Standard 1.1
                           Alias = netstandard1.1
                       .NETStandard,Version=v1.2
                           DisplayName = .NET Standard 1.2
                           Alias = netstandard1.2
                       .NETStandard,Version=v1.3
                           DisplayName = .NET Standard 1.3
                           Alias = netstandard1.3
                       .NETStandard,Version=v1.4
                           DisplayName = .NET Standard 1.4
                           Alias = netstandard1.4
                       .NETStandard,Version=v1.5
                           DisplayName = .NET Standard 1.5
                           Alias = netstandard1.5
                       .NETStandard,Version=v1.6
                           DisplayName = .NET Standard 1.6
                           Alias = netstandard1.6
                       .NETStandard,Version=v2.0
                           DisplayName = .NET Standard 2.0
                           Alias = netstandard2.0
                       .NETStandard,Version=v2.1
                           DisplayName = .NET Standard 2.1
                           Alias = netstandard2.1
                   SupportedPlatform
                       Linux
                       macOS
                       Windows
                   SupportedTargetFramework
                       .NETCoreApp,Version=v1.0
                           DisplayName = .NET Core 1.0
                           Alias = netcoreapp1.0
                       .NETCoreApp,Version=v1.1
                           DisplayName = .NET Core 1.1
                           Alias = netcoreapp1.1
                       .NETCoreApp,Version=v2.0
                           DisplayName = .NET Core 2.0
                           Alias = netcoreapp2.0
                       .NETCoreApp,Version=v2.1
                           DisplayName = .NET Core 2.1
                           Alias = netcoreapp2.1
                       .NETCoreApp,Version=v2.2
                           DisplayName = .NET Core 2.2
                           Alias = netcoreapp2.2
                       .NETCoreApp,Version=v3.0
                           DisplayName = .NET Core 3.0
                           Alias = netcoreapp3.0
                       .NETCoreApp,Version=v3.1
                           DisplayName = .NET Core 3.1
                           Alias = netcoreapp3.1
                       .NETCoreApp,Version=v5.0
                           DisplayName = .NET 5.0
                           Alias = net5.0
                       .NETCoreApp,Version=v6.0
                           DisplayName = .NET 6.0
                           Alias = net6.0
                       .NETCoreApp,Version=v7.0
                           DisplayName = .NET 7.0
                           Alias = net7.0
                       .NETCoreApp,Version=v8.0
                           DisplayName = .NET 8.0
                           Alias = net8.0
                       .NETCoreApp,Version=v9.0
                           DisplayName = .NET 9.0
                           Alias = net9.0
                       .NETFramework,Version=v2.0
                           DisplayName = .NET Framework 2.0
                           Alias = net20
                       .NETFramework,Version=v3.0
                           DisplayName = .NET Framework 3.0
                           Alias = net30
                       .NETFramework,Version=v3.5
                           DisplayName = .NET Framework 3.5
                           Alias = net35
                       .NETFramework,Version=v4.0
                           DisplayName = .NET Framework 4.0
                           Alias = net40
                       .NETFramework,Version=v4.5
                           DisplayName = .NET Framework 4.5
                           Alias = net45
                       .NETFramework,Version=v4.5.1
                           DisplayName = .NET Framework 4.5.1
                           Alias = net451
                       .NETFramework,Version=v4.5.2
                           DisplayName = .NET Framework 4.5.2
                           Alias = net452
                       .NETFramework,Version=v4.6
                           DisplayName = .NET Framework 4.6
                           Alias = net46
                       .NETFramework,Version=v4.6.1
                           DisplayName = .NET Framework 4.6.1
                           Alias = net461
                       .NETFramework,Version=v4.6.2
                           DisplayName = .NET Framework 4.6.2
                           Alias = net462
                       .NETFramework,Version=v4.7
                           DisplayName = .NET Framework 4.7
                           Alias = net47
                       .NETFramework,Version=v4.7.1
                           DisplayName = .NET Framework 4.7.1
                           Alias = net471
                       .NETFramework,Version=v4.7.2
                           DisplayName = .NET Framework 4.7.2
                           Alias = net472
                       .NETFramework,Version=v4.8
                           DisplayName = .NET Framework 4.8
                           Alias = net48
                       .NETFramework,Version=v4.8.1
                           DisplayName = .NET Framework 4.8.1
                           Alias = net481
                       .NETStandard,Version=v1.0
                           DisplayName = .NET Standard 1.0
                           Alias = netstandard1.0
                       .NETStandard,Version=v1.1
                           DisplayName = .NET Standard 1.1
                           Alias = netstandard1.1
                       .NETStandard,Version=v1.2
                           DisplayName = .NET Standard 1.2
                           Alias = netstandard1.2
                       .NETStandard,Version=v1.3
                           DisplayName = .NET Standard 1.3
                           Alias = netstandard1.3
                       .NETStandard,Version=v1.4
                           DisplayName = .NET Standard 1.4
                           Alias = netstandard1.4
                       .NETStandard,Version=v1.5
                           DisplayName = .NET Standard 1.5
                           Alias = netstandard1.5
                       .NETStandard,Version=v1.6
                           DisplayName = .NET Standard 1.6
                           Alias = netstandard1.6
                       .NETStandard,Version=v2.0
                           DisplayName = .NET Standard 2.0
                           Alias = netstandard2.0
                       .NETStandard,Version=v2.1
                           DisplayName = .NET Standard 2.1
                           Alias = netstandard2.1
                   Using
                       Microsoft.AspNetCore.Builder
                       Microsoft.AspNetCore.Hosting
                       Microsoft.AspNetCore.Http
                       Microsoft.AspNetCore.Routing
                       Microsoft.Extensions.Configuration
                       Microsoft.Extensions.DependencyInjection
                       Microsoft.Extensions.Hosting
                       Microsoft.Extensions.Logging
                       System
                       System.Collections.Generic
                       System.IO
                       System.Linq
                       System.Net.Http
                       System.Net.Http.Json
                       System.Threading
                       System.Threading.Tasks
                   WindowsSdkSupportedTargetPlatformVersion
                       10.0.17763.0
                           WindowsSdkPackageVersion = 10.0.17763.52
                           MinimumNETVersion = 6.0
                       10.0.17763.0
                           WindowsSdkPackageVersion = 10.0.17763.54
                           MinimumNETVersion = 8.0
                       10.0.17763.0
                           WindowsSdkPackageVersion = 10.0.17763.26
                           MinimumNETVersion = 5.0
                       10.0.18362.0
                           WindowsSdkPackageVersion = 10.0.18362.52
                           MinimumNETVersion = 6.0
                       10.0.18362.0
                           WindowsSdkPackageVersion = 10.0.18362.54
                           MinimumNETVersion = 8.0
                       10.0.18362.0
                           WindowsSdkPackageVersion = 10.0.18362.26
                           MinimumNETVersion = 5.0
                       10.0.19041.0
                           WindowsSdkPackageVersion = 10.0.19041.26
                           MinimumNETVersion = 5.0
                       10.0.19041.0
                           WindowsSdkPackageVersion = 10.0.19041.52
                           MinimumNETVersion = 6.0
                       10.0.19041.0
                           WindowsSdkPackageVersion = 10.0.19041.54
                           MinimumNETVersion = 8.0
                       10.0.20348.0
                           WindowsSdkPackageVersion = 10.0.20348.52
                           MinimumNETVersion = 6.0
                       10.0.20348.0
                           WindowsSdkPackageVersion = 10.0.20348.26
                           MinimumNETVersion = 5.0
                       10.0.20348.0
                           WindowsSdkPackageVersion = 10.0.20348.54
                           MinimumNETVersion = 8.0
                       10.0.22000.0
                           WindowsSdkPackageVersion = 10.0.22000.54
                           MinimumNETVersion = 8.0
                       10.0.22000.0
                           WindowsSdkPackageVersion = 10.0.22000.26
                           MinimumNETVersion = 5.0
                       10.0.22000.0
                           WindowsSdkPackageVersion = 10.0.22000.52
                           MinimumNETVersion = 6.0
                       10.0.22621.0
                           WindowsSdkPackageVersion = 10.0.22621.54
                           MinimumNETVersion = 8.0
                       10.0.22621.0
                           WindowsSdkPackageVersion = 10.0.22621.52
                           MinimumNETVersion = 6.0
                       10.0.26100.0
                           WindowsSdkPackageVersion = 10.0.26100.54
                           MinimumNETVersion = 8.0
                       10.0.26100.0
                           WindowsSdkPackageVersion = 10.0.26100.52
                           MinimumNETVersion = 6.0
                       7.0
                       8.0

17:20:49.860     1>Project "C:\Users\austi\OneDrive\Documents\CSCD Spring25\Hackathon-2025\StarlitStories.sln" (1) is building "C:\Users\austi\OneDrive\Documents\CSCD Spring25\Hackathon-2025\Hackathon-2025\Hackathon-2025.csproj" (3) on node 1 (_IsProjectRestoreSupported target(s)).
17:20:52.065     3>Initial Properties:
                   __DisableWorkloadResolverSentinelPath = C:\Program Files\dotnet\sdk\9.0.100\DisableWorkloadResolver.sentinel
                   __WindowsAppSdkDefaultImageIncludes = **/*.png;**/*.bmp;**/*.jpg;**/*.dds;**/*.tif;**/*.tga;**/*.gif
                   _AfterSdkPublishDependsOn = Publish
                   _ApiCompatValidatePackageSemaphoreFile = obj\Debug\net8.0\Microsoft.NET.ApiCompat.ValidatePackage.semaphore
                   _AspNetCoreProjectSystemPostPublishDependsOn = 
                         _InitPublishIntermediateOutputPath;
                         
                         _TransformWebConfig;
                         _TransformXml;
                         _TransformAppSettings;
                         _GenerateEFSQLScripts;
                         _GenerateRunCommandFile;
                       ;
                         _PublishFiles;
                       
                   _AspNetCoreProjectSystemPrePublishDependsOn = 
                         BeforePublish;
                         
                         _DetermineProjectType;
                       ;
                       
                   _BeforePublishNoBuildTargets = 
                         BuildOnlySettings;
                         _PreventProjectReferencesFromBuilding;
                         ResolveReferences;
                         PrepareResourceNames;
                         ComputeIntermediateSatelliteAssemblies;
                         ComputeEmbeddedApphostPaths;
                       
                   _BinaryFormatterObsoleteAsError = true
                   _ComHostLibraryExtension = .dll
                   _ComputeTargetsDir = C:\Program Files\dotnet\sdk\9.0.100\Sdks\Microsoft.NET.Sdk.Publish\targets\ComputeTargets\
                   _ContainerIsSelfContained = false
                   _ContainerIsTargetingNet8TFM = true
                   _ContainersTargetsDir = C:\Program Files\dotnet\sdk\9.0.100\Sdks\Microsoft.NET.Sdk\Sdk\..\..\..\Containers\build\
                   _CopyAspNetCoreFilesToIntermediateOutputPathDependsOn = 
                         ;
                         _PrepareForAspNetCoreProjectSystemPublish;
                         Publish;
                       
                   _CopyConsoleFilesToIntermediateOutputPathDependsOn = 
                         ;
                         _PrepareForConsolePublish;
                         Publish;
                       
                   _CopyTargetsDir = C:\Program Files\dotnet\sdk\9.0.100\Sdks\Microsoft.NET.Sdk.Publish\targets\CopyTargets\
                   _CopyWebJobFilesToIntermediateOutputPathDependsOn = 
                         ;
                         _PrepareForWebJobPublish;
                         Publish;
                       
                   _CorePublishTargets = 
                         PrepareForPublish;
                         ComputeAndCopyFilesToPublishDirectory;
                         ;
                         PublishItemsOutputGroup;
                       
                   _DebugSymbolsProduced = true
                   _DefaultArtifactsPathPropsImported = true
                   _DefaultUserProfileRuntimeStorePath = C:\Users\austi\.dotnet\store
                   _DeploymentApplicationManifestIdentity = Hackathon-2025.exe
                   _DeploymentBuiltUpdateInterval = 0
                   _DeploymentBuiltUpdateIntervalUnits = Days
                   _DeploymentDeployManifestIdentity = Hackathon-2025.application
                   _DeploymentFileMappingExtension = 
                   _DeploymentLauncherBased = true
                   _DeploymentPublishableProjectDefault = true
                   _DeploymentTargetApplicationManifestFileName = Hackathon-2025.dll.manifest
                   _DeploymentUrl = 
                   _DesignerDepsFileName = Hackathon-2025.designer.deps.json
                   _DesignerDepsFilePath = obj\Debug\net8.0\Hackathon-2025.designer.deps.json
                   _DesignerRuntimeConfigFileName = Hackathon-2025.designer.runtimeconfig.json
                   _DesignerRuntimeConfigFilePath = obj\Debug\net8.0\Hackathon-2025.designer.runtimeconfig.json
                   _DirectoryBuildPropsBasePath = 
                   _DirectoryBuildPropsFile = Directory.Build.props
                   _DirectoryBuildTargetsBasePath = 
                   _DirectoryBuildTargetsFile = Directory.Build.targets
                   _DirectoryPackagesPropsBasePath = 
                   _DirectoryPackagesPropsFile = Directory.Packages.props
                   _DocumentationFileProduced = false
                   _DotNetAppHostExecutableName = apphost.exe
                   _DotNetAppHostExecutableNameWithoutExtension = apphost
                   _DotNetCLIPostPublishDependsOn = 
                         _InitProjectCapabilityProperties;
                         _AspNetCoreProjectSystemPostPublish;
                         _OtherNetProjectPostPublish;
                         AfterPublish;
                       
                   _DotNetCLIPrePublishDependsOn = 
                         _InitProjectCapabilityProperties;
                         _AspNetCoreProjectSystemPrePublish;
                       
                   _DotNetCLIToolTargetsDir = C:\Program Files\dotnet\sdk\9.0.100\Sdks\Microsoft.NET.Sdk.Publish\targets\DotNetCLIToolTargets\
                   _DotNetComHostLibraryName = comhost.dll
                   _DotNetComHostLibraryNameWithoutExtension = comhost
                   _DotNetHostExecutableName = dotnet.exe
                   _DotNetHostFxrLibraryName = libhostfxr.so
                   _DotNetHostPolicyLibraryName = libhostpolicy.so
                   _DotNetIjwHostLibraryName = Ijwhost.dll
                   _DotNetIjwHostLibraryNameWithoutExtension = Ijwhost
                   _DotNetPublishComputeFiles = 
                         _DetermineProjectType;
                       
                   _DotNetPublishCopyFiles = 
                         _RemoveExcludeFiles;
                         _DeletePublishIntermediateOutputPath;
                         _CopyFilesToPublishIntermediateOutputPath;
                         _CopyAspNetCoreFilesToIntermediateOutputPath;
                         _CopyWebJobFilesToIntermediateOutputPath;
                         _CopyConsoleFilesToIntermediateOutputPath;
                       
                   _DotNetPublishFiles = 
                         FileSystemPublish;
                       
                   _DotNetPublishTransformFiles = 
                         _TransformWebConfig;
                         _TransformXml;
                         _TransformAppSettings;
                         _GenerateEFSQLScripts;
                         _GenerateRunCommandFile;
                       
                   _DotNetSingleFileHostExecutableNameWithoutExtension = singlefilehost
                   _EnableDefaultWindowsPlatform = false
                   _FirstTargetFrameworkToSupportAot = net7.0
                   _FirstTargetFrameworkToSupportSingleFile = net6.0
                   _FirstTargetFrameworkToSupportTrimming = net6.0
                   _FirstTargetFrameworkVersionToSupportAotAnalyzer = 7.0
                   _FirstTargetFrameworkVersionToSupportSingleFileAnalyzer = 6.0
                   _FirstTargetFrameworkVersionToSupportTrimAnalyzer = 6.0
                   _FrameworkIdentifierForImplicitDefine = NET
                   _FrameworkVersionForImplicitDefine = 8_0
                   _GenerateBindingRedirectsIntermediateAppConfig = obj\Debug\net8.0\Hackathon-2025.dll.config
                   _GeneratePublishDependencyFilePropertyInputsCache = C:\Users\austi\OneDrive\Documents\CSCD Spring25\Hackathon-2025\Hackathon-2025\obj\Debug\net8.0\Hackathon-2025.genpublishdeps.cache
                   _GenerateRazorAssemblyInfoDependsOn = 
                         _ResolveMvcAssemblyAttributes;
                         RazorGetAssemblyAttributes;PrepareForBuild;_CoreGenerateRazorAssemblyInfo;
                       
                   _GenerateRestoreGraphProjectEntryInputProperties = 
                         ExcludeRestorePackageImports=true;
                         _RestoreSolutionFileUsed=true;
                         SolutionDir=C:\Users\austi\OneDrive\Documents\CSCD Spring25\Hackathon-2025\;
                         SolutionName=StarlitStories;
                         SolutionFileName=StarlitStories.sln;
                         SolutionPath=C:\Users\austi\OneDrive\Documents\CSCD Spring25\Hackathon-2025\StarlitStories.sln;
                         SolutionExt=.sln;
                       
                   _GenerateRuntimeConfigurationPropertyInputsCache = C:\Users\austi\OneDrive\Documents\CSCD Spring25\Hackathon-2025\Hackathon-2025\obj\Debug\net8.0\Hackathon-2025.genruntimeconfig.cache
                   _GenerateSingleFileBundlePropertyInputsCache = C:\Users\austi\OneDrive\Documents\CSCD Spring25\Hackathon-2025\Hackathon-2025\obj\Debug\net8.0\Hackathon-2025.genbundle.cache
                   _GenerateSourceLinkFileBeforeTargets = CoreCompile
                   _GenerateSourceLinkFileDependsOnTargets = 
                   _GenerateSupportedRuntimeIntermediateAppConfig = obj\Debug\net8.0\Hackathon-2025.dll.withSupportedRuntime.config
                   _GenerateToolsSettingsFileCacheFile = C:\Users\austi\OneDrive\Documents\CSCD Spring25\Hackathon-2025\Hackathon-2025\obj\Debug\net8.0\Hackathon-2025.toolssettingsinput.cache
                   _GetChildProjectCopyToOutputDirectoryItems = true
                   _GetChildProjectCopyToPublishDirectoryItems = true
                   _IjwHostLibraryExtension = .dll
                   _InitialBaseIntermediateOutputPath = obj\
                   _IsDisjointMSBuildVersion = False
                   _IsExecutable = true
                   _IsNETCoreOrNETStandard = true
                   _IsNotSetContainersTargetsDir = true
                   _IsSDKContainerAllowedVersion = true
                   _LatestAnalysisLevel = 9.0
                   _MaxSupportedLangVersion = 12.0
                   _MicrosoftSourceLinkCommonAssemblyFile = C:\Program Files\dotnet\sdk\9.0.100\Sdks\Microsoft.SourceLink.Common\build\..\tools\core\Microsoft.SourceLink.Common.dll
                   _MinimumNonEolSupportedNetCoreTargetFramework = net6.0
                   _MSBuildVersionMajorMinor = 17.12
                   _MvcApplicationPartAttributeGeneratedFile = obj\Debug\net8.0\Hackathon-2025.MvcApplicationPartsAssemblyInfo.cs
                   _MvcApplicationPartCacheFile = obj\Debug\net8.0\Hackathon-2025.MvcApplicationPartsAssemblyInfo.cache
                   _NativeExecutableExtension = .exe
                   _NativeLibraryExtension = .so
                   _NativeLibraryPrefix = lib
                   _NETAnalyzersSDKAssemblyVersion = 9.0.0
                   _NETCoreSdkIsPreview = false
                   _NetFrameworkHostedCompilersVersion = 4.12.0-3.24523.4
                   _NoneAnalysisLevel = 4.0
                   _NugetFallbackFolder = C:\Program Files\dotnet\sdk\9.0.100\Sdks\Microsoft.NET.Sdk\targets\..\..\..\..\NuGetFallbackFolder
                   _NugetTargetMonikerAndRID = .NETCoreApp,Version=v8.0
                   _OriginalConfiguration = Debug
                   _OriginalPlatform = AnyCPU
                   _OtherNetProjectPostPublishDependsOn = 
                         _InitPublishIntermediateOutputPath;
                         _PublishFiles;
                       
                   _PackToolPublishDependency = _PublishBuildAlternative
                   _PlatformWithoutConfigurationInference = AnyCPU
                   _PreviewAnalysisLevel = 10.0
                   _ProjectDefaultTargets = Build
                   _PublishConfigurationPath = Debug\
                   _PublishFilesDependsOn = 
                         
                         FileSystemPublish;
                       ;
                       
                   _PublishNoBuildAlternativeDependsOn = 
                         BuildOnlySettings;
                         _PreventProjectReferencesFromBuilding;
                         ResolveReferences;
                         PrepareResourceNames;
                         ComputeIntermediateSatelliteAssemblies;
                         ComputeEmbeddedApphostPaths;
                       ;
                         PrepareForPublish;
                         ComputeAndCopyFilesToPublishDirectory;
                         ;
                         PublishItemsOutputGroup;
                       
                   _PublishProfileDesignerFolder = Properties
                   _PublishProfileRootFolder = C:\Users\austi\OneDrive\Documents\CSCD Spring25\Hackathon-2025\Hackathon-2025\Properties\PublishProfiles\
                   _PublishProfilesDir = C:\Program Files\dotnet\sdk\9.0.100\Sdks\Microsoft.NET.Sdk.Publish\targets\PublishProfiles\
                   _PublishTargetsDir = C:\Program Files\dotnet\sdk\9.0.100\Sdks\Microsoft.NET.Sdk.Publish\targets\PublishTargets\
                   _PublishTaskAssemblyFullPath = C:\Program Files\dotnet\sdk\9.0.100\Sdks\Microsoft.NET.Sdk.Publish\targets\..\tools\net9.0\Microsoft.NET.Sdk.Publish.Tasks.dll
                   _PublishTaskFramework = net9.0
                   _PublishTasksDir = C:\Program Files\dotnet\sdk\9.0.100\Sdks\Microsoft.NET.Sdk.Publish\targets\..\tools\net9.0\
                   _RazorAssemblyInfo = obj\Debug\net8.0\Hackathon-2025.RazorAssemblyInfo.cs
                   _RazorAssemblyInfoInputsCacheFile = obj\Debug\net8.0\Hackathon-2025.RazorAssemblyInfo.cache
                   _RazorComponentDeclarationOutputPath = obj\Debug\net8.0\RazorDeclaration\
                   _RazorDebugSymbolsProduced = true
                   _RazorGenerateComponentDesignTimeDependsOn = 
                         ResolveRazorComponentInputs;
                         AssignRazorComponentTargetPaths
                       
                   _RazorGenerateInputsHash = 
                   _RazorGenerateInputsHashFile = obj\Debug\net8.0\Hackathon-2025.RazorCoreGenerate.cache
                   _RazorLangVersion = 8.0
                   _RazorSdkImportsMicrosoftNetSdkStaticWebAssets = true
                   _RazorSdkTasksTFM = net9.0
                   _RazorSdkToolAssembly = C:\Program Files\dotnet\sdk\9.0.100\Sdks\Microsoft.NET.Sdk.Razor\targets\..\tools\rzc.dll
                   _RazorTagHelperInputCache = obj\Debug\net8.0\Hackathon-2025.TagHelpers.input.cache
                   _RazorTagHelperOutputCache = obj\Debug\net8.0\Hackathon-2025.TagHelpers.output.cache
                   _RazorTargetAssemblyInfoInputsCacheFile = obj\Debug\net8.0\Hackathon-2025.RazorTargetAssemblyInfo.cache
                   _RecursiveTargetForContentCopying = GetCopyToOutputDirectoryItems
                   _ResolveReferenceDependencies = false
                   _RestoreSolutionFileUsed = true
                   _RuntimeIdentifierUsesAppHost = true
                   _RuntimePackInWorkloadVersion6 = 6.0.36
                   _RuntimePackInWorkloadVersion7 = 7.0.20
                   _RuntimePackInWorkloadVersion8 = 8.0.11
                   _RuntimePackInWorkloadVersionCurrent = 9.0.0
                   _ScopedCssExtension = .rz.scp.css
                   _SGenDllCreated = false
                   _SGenDllName = Hackathon-2025.XmlSerializers.dll
                   _SGenGenerateSerializationAssembliesConfig = Off
                   _ShimCreatedSentinelFile = C:\Users\austi\OneDrive\Documents\CSCD Spring25\Hackathon-2025\Hackathon-2025\obj\Debug\net8.0\Hackathon-2025.shimcreated.sentinel
                   _ShimInputCacheFile = C:\Users\austi\OneDrive\Documents\CSCD Spring25\Hackathon-2025\Hackathon-2025\obj\Debug\net8.0\Hackathon-2025.shiminput.cache
                   _SourceLinkAzureReposGitAssemblyFile = C:\Program Files\dotnet\sdk\9.0.100\Sdks\Microsoft.SourceLink.AzureRepos.Git\build\..\tools\core\Microsoft.SourceLink.AzureRepos.Git.dll
                   _SourceLinkBitbucketAssemblyFile = C:\Program Files\dotnet\sdk\9.0.100\Sdks\Microsoft.SourceLink.Bitbucket.Git\build\..\tools\core\Microsoft.SourceLink.Bitbucket.Git.dll
                   _SourceLinkGitHubAssemblyFile = C:\Program Files\dotnet\sdk\9.0.100\Sdks\Microsoft.SourceLink.GitHub\build\..\tools\core\Microsoft.SourceLink.GitHub.dll
                   _SourceLinkGitLabAssemblyFile = C:\Program Files\dotnet\sdk\9.0.100\Sdks\Microsoft.SourceLink.GitLab\build\..\tools\core\Microsoft.SourceLink.GitLab.dll
                   _SourceLinkPropsImported = true
                   _SourceLinkSdkSubDir = build
                   _StaticWebAssetsSdkTasksTFM = net9.0
                   _StaticWebAssetsSdkToolAssembly = C:\Program Files\dotnet\sdk\9.0.100\Sdks\Microsoft.NET.Sdk.StaticWebAssets\targets\..\tools\net9.0\Microsoft.NET.Sdk.StaticWebAssets.Tool.dll
                   _SupportedArchitectures = amd64 arm64
                   _SupportedPlatformList = @(SupportedPlatform, ',')
                   _TargetFrameworkDirectories = 
                   _TargetFrameworkPath = net8.0\
                   _TargetFrameworkVersionValue = 0.0
                   _TargetFrameworkVersionWithoutV = 8.0
                   _Targeting30OrNewerRazorLangVersion = true
                   _TargetingNET50OrLater = true
                   _TargetingNET60OrLater = true
                   _TargetingNET70OrLater = true
                   _TargetingNET80OrLater = true
                   _TargetingNETCoreApp30OrLater = true
                   _TargetLatestRuntimePatchIsDefault = true
                   _TargetsThatPrepareProjectReferences = 
                         AssignProjectConfiguration;
                         _SplitProjectReferencesByFileExistence
                       
                   _ToolsSettingsFilePath = obj\DotnetToolSettings.xml
                   _TransformTargetsDir = C:\Program Files\dotnet\sdk\9.0.100\Sdks\Microsoft.NET.Sdk.Publish\targets\TransformTargets\
                   _UseAttributeForTargetFrameworkInfoPropertyNames = true
                   _UsingDefaultForHasRuntimeOutput = true
                   _UsingDefaultPlatformTarget = true
                   _WebProjectSystemGlobsPropsDefined = true
                   _WindowsDesktopSdkTargetFrameworkVersionFloor = 3.0
                   _WorkloadLibraryPacksFolder = C:\Program Files\dotnet\library-packs
                   ActiveDebugProfile = https
                   ActualLangName = en-us
                   AddAdditionalExplicitAssemblyReferences = false
                   AddAppConfigToBuildOutputs = true
                   AddRazorSupportForMvc = true
                   AllowedOutputExtensionsInPackageBuildOutputFolder = .dll; .exe; .winmd; .json; .pri; .xml ;
                   AllowedOutputExtensionsInSymbolsPackageBuildOutputFolder = .pdb; .mdb; .dll; .exe; .winmd; .json; .pri; .xml ;; 
                   AllowedReferenceAssemblyFileExtensions = 
                         .winmd;
                         .dll;
                         .exe
                       
                   AllowedReferenceRelatedFileExtensions = 
                         .pdb;
                         .xml;
                         .pri;
                         .dll.config;
                         .exe.config
                       
                   AllowUnsafeBlocks = false
                   AlwaysIncludeCoreFrameworkInRuntimeConfig = true
                   AlwaysUseNumericalSuffixInItemNames = true
                   AnalysisLevel = 8.0
                   AppDesignerFolder = Properties
                   AppendPlatformToOutputPath = false
                   AppendRuntimeIdentifierToOutputPath = true
                   AppendTargetFrameworkToOutputPath = true
                   AspNetCoreHostingModel = inprocess
                   AspNetCoreModuleName = AspNetCoreModuleV2
                   AssemblyFoldersConfigFile = C:\Program Files\dotnet\sdk\9.0.100\AssemblyFolders.config
                   AssemblyFoldersSuffix = AssemblyFoldersEx
                   AssemblyName = Hackathon-2025
                   AssemblySearchPaths = {CandidateAssemblyFiles};{HintPathFromItem};{TargetFrameworkDirectory};{RawFileName}
                   AssemblyTitle = Hackathon-2025
                   AssetTargetFallback = ;net461;net462;net47;net471;net472;net48;net481
                   AssignTargetPathsDependsOn = 
                   Authors = Hackathon-2025
                   AutomaticallyUseReferenceAssemblyPackages = true
                   AutoUnifyAssemblyReferences = true
                   AvailablePlatforms = Any CPU,x86,x64,ARM32,ARM64
                   BackwardsCompatFrameworkDefine = NETCOREAPP
                   BaseIntermediateOutputPath = C:\Users\austi\OneDrive\Documents\CSCD Spring25\Hackathon-2025\Hackathon-2025\obj\
                   BaseOutputPath = bin\
                   BaseOutputPathWasSpecified = true
                   BuildCompileAction = Build
                   BuildCompressionFormats = ;gzip
                   BuildDependsOn = 
                         BeforeBuild;
                         CoreBuild;
                         AfterBuild
                       
                   BuildGenerateSourcesAction = Build
                   BuildingProject = false
                   BuildInParallel = true
                   BuildLinkAction = Build
                   BuildOutputTargetFolder = lib
                   BuildProjectReferences = true
                   BuiltProjectOutputGroupDependenciesDependsOn = 
                         ;
                         
                         ;
                         BuildOnlySettings;
                         PrepareForBuild;
                         AssignTargetPaths;
                         ResolveReferences
                       
                       
                   BuiltProjectOutputGroupDependsOn = PrepareForBuild
                   BundledMSBuildVersion = 17.12.7
                   BundledNETCoreAppPackageVersion = 9.0.0
                   BundledNETCoreAppTargetFrameworkVersion = 9.0
                   BundledNETCorePlatformsPackageVersion = 9.0.0-rtm.24528.9
                   BundledNETStandardPackageVersion = 2.1.0
                   BundledNETStandardTargetFrameworkVersion = 2.1
                   BundledRuntimeIdentifierGraphFile = C:\Program Files\dotnet\sdk\9.0.100\RuntimeIdentifierGraph.json
                   CheckEolTargetFramework = true
                   CheckEolWorkloads = true
                   CheckForOverflowUnderflow = false
                   CleanDependsOn = 
                         BeforeClean;
                         UnmanagedUnregistration;
                         CoreClean;
                         CleanReferencedProjects;
                         CleanPublishFolder;
                         AfterClean
                       
                   CleanFile = Hackathon-2025.csproj.FileListAbsolute.txt
                   ClickOncePublishDir = bin\Debug\net8.0\publish\
                   CodeAnalysisRuleIds = CA1000;CA1001;CA1002;CA1003;CA1005;CA1008;CA1010;CA1012;CA1014;CA1016;CA1017;CA1018;CA1019;CA1021;CA1024;CA1027;CA1028;CA1030;CA1031;CA1032;CA1033;CA1034;CA1036;CA1040;CA1041;CA1043;CA1044;CA1045;CA1046;CA1047;CA1050;CA1051;CA1052;CA1054;CA1055;CA1056;CA1058;CA1060;CA1061;CA1062;CA1063;CA1064;CA1065;CA1066;CA1067;CA1068;CA1069;CA1070;CA1200;CA1303;CA1304;CA1305;CA1307;CA1308;CA1309;CA1310;CA1311;CA1401;CA1416;CA1417;CA1418;CA1419;CA1420;CA1421;CA1422;CA1501;CA1502;CA1505;CA1506;CA1507;CA1508;CA1509;CA1510;CA1511;CA1512;CA1513;CA1514;CA1515;CA1700;CA1707;CA1708;CA1710;CA1711;CA1712;CA1713;CA1715;CA1716;CA1720;CA1721;CA1724;CA1725;CA1727;CA1802;CA1805;CA1806;CA1810;CA1812;CA1813;CA1814;CA1815;CA1816;CA1819;CA1820;CA1821;CA1822;CA1823;CA1824;CA1825;CA1826;CA1827;CA1828;CA1829;CA1830;CA1831;CA1832;CA1833;CA1834;CA1835;CA1836;CA1837;CA1838;CA1839;CA1840;CA1841;CA1842;CA1843;CA1844;CA1845;CA1846;CA1847;CA1848;CA1849;CA1850;CA1851;CA1852;CA1853;CA1854;CA1855;CA1856;CA1857;CA1858;CA1859;CA1860;CA1861;CA1862;CA1863;CA1864;CA1865;CA1866;CA1867;CA1868;CA1869;CA1870;CA1871;CA1872;CA2000;CA2002;CA2007;CA2008;CA2009;CA2011;CA2012;CA2013;CA2014;CA2015;CA2016;CA2017;CA2018;CA2019;CA2020;CA2021;CA2022;CA2100;CA2101;CA2119;CA2153;CA2200;CA2201;CA2207;CA2208;CA2211;CA2213;CA2214;CA2215;CA2216;CA2217;CA2218;CA2219;CA2224;CA2225;CA2226;CA2227;CA2231;CA2234;CA2235;CA2237;CA2241;CA2242;CA2243;CA2244;CA2245;CA2246;CA2247;CA2248;CA2249;CA2250;CA2251;CA2252;CA2253;CA2254;CA2255;CA2256;CA2257;CA2258;CA2259;CA2260;CA2261;CA2262;CA2263;CA2264;CA2265;CA2300;CA2301;CA2302;CA2305;CA2310;CA2311;CA2312;CA2315;CA2321;CA2322;CA2326;CA2327;CA2328;CA2329;CA2330;CA2350;CA2351;CA2352;CA2353;CA2354;CA2355;CA2356;CA2361;CA2362;CA3001;CA3002;CA3003;CA3004;CA3005;CA3006;CA3007;CA3008;CA3009;CA3010;CA3011;CA3012;CA3061;CA3075;CA3076;CA3077;CA3147;CA5350;CA5351;CA5358;CA5359;CA5360;CA5361;CA5362;CA5363;CA5364;CA5365;CA5366;CA5367;CA5368;CA5369;CA5370;CA5371;CA5372;CA5373;CA5374;CA5375;CA5376;CA5377;CA5378;CA5379;CA5380;CA5381;CA5382;CA5383;CA5384;CA5385;CA5386;CA5387;CA5388;CA5389;CA5390;CA5391;CA5392;CA5393;CA5394;CA5395;CA5396;CA5397;CA5398;CA5399;CA5400;CA5401;CA5402;CA5403;CA5404;CA5405
                   CodeAnalysisTargets = C:\Program Files\dotnet\sdk\9.0.100\Microsoft\VisualStudio\v17.0\CodeAnalysis\Microsoft.CodeAnalysis.targets
                   CommandLineArgsForDesignTimeEvaluation = -langversion:12.0 -define:TRACE
                   CommonOutputGroupsDependsOn = 
                         ;
                         BuildOnlySettings;
                         PrepareForBuild;
                         AssignTargetPaths;
                         ResolveReferences
                       
                   CommonTargetsPath = C:\Program Files\dotnet\sdk\9.0.100\Microsoft.Common.CurrentVersion.targets
                   CommonXamlResourcesDirectory = C:\Program Files\dotnet\sdk\9.0.100\\
                   Company = Hackathon-2025
                   CompileDependsOn = 
                         
                         ResolveReferences;
                         ResolveKeySource;
                         SetWin32ManifestProperties;
                         _SetPreferNativeArm64Win32ManifestProperties;
                         FindReferenceAssembliesForReferences;
                         _GenerateCompileInputs;
                         BeforeCompile;
                         _TimeStampBeforeCompile;
                         _GenerateCompileDependencyCache;
                         CoreCompile;
                         _TimeStampAfterCompile;
                         AfterCompile;
                       ;
                         _CreateAppHost;
                         _CreateComHost;
                         _GetIjwHostPaths;
                       
                   CompileLicxFilesDependsOn = 
                   CompilerApiVersion = roslyn4.12
                   CompilerGeneratedFilesOutputPath = 
                   CompressionEnabled = true
                   CompressionExcludePatterns = 
                   CompressionIncludePatterns = 
                   ComputeIntermediateSatelliteAssembliesDependsOn = 
                         CreateManifestResourceNames
                       
                   ComputeNETCoreBuildOutputFiles = true
                   ComputeReferencedStaticWebAssetsPublishManifestDependsOn = 
                         ;
                         StaticWebAssetsPrepareForPublish;
                       
                   ComReferenceExecuteAsTool = false
                   ComReferenceNoClassMembers = false
                   Configuration = Debug
                   ConfigurationName = Debug
                   Configurations = Debug;Release
                   ConsiderPlatformAsProcessorArchitecture = true
                   ContainerCustomTasksAssembly = C:\Program Files\dotnet\sdk\9.0.100\Containers\build\..\tasks\net9.0\Microsoft.NET.Build.Containers.dll
                   ContainerCustomTasksFolder = C:\Program Files\dotnet\sdk\9.0.100\Containers\build\..\tasks\net9.0\
                   ContainerizeFolder = C:\Program Files\dotnet\sdk\9.0.100\Containers\build\..\containerize\
                   ContainerizeFolderName = containerize
                   ContainerTaskFolderName = tasks
                   ContainerTaskFramework = net9.0
                   ContentFilesProjectOutputGroupDependsOn = PrepareForBuild;AssignTargetPaths
                   ContentPreprocessorOutputDirectory = obj\Debug\net8.0\NuGet\
                   ContentTargetFolders = content;contentFiles
                   ContinueOnError = false
                   CopyBuildOutputToPublishDirectory = true
                   CopyConflictingTransitiveContent = false
                   CopyLocalLockFileAssemblies = true
                   CopyOutputSymbolsToPublishDirectory = true
                   CopyRazorGenerateFilesToPublishDirectory = false
                   CopyRefAssembliesToPublishDirectory = 
                   CopyStaticWebAssetsToOutputDirectoryDependsOn = LoadStaticWebAssetsBuildManifest;
                   CopyStaticWebAssetsToPublishDirectoryDependsOn = StaticWebAssetsPrepareForPublish;LoadStaticWebAssetsPublishManifest;
                   CoreBuildDependsOn = 
                         _CheckForBuildWithNoBuild;
                         
                         BuildOnlySettings;
                         PrepareForBuild;
                         PreBuildEvent;
                         ResolveReferences;
                         PrepareResources;
                         ResolveKeySource;
                         Compile;
                         ExportWindowsMDFile;
                         UnmanagedUnregistration;
                         GenerateSerializationAssemblies;
                         CreateSatelliteAssemblies;
                         GenerateManifests;
                         GetTargetPath;
                         PrepareForRun;
                         UnmanagedRegistration;
                         IncrementalClean;
                         PostBuildEvent
                       ;
                         GenerateBuildDependencyFile;
                         GenerateBuildRuntimeConfigurationFiles
                       
                   CoreCleanDependsOn = 
                         _SdkBeforeClean;
                         
                       
                   CoreCompileDependsOn = 
                         _DiscoverMvcApplicationParts;
                         
                         ;_ComputeNonExistentFileProperty;ResolveCodeAnalysisRuleSet;
                         _GenerateRazorAssemblyInfo
                       ;
                       
                   CorePublishDependsOn = 
                         
                         _DetermineProjectType;
                       ;
                         
                         _RemoveExcludeFiles;
                         _DeletePublishIntermediateOutputPath;
                         _CopyFilesToPublishIntermediateOutputPath;
                         _CopyAspNetCoreFilesToIntermediateOutputPath;
                         _CopyWebJobFilesToIntermediateOutputPath;
                         _CopyConsoleFilesToIntermediateOutputPath;
                       ;
                         
                         _TransformWebConfig;
                         _TransformXml;
                         _TransformAppSettings;
                         _GenerateEFSQLScripts;
                         _GenerateRunCommandFile;
                       ;
                         
                         FileSystemPublish;
                       ;
                       
                   CoreResGenDependsOn = FindReferenceAssembliesForReferences
                   CreateCustomManifestResourceNamesDependsOn = 
                   CreateHardLinksForCopyAdditionalFilesIfPossible = false
                   CreateManifestResourceNamesDependsOn = 
                   CreateSatelliteAssembliesDependsOn = 
                         
                         ;
                         _GenerateSatelliteAssemblyInputs;
                         ComputeIntermediateSatelliteAssemblies;
                         GenerateSatelliteAssemblies
                       ;
                         CoreGenerateSatelliteAssemblies
                       
                   CreateSymbolicLinksForCopyAdditionalFilesIfPossible = false
                   CSharpCoreTargetsPath = C:\Program Files\dotnet\sdk\9.0.100\Roslyn\Microsoft.CSharp.Core.targets
                   CSharpDesignTimeTargetsPath = C:\Program Files\dotnet\sdk\9.0.100\\Microsoft\VisualStudio\Managed\Microsoft.CSharp.DesignTime.targets
                   CSharpTargetsPath = C:\Program Files\dotnet\sdk\9.0.100\Microsoft.CSharp.CurrentVersion.targets
                   CustomAfterDirectoryBuildProps = ;C:\Program Files\dotnet\sdk\9.0.100\Sdks\Microsoft.NET.Sdk\Sdk\UseArtifactsOutputPath.props
                   CustomAfterMicrosoftCommonProps = C:\Program Files\dotnet\sdk\9.0.100\\vCurrent\Custom.After.Microsoft.Common.props
                   CustomAfterMicrosoftCommonTargets = C:\Program Files\dotnet\sdk\9.0.100\\vCurrent\Custom.After.Microsoft.Common.targets
                   CustomAfterMicrosoftCSharpTargets = C:\Program Files\dotnet\sdk\9.0.100\\vCurrent\Custom.After.Microsoft.CSharp.targets
                   CustomBeforeMicrosoftCommonProps = C:\Program Files\dotnet\sdk\9.0.100\\vCurrent\Custom.Before.Microsoft.Common.props
                   CustomBeforeMicrosoftCommonTargets = C:\Program Files\dotnet\sdk\9.0.100\\vCurrent\Custom.Before.Microsoft.Common.targets
                   CustomBeforeMicrosoftCSharpTargets = C:\Program Files\dotnet\sdk\9.0.100\\vCurrent\Custom.Before.Microsoft.CSharp.targets
                   CustomCollectWatchItems = ;_RazorSdkCustomCollectWatchItems
                   DebugSymbols = true
                   DebugSymbolsProjectOutputGroupDependenciesDependsOn = 
                         ;
                         
                         ;
                         BuildOnlySettings;
                         PrepareForBuild;
                         AssignTargetPaths;
                         ResolveReferences
                       
                       
                   DebugSymbolsProjectOutputGroupDependsOn = 
                         ;
                         _RazorAddDebugSymbolsProjectOutputGroupOutput
                       
                   DebugType = portable
                   DefaultAllowedOutputExtensionsInPackageBuildOutputFolder = .dll; .exe; .winmd; .json; .pri; .xml
                   DefaultAppHostRuntimeIdentifier = win-x64
                   DefaultCopyToPublishDirectoryMetadata = true
                   DefaultExcludesInProjectFolder = ;;**/.*/**
                   DefaultImplicitPackages = Microsoft.NETCore.App;NETStandard.Library
                   DefaultItemExcludes = ;**\node_modules\**;node_modules\**;**\jspm_packages\**;jspm_packages\**;**\bower_components\**;bower_components\**;**\packages.lock.json;bin\Debug\/**;obj\Debug\/**;bin\/**;obj\/**;**/*.user;**/*.*proj;**/*.sln;**/*.vssscc;**/.DS_Store
                   DefaultLanguageSourceExtension = .cs
                   DefaultProjectTypeGuid = {FAE04EC0-301F-11D3-BF4B-00C04F79EFBC}
                   DefaultWebContentItemExcludes = ;wwwroot\**
                   DefineCommonCapabilities = true
                   DefineCommonItemSchemas = true
                   DefineCommonReferenceSchemas = true
                   DefineConstants = TRACE;DEBUG;NET;NET8_0;NETCOREAPP
                   DelaySign = 
                   DeleteExistingFiles = False
                   DeploymentComputeClickOnceManifestInfoDependsOn = 
                         CleanPublishFolder;
                         GetCopyToOutputDirectoryItems;
                         _DeploymentGenerateTrustInfo;
                         
                       
                   DesignerRuntimeImplementationProjectOutputGroupDependsOn = 
                         
                         ;
                         
                         ;
                         BuildOnlySettings;
                         PrepareForBuild;
                         AssignTargetPaths;
                         ResolveReferences
                       
                       ;
                         _GenerateDesignerDepsFile;
                         _GenerateDesignerRuntimeConfigFile;
                         GetCopyToOutputDirectoryItems;
                         _GatherDesignerShadowCopyFiles;
                       
                   DesignTimeAssemblySearchPaths = {CandidateAssemblyFiles};{HintPathFromItem};{TargetFrameworkDirectory};{RawFileName}
                   DesignTimeAutoUnify = true
                   DesignTimeResolveAssemblyReferencesDependsOn = 
                         GetFrameworkPaths;
                         GetReferenceAssemblyPaths;
                         ResolveReferences
                       
                   Deterministic = true
                   DevEnvDir = *Undefined*
                   DisableBuildCompression = false
                   DisableHandlePackageFileConflicts = true
                   DisableLogTaskParameter_ConvertToAbsolutePath_Path = true
                   DisableLogTaskParameter_FindUnderPath_OutOfPath = true
                   DisableLogTaskParameter_RemoveDuplicates_Inputs = true
                   DisableLogTaskParameterItemMetadata_ConvertToAbsolutePath_AbsolutePaths = true
                   DisableLogTaskParameterItemMetadata_Copy_CopiedFiles = true
                   DisableLogTaskParameterItemMetadata_Copy_DestinationFiles = true
                   DisableLogTaskParameterItemMetadata_Copy_SourceFiles = true
                   DisableLogTaskParameterItemMetadata_FindUnderPath_Files = true
                   DisableLogTaskParameterItemMetadata_FindUnderPath_InPath = true
                   DisableLogTaskParameterItemMetadata_GenerateResource_FilesWritten = true
                   DisableLogTaskParameterItemMetadata_Hash_ItemsToHash = true
                   DisableLogTaskParameterItemMetadata_RemoveDuplicates_Filtered = true
                   DisableLogTaskParameterItemMetadata_WriteLinesToFile_Lines = true
                   DisableStandardFrameworkResolution = true
                   DocumentationFile = 
                   DocumentationProjectOutputGroupDependenciesDependsOn = 
                         ;
                         
                         ;
                         BuildOnlySettings;
                         PrepareForBuild;
                         AssignTargetPaths;
                         ResolveReferences
                       
                       
                   DocumentationProjectOutputGroupDependsOn = 
                   DOTNET_CLI_TELEMETRY_SESSIONID = 57cbd918-d6e8-4bc3-be34-5b5dda67f0f5
                   DOTNET_HOST_PATH = C:\Program Files\dotnet\dotnet.exe
                   DotNetApiCompatTaskAssembly = C:\Program Files\dotnet\sdk\9.0.100\Sdks\Microsoft.NET.Sdk\targets\..\tools\net9.0\Microsoft.DotNet.ApiCompat.Task.dll
                   DotnetCliToolTargetFramework = netcoreapp2.2
                   DotNetPublishDependsOn = 
                         BeforePublish;
                         CorePublish;
                         AfterPublish;
                       
                   EffectiveAnalysisLevel = 8.0
                   EffectiveCodeAnalysisTreatWarningsAsErrors = 
                   EFSQLScriptsFolderName = EFSQLScripts
                   EmbeddedResourceUseDependentUponConvention = true
                   EmbeddedWin32Manifest = 
                   EmbedRazorGenerateSources = false
                   EmbedUntrackedSources = true
                   EmitAssetsLogMessages = true
                   EmitCompilerGeneratedFiles = false
                   EmitLegacyAssetsFileItems = false
                   EnableAppxPackageTargetsForUwpClassLibraries = true
                   EnableDefaultCompileItems = true
                   EnableDefaultContentItems = true
                   EnableDefaultEmbeddedResourceItems = true
                   EnableDefaultItems = true
                   EnableDefaultNoneItems = true
                   EnableDefaultRazorComponentItems = true
                   EnableDefaultRazorGenerateItems = true
                   EnableDefaultRazorTargetAssemblyInfoAttributes = true
                   EnableDefaultScopedCssItems = true
                   EnableFrameworkPathOverride = false
                   EnableNETAnalyzers = true
                   EnableRazorSdkContent = true
                   EnableSdkContainerSupport = true
                   EnableSourceControlManagerQueries = true
                   EnableSourceLink = true
                   EnableUnsafeBinaryFormatterSerialization = false
                   EnableWebSdkImplicitPackageVersions = false
                   EnforceCodeStyleInBuild = false
                   ErrorReport = prompt
                   ExcludeRestorePackageImports = true
                   ExpandSDKAllowedReferenceExtensions = 
                         .winmd;
                         .dll
                       
                   ExpandSDKReferencesDependsOn = 
                         ResolveSDKReferences
                       
                   FileAlignment = 512
                   FileSystemPublishDependsOn = 
                         ;
                         _DeleteDestinationFilesIfSpecified;
                         _CopyEntityFrameworkScripts;
                         _GatherFilesFromPublishIntermediateOutputPath;
                       
                   FindInvalidProjectReferencesDependsOn = 
                         GetReferenceTargetPlatformMonikers
                       
                   ForceNet8Current = false
                   Framework20Dir = @(_TargetFramework20DirectoryItem)
                   Framework30Dir = @(_TargetFramework30DirectoryItem)
                   Framework35Dir = @(_TargetFramework35DirectoryItem)
                   Framework40Dir = @(_TargetFramework40DirectoryItem)
                   FrameworkDir = @(_TargetFramework40DirectoryItem)
                   FrameworkPathOverride = 
                   FrameworkRegistryBase = Software\Microsoft\.NETCoreApp
                   FrameworkSDKDir = @(_TargetFrameworkSDKDirectoryItem)
                   FullReferenceAssemblyNames = Full
                   GenerateAssemblyCompanyAttribute = true
                   GenerateAssemblyConfigurationAttribute = true
                   GenerateAssemblyCopyrightAttribute = true
                   GenerateAssemblyDescriptionAttribute = true
                   GenerateAssemblyFileVersionAttribute = true
                   GenerateAssemblyInfo = true
                   GenerateAssemblyInformationalVersionAttribute = true
                   GenerateAssemblyMetadataAttributes = true
                   GenerateAssemblyProductAttribute = true
                   GenerateAssemblyTitleAttribute = true
                   GenerateAssemblyTrademarkAttribute = true
                   GenerateAssemblyVersionAttribute = true
                   GenerateBindingRedirectsOutputType = true
                   GenerateBuildCompressedStaticWebAssetsDependsOn = 
                         ResolveBuildCompressedStaticWebAssetsConfiguration;
                         
                       
                   GenerateClickOnceManifests = 
                   GenerateComputedBuildStaticWebAssetsDependsOn = 
                       ResolveCoreStaticWebAssets;;
                       BundleScopedCssFiles;
                     
                   GenerateComputedPublishStaticWebAssetsDependsOn = 
                   GeneratedAssemblyInfoFile = obj\Debug\net8.0\Hackathon-2025.AssemblyInfo.cs
                   GenerateDependencyFile = true
                   GeneratedGlobalUsingsFile = obj\Debug\net8.0\Hackathon-2025.GlobalUsings.g.cs
                   GenerateDisableRuntimeMarshallingAttribute = true
                   GenerateDocumentationFile = false
                   GenerateFullPaths = true
                   GenerateInternalsVisibleToAttributes = true
                   GenerateJSModuleManifest = true
                   GenerateJSModuleManifestBuildStaticWebAssetsDependsOn = 
                         ResolveJSModuleManifestBuildConfiguration;
                         
                       
                   GenerateJSModuleManifestPublishStaticWebAssetsDependsOn = 
                         ResolveJSModuleManifestPublishConfiguration;
                         
                       
                   GenerateManifestsDependsOn = 
                         SetWin32ManifestProperties;
                         GenerateApplicationManifest;
                         GenerateDeploymentManifest
                       
                   GenerateMvcApplicationPartsAssemblyAttributes = true
                   GenerateNeutralResourcesLanguageAttribute = true
                   GenerateNuspecDependsOn = 
                         ResolveRazorGenerateInputs;
                         
                         IncludeStaticWebAssetsPackItems;
                         Build;_LoadPackInputItems; _GetTargetFrameworksOutput; _WalkEachTargetPerFramework; _GetPackageFiles; ;
                       
                       
                   GeneratePackageOnBuild = false
                   GeneratePublishCompressedStaticWebAssetsDependsOn = 
                         ResolvePublishCompressedStaticWebAssetsConfiguration;
                         
                       
                   GenerateRazorTargetAssemblyInfo = true
                   GenerateRazorTargetAssemblyInfoDependsOn = 
                         _ResolveMvcAssemblyAttributes;
                         
                         GetRazorTargetAssemblyAttributes;
                         _CreateRazorTargetAssemblyInfoInputsCacheFile;
                         CoreGenerateRazorTargetAssemblyInfo
                       
                       
                   GenerateRepositoryUrlAttribute = true
                   GenerateResourceMSBuildArchitecture = CurrentArchitecture
                   GenerateResourceMSBuildRuntime = CurrentRuntime
                   GenerateResourceUsePreserializedResources = true
                   GenerateResourceWarnOnBinaryFormatterUse = true
                   GenerateRuntimeConfigDevFile = false
                   GenerateRuntimeConfigurationFiles = true
                   GenerateSatelliteAssembliesForCore = true
                   GenerateScopedCssFilesDependsOn = 
                       ;
                       _ResolveBundlingConfiguration;
                       _ProcessScopedCssFiles;
                       BundleScopedCssFiles;
                     
                   GenerateStaticWebAssetsManifestDependsOn = ;ResolveBuildStaticWebAssets
                   GenerateStaticWebAssetsPublishManifestDependsOn = 
                         ResolveStaticWebAssetsConfiguration;
                         ResolveAllPublishStaticWebAssets;
                         ;
                       
                   GenerateSupportedOSPlatformAttribute = true
                   GenerateTargetFrameworkAttribute = true
                   GenerateTargetPlatformAttribute = true
                   GetCopyToOutputDirectoryItemsDependsOn = 
                         AssignTargetPaths;
                         
                         AssignProjectConfiguration;
                         _SplitProjectReferencesByFileExistence
                       ;
                         _GetProjectReferenceTargetFrameworkProperties;
                         _PopulateCommonStateForGetCopyToOutputDirectoryItems
                       ;AddStaticWebAssetsManifest;AddStaticWebAssetEndpointsBuildManifest
                   GetFrameworkPathsDependsOn = 
                   GetReferenceNearestTargetFrameworkTaskSupportsTargetPlatformParameter = true
                   GetTargetPathWithTargetPlatformMonikerDependsOn = 
                   HasRuntimeOutput = true
                   HideWarningsAndErrors = false
                   HighEntropyVA = true
                   ImplicitConfigurationDefine = DEBUG
                   ImplicitFrameworkDefine = NET8_0
                   ImplicitUsings = enable
                   ImportByWildcardAfterMicrosoftCommonProps = true
                   ImportByWildcardAfterMicrosoftCommonTargets = true
                   ImportByWildcardAfterMicrosoftCSharpTargets = true
                   ImportByWildcardBeforeMicrosoftCommonProps = true
                   ImportByWildcardBeforeMicrosoftCommonTargets = true
                   ImportByWildcardBeforeMicrosoftCSharpTargets = true
                   ImportDirectoryBuildProps = true
                   ImportDirectoryBuildTargets = true
                   ImportDirectoryPackagesProps = true
                   ImportFrameworkWinFXTargets = false
                   ImportNuGetBuildTasksPackTargetsFromSdk = true
                   ImportProjectExtensionProps = false
                   ImportProjectExtensionTargets = false
                   ImportUserLocationsByWildcardAfterMicrosoftCommonProps = true
                   ImportUserLocationsByWildcardAfterMicrosoftCommonTargets = true
                   ImportUserLocationsByWildcardAfterMicrosoftCSharpTargets = true
                   ImportUserLocationsByWildcardBeforeMicrosoftCommonProps = true
                   ImportUserLocationsByWildcardBeforeMicrosoftCommonTargets = true
                   ImportUserLocationsByWildcardBeforeMicrosoftCSharpTargets = true
                   IncludeBuildOutput = true
                   IncludeContentInPack = true
                   IncludeFileVersionsInDependencyFile = true
                   IncludeMainProjectInDepsFile = true
                   IncludeProjectsNotInAssetsFileInDepsFile = true
                   IncludeRazorContentInPack = false
                   IncludeSourceRevisionInInformationalVersion = true
                   IncludeStaticWebAssetsPackItemsDependsOn = 
                         Build;
                         ResolveStaticWebAssetsConfiguration;LoadStaticWebAssetsBuildManifest
                       ;
                       
                   IncludeSymbolsInSingleFile = false
                   InnerBuildProperty = TargetFramework
                   InnerBuildPropertyValues = TargetFrameworks
                   IntermediateOutputPath = obj\Debug\net8.0\
                   IsPackable = false
                   IsPublishable = true
                   IsRazorCompilerReferenced = true
                   IsRestoreTargetsFileLoaded = true
                   IsRidAgnostic = false
                   JSModulesEnabled = true
                   Language = C#
                   LanguageTargets = C:\Program Files\dotnet\sdk\9.0.100\Microsoft.CSharp.targets
                   LangVersion = 12.0
                   MarkPackageReferencesAsExternallyResolved = true
                   MaxSupportedLangVersion = 12.0
                   MaxTargetPath = 100
                   MicrosoftBuildTasksGitAssemblyFile = C:\Program Files\dotnet\sdk\9.0.100\Sdks\Microsoft.Build.Tasks.Git\build\..\tools\core\Microsoft.Build.Tasks.Git.dll
                   MicrosoftCommonPropsHasBeenImported = true
                   MicrosoftNETBuildExtensionsTargets = C:\Program Files\dotnet\sdk\9.0.100\\Microsoft\Microsoft.NET.Build.Extensions\Microsoft.NET.Build.Extensions.targets
                   MicrosoftNETBuildExtensionsTasksAssembly = C:\Program Files\dotnet\sdk\9.0.100\Microsoft\Microsoft.NET.Build.Extensions\\tools\net9.0\Microsoft.NET.Build.Extensions.Tasks.dll
                   MicrosoftNETBuildTasksAssembly = C:\Program Files\dotnet\sdk\9.0.100\Sdks\Microsoft.NET.Sdk\targets\..\tools\net9.0\Microsoft.NET.Build.Tasks.dll
                   MicrosoftNETBuildTasksDirectory = C:\Program Files\dotnet\sdk\9.0.100\Sdks\Microsoft.NET.Sdk\targets\..\tools\net9.0\
                   MicrosoftNETBuildTasksDirectoryRoot = C:\Program Files\dotnet\sdk\9.0.100\Sdks\Microsoft.NET.Sdk\targets\..\tools\
                   MicrosoftNETBuildTasksTFM = net9.0
                   MicrosoftNETCrossgenBuildTasksAssembly = C:\Program Files\dotnet\sdk\9.0.100\Sdks\Microsoft.NET.Sdk\targets\..\tasks\net7.0\Microsoft.NET.Sdk.Crossgen.dll
                   MicrosoftNETFrameworkReferenceAssembliesLatestPackageVersion = 1.0.3
                   MicrosoftNETWindowsWorkloadInstalled = true
                   MinimumMSBuildVersion = 17.11.0
                   MinimumVisualStudioVersionForUnsupportedTargetFrameworkVersion = 17.16
                   MsAppxPackageTargets = C:\Program Files\dotnet\sdk\9.0.100\Microsoft\VisualStudio\v17.0\AppxPackage\Microsoft.AppXPackage.Targets
                   MSBuildAllProjects = C:\Users\austi\OneDrive\Documents\CSCD Spring25\Hackathon-2025\Hackathon-2025\Hackathon-2025.csproj;;C:\Program Files\dotnet\sdk\9.0.100\Current\Microsoft.Common.targets\ImportAfter\Microsoft.TestPlatform.ImportAfter.targets
                   MSBuildAssemblyVersion = 17.0
                   MSBuildBinPath = C:\Program Files\dotnet\sdk\9.0.100
                   MSBuildCopyContentTransitively = true
                   MSBuildCopyMarkerName = Hackatho.4E687FAD.Up2Date
                   MSBuildDisableFeaturesFromVersion = 999.999
                   MSBuildEnableWorkloadResolver = true
                   MSBuildExtensionsPath = C:\Program Files\dotnet\sdk\9.0.100\
                   MSBuildExtensionsPath32 = C:\Program Files\dotnet\sdk\9.0.100
                   MSBuildExtensionsPath64 = C:\Program Files\dotnet\sdk\9.0.100
                   MSBUILDFAILONDRIVEENUMERATINGWILDCARD = 1
                   MSBuildFileVersion = 17.12.7.52203
                   MSBuildIsRestoring = True
                   MSBuildLoadMicrosoftTargetsReadOnly = true
                   MSBuildNodeCount = 12
                   MSBuildProgramFiles32 = C:\Program Files (x86)
                   MSBuildProjectDefaultTargets = Build
                   MSBuildProjectDirectory = C:\Users\austi\OneDrive\Documents\CSCD Spring25\Hackathon-2025\Hackathon-2025
                   MSBuildProjectDirectoryNoRoot = Users\austi\OneDrive\Documents\CSCD Spring25\Hackathon-2025\Hackathon-2025
                   MSBuildProjectExtension = .csproj
                   MSBuildProjectExtensionsPath = C:\Users\austi\OneDrive\Documents\CSCD Spring25\Hackathon-2025\Hackathon-2025\obj\
                   MSBuildProjectFile = Hackathon-2025.csproj
                   MSBuildProjectFullPath = C:\Users\austi\OneDrive\Documents\CSCD Spring25\Hackathon-2025\Hackathon-2025\Hackathon-2025.csproj
                   MSBuildProjectName = Hackathon-2025
                   MSBuildRestoreSessionId = 46153a84-4b97-4d3e-af58-dac232af2069
                   MSBuildRuntimeType = Core
                   MSBuildSDKsPath = C:\Program Files\dotnet\sdk\9.0.100\Sdks
                   MSBuildSemanticVersion = 17.12.7+5b8665660
                   MSBuildStartupDirectory = C:\Users\austi\OneDrive\Documents\CSCD Spring25\Hackathon-2025
                   MSBuildToolsPath = C:\Program Files\dotnet\sdk\9.0.100
                   MSBuildToolsVersion = Current
                   MSBuildUserExtensionsPath = C:\Users\austi\AppData\Local\Microsoft\MSBuild
                   MSBUILDUSESERVER = 0
                   MSBuildUseVisualStudioDirectoryLayout = False
                   MSBuildVersion = 17.12.7
                   MSBuildWarningsAsErrors = ;NU1605
                   MSBuildWarningsAsMessages = 1701;1702
                   MSBuildWarningsNotAsErrors = 
                   MSBuildWebTargetsPath = C:\Program Files\dotnet\sdk\9.0.100\\Microsoft\VisualStudio\Managed.Web\
                   MsTestToolsTargets = C:\Program Files\dotnet\sdk\9.0.100\Microsoft\VisualStudio\v17.0\TeamTest\Microsoft.TeamTest.targets
                   NETCoreAppMaximumVersion = 9.0
                   NetCoreRoot = C:\Program Files\dotnet\
                   NETCoreSdkBundledCliToolsProps = C:\Program Files\dotnet\sdk\9.0.100\Sdks\Microsoft.NET.Sdk\targets\..\..\..\Microsoft.NETCoreSdk.BundledCliTools.props
                   NETCoreSdkBundledMSBuildInformationProps = C:\Program Files\dotnet\sdk\9.0.100\Sdks\Microsoft.NET.Sdk\targets\..\..\..\Microsoft.NETCoreSdk.BundledMSBuildInformation.props
                   NETCoreSdkBundledVersionsProps = C:\Program Files\dotnet\sdk\9.0.100\Sdks\Microsoft.NET.Sdk\targets\..\..\..\Microsoft.NETCoreSdk.BundledVersions.props
                   NETCoreSdkPortableRuntimeIdentifier = win-x64
                   NETCoreSdkRuntimeIdentifier = win-x64
                   NETCoreSdkVersion = 9.0.100
                   NetCoreTargetingPackRoot = C:\Program Files\dotnet\packs
                   NoCompilerStandardLib = true
                   NoStdLib = true
                   NoWarn = 1701;1702
                   NuGetAudit = true
                   NuGetAuditLevel = low
                   NuGetAuditMode = all
                   NuGetBuildTasksPackTargets = C:\Program Files\dotnet\sdk\9.0.100\Sdks\Microsoft.NET.Sdk\Sdk\..\..\NuGet.Build.Tasks.Pack\build\NuGet.Build.Tasks.Pack.targets
                   NuGetInteractive = 
                   NuGetPackTaskAssemblyFile = ..\CoreCLR\NuGet.Build.Tasks.Pack.dll
                   NuGetPropsFile = C:\Program Files\dotnet\sdk\9.0.100\NuGet.props
                   NuGetRestoreTargets = C:\Program Files\dotnet\sdk\9.0.100\NuGet.targets
                   NuGetTargetMoniker = .NETCoreApp,Version=v8.0
                   Nullable = enable
                   NuspecOutputPath = obj\Debug\
                   Optimize = false
                   OutDir = bin\Debug\net8.0\
                   OutputPath = bin\Debug\net8.0\
                   OutputType = Exe
                   OverwriteReadOnlyFiles = false
                   PackageDescription = Package Description
                   PackageDownloadSupported = true
                   PackagedShimOutputRootDirectory = bin\Debug\net8.0\
                   PackageId = Hackathon-2025
                   PackageOutputPath = bin\Debug\
                   PackageRequireLicenseAcceptance = false
                   PackageVersion = 1.0.0
                   PackDependsOn = ; _IntermediatePack; GenerateNuspec; 
                   PackRelease = true
                   Platform = AnyCPU
                   PlatformName = AnyCPU
                   Platforms = AnyCPU
                   PostBuildEventDependsOn = 
                   PreBuildEventDependsOn = 
                   Prefer32Bit = false
                   PreferNativeArm64 = false
                   PrepareForBuildDependsOn = 
                         ;GetFrameworkPaths;GetReferenceAssemblyPaths;AssignLinkMetadata;
                         ResolveRazorGenerateInputs
                       
                   PrepareForRazorCompileDependsOn = 
                         RazorGenerate;
                         ResolveRazorCompileInputs;
                         GenerateRazorTargetAssemblyInfo
                       
                   PrepareForRazorComponentGenerateDependsOn = 
                         ResolveRazorConfiguration;
                         ResolveRazorComponentInputs;
                         _CheckForIncorrectComponentsConfiguration;
                         AssignRazorComponentTargetPaths;
                       
                   PrepareForRazorGenerateDependsOn = 
                         ResolveRazorConfiguration;
                         ResolveRazorGenerateInputs;
                         AssignRazorGenerateTargetPaths;
                         _ResolveGeneratedRazorCompileInputs;
                         _CheckForIncorrectMvcConfiguration;
                       
                   PrepareForRunDependsOn = 
                         _RazorPrepareForRun;
                         StaticWebAssetsPrepareForRun;
                         CopyFilesToOutputDirectory
                       
                       
                   PrepareProjectReferencesDependsOn = 
                         AssignProjectConfiguration;
                         _SplitProjectReferencesByFileExistence;
                         _GetProjectReferenceTargetFrameworkProperties;
                         _GetProjectReferencePlatformProperties
                       
                   PrepareResourceNamesDependsOn = 
                         AssignTargetPaths;
                         SplitResourcesByCulture;
                         CreateManifestResourceNames;
                         CreateCustomManifestResourceNames
                       
                   PrepareResourcesDependsOn = 
                         ResolvePackageDependenciesForBuild;
                         _HandlePackageFileConflicts;
                         
                         ;
                         PrepareResourceNames;
                         ResGen;
                         CompileLicxFiles
                       
                       
                   PreserveCompilationReferences = 
                   ProcessorArchitecture = msil
                   ProcessorArchitectureAsPlatform = AnyCPU
                   ProduceReferenceAssembly = true
                   Product = Hackathon-2025
                   ProjectAssetsCacheFile = C:\Users\austi\OneDrive\Documents\CSCD Spring25\Hackathon-2025\Hackathon-2025\obj\Debug\net8.0\Hackathon-2025.assets.cache
                   ProjectAssetsFile = C:\Users\austi\OneDrive\Documents\CSCD Spring25\Hackathon-2025\Hackathon-2025\obj\project.assets.json
                   ProjectDepsFileName = Hackathon-2025.deps.json
                   ProjectDepsFilePath = C:\Users\austi\OneDrive\Documents\CSCD Spring25\Hackathon-2025\Hackathon-2025\bin\Debug\net8.0\Hackathon-2025.deps.json
                   ProjectDesignTimeAssemblyResolutionSearchPaths = 
                         {CandidateAssemblyFiles};
                         ;
                         {HintPathFromItem};
                         {TargetFrameworkDirectory};
                         {Registry:Software\Microsoft\.NETCoreApp,v8.0,AssemblyFoldersEx};
                         {RawFileName};
                         C:\Users\austi\OneDrive\Documents\CSCD Spring25\Hackathon-2025\Hackathon-2025\bin\Debug\net8.0\
                       
                   ProjectDir = C:\Users\austi\OneDrive\Documents\CSCD Spring25\Hackathon-2025\Hackathon-2025\
                   ProjectExt = .csproj
                   ProjectFileName = Hackathon-2025.csproj
                   ProjectFlavor = Client
                   ProjectName = Hackathon-2025
                   ProjectPath = C:\Users\austi\OneDrive\Documents\CSCD Spring25\Hackathon-2025\Hackathon-2025\Hackathon-2025.csproj
                   ProjectRuntimeConfigFileName = Hackathon-2025.runtimeconfig.json
                   ProjectRuntimeConfigFilePath = C:\Users\austi\OneDrive\Documents\CSCD Spring25\Hackathon-2025\Hackathon-2025\bin\Debug\net8.0\Hackathon-2025.runtimeconfig.json
                   PublishableProject = true
                   PublishBuildDependsOn = 
                         BuildOnlySettings;
                         PrepareForBuild;
                         ResolveReferences;
                         PrepareResources;
                         ResolveKeySource;
                         GenerateSerializationAssemblies;
                         CreateSatelliteAssemblies;
                       
                   PublishCompressionFormats = ;gzip;brotli
                   PublishConfiguration = Debug
                   PublishContainerDependsOn = 
                         _ContainerVerifySDKVersion;
                         ComputeContainerConfig;
                         _CheckContainersPackage
                       
                   PublishDependsOn = 
                         SetGenerateManifests;
                         Build;
                         PublishOnly
                       
                   PublishDir = bin\Debug\net8.0\publish\
                   PublishDirName = publish
                   PublishDocumentationFile = true
                   PublishDocumentationFiles = true
                   PublishIntermediateOutputPath = C:\Users\austi\OneDrive\Documents\CSCD Spring25\Hackathon-2025\Hackathon-2025\obj\Debug\net8.0\PubTmp\Out\
                   PublishIntermediateTempPath = C:\Users\austi\OneDrive\Documents\CSCD Spring25\Hackathon-2025\Hackathon-2025\obj\Debug\net8.0\PubTmp\
                   PublishItemsOutputGroupDependsOn = 
                         ;
                         ResolveReferences;
                         ComputeResolvedFilesToPublishList;
                         _ComputeFilesToBundle;
                       
                   PublishOnlyDependsOn = 
                         SetGenerateManifests;
                         PublishBuild;
                         BeforePublish;
                         GenerateManifests;
                         CopyFilesToOutputDirectory;
                         _CopyFilesToPublishFolder;
                         _DeploymentGenerateBootstrapper;
                         ResolveKeySource;
                         _DeploymentSignClickOnceDeployment;
                         AfterPublish
                       
                   PublishProfile = Default
                   PublishProfileImported = true
                   PublishProfileName = Default
                   PublishProtocol = FileSystem
                   PublishReadyToRunComposite = false
                   PublishReadyToRunPerfmapFormatVersion = 1
                   PublishReadyToRunUseCrossgen2 = true
                   PublishReadyToRunUseRuntimePackOptimizationData = true
                   PublishReferencesDocumentationFiles = true
                   PublishRelease = true
                   PublishUrl = bin\Debug\net8.0\publish\
                   RazorCompileOnBuild = true
                   RazorCompileOnPublish = true
                   RazorCompileToolset = Implicit
                   RazorComponentGenerateDependsOn = 
                         PrepareForRazorComponentGenerate
                       
                   RazorCoreGenerateDependsOn = 
                         _HashRazorGenerateInputs;
                         _ResolveRazorGenerateOutputs;
                       
                   RazorDefaultConfiguration = MVC-3.0
                   RazorDesignTimeTargets = C:\Program Files\dotnet\sdk\9.0.100\Sdks\Microsoft.NET.Sdk.Razor\targets\Microsoft.NET.Sdk.Razor.DesignTime.targets
                   RazorGenerateDependsOn = 
                         PrepareForRazorGenerate;
                       
                   RazorGenerateIntermediateOutputPath = obj\Debug\net8.0\Razor\
                   RazorGenerateOutputFileExtension = .g.cs
                   RazorLangVersion = 8.0
                   RazorSdkBuildTasksAssembly = C:\Program Files\dotnet\sdk\9.0.100\Sdks\Microsoft.NET.Sdk.Razor\targets\..\tasks\net9.0\Microsoft.NET.Sdk.Razor.Tasks.dll
                   RazorSdkBuildTasksDirectoryRoot = C:\Program Files\dotnet\sdk\9.0.100\Sdks\Microsoft.NET.Sdk.Razor\targets\..\tasks\
                   RazorSdkCurrentVersionProps = C:\Program Files\dotnet\sdk\9.0.100\Sdks\Microsoft.NET.Sdk.Razor\Sdk\..\targets\Sdk.Razor.CurrentVersion.props
                   RazorSdkCurrentVersionTargets = C:\Program Files\dotnet\sdk\9.0.100\Sdks\Microsoft.NET.Sdk.Razor\Sdk\..\targets\Sdk.Razor.CurrentVersion.targets
                   RazorSdkDirectoryRoot = C:\Program Files\dotnet\sdk\9.0.100\Sdks\Microsoft.NET.Sdk.Razor\targets\..\
                   RazorTargetAssemblyInfo = obj\Debug\net8.0\Hackathon-2025.RazorTargetAssemblyInfo.cs
                   RazorTargetName = Hackathon-2025.Views
                   RazorTargetNameSuffix = .Views
                   RazorUpToDateReloadFileTypes = .cs;.razor;.resx;.cshtml
                   RebuildDependsOn = 
                         _SdkBeforeRebuild;
                         
                         BeforeRebuild;
                         Clean;
                         Build;
                         AfterRebuild;
                       
                       
                   RefAssembliesFolderName = refs
                   ReferenceCopyLocalPathsOutputGroupDependsOn = 
                         ;
                         
                         ;
                         BuildOnlySettings;
                         PrepareForBuild;
                         AssignTargetPaths;
                         ResolveReferences
                       
                       
                   ReportingServicesTargets = C:\Program Files\dotnet\sdk\9.0.100\\Microsoft\VisualStudio\v17.0\ReportingServices\Microsoft.ReportingServices.targets
                   ResGenDependsOn = ResolveAssemblyReferences;SplitResourcesByCulture;BeforeResGen;CoreResGen;AfterResGen
                   ResGenExecuteAsTool = false
                   ResolveAssemblyReferenceOutputUnresolvedAssemblyConflicts = true
                   ResolveAssemblyReferencesDependsOn = 
                         
                         
                         ResolveProjectReferences;
                         FindInvalidProjectReferences;
                         GetFrameworkPaths;
                         GetReferenceAssemblyPaths;
                         PrepareForBuild;
                         ResolveSDKReferences;
                         ExpandSDKReferences;
                       ;
                         ResolvePackageDependenciesForBuild;
                         _HandlePackageFileConflicts;
                       ;
                         ResolveTargetingPackAssets;
                       
                   ResolveBuildCompressedStaticWebAssetsDependsOn = 
                         GenerateBuildCompressedStaticWebAssets;
                         
                       
                   ResolveBuildRelatedStaticWebAssetsDependsOn = 
                         ResolveBuildCompressedStaticWebAssets;
                         
                         ResolveStaticWebAssetsInputs;
                         
                       
                       
                   ResolveCorePublishStaticWebAssetsDependsOn = 
                         LoadStaticWebAssetsBuildManifest;
                         ComputeReferencedProjectsEmbeddedPublishAssets;
                         ComputeReferencedProjectsPublishAssets;
                         ;
                       
                   ResolveCoreStaticWebAssetsDependsOn = 
                         
                         UpdateExistingPackageStaticWebAssets;
                         ResolveProjectStaticWebAssets;
                         ResolveEmbeddedProjectsStaticWebAssets;
                         ResolveReferencedProjectsStaticWebAssets;
                         ;
                       ;
                         ResolveJSModuleStaticWebAssets;
                         ResolveJsInitializerModuleStaticWebAssets;
                       
                   ResolvedRazorCompileToolset = RazorSdk
                   ResolveJSModuleManifestBuildStaticWebAssetsDependsOn = 
                         GenerateJSModuleManifestBuildStaticWebAssets;
                         
                       
                   ResolveJSModuleManifestPublishStaticWebAssetsDependsOn = 
                         GenerateJSModuleManifestPublishStaticWebAssets;
                         
                       
                   ResolveNuGetPackages = false
                   ResolvePackageDependenciesForBuildDependsOn = 
                         ResolveLockFileReferences;
                         ResolveLockFileAnalyzers;
                         ResolveLockFileCopyLocalFiles;
                         ResolveRuntimePackAssets;
                         RunProduceContentAssets;
                         IncludeTransitiveProjectReferences
                       
                   ResolvePublishCompressedStaticWebAssetsDependsOn = 
                         GeneratePublishCompressedStaticWebAssets;
                         
                       
                   ResolvePublishRelatedStaticWebAssetsDependsOn = 
                         ResolvePublishCompressedStaticWebAssets;
                         
                       
                   ResolvePublishStaticWebAssetsDependsOn = 
                         ResolveJSModuleManifestPublishStaticWebAssets;
                         
                         ResolveCorePublishStaticWebAssets;
                         GenerateComputedPublishStaticWebAssets;
                         ;
                       
                       
                   ResolveRazorCompileInputsDependsOn = 
                         ResolveRazorEmbeddedResources;
                       
                   ResolveReferencesDependsOn = 
                         BeforeResolveReferences;
                         AssignProjectConfiguration;
                         ResolveProjectReferences;
                         FindInvalidProjectReferences;
                         ResolveNativeReferences;
                         ResolveAssemblyReferences;
                         GenerateBindingRedirects;
                         GenerateBindingRedirectsUpdateAppConfig;
                         ResolveComReferences;
                         AfterResolveReferences
                       
                   ResolveScopedCssAssetsDependsOn = 
                       ;
                       UpdateLegacyPackageScopedCssBundles;
                       GenerateScopedCssFiles;
                       ResolveBundledCssAssets;
                     
                   ResolveScopedCssOutputsDependsOn = 
                         ;
                         ResolveCssScopes;
                       
                   ResolveSDKReferencesDependsOn = 
                         GetInstalledSDKLocations
                       
                   ResolveStaticWebAssetsInputsDependsOn = 
                         ResolveJSModuleManifestBuildStaticWebAssets;
                         
                       
                         ResolveCoreStaticWebAssets;
                         GenerateComputedBuildStaticWebAssets;
                         
                       ;
                       ResolveScopedCssAssets;
                     
                       
                   RestoreBuildInParallel = true
                   RestoreContinueOnError = WarnAndContinue
                   RestoreOutputPath = C:\Users\austi\OneDrive\Documents\CSCD Spring25\Hackathon-2025\Hackathon-2025\obj\
                   RestoreProjectStyle = PackageReference
                   RestoreRecursive = true
                   RestoreTaskAssemblyFile = NuGet.Build.Tasks.dll
                   RestoreUseSkipNonexistentTargets = true
                   RootNamespace = Hackathon_2025
                   RoslynTargetsPath = C:\Program Files\dotnet\sdk\9.0.100\Roslyn
                   RunArguments = 
                   RunCommand = C:\Users\austi\OneDrive\Documents\CSCD Spring25\Hackathon-2025\Hackathon-2025\bin\Debug\net8.0\Hackathon-2025.exe
                   RunDependsOn = 
                   RunPackageValidationDependsOn = CollectApiCompatInputs;_GetReferencePathFromInnerProjects;
                   RuntimeIdentifierGraphPath = C:\Program Files\dotnet\sdk\9.0.100/PortableRuntimeIdentifierGraph.json
                   RunWorkingDirectory = C:\Users\austi\OneDrive\Documents\CSCD Spring25\Hackathon-2025\Hackathon-2025
                   SatelliteDllsProjectOutputGroupDependenciesDependsOn = 
                         ;
                         
                         ;
                         BuildOnlySettings;
                         PrepareForBuild;
                         AssignTargetPaths;
                         ResolveReferences
                       
                       
                   SatelliteDllsProjectOutputGroupDependsOn = ;PrepareForBuild;PrepareResourceNames
                   ScopedCssEnabled = true
                   SdkAnalysisLevel = 9.0.100
                   SDKContainerSupportEnabled = true
                   SDKRedistOutputGroupDependsOn = ResolveSDKReferences;ExpandSDKReferences
                   SDKReferenceDirectoryRoot = C:\Users\austi\AppData\Local\Microsoft SDKs;C:\Program Files (x86)\Microsoft SDKs
                   SDKReferenceRegistryRoot = Software\Microsoft\Microsoft SDKs
                   SelfContained = false
                   ServerGarbageCollection = true
                   SGenFilesOutputGroupDependenciesDependsOn = 
                         ;
                         
                         ;
                         BuildOnlySettings;
                         PrepareForBuild;
                         AssignTargetPaths;
                         ResolveReferences
                       
                       
                   SGenFilesOutputGroupDependsOn = 
                   SGenShouldGenerateSerializer = true
                   SGenUseKeep = false
                   SGenUseProxyTypes = true
                   ShouldMarkCertainSDKReferencesAsRuntimeOnly = true
                   SignAssembly = false
                   SkipCopyUnchangedFiles = true
                   SkipImportNuGetBuildTargets = true
                   SkipImportNuGetProps = true
                   SolutionDir = C:\Users\austi\OneDrive\Documents\CSCD Spring25\Hackathon-2025\
                   SolutionExt = .sln
                   SolutionFileName = StarlitStories.sln
                   SolutionName = StarlitStories
                   SolutionPath = C:\Users\austi\OneDrive\Documents\CSCD Spring25\Hackathon-2025\StarlitStories.sln
                   SourceControlInformationFeatureSupported = true
                   SourceControlManagerUrlTranslationTargets = ;TranslateGitHubUrlsInSourceControlInformation;TranslateGitLabUrlsInSourceControlInformation;TranslateAzureReposGitUrlsInSourceControlInformation;TranslateBitbucketGitUrlsInSourceControlInformation
                   SourceFilesProjectOutputGroupDependsOn = PrepareForBuild;AssignTargetPaths
                   SourceLinkUrlInitializerTargets = ;_InitializeGitHubSourceLinkUrl;_InitializeGitLabSourceLinkUrl;_InitializeAzureReposGitSourceLinkUrl;_InitializeBitbucketGitSourceLinkUrl
                   SourceRootMappedPathsFeatureSupported = true
                   StaticWebAssetEndpointDefaultMediaCacheControlHeader = max-age=3600, must-revalidate
                   StaticWebAssetsEnabled = true
                   StaticWebAssetsPrepareForPublishDependsOn = 
                         ;
                         ResolveStaticWebAssetsConfiguration;
                         GenerateStaticWebAssetsPublishManifest;
                       
                   StaticWebAssetsPrepareForRunDependsOn = ;ResolveBuildStaticWebAssets;GenerateStaticWebAssetsManifest;CopyStaticWebAssetsToOutputDirectory;
                   StaticWebAssetsSdkBuildTasksAssembly = C:\Program Files\dotnet\sdk\9.0.100\Sdks\Microsoft.NET.Sdk.StaticWebAssets\targets\..\tasks\net9.0\Microsoft.NET.Sdk.StaticWebAssets.Tasks.dll
                   StaticWebAssetsSdkBuildTasksDirectoryRoot = C:\Program Files\dotnet\sdk\9.0.100\Sdks\Microsoft.NET.Sdk.StaticWebAssets\targets\..\tasks\
                   StaticWebAssetsSdkCurrentVersionProps = C:\Program Files\dotnet\sdk\9.0.100\Sdks\Microsoft.NET.Sdk.StaticWebAssets\Sdk\..\targets\Sdk.StaticWebAssets.CurrentVersion.props
                   StaticWebAssetsSdkCurrentVersionTargets = C:\Program Files\dotnet\sdk\9.0.100\Sdks\Microsoft.NET.Sdk.StaticWebAssets\Sdk\..\targets\Sdk.StaticWebAssets.CurrentVersion.targets
                   StaticWebAssetsSdkDirectoryRoot = C:\Program Files\dotnet\sdk\9.0.100\Sdks\Microsoft.NET.Sdk.StaticWebAssets\targets\..\
                   SupportedOSPlatformVersion = 
                   SupportsDeployOnBuild = true
                   SupportsRoslynComponentVersioning = true
                   SuppressDependenciesWhenPacking = false
                   SymbolPackageFormat = symbols.nupkg
                   TargetCulture = *
                   TargetDeployManifestFileName = Hackathon-2025.application
                   TargetDir = C:\Users\austi\OneDrive\Documents\CSCD Spring25\Hackathon-2025\Hackathon-2025\bin\Debug\net8.0\
                   TargetedFrameworkDir = @(_TargetedFrameworkDirectoryItem)
                   TargetedSDKArchitecture = msil
                   TargetedSDKConfiguration = Debug
                   TargetExt = .dll
                   TargetFileName = Hackathon-2025.dll
                   TargetFramework = net8.0
                   TargetFrameworkDirectory = 
                   TargetFrameworkIdentifier = .NETCoreApp
                   TargetFrameworkMoniker = .NETCoreApp,Version=v8.0
                   TargetFrameworkMonikerAssemblyAttributesPath = obj\Debug\net8.0\.NETCoreApp,Version=v8.0.AssemblyAttributes.cs
                   TargetFrameworkMonikerDisplayName = .NET 8.0
                   TargetFrameworkSDKToolsDirectory = 
                   TargetFrameworkVersion = v8.0
                   TargetLatestRuntimePatch = false
                   TargetName = Hackathon-2025
                   TargetPath = C:\Users\austi\OneDrive\Documents\CSCD Spring25\Hackathon-2025\Hackathon-2025\bin\Debug\net8.0\Hackathon-2025.dll
                   TargetPlatformDisplayName =  
                   TargetPlatformIdentifier = 
                   TargetPlatformRegistryBase = Software\Microsoft\Microsoft SDKs\
                   TargetPlatformSdkPath = 
                   TargetPlatformVersion = 
                   TargetRefPath = C:\Users\austi\OneDrive\Documents\CSCD Spring25\Hackathon-2025\Hackathon-2025\obj\Debug\net8.0\ref\Hackathon-2025.dll
                   TargetRuntime = Managed
                   TargetsForTfmSpecificContentInPackage = ;PackTool;_PackProjectToolValidation
                   TargetsNet8 = true
                   ToolCommandName = Hackathon-2025
                   ToolDepsJsonGeneratorProject = C:\Program Files\dotnet\sdk\9.0.100\Sdks\Microsoft.NET.Sdk\targets\GenerateDeps\GenerateDeps.proj
                   ToolEntryPoint = Hackathon-2025.dll
                   TreatWarningsAsErrors = true
                   UnmanagedRegistrationDependsOn = 
                   UnmanagedUnregistrationDependsOn = 
                   UnsupportedTargetFrameworkVersion = 10.0
                   UpToDateReloadFileTypes = ;.cs;.razor;.resx;.cshtml
                   UseAppHost = true
                   UseCommonOutputDirectory = false
                   UseDefaultPlatformLookupTables = true
                   UseHostCompilerIfAvailable = true
                   UseMSBuildTestInfrastructure = false
                   UseOSWinMdReferences = false
                   UseRazorBuildServer = true
                   UseRazorSourceGenerator = true
                   UseRidGraph = false
                   UserProfileRuntimeStorePath = C:\Users\austi\.dotnet\store
                   UserRuntimeConfig = C:\Users\austi\OneDrive\Documents\CSCD Spring25\Hackathon-2025\Hackathon-2025/runtimeconfig.template.json
                   UserSecretsId = 19037689-d894-4f80-8955-fdc3bf490948
                   UseSourcePath = true
                   UseStaticWebAssetsV2 = true
                   UsingMicrosoftNETSdk = true
                   UsingMicrosoftNETSdkPublish = true
                   UsingMicrosoftNETSdkRazor = true
                   UsingMicrosoftNETSdkStaticWebAssets = true
                   UsingMicrosoftNETSdkWeb = true
                   UsingMicrosoftNETSdkWebProjectSystem = true
                   UsingNETSdkDefaults = true
                   Utf8Output = true
                   ValidateRuntimeIdentifierCompatibility = false
                   VerifyMatchingImplicitPackageVersion = true
                   Version = 1.0.0
                   VersionlessImplicitFrameworkDefine = NET
                   VersionPrefix = 1.0.0
                   VisualStudioVersion = 17.0
                   VSTestConsolePath = C:\Program Files\dotnet\sdk\9.0.100\vstest.console.dll
                   VSTestNoBuild = False
                   VSTestTargets = C:\Program Files\dotnet\sdk\9.0.100\\Microsoft.TestPlatform.targets
                   VSTestTaskAssemblyFile = Microsoft.TestPlatform.Build.dll
                   VsTestUseMSBuildOutput = False
                   WarningLevel = 8
                   WarningsAsErrors = ;NU1605;SYSLIB0011
                   WarnOnPackingNonPackableProject = true
                   WebPublishMethod = FileSystem
                   WebReference_EnableLegacyEventingModel = false
                   WebReference_EnableProperties = true
                   WebReference_EnableSQLTypes = true
                   WMSJSProject = WJProject
                   WMSJSProjectDirectory = JavaScript
                   YieldDuringToolExecution = true

17:20:52.065     3>Initial Items:
                   _AllDirectoriesAbove
                       C:\
                       C:\Users
                       C:\Users\austi
                       C:\Users\austi\OneDrive
                       C:\Users\austi\OneDrive\Documents
                       C:\Users\austi\OneDrive\Documents\CSCD Spring25
                       C:\Users\austi\OneDrive\Documents\CSCD Spring25\Hackathon-2025
                       C:\Users\austi\OneDrive\Documents\CSCD Spring25\Hackathon-2025\Hackathon-2025
                       C:\Users\austi\OneDrive\Documents\CSCD Spring25\Hackathon-2025\Hackathon-2025\Controllers
                       C:\Users\austi\OneDrive\Documents\CSCD Spring25\Hackathon-2025\Hackathon-2025\Data
                       C:\Users\austi\OneDrive\Documents\CSCD Spring25\Hackathon-2025\Hackathon-2025\Migrations
                       C:\Users\austi\OneDrive\Documents\CSCD Spring25\Hackathon-2025\Hackathon-2025\Models
                       C:\Users\austi\OneDrive\Documents\CSCD Spring25\Hackathon-2025\Hackathon-2025\Models\Auth
                       C:\Users\austi\OneDrive\Documents\CSCD Spring25\Hackathon-2025\Hackathon-2025\Options
                       C:\Users\austi\OneDrive\Documents\CSCD Spring25\Hackathon-2025\Hackathon-2025\Services
                   _ApplicationManifestFinal
                       bin\Debug\net8.0\Hackathon-2025.dll.manifest
                           TargetPath = Hackathon-2025.dll.manifest
                   _ContentIncludedByDefault
                       appsettings.Development.json
                           CopyToOutputDirectory = PreserveNewest
                           ExcludeFromSingleFile = true
                           CopyToPublishDirectory = PreserveNewest
                       appsettings.json
                           CopyToOutputDirectory = PreserveNewest
                           ExcludeFromSingleFile = true
                           CopyToPublishDirectory = PreserveNewest
                       appsettings.Production.json
                           CopyToOutputDirectory = PreserveNewest
                           ExcludeFromSingleFile = true
                           CopyToPublishDirectory = PreserveNewest
                       appsettings.Staging.json
                           CopyToOutputDirectory = PreserveNewest
                           ExcludeFromSingleFile = true
                           CopyToPublishDirectory = PreserveNewest
                       ClientApp\dist\server\staticwebapp.config.json
                           CopyToOutputDirectory = PreserveNewest
                           ExcludeFromSingleFile = true
                           CopyToPublishDirectory = PreserveNewest
                       ClientApp\dist\staticwebapp.config.json
                           CopyToOutputDirectory = PreserveNewest
                           ExcludeFromSingleFile = true
                           CopyToPublishDirectory = PreserveNewest
                       ClientApp\package-lock.json
                           CopyToOutputDirectory = PreserveNewest
                           ExcludeFromSingleFile = true
                           CopyToPublishDirectory = PreserveNewest
                       ClientApp\package.json
                           CopyToOutputDirectory = PreserveNewest
                           ExcludeFromSingleFile = true
                           CopyToPublishDirectory = PreserveNewest
                       ClientApp\public\staticwebapp.config.json
                           CopyToOutputDirectory = PreserveNewest
                           ExcludeFromSingleFile = true
                           CopyToPublishDirectory = PreserveNewest
                       ClientApp\staticwebapp.prod.config.json
                           CopyToOutputDirectory = PreserveNewest
                           ExcludeFromSingleFile = true
                           CopyToPublishDirectory = PreserveNewest
                       ClientApp\staticwebapp.staging.config.json
                           CopyToOutputDirectory = PreserveNewest
                           ExcludeFromSingleFile = true
                           CopyToPublishDirectory = PreserveNewest
                       package-lock.json
                           CopyToOutputDirectory = PreserveNewest
                           ExcludeFromSingleFile = true
                           CopyToPublishDirectory = PreserveNewest
                       package.json
                           CopyToOutputDirectory = PreserveNewest
                           ExcludeFromSingleFile = true
                           CopyToPublishDirectory = PreserveNewest
                   _DebugSymbolsIntermediatePath
                       obj\Debug\net8.0\Hackathon-2025.pdb
                   _DebugSymbolsOutputPath
                       bin\Debug\net8.0\Hackathon-2025.pdb
                   _DeploymentManifestEntryPoint
                       obj\Debug\net8.0\Hackathon-2025.dll
                           TargetPath = Hackathon-2025.dll
                   _EolNetCoreTargetFrameworkVersions
                       1.0
                       1.1
                       2.0
                       2.1
                       2.2
                       3.0
                       3.1
                       5.0
                       7.0
                   _ExcludedKnownRuntimeIdentiferPlatforms
                       rhel.6
                       rhel.6
                       rhel.6
                       rhel.6
                       rhel.6
                       rhel.6
                       rhel.6
                       rhel.6
                       rhel.6
                       rhel.6
                       rhel.6
                       rhel.6
                       rhel.6
                       rhel.6
                       rhel.6
                       rhel.6
                       tizen.4.0.0
                       tizen.4.0.0
                       tizen.4.0.0
                       tizen.4.0.0
                       tizen.4.0.0
                       tizen.4.0.0
                       tizen.4.0.0
                       tizen.4.0.0
                       tizen.4.0.0
                       tizen.4.0.0
                       tizen.4.0.0
                       tizen.4.0.0
                       tizen.4.0.0
                       tizen.4.0.0
                       tizen.4.0.0
                       tizen.4.0.0
                       tizen.5.0.0
                       tizen.5.0.0
                       tizen.5.0.0
                       tizen.5.0.0
                       tizen.5.0.0
                       tizen.5.0.0
                       tizen.5.0.0
                       tizen.5.0.0
                       tizen.5.0.0
                       tizen.5.0.0
                       tizen.5.0.0
                       tizen.5.0.0
                       tizen.5.0.0
                       tizen.5.0.0
                       tizen.5.0.0
                       tizen.5.0.0
                   _KnownRuntimeIdentiferPlatforms
                       any
                       any
                       any
                       any
                       any
                       any
                       any
                       any
                       any
                       any
                       any
                       any
                       any
                       any
                       any
                       aot
                       aot
                       aot
                       aot
                       aot
                       aot
                       aot
                       aot
                       aot
                       aot
                       aot
                       aot
                       aot
                       aot
                       aot
                       freebsd
                       freebsd
                       freebsd
                       freebsd
                       freebsd
                       freebsd
                       freebsd
                       freebsd
                       freebsd
                       freebsd
                       freebsd
                       freebsd
                       freebsd
                       freebsd
                       freebsd
                       illumos
                       illumos
                       illumos
                       illumos
                       illumos
                       illumos
                       illumos
                       illumos
                       illumos
                       illumos
                       illumos
                       illumos
                       illumos
                       illumos
                       illumos
                       solaris
                       solaris
                       solaris
                       solaris
                       solaris
                       solaris
                       solaris
                       solaris
                       solaris
                       solaris
                       solaris
                       solaris
                       solaris
                       solaris
                       solaris
                       unix
                       unix
                       unix
                       unix
                       unix
                       unix
                       unix
                       unix
                       unix
                       unix
                       unix
                       unix
                       unix
                       unix
                       unix
                   _OutputPathItem
                       bin\Debug\net8.0\
                   _RazorDebugSymbolsIntermediatePath
                       obj\Debug\net8.0\Hackathon-2025.Views.pdb
                   _ResolveComReferenceCache
                       obj\Debug\net8.0\Hackathon-2025.csproj.ResolveComReference.cache
                   _StaticWebAssetCanonicalMetadata
                       AssetKind
                       AssetMergeBehavior
                       AssetMergeSource
                       AssetMode
                       AssetRole
                       AssetTraitName
                       AssetTraitValue
                       BasePath
                       ContentRoot
                       CopyToOutputDirectory
                       CopyToPublishDirectory
                       Fingerprint
                       Integrity
                       OriginalItemSpec
                       RelatedAsset
                       RelativePath
                       SourceId
                       SourceType
                   _StaticWebAssetDiscoveryPatternCanonicalMetadata
                       BasePath
                       ContentRoot
                       Pattern
                       Source
                   _StaticWebAssetEmbeddedProjectConfigurationCanonicalMetadata
                       AdditionalEmbeddedBuildProperties
                       AdditionalEmbeddedBuildPropertiesToRemove
                       AdditionalEmbeddedPublishProperties
                       AdditionalEmbeddedPublishPropertiesToRemove
                       GetEmbeddedBuildAssetsTargets
                       GetEmbeddedPublishAssetsTargets
                       Source
                       TargetFramework
                       Version
                   _StaticWebAssetEndpointCanonicalMetadata
                       AssetFile
                       EndpointProperties
                       ResponseHeaders
                       Selectors
                   _StaticWebAssetProjectConfigurationCanonicalMetadata
                       AdditionalBuildProperties
                       AdditionalBuildPropertiesToRemove
                       AdditionalPublishProperties
                       AdditionalPublishPropertiesToRemove
                       GetBuildAssetsTargets
                       GetPublishAssetsTargets
                       Source
                       TargetFramework
                       Version
                   _UnmanagedRegistrationCache
                       C:\Users\austi\OneDrive\Documents\CSCD Spring25\Hackathon-2025\Hackathon-2025\obj\Hackathon-2025.csproj.UnmanagedRegistration.cache
                   _ValidProjectsForRestore
                       C:\Users\austi\OneDrive\Documents\CSCD Spring25\Hackathon-2025\Hackathon-2025\Hackathon-2025.csproj
                   _WebToolingArtifacts
                       Properties\launchSettings.json
                   AdditionalProbingPath
                       C:\Users\austi\.dotnet\store\|arch|\|tfm|
                   AdditionalTargetFrameworkInfoProperty
                       _IsExecutable
                       _SelfContainedWasSpecified
                       IsRidAgnostic
                       SelfContained
                       ShouldBeValidatedAsExecutableReference
                   Analyzer
                       C:\Program Files\dotnet\sdk\9.0.100\Sdks\Microsoft.NET.Sdk.Web\analyzers\cs\Microsoft.AspNetCore.Analyzers.dll
                           IsImplicitlyDefined = true
                       C:\Program Files\dotnet\sdk\9.0.100\Sdks\Microsoft.NET.Sdk.Web\analyzers\cs\Microsoft.AspNetCore.Mvc.Analyzers.dll
                           IsImplicitlyDefined = true
                       C:\Program Files\dotnet\sdk\9.0.100\Sdks\Microsoft.NET.Sdk\targets\..\analyzers\Microsoft.CodeAnalysis.CSharp.NetAnalyzers.dll
                           IsImplicitlyDefined = true
                       C:\Program Files\dotnet\sdk\9.0.100\Sdks\Microsoft.NET.Sdk\targets\..\analyzers\Microsoft.CodeAnalysis.NetAnalyzers.dll
                           IsImplicitlyDefined = true
                   AppConfigFileDestination
                       bin\Debug\net8.0\Hackathon-2025.dll.config
                   ApplicationManifest
                       obj\Debug\net8.0\Hackathon-2025.dll.manifest
                           TargetPath = Hackathon-2025.dll.manifest
                   BuiltProjectOutputGroupKeyOutput
                       C:\Users\austi\OneDrive\Documents\CSCD Spring25\Hackathon-2025\Hackathon-2025\obj\Debug\net8.0\Hackathon-2025.dll
                           IsKeyOutput = true
                           FinalOutputPath = C:\Users\austi\OneDrive\Documents\CSCD Spring25\Hackathon-2025\Hackathon-2025\bin\Debug\net8.0\Hackathon-2025.dll
                           TargetPath = Hackathon-2025.dll
                   ClsidMap
                       obj\Debug\net8.0\Hackathon-2025.clsidmap
                   Compile
                       Controllers\AdminController.cs
                       Controllers\AuthController.cs
                       Controllers\BlobTestController.cs
                       Controllers\ConfigController.cs
                       Controllers\FeedbackController.cs
                       Controllers\ImageController.cs
                       Controllers\PaymentController.cs
                       Controllers\ProfileController.cs
                       Controllers\SavedCharacterController.cs
                       Controllers\ShareController.cs
                       Controllers\StoryController.cs
                       Controllers\UsersController.cs
                       Data\AppDbContext.cs
                       Migrations\20250724190712_InitialSqlServerMigration.cs
                       Migrations\20250724190712_InitialSqlServerMigration.Designer.cs
                       Migrations\20250724213731_AddPasswordResetFields.cs
                       Migrations\20250724213731_AddPasswordResetFields.Designer.cs
                       Migrations\20250812201616_AddEmailVerification.cs
                       Migrations\20250812201616_AddEmailVerification.Designer.cs
                       Migrations\20250814231518_AddProfileImageToUsers.cs
                       Migrations\20250814231518_AddProfileImageToUsers.Designer.cs
                       Migrations\20250822193109_AddPortableBillingFields.cs
                       Migrations\20250822193109_AddPortableBillingFields.Designer.cs
                       Migrations\20250822200753_MakeStoryPageRequiredWithCascade.cs
                       Migrations\20250822200753_MakeStoryPageRequiredWithCascade.Designer.cs
                       Migrations\20250904233612_AddCarryoverCreditsAndPeriodStart.cs
                       Migrations\20250904233612_AddCarryoverCreditsAndPeriodStart.Designer.cs
                       Migrations\20250909212030_AddProcessedWebhook.cs
                       Migrations\20250909212030_AddProcessedWebhook.Designer.cs
                       Migrations\20250909220224_AddStoryShare.cs
                       Migrations\20250909220224_AddStoryShare.Designer.cs
                       Migrations\20250909233648_ReconcileModelAfterMerge.cs
                       Migrations\20250909233648_ReconcileModelAfterMerge.Designer.cs
                       Migrations\20250916215514_AddUsernameAndIndex.cs
                       Migrations\20250916215514_AddUsernameAndIndex.Designer.cs
                       Migrations\20250917035328_AddFenceIndexAndPruneProc.cs
                       Migrations\20250917035328_AddFenceIndexAndPruneProc.Designer.cs
                       Migrations\20250917202752_AddUserCancelAtUtc.cs
                       Migrations\20250917202752_AddUserCancelAtUtc.Designer.cs
                       Migrations\20251119004419_ConvertMembershipToEnum.cs
                       Migrations\20251119004419_ConvertMembershipToEnum.Designer.cs
                       Migrations\20251119005204_NormalizeMembershipValues.cs
                       Migrations\20251119005204_NormalizeMembershipValues.Designer.cs
                       Migrations\20260307001753_AddSavedCharacter.cs
                       Migrations\20260307001753_AddSavedCharacter.Designer.cs
                       Migrations\20260307002655_AllowFiveSavedCharacters.cs
                       Migrations\20260307002655_AllowFiveSavedCharacters.Designer.cs
                       Migrations\20260317120000_AddStoryRequestMetadata.cs
                       Migrations\AppDbContextModelSnapshot.cs
                       Migrations\MakeStoryPageRequiredWithCascade.cs
                       Models\Auth\LoginRequest.cs
                       Models\Auth\SignupRequest.cs
                       Models\AuthRequest.cs
                       Models\AuthResponse.cs
                       Models\BuyCreditsRequest.cs
                       Models\CharacterSpec.cs
                       Models\CheckoutRequest.cs
                       Models\CreditsOptions.cs
                       Models\Enums.cs
                       Models\FeedbackDto.cs
                       Models\ForgotPasswordRequest.cs
                       Models\ImageBatchRequest.cs
                       Models\OpenAISettings.cs
                       Models\ProcessedWebhook.cs
                       Models\ProgressUpdate.cs
                       Models\PublicPricingResponse.cs
                       Models\ResendVerificationRequest.cs
                       Models\ResetPasswordRequest.cs
                       Models\SavedCharacter.cs
                       Models\Story.cs
                       Models\StoryOptions.cs
                       Models\StoryPage.cs
                       Models\StoryPageDto.cs
                       Models\StoryRequest.cs
                       Models\StoryResult.cs
                       Models\StoryShare.cs
                       Models\StripeSettings.cs
                       Models\User.cs
                       Models\VerifyEmailRequest.cs
                       Options\AdminOptions.cs
                       Options\AppOptions.cs
                       Options\AzureBlobStorageOptions.cs
                       Options\BillingOptions.cs
                       Options\EmailOptions.cs
                       Options\JwtOptions.cs
                       Options\OpenAIOptions.cs
                       Options\StripeOptions.cs
                       Options\TurnstileOptions.cs
                       Program.cs
                       PromptBuilder.cs
                       Services\AdminAccessService.cs
                       Services\BlobUploadService.cs
                       Services\EmailService.cs
                       Services\IAdminAccessService.cs
                       Services\IEmailService.cs
                       Services\IImageGeneratorService.cs
                       Services\IPaymentGateway.cs
                       Services\IPeriodService.cs
                       Services\IProgressBroker.cs
                       Services\IQuotaService.cs
                       Services\IStoryGeneratorService.cs
                       Services\ITurnstileService.cs
                       Services\LocalImageGeneratorService.cs
                       Services\MembershipEntitlements.cs
                       Services\OpenAIImageGeneratorService.cs
                       Services\PeriodService.cs
                       Services\PngImageInspector.cs
                       Services\ProgressBroker.cs
                       Services\QuotaService.cs
                       Services\StoryGenerator.cs
                       Services\StripeGateway.cs
                       Services\SuspiciousImageGenerationException.cs
                       Services\TurnstileService.cs
                       Services\UsernameRules.cs
                   CompilerVisibleProperty
                       _SupportedPlatformList
                       EnableComHosting
                       EnableGeneratedComInterfaceComImportInterop
                       EnforceExtendedAnalyzerRules
                       InvariantGlobalization
                       PlatformNeutralAssembly
                       ProjectDir
                       ProjectTypeGuids
                       RootNamespace
                       TargetFramework
                       TargetPlatformMinVersion
                       UsingMicrosoftNETSdkWeb
                   Content
                       appsettings.Development.json
                           CopyToOutputDirectory = PreserveNewest
                           ExcludeFromSingleFile = true
                           CopyToPublishDirectory = PreserveNewest
                       appsettings.json
                           CopyToOutputDirectory = PreserveNewest
                           ExcludeFromSingleFile = true
                           CopyToPublishDirectory = PreserveNewest
                       appsettings.Production.json
                           CopyToOutputDirectory = PreserveNewest
                           ExcludeFromSingleFile = true
                           CopyToPublishDirectory = PreserveNewest
                       appsettings.Staging.json
                           CopyToOutputDirectory = PreserveNewest
                           ExcludeFromSingleFile = true
                           CopyToPublishDirectory = PreserveNewest
                       ClientApp\dist\server\staticwebapp.config.json
                           CopyToOutputDirectory = PreserveNewest
                           ExcludeFromSingleFile = true
                           CopyToPublishDirectory = PreserveNewest
                       ClientApp\dist\staticwebapp.config.json
                           CopyToOutputDirectory = PreserveNewest
                           ExcludeFromSingleFile = true
                           CopyToPublishDirectory = PreserveNewest
                       ClientApp\package-lock.json
                           CopyToOutputDirectory = PreserveNewest
                           ExcludeFromSingleFile = true
                           CopyToPublishDirectory = PreserveNewest
                       ClientApp\package.json
                           CopyToOutputDirectory = PreserveNewest
                           ExcludeFromSingleFile = true
                           CopyToPublishDirectory = PreserveNewest
                       ClientApp\public\staticwebapp.config.json
                           CopyToOutputDirectory = PreserveNewest
                           ExcludeFromSingleFile = true
                           CopyToPublishDirectory = PreserveNewest
                       ClientApp\staticwebapp.prod.config.json
                           CopyToOutputDirectory = PreserveNewest
                           ExcludeFromSingleFile = true
                           CopyToPublishDirectory = PreserveNewest
                       ClientApp\staticwebapp.staging.config.json
                           CopyToOutputDirectory = PreserveNewest
                           ExcludeFromSingleFile = true
                           CopyToPublishDirectory = PreserveNewest
                       package-lock.json
                           CopyToOutputDirectory = PreserveNewest
                           ExcludeFromSingleFile = true
                           CopyToPublishDirectory = PreserveNewest
                       package.json
                           CopyToOutputDirectory = PreserveNewest
                           ExcludeFromSingleFile = true
                           CopyToPublishDirectory = PreserveNewest
                   CopyUpToDateMarker
                       C:\Users\austi\OneDrive\Documents\CSCD Spring25\Hackathon-2025\Hackathon-2025\obj\Debug\net8.0\Hackatho.4E687FAD.Up2Date
                   CreateDirectory
                       C:\Users\austi\OneDrive\Documents\CSCD Spring25\Hackathon-2025\Hackathon-2025\obj\Debug\net8.0\refint\
                       obj\Debug\net8.0\ref
                   DebugSymbolsProjectOutputGroupOutput
                       C:\Users\austi\OneDrive\Documents\CSCD Spring25\Hackathon-2025\Hackathon-2025\obj\Debug\net8.0\Hackathon-2025.pdb
                           FinalOutputPath = C:\Users\austi\OneDrive\Documents\CSCD Spring25\Hackathon-2025\Hackathon-2025\bin\Debug\net8.0\Hackathon-2025.pdb
                           TargetPath = Hackathon-2025.pdb
                   DeployManifest
                       obj\Debug\net8.0\Hackathon-2025.application
                           TargetPath = Hackathon-2025.application
                   EmbedInBinlog
                       C:\Users\austi\OneDrive\Documents\CSCD Spring25\Hackathon-2025\Hackathon-2025\obj\project.assets.json
                   Folder
                       ClientApp\src\assets\social\
                       ClientApp\src\assets\vision\
                   FrameworkReference
                       Microsoft.AspNetCore.App
                           IsImplicitlyDefined = true
                       Microsoft.NETCore.App
                           IsImplicitlyDefined = true
                           PrivateAssets = All
                           Pack = false
                   GenerateRuntimeConfigurationFilesInputs
                       C:\Users\austi\OneDrive\Documents\CSCD Spring25\Hackathon-2025\Hackathon-2025\obj\Debug\net8.0\Hackathon-2025.assets.cache
                       C:\Users\austi\OneDrive\Documents\CSCD Spring25\Hackathon-2025\Hackathon-2025\obj\project.assets.json
                   GlobalAnalyzerConfigFiles
                       C:\.globalconfig
                       C:\Users\.globalconfig
                       C:\Users\austi\.globalconfig
                       C:\Users\austi\OneDrive\.globalconfig
                       C:\Users\austi\OneDrive\Documents\.globalconfig
                       C:\Users\austi\OneDrive\Documents\CSCD Spring25\.globalconfig
                       C:\Users\austi\OneDrive\Documents\CSCD Spring25\Hackathon-2025\.globalconfig
                       C:\Users\austi\OneDrive\Documents\CSCD Spring25\Hackathon-2025\Hackathon-2025\.globalconfig
                       C:\Users\austi\OneDrive\Documents\CSCD Spring25\Hackathon-2025\Hackathon-2025\Controllers\.globalconfig
                       C:\Users\austi\OneDrive\Documents\CSCD Spring25\Hackathon-2025\Hackathon-2025\Data\.globalconfig
                       C:\Users\austi\OneDrive\Documents\CSCD Spring25\Hackathon-2025\Hackathon-2025\Migrations\.globalconfig
                       C:\Users\austi\OneDrive\Documents\CSCD Spring25\Hackathon-2025\Hackathon-2025\Models\.globalconfig
                       C:\Users\austi\OneDrive\Documents\CSCD Spring25\Hackathon-2025\Hackathon-2025\Models\Auth\.globalconfig
                       C:\Users\austi\OneDrive\Documents\CSCD Spring25\Hackathon-2025\Hackathon-2025\Options\.globalconfig
                       C:\Users\austi\OneDrive\Documents\CSCD Spring25\Hackathon-2025\Hackathon-2025\Services\.globalconfig
                   ImplicitPackageReferenceVersion
                       Microsoft.AspNetCore.All
                           LatestVersion = 2.1.30
                           DefaultVersion = 2.1.1
                           TargetFrameworkVersion = 2.1
                       Microsoft.AspNetCore.All
                           LatestVersion = 2.2.8
                           DefaultVersion = 2.2.0
                           TargetFrameworkVersion = 2.2
                       Microsoft.AspNetCore.App
                           LatestVersion = 2.1.30
                           DefaultVersion = 2.1.1
                           TargetFrameworkVersion = 2.1
                       Microsoft.AspNetCore.App
                           LatestVersion = 2.2.8
                           DefaultVersion = 2.2.0
                           TargetFrameworkVersion = 2.2
                       Microsoft.NETCore.App
                           LatestVersion = 1.0.16
                           DefaultVersion = 1.0.5
                           TargetFrameworkVersion = 1.0
                       Microsoft.NETCore.App
                           LatestVersion = 1.1.13
                           DefaultVersion = 1.1.2
                           TargetFrameworkVersion = 1.1
                       Microsoft.NETCore.App
                           LatestVersion = 2.0.9
                           DefaultVersion = 2.0.0
                           TargetFrameworkVersion = 2.0
                       Microsoft.NETCore.App
                           LatestVersion = 2.1.30
                           DefaultVersion = 2.1.0
                           TargetFrameworkVersion = 2.1
                       Microsoft.NETCore.App
                           LatestVersion = 2.2.8
                           DefaultVersion = 2.2.0
                           TargetFrameworkVersion = 2.2
                   IntermediateAssembly
                       obj\Debug\net8.0\Hackathon-2025.dll
                   IntermediateRefAssembly
                       obj\Debug\net8.0\refint\Hackathon-2025.dll
                   KnownAppHostPack
                       Microsoft.NETCore.App
                           ExcludedRuntimeIdentifiers = android
                           AppHostRuntimeIdentifiers = linux-arm;linux-arm64;linux-musl-arm64;linux-musl-x64;linux-x64;osx-x64;rhel.6-x64;tizen.4.0.0-armel;tizen.5.0.0-armel;win-arm64;win-x64;win-x86;linux-musl-arm;osx-arm64;linux-s390x;linux-loongarch64;linux-bionic-arm;linux-bionic-arm64;linux-bionic-x64;linux-bionic-x86;linux-ppc64le;freebsd-x64;freebsd-arm64;linux-riscv64;linux-musl-riscv64;linux-musl-loongarch64
                           TargetFramework = net9.0
                           AppHostPackNamePattern = Microsoft.NETCore.App.Host.**RID**
                           AppHostPackVersion = 9.0.0
                       Microsoft.NETCore.App
                           ExcludedRuntimeIdentifiers = android
                           AppHostRuntimeIdentifiers = linux-arm;linux-arm64;linux-musl-arm64;linux-musl-x64;linux-x64;osx-x64;rhel.6-x64;tizen.4.0.0-armel;tizen.5.0.0-armel;win-arm64;win-x64;win-x86;linux-musl-arm;osx-arm64;linux-s390x;linux-loongarch64;linux-bionic-arm;linux-bionic-arm64;linux-bionic-x64;linux-bionic-x86;linux-ppc64le;freebsd-x64;freebsd-arm64
                           TargetFramework = net8.0
                           AppHostPackNamePattern = Microsoft.NETCore.App.Host.**RID**
                           AppHostPackVersion = 8.0.11
                       Microsoft.NETCore.App
                           ExcludedRuntimeIdentifiers = android
                           AppHostRuntimeIdentifiers = linux-arm;linux-arm64;linux-musl-arm64;linux-musl-x64;linux-x64;osx-x64;rhel.6-x64;tizen.4.0.0-armel;tizen.5.0.0-armel;win-arm;win-arm64;win-x64;win-x86;linux-musl-arm;osx-arm64;linux-s390x;linux-loongarch64;linux-bionic-arm;linux-bionic-arm64;linux-bionic-x64;linux-bionic-x86;linux-ppc64le
                           TargetFramework = net7.0
                           AppHostPackNamePattern = Microsoft.NETCore.App.Host.**RID**
                           AppHostPackVersion = 7.0.20
                       Microsoft.NETCore.App
                           ExcludedRuntimeIdentifiers = android
                           AppHostRuntimeIdentifiers = linux-arm;linux-arm64;linux-musl-arm64;linux-musl-x64;linux-x64;osx-x64;rhel.6-x64;tizen.4.0.0-armel;tizen.5.0.0-armel;win-arm;win-arm64;win-x64;win-x86;linux-musl-arm;osx-arm64;linux-s390x;linux-loongarch64
                           TargetFramework = net6.0
                           AppHostPackNamePattern = Microsoft.NETCore.App.Host.**RID**
                           AppHostPackVersion = 6.0.36
                       Microsoft.NETCore.App
                           AppHostRuntimeIdentifiers = linux-arm;linux-arm64;linux-musl-arm64;linux-musl-x64;linux-x64;osx-x64;rhel.6-x64;tizen.4.0.0-armel;tizen.5.0.0-armel;win-arm;win-arm64;win-x64;win-x86;linux-musl-arm
                           TargetFramework = net5.0
                           AppHostPackNamePattern = Microsoft.NETCore.App.Host.**RID**
                           AppHostPackVersion = 5.0.17
                       Microsoft.NETCore.App
                           AppHostRuntimeIdentifiers = linux-arm;linux-arm64;linux-musl-arm64;linux-musl-x64;linux-x64;osx-x64;rhel.6-x64;tizen.4.0.0-armel;tizen.5.0.0-armel;win-arm;win-arm64;win-x64;win-x86
                           TargetFramework = netcoreapp3.1
                           AppHostPackNamePattern = Microsoft.NETCore.App.Host.**RID**
                           AppHostPackVersion = 3.1.32
                       Microsoft.NETCore.App
                           AppHostRuntimeIdentifiers = linux-arm;linux-arm64;linux-musl-arm64;linux-musl-x64;linux-x64;osx-x64;rhel.6-x64;tizen.4.0.0-armel;tizen.5.0.0-armel;win-arm;win-arm64;win-x64;win-x86
                           TargetFramework = netcoreapp3.0
                           AppHostPackNamePattern = Microsoft.NETCore.App.Host.**RID**
                           AppHostPackVersion = 3.0.3
                   KnownCrossgen2Pack
                       Microsoft.NETCore.App.Crossgen2
                           Crossgen2RuntimeIdentifiers = linux-musl-x64;linux-x64;win-x64;linux-arm;linux-arm64;linux-musl-arm;linux-musl-arm64;osx-arm64;osx-x64;win-arm64;win-x86;freebsd-x64;freebsd-arm64;linux-riscv64;linux-musl-riscv64;linux-loongarch64;linux-musl-loongarch64
                           TargetFramework = net9.0
                           Crossgen2PackNamePattern = Microsoft.NETCore.App.Crossgen2.**RID**
                           Crossgen2PackVersion = 9.0.0
                       Microsoft.NETCore.App.Crossgen2
                           Crossgen2RuntimeIdentifiers = linux-musl-x64;linux-x64;win-x64;linux-arm;linux-arm64;linux-musl-arm;linux-musl-arm64;osx-arm64;osx-x64;win-arm64;win-x86;freebsd-x64;freebsd-arm64
                           TargetFramework = net8.0
                           Crossgen2PackNamePattern = Microsoft.NETCore.App.Crossgen2.**RID**
                           Crossgen2PackVersion = 8.0.11
                       Microsoft.NETCore.App.Crossgen2
                           Crossgen2RuntimeIdentifiers = linux-musl-x64;linux-x64;win-x64;linux-arm;linux-arm64;linux-musl-arm;linux-musl-arm64;osx-arm64;osx-x64;win-arm;win-arm64;win-x86
                           TargetFramework = net7.0
                           Crossgen2PackNamePattern = Microsoft.NETCore.App.Crossgen2.**RID**
                           Crossgen2PackVersion = 7.0.20
                       Microsoft.NETCore.App.Crossgen2
                           Crossgen2RuntimeIdentifiers = linux-musl-x64;linux-x64;win-x64;linux-arm;linux-arm64;linux-musl-arm;linux-musl-arm64;osx-arm64;osx-x64;win-arm;win-arm64;win-x86
                           TargetFramework = net6.0
                           Crossgen2PackNamePattern = Microsoft.NETCore.App.Crossgen2.**RID**
                           Crossgen2PackVersion = 6.0.36
                       Microsoft.NETCore.App.Crossgen2
                           Crossgen2RuntimeIdentifiers = linux-musl-x64;linux-x64;win-x64
                           TargetFramework = net5.0
                           Crossgen2PackNamePattern = Microsoft.NETCore.App.Crossgen2.**RID**
                           Crossgen2PackVersion = 5.0.17
                   KnownFrameworkReference
                       Microsoft.AspNetCore.App
                           TargetFramework = net7.0
                           DefaultRuntimeFrameworkVersion = 7.0.0
                           TargetingPackName = Microsoft.AspNetCore.App.Ref
                           LatestRuntimeFrameworkVersion = 7.0.20
                           RuntimePackExcludedRuntimeIdentifiers = android
                           RuntimePackRuntimeIdentifiers = win-x64;win-x86;win-arm;osx-x64;linux-musl-x64;linux-musl-arm64;linux-x64;linux-arm;linux-arm64;linux-musl-arm;win-arm64;osx-arm64;linux-s390x;linux-loongarch64;linux-ppc64le
                           RuntimePackNamePatterns = Microsoft.AspNetCore.App.Runtime.**RID**
                           TargetingPackVersion = 7.0.20
                           RuntimeFrameworkName = Microsoft.AspNetCore.App
                       Microsoft.AspNetCore.App
                           TargetFramework = net5.0
                           DefaultRuntimeFrameworkVersion = 5.0.0
                           TargetingPackName = Microsoft.AspNetCore.App.Ref
                           LatestRuntimeFrameworkVersion = 5.0.17
                           RuntimePackRuntimeIdentifiers = win-x64;win-x86;win-arm;osx-x64;linux-musl-x64;linux-musl-arm64;linux-x64;linux-arm;linux-arm64;linux-musl-arm;win-arm64
                           RuntimePackNamePatterns = Microsoft.AspNetCore.App.Runtime.**RID**
                           TargetingPackVersion = 5.0.0
                           RuntimeFrameworkName = Microsoft.AspNetCore.App
                       Microsoft.AspNetCore.App
                           TargetFramework = net9.0
                           DefaultRuntimeFrameworkVersion = 9.0.0
                           TargetingPackName = Microsoft.AspNetCore.App.Ref
                           LatestRuntimeFrameworkVersion = 9.0.0
                           RuntimePackExcludedRuntimeIdentifiers = android;linux-bionic
                           RuntimePackRuntimeIdentifiers = win-x64;win-x86;osx-x64;linux-musl-x64;linux-musl-arm64;linux-x64;linux-arm;linux-arm64;linux-musl-arm;win-arm64;osx-arm64;linux-s390x;linux-loongarch64;linux-ppc64le;freebsd-x64;freebsd-arm64;linux-riscv64;linux-musl-riscv64;linux-loongarch64;linux-musl-loongarch64
                           RuntimePackNamePatterns = Microsoft.AspNetCore.App.Runtime.**RID**
                           TargetingPackVersion = 9.0.0
                           RuntimeFrameworkName = Microsoft.AspNetCore.App
                       Microsoft.AspNetCore.App
                           TargetFramework = net6.0
                           DefaultRuntimeFrameworkVersion = 6.0.0
                           TargetingPackName = Microsoft.AspNetCore.App.Ref
                           LatestRuntimeFrameworkVersion = 6.0.36
                           RuntimePackRuntimeIdentifiers = win-x64;win-x86;win-arm;osx-x64;linux-musl-x64;linux-musl-arm64;linux-x64;linux-arm;linux-arm64;linux-musl-arm;win-arm64;osx-arm64;linux-s390x;linux-loongarch64
                           RuntimePackNamePatterns = Microsoft.AspNetCore.App.Runtime.**RID**
                           TargetingPackVersion = 6.0.36
                           RuntimeFrameworkName = Microsoft.AspNetCore.App
                       Microsoft.AspNetCore.App
                           TargetFramework = netcoreapp3.0
                           DefaultRuntimeFrameworkVersion = 3.0.0
                           TargetingPackName = Microsoft.AspNetCore.App.Ref
                           LatestRuntimeFrameworkVersion = 3.0.3
                           RuntimePackRuntimeIdentifiers = win-x64;win-x86;win-arm;osx-x64;linux-musl-x64;linux-musl-arm64;linux-x64;linux-arm;linux-arm64
                           RuntimePackNamePatterns = Microsoft.AspNetCore.App.Runtime.**RID**
                           TargetingPackVersion = 3.0.1
                           RuntimeFrameworkName = Microsoft.AspNetCore.App
                       Microsoft.AspNetCore.App
                           TargetFramework = net8.0
                           DefaultRuntimeFrameworkVersion = 8.0.0
                           TargetingPackName = Microsoft.AspNetCore.App.Ref
                           LatestRuntimeFrameworkVersion = 8.0.11
                           RuntimePackExcludedRuntimeIdentifiers = android;linux-bionic
                           RuntimePackRuntimeIdentifiers = win-x64;win-x86;osx-x64;linux-musl-x64;linux-musl-arm64;linux-x64;linux-arm;linux-arm64;linux-musl-arm;win-arm64;osx-arm64;linux-s390x;linux-loongarch64;linux-ppc64le;freebsd-x64;freebsd-arm64
                           RuntimePackNamePatterns = Microsoft.AspNetCore.App.Runtime.**RID**
                           TargetingPackVersion = 8.0.11
                           RuntimeFrameworkName = Microsoft.AspNetCore.App
                       Microsoft.AspNetCore.App
                           TargetFramework = netcoreapp3.1
                           DefaultRuntimeFrameworkVersion = 3.1.0
                           TargetingPackName = Microsoft.AspNetCore.App.Ref
                           LatestRuntimeFrameworkVersion = 3.1.32
                           RuntimePackRuntimeIdentifiers = win-x64;win-x86;win-arm;osx-x64;linux-musl-x64;linux-musl-arm64;linux-x64;linux-arm;linux-arm64
                           RuntimePackNamePatterns = Microsoft.AspNetCore.App.Runtime.**RID**
                           TargetingPackVersion = 3.1.10
                           RuntimeFrameworkName = Microsoft.AspNetCore.App
                       Microsoft.NETCore.App
                           TargetFramework = netcoreapp3.1
                           DefaultRuntimeFrameworkVersion = 3.1.0
                           TargetingPackName = Microsoft.NETCore.App.Ref
                           LatestRuntimeFrameworkVersion = 3.1.32
                           RuntimePackRuntimeIdentifiers = linux-arm;linux-arm64;linux-musl-arm64;linux-musl-x64;linux-x64;osx-x64;rhel.6-x64;tizen.4.0.0-armel;tizen.5.0.0-armel;win-arm;win-arm64;win-x64;win-x86
                           RuntimePackNamePatterns = Microsoft.NETCore.App.Runtime.**RID**
                           TargetingPackVersion = 3.1.0
                           IsTrimmable = true
                           RuntimeFrameworkName = Microsoft.NETCore.App
                       Microsoft.NETCore.App
                           TargetFramework = netcoreapp3.0
                           DefaultRuntimeFrameworkVersion = 3.0.0
                           TargetingPackName = Microsoft.NETCore.App.Ref
                           LatestRuntimeFrameworkVersion = 3.0.3
                           RuntimePackRuntimeIdentifiers = linux-arm;linux-arm64;linux-musl-arm64;linux-musl-x64;linux-x64;osx-x64;rhel.6-x64;tizen.4.0.0-armel;tizen.5.0.0-armel;win-arm;win-arm64;win-x64;win-x86
                           RuntimePackNamePatterns = Microsoft.NETCore.App.Runtime.**RID**
                           TargetingPackVersion = 3.0.0
                           IsTrimmable = true
                           RuntimeFrameworkName = Microsoft.NETCore.App
                       Microsoft.NETCore.App
                           TargetFramework = net5.0
                           DefaultRuntimeFrameworkVersion = 5.0.0
                           TargetingPackName = Microsoft.NETCore.App.Ref
                           LatestRuntimeFrameworkVersion = 5.0.17
                           RuntimePackRuntimeIdentifiers = linux-arm;linux-arm64;linux-musl-arm64;linux-musl-x64;linux-x64;osx-x64;rhel.6-x64;tizen.4.0.0-armel;tizen.5.0.0-armel;win-arm;win-arm64;win-x64;win-x86;linux-musl-arm;browser-wasm
                           RuntimePackNamePatterns = Microsoft.NETCore.App.Runtime.**RID**
                           TargetingPackVersion = 5.0.0
                           IsTrimmable = true
                           RuntimeFrameworkName = Microsoft.NETCore.App
                       Microsoft.NETCore.App
                           TargetFramework = net6.0
                           DefaultRuntimeFrameworkVersion = 6.0.0
                           TargetingPackName = Microsoft.NETCore.App.Ref
                           LatestRuntimeFrameworkVersion = 6.0.36
                           RuntimePackRuntimeIdentifiers = linux-arm;linux-arm64;linux-musl-arm64;linux-musl-x64;linux-x64;osx-x64;rhel.6-x64;tizen.4.0.0-armel;tizen.5.0.0-armel;win-arm;win-arm64;win-x64;win-x86;linux-musl-arm;osx-arm64;linux-s390x;linux-loongarch64
                           RuntimePackNamePatterns = Microsoft.NETCore.App.Runtime.**RID**
                           TargetingPackVersion = 6.0.36
                           RuntimeFrameworkName = Microsoft.NETCore.App
                       Microsoft.NETCore.App
                           TargetFramework = net9.0
                           DefaultRuntimeFrameworkVersion = 9.0.0
                           TargetingPackName = Microsoft.NETCore.App.Ref
                           LatestRuntimeFrameworkVersion = 9.0.0
                           RuntimePackRuntimeIdentifiers = linux-arm;linux-arm64;linux-musl-arm64;linux-musl-x64;linux-x64;osx-x64;rhel.6-x64;tizen.4.0.0-armel;tizen.5.0.0-armel;win-arm64;win-x64;win-x86;linux-musl-arm;osx-arm64;linux-s390x;linux-loongarch64;linux-bionic-arm;linux-bionic-arm64;linux-bionic-x64;linux-bionic-x86;linux-ppc64le;freebsd-x64;freebsd-arm64;linux-riscv64;linux-musl-riscv64;linux-musl-loongarch64
                           RuntimePackNamePatterns = Microsoft.NETCore.App.Runtime.**RID**
                           TargetingPackVersion = 9.0.0
                           RuntimeFrameworkName = Microsoft.NETCore.App
                       Microsoft.NETCore.App
                           TargetFramework = net8.0
                           DefaultRuntimeFrameworkVersion = 8.0.0
                           TargetingPackName = Microsoft.NETCore.App.Ref
                           LatestRuntimeFrameworkVersion = 8.0.11
                           RuntimePackRuntimeIdentifiers = linux-arm;linux-arm64;linux-musl-arm64;linux-musl-x64;linux-x64;osx-x64;rhel.6-x64;tizen.4.0.0-armel;tizen.5.0.0-armel;win-arm64;win-x64;win-x86;linux-musl-arm;osx-arm64;linux-s390x;linux-loongarch64;linux-bionic-arm;linux-bionic-arm64;linux-bionic-x64;linux-bionic-x86;linux-ppc64le;freebsd-x64;freebsd-arm64
                           RuntimePackNamePatterns = Microsoft.NETCore.App.Runtime.**RID**
                           TargetingPackVersion = 8.0.11
                           RuntimeFrameworkName = Microsoft.NETCore.App
                       Microsoft.NETCore.App
                           TargetFramework = net7.0
                           DefaultRuntimeFrameworkVersion = 7.0.0
                           TargetingPackName = Microsoft.NETCore.App.Ref
                           LatestRuntimeFrameworkVersion = 7.0.20
                           RuntimePackRuntimeIdentifiers = linux-arm;linux-arm64;linux-musl-arm64;linux-musl-x64;linux-x64;osx-x64;rhel.6-x64;tizen.4.0.0-armel;tizen.5.0.0-armel;win-arm;win-arm64;win-x64;win-x86;linux-musl-arm;osx-arm64;linux-s390x;linux-loongarch64;linux-bionic-arm;linux-bionic-arm64;linux-bionic-x64;linux-bionic-x86;linux-ppc64le
                           RuntimePackNamePatterns = Microsoft.NETCore.App.Runtime.**RID**
                           TargetingPackVersion = 7.0.20
                           RuntimeFrameworkName = Microsoft.NETCore.App
                       Microsoft.WindowsDesktop.App
                           TargetFramework = netcoreapp3.1
                           DefaultRuntimeFrameworkVersion = 3.1.0
                           TargetingPackName = Microsoft.WindowsDesktop.App.Ref
                           IsWindowsOnly = true
                           LatestRuntimeFrameworkVersion = 3.1.32
                           RuntimePackRuntimeIdentifiers = win-x64;win-x86
                           RuntimePackNamePatterns = Microsoft.WindowsDesktop.App.Runtime.**RID**
                           TargetingPackVersion = 3.1.0
                           RuntimeFrameworkName = Microsoft.WindowsDesktop.App
                       Microsoft.WindowsDesktop.App
                           TargetFramework = net9.0
                           DefaultRuntimeFrameworkVersion = 9.0.0
                           TargetingPackName = Microsoft.WindowsDesktop.App.Ref
                           IsWindowsOnly = true
                           LatestRuntimeFrameworkVersion = 9.0.0
                           RuntimePackRuntimeIdentifiers = win-x64;win-x86;win-arm64
                           RuntimePackNamePatterns = Microsoft.WindowsDesktop.App.Runtime.**RID**
                           TargetingPackVersion = 9.0.0
                           RuntimeFrameworkName = Microsoft.WindowsDesktop.App
                       Microsoft.WindowsDesktop.App
                           TargetFramework = net5.0
                           DefaultRuntimeFrameworkVersion = 5.0.0
                           TargetingPackName = Microsoft.WindowsDesktop.App.Ref
                           IsWindowsOnly = true
                           LatestRuntimeFrameworkVersion = 5.0.17
                           RuntimePackRuntimeIdentifiers = win-x64;win-x86;win-arm64
                           RuntimePackNamePatterns = Microsoft.WindowsDesktop.App.Runtime.**RID**
                           TargetingPackVersion = 5.0.0
                           RuntimeFrameworkName = Microsoft.WindowsDesktop.App
                       Microsoft.WindowsDesktop.App
                           TargetFramework = net7.0
                           DefaultRuntimeFrameworkVersion = 7.0.0
                           TargetingPackName = Microsoft.WindowsDesktop.App.Ref
                           IsWindowsOnly = true
                           LatestRuntimeFrameworkVersion = 7.0.20
                           RuntimePackRuntimeIdentifiers = win-x64;win-x86;win-arm64
                           RuntimePackNamePatterns = Microsoft.WindowsDesktop.App.Runtime.**RID**
                           TargetingPackVersion = 7.0.20
                           RuntimeFrameworkName = Microsoft.WindowsDesktop.App
                       Microsoft.WindowsDesktop.App
                           TargetFramework = net8.0
                           DefaultRuntimeFrameworkVersion = 8.0.0
                           TargetingPackName = Microsoft.WindowsDesktop.App.Ref
                           IsWindowsOnly = true
                           LatestRuntimeFrameworkVersion = 8.0.11
                           RuntimePackRuntimeIdentifiers = win-x64;win-x86;win-arm64
                           RuntimePackNamePatterns = Microsoft.WindowsDesktop.App.Runtime.**RID**
                           TargetingPackVersion = 8.0.11
                           RuntimeFrameworkName = Microsoft.WindowsDesktop.App
                       Microsoft.WindowsDesktop.App
                           TargetFramework = netcoreapp3.0
                           DefaultRuntimeFrameworkVersion = 3.0.0
                           TargetingPackName = Microsoft.WindowsDesktop.App.Ref
                           IsWindowsOnly = true
                           LatestRuntimeFrameworkVersion = 3.0.3
                           RuntimePackRuntimeIdentifiers = win-x64;win-x86
                           RuntimePackNamePatterns = Microsoft.WindowsDesktop.App.Runtime.**RID**
                           TargetingPackVersion = 3.0.0
                           RuntimeFrameworkName = Microsoft.WindowsDesktop.App
                       Microsoft.WindowsDesktop.App
                           TargetFramework = net6.0
                           DefaultRuntimeFrameworkVersion = 6.0.0
                           TargetingPackName = Microsoft.WindowsDesktop.App.Ref
                           IsWindowsOnly = true
                           LatestRuntimeFrameworkVersion = 6.0.36
                           RuntimePackRuntimeIdentifiers = win-x64;win-x86;win-arm64
                           RuntimePackNamePatterns = Microsoft.WindowsDesktop.App.Runtime.**RID**
                           TargetingPackVersion = 6.0.36
                           RuntimeFrameworkName = Microsoft.WindowsDesktop.App
                       Microsoft.WindowsDesktop.App.WindowsForms
                           TargetFramework = net9.0
                           DefaultRuntimeFrameworkVersion = 9.0.0
                           TargetingPackName = Microsoft.WindowsDesktop.App.Ref
                           IsWindowsOnly = true
                           LatestRuntimeFrameworkVersion = 9.0.0
                           RuntimePackRuntimeIdentifiers = win-x64;win-x86;win-arm64
                           RuntimePackNamePatterns = Microsoft.WindowsDesktop.App.Runtime.**RID**
                           TargetingPackVersion = 9.0.0
                           Profile = WindowsForms
                           RuntimeFrameworkName = Microsoft.WindowsDesktop.App
                       Microsoft.WindowsDesktop.App.WindowsForms
                           TargetFramework = net5.0
                           DefaultRuntimeFrameworkVersion = 5.0.0
                           TargetingPackName = Microsoft.WindowsDesktop.App.Ref
                           IsWindowsOnly = true
                           LatestRuntimeFrameworkVersion = 5.0.17
                           RuntimePackRuntimeIdentifiers = win-x64;win-x86;win-arm64
                           RuntimePackNamePatterns = Microsoft.WindowsDesktop.App.Runtime.**RID**
                           TargetingPackVersion = 5.0.0
                           Profile = WindowsForms
                           RuntimeFrameworkName = Microsoft.WindowsDesktop.App
                       Microsoft.WindowsDesktop.App.WindowsForms
                           TargetFramework = netcoreapp3.0
                           DefaultRuntimeFrameworkVersion = 3.0.0
                           TargetingPackName = Microsoft.WindowsDesktop.App.Ref
                           IsWindowsOnly = true
                           LatestRuntimeFrameworkVersion = 3.0.3
                           RuntimePackRuntimeIdentifiers = win-x64;win-x86
                           RuntimePackNamePatterns = Microsoft.WindowsDesktop.App.Runtime.**RID**
                           TargetingPackVersion = 3.0.0
                           Profile = WindowsForms
                           RuntimeFrameworkName = Microsoft.WindowsDesktop.App
                       Microsoft.WindowsDesktop.App.WindowsForms
                           TargetFramework = net8.0
                           DefaultRuntimeFrameworkVersion = 8.0.0
                           TargetingPackName = Microsoft.WindowsDesktop.App.Ref
                           IsWindowsOnly = true
                           LatestRuntimeFrameworkVersion = 8.0.11
                           RuntimePackRuntimeIdentifiers = win-x64;win-x86;win-arm64
                           RuntimePackNamePatterns = Microsoft.WindowsDesktop.App.Runtime.**RID**
                           TargetingPackVersion = 8.0.11
                           Profile = WindowsForms
                           RuntimeFrameworkName = Microsoft.WindowsDesktop.App
                       Microsoft.WindowsDesktop.App.WindowsForms
                           TargetFramework = net7.0
                           DefaultRuntimeFrameworkVersion = 7.0.0
                           TargetingPackName = Microsoft.WindowsDesktop.App.Ref
                           IsWindowsOnly = true
                           LatestRuntimeFrameworkVersion = 7.0.20
                           RuntimePackRuntimeIdentifiers = win-x64;win-x86;win-arm64
                           RuntimePackNamePatterns = Microsoft.WindowsDesktop.App.Runtime.**RID**
                           TargetingPackVersion = 7.0.20
                           Profile = WindowsForms
                           RuntimeFrameworkName = Microsoft.WindowsDesktop.App
                       Microsoft.WindowsDesktop.App.WindowsForms
                           TargetFramework = net6.0
                           DefaultRuntimeFrameworkVersion = 6.0.0
                           TargetingPackName = Microsoft.WindowsDesktop.App.Ref
                           IsWindowsOnly = true
                           LatestRuntimeFrameworkVersion = 6.0.36
                           RuntimePackRuntimeIdentifiers = win-x64;win-x86;win-arm64
                           RuntimePackNamePatterns = Microsoft.WindowsDesktop.App.Runtime.**RID**
                           TargetingPackVersion = 6.0.36
                           Profile = WindowsForms
                           RuntimeFrameworkName = Microsoft.WindowsDesktop.App
                       Microsoft.WindowsDesktop.App.WindowsForms
                           TargetFramework = netcoreapp3.1
                           DefaultRuntimeFrameworkVersion = 3.1.0
                           TargetingPackName = Microsoft.WindowsDesktop.App.Ref
                           IsWindowsOnly = true
                           LatestRuntimeFrameworkVersion = 3.1.32
                           RuntimePackRuntimeIdentifiers = win-x64;win-x86
                           RuntimePackNamePatterns = Microsoft.WindowsDesktop.App.Runtime.**RID**
                           TargetingPackVersion = 3.1.0
                           Profile = WindowsForms
                           RuntimeFrameworkName = Microsoft.WindowsDesktop.App
                       Microsoft.WindowsDesktop.App.WPF
                           TargetFramework = netcoreapp3.0
                           DefaultRuntimeFrameworkVersion = 3.0.0
                           TargetingPackName = Microsoft.WindowsDesktop.App.Ref
                           IsWindowsOnly = true
                           LatestRuntimeFrameworkVersion = 3.0.3
                           RuntimePackRuntimeIdentifiers = win-x64;win-x86
                           RuntimePackNamePatterns = Microsoft.WindowsDesktop.App.Runtime.**RID**
                           TargetingPackVersion = 3.0.0
                           Profile = WPF
                           RuntimeFrameworkName = Microsoft.WindowsDesktop.App
                       Microsoft.WindowsDesktop.App.WPF
                           TargetFramework = net6.0
                           DefaultRuntimeFrameworkVersion = 6.0.0
                           TargetingPackName = Microsoft.WindowsDesktop.App.Ref
                           IsWindowsOnly = true
                           LatestRuntimeFrameworkVersion = 6.0.36
                           RuntimePackRuntimeIdentifiers = win-x64;win-x86;win-arm64
                           RuntimePackNamePatterns = Microsoft.WindowsDesktop.App.Runtime.**RID**
                           TargetingPackVersion = 6.0.36
                           Profile = WPF
                           RuntimeFrameworkName = Microsoft.WindowsDesktop.App
                       Microsoft.WindowsDesktop.App.WPF
                           TargetFramework = net5.0
                           DefaultRuntimeFrameworkVersion = 5.0.0
                           TargetingPackName = Microsoft.WindowsDesktop.App.Ref
                           IsWindowsOnly = true
                           LatestRuntimeFrameworkVersion = 5.0.17
                           RuntimePackRuntimeIdentifiers = win-x64;win-x86;win-arm64
                           RuntimePackNamePatterns = Microsoft.WindowsDesktop.App.Runtime.**RID**
                           TargetingPackVersion = 5.0.0
                           Profile = WPF
                           RuntimeFrameworkName = Microsoft.WindowsDesktop.App
                       Microsoft.WindowsDesktop.App.WPF
                           TargetFramework = net7.0
                           DefaultRuntimeFrameworkVersion = 7.0.0
                           TargetingPackName = Microsoft.WindowsDesktop.App.Ref
                           IsWindowsOnly = true
                           LatestRuntimeFrameworkVersion = 7.0.20
                           RuntimePackRuntimeIdentifiers = win-x64;win-x86;win-arm64
                           RuntimePackNamePatterns = Microsoft.WindowsDesktop.App.Runtime.**RID**
                           TargetingPackVersion = 7.0.20
                           Profile = WPF
                           RuntimeFrameworkName = Microsoft.WindowsDesktop.App
                       Microsoft.WindowsDesktop.App.WPF
                           TargetFramework = net8.0
                           DefaultRuntimeFrameworkVersion = 8.0.0
                           TargetingPackName = Microsoft.WindowsDesktop.App.Ref
                           IsWindowsOnly = true
                           LatestRuntimeFrameworkVersion = 8.0.11
                           RuntimePackRuntimeIdentifiers = win-x64;win-x86;win-arm64
                           RuntimePackNamePatterns = Microsoft.WindowsDesktop.App.Runtime.**RID**
                           TargetingPackVersion = 8.0.11
                           Profile = WPF
                           RuntimeFrameworkName = Microsoft.WindowsDesktop.App
                       Microsoft.WindowsDesktop.App.WPF
                           TargetFramework = net9.0
                           DefaultRuntimeFrameworkVersion = 9.0.0
                           TargetingPackName = Microsoft.WindowsDesktop.App.Ref
                           IsWindowsOnly = true
                           LatestRuntimeFrameworkVersion = 9.0.0
                           RuntimePackRuntimeIdentifiers = win-x64;win-x86;win-arm64
                           RuntimePackNamePatterns = Microsoft.WindowsDesktop.App.Runtime.**RID**
                           TargetingPackVersion = 9.0.0
                           Profile = WPF
                           RuntimeFrameworkName = Microsoft.WindowsDesktop.App
                       Microsoft.WindowsDesktop.App.WPF
                           TargetFramework = netcoreapp3.1
                           DefaultRuntimeFrameworkVersion = 3.1.0
                           TargetingPackName = Microsoft.WindowsDesktop.App.Ref
                           IsWindowsOnly = true
                           LatestRuntimeFrameworkVersion = 3.1.32
                           RuntimePackRuntimeIdentifiers = win-x64;win-x86
                           RuntimePackNamePatterns = Microsoft.WindowsDesktop.App.Runtime.**RID**
                           TargetingPackVersion = 3.1.0
                           Profile = WPF
                           RuntimeFrameworkName = Microsoft.WindowsDesktop.App
                       NETStandard.Library
                           TargetFramework = netstandard2.1
                           TargetingPackName = NETStandard.Library.Ref
                           TargetingPackVersion = 2.1.0
                   KnownILCompilerPack
                       Microsoft.DotNet.ILCompiler
                           ILCompilerPackNamePattern = runtime.**RID**.Microsoft.DotNet.ILCompiler
                           TargetFramework = net9.0
                           ILCompilerPackVersion = 9.0.0
                           ILCompilerRuntimeIdentifiers = linux-arm64;linux-musl-arm64;linux-musl-x64;linux-x64;win-arm64;win-x64;osx-x64;osx-arm64;freebsd-x64;freebsd-arm64;linux-arm;linux-musl-arm;win-x86
                       Microsoft.DotNet.ILCompiler
                           ILCompilerPackNamePattern = runtime.**RID**.Microsoft.DotNet.ILCompiler
                           TargetFramework = net8.0
                           ILCompilerPackVersion = 8.0.11
                           ILCompilerRuntimeIdentifiers = linux-arm64;linux-musl-arm64;linux-musl-x64;linux-x64;win-arm64;win-x64;osx-x64;osx-arm64;freebsd-x64;freebsd-arm64
                       Microsoft.DotNet.ILCompiler
                           ILCompilerPackNamePattern = runtime.**RID**.Microsoft.DotNet.ILCompiler
                           TargetFramework = net7.0
                           ILCompilerPackVersion = 7.0.20
                           ILCompilerRuntimeIdentifiers = linux-arm64;linux-musl-arm64;linux-musl-x64;linux-x64;win-arm64;win-x64
                   KnownILLinkPack
                       Microsoft.NET.ILLink.Tasks
                           TargetFramework = net9.0
                           ILLinkPackVersion = 9.0.0
                       Microsoft.NET.ILLink.Tasks
                           TargetFramework = net8.0
                           ILLinkPackVersion = 8.0.11
                       Microsoft.NET.ILLink.Tasks
                           TargetFramework = net7.0
                           ILLinkPackVersion = 7.0.100-1.23211.1
                       Microsoft.NET.ILLink.Tasks
                           TargetFramework = net6.0
                           ILLinkPackVersion = 7.0.100-1.23211.1
                       Microsoft.NET.ILLink.Tasks
                           TargetFramework = net5.0
                           ILLinkPackVersion = 7.0.100-1.23211.1
                       Microsoft.NET.ILLink.Tasks
                           TargetFramework = netcoreapp3.1
                           ILLinkPackVersion = 7.0.100-1.23211.1
                       Microsoft.NET.ILLink.Tasks
                           TargetFramework = netcoreapp3.0
                           ILLinkPackVersion = 7.0.100-1.23211.1
                   KnownRuntimePack
                       Microsoft.NETCore.App
                           TargetFramework = net9.0
                           LatestRuntimeFrameworkVersion = 9.0.0
                           RuntimePackRuntimeIdentifiers = ios-arm64;iossimulator-arm64;iossimulator-x64;tvos-arm64;tvossimulator-arm64;tvossimulator-x64;maccatalyst-arm64;maccatalyst-x64;linux-bionic-arm64;linux-bionic-x64;osx-arm64;osx-x64;freebsd-arm64;freebsd-x64;linux-x64;linux-arm;linux-arm64;linux-bionic-arm;linux-musl-x64;linux-musl-arm;linux-musl-arm64;win-x64;win-x86;win-arm64;browser-wasm;wasi-wasm
                           RuntimePackNamePatterns = Microsoft.NETCore.App.Runtime.NativeAOT.**RID**
                           RuntimePackLabels = NativeAOT
                           RuntimeFrameworkName = Microsoft.NETCore.App
                       Microsoft.NETCore.App
                           TargetFramework = net9.0
                           LatestRuntimeFrameworkVersion = 9.0.0
                           RuntimePackRuntimeIdentifiers = linux-arm;linux-arm64;linux-musl-arm64;linux-musl-x64;linux-x64;osx-x64;rhel.6-x64;win-arm64;win-x64;win-x86;linux-musl-arm;osx-arm64;linux-s390x;linux-loongarch64;browser-wasm;ios-arm64;ios-arm;iossimulator-arm64;iossimulator-x64;iossimulator-x86;tvos-arm64;tvossimulator-arm64;tvossimulator-x64;maccatalyst-x64;maccatalyst-arm64;android-arm64;android-arm;android-x64;android-x86;freebsd-x64;freebsd-arm64;linux-riscv64;linux-musl-riscv64;linux-loongarch64;linux-musl-loongarch64
                           RuntimePackNamePatterns = Microsoft.NETCore.App.Runtime.Mono.**RID**
                           RuntimePackLabels = Mono
                           RuntimeFrameworkName = Microsoft.NETCore.App
                       Microsoft.NETCore.App
                           TargetFramework = net8.0
                           LatestRuntimeFrameworkVersion = 8.0.11
                           RuntimePackRuntimeIdentifiers = ios-arm64;iossimulator-arm64;iossimulator-x64;tvos-arm64;tvossimulator-arm64;tvossimulator-x64;maccatalyst-arm64;maccatalyst-x64;linux-bionic-arm64;linux-bionic-x64;osx-arm64;osx-x64;freebsd-arm64;freebsd-x64
                           RuntimePackNamePatterns = Microsoft.NETCore.App.Runtime.NativeAOT.**RID**
                           RuntimePackLabels = NativeAOT
                           RuntimeFrameworkName = Microsoft.NETCore.App
                       Microsoft.NETCore.App
                           TargetFramework = net8.0
                           LatestRuntimeFrameworkVersion = 8.0.11
                           RuntimePackRuntimeIdentifiers = linux-arm;linux-arm64;linux-musl-arm64;linux-musl-x64;linux-x64;osx-x64;rhel.6-x64;win-arm64;win-x64;win-x86;linux-musl-arm;osx-arm64;linux-s390x;linux-loongarch64;browser-wasm;ios-arm64;ios-arm;iossimulator-arm64;iossimulator-x64;iossimulator-x86;tvos-arm64;tvossimulator-arm64;tvossimulator-x64;maccatalyst-x64;maccatalyst-arm64;android-arm64;android-arm;android-x64;android-x86;freebsd-x64;freebsd-arm64
                           RuntimePackNamePatterns = Microsoft.NETCore.App.Runtime.Mono.**RID**
                           RuntimePackLabels = Mono
                           RuntimeFrameworkName = Microsoft.NETCore.App
                       Microsoft.NETCore.App
                           TargetFramework = net7.0
                           LatestRuntimeFrameworkVersion = 7.0.20
                           RuntimePackRuntimeIdentifiers = linux-arm;linux-arm64;linux-musl-arm64;linux-musl-x64;linux-x64;osx-x64;rhel.6-x64;win-arm;win-arm64;win-x64;win-x86;linux-musl-arm;osx-arm64;linux-s390x;linux-loongarch64;browser-wasm;ios-arm64;ios-arm;iossimulator-arm64;iossimulator-x64;iossimulator-x86;tvos-arm64;tvossimulator-arm64;tvossimulator-x64;maccatalyst-x64;maccatalyst-arm64;android-arm64;android-arm;android-x64;android-x86
                           RuntimePackNamePatterns = Microsoft.NETCore.App.Runtime.Mono.**RID**
                           RuntimePackLabels = Mono
                           RuntimeFrameworkName = Microsoft.NETCore.App
                       Microsoft.NETCore.App
                           TargetFramework = net6.0
                           LatestRuntimeFrameworkVersion = 6.0.36
                           RuntimePackRuntimeIdentifiers = linux-arm;linux-arm64;linux-musl-arm64;linux-musl-x64;linux-x64;osx-x64;rhel.6-x64;win-arm;win-arm64;win-x64;win-x86;linux-musl-arm;osx-arm64;linux-s390x;linux-loongarch64;browser-wasm;ios-arm64;ios-arm;iossimulator-arm64;iossimulator-x64;iossimulator-x86;tvos-arm64;tvossimulator-arm64;tvossimulator-x64;maccatalyst-x64;maccatalyst-arm64;android-arm64;android-arm;android-x64;android-x86
                           RuntimePackNamePatterns = Microsoft.NETCore.App.Runtime.Mono.**RID**
                           RuntimePackLabels = Mono
                           RuntimeFrameworkName = Microsoft.NETCore.App
                   KnownWebAssemblySdkPack
                       Microsoft.NET.Sdk.WebAssembly.Pack
                           TargetFramework = net9.0
                           WebAssemblySdkPackVersion = 9.0.0
                       Microsoft.NET.Sdk.WebAssembly.Pack
                           TargetFramework = net8.0
                           WebAssemblySdkPackVersion = 9.0.0
                       Microsoft.NET.Sdk.WebAssembly.Pack
                           TargetFramework = net7.0
                           WebAssemblySdkPackVersion = 9.0.0
                       Microsoft.NET.Sdk.WebAssembly.Pack
                           TargetFramework = net6.0
                           WebAssemblySdkPackVersion = 9.0.0
                   None
                       .gitattributes
                       ClientApp\.env.development
                       ClientApp\.env.production
                       ClientApp\.env.staging
                       ClientApp\.gitignore
                       ClientApp\dist\about\index.html
                       ClientApp\dist\addon11_icon.png
                       ClientApp\dist\addon5_icon.png
                       ClientApp\dist\art-style-examples\clay-1.jpg
                       ClientApp\dist\art-style-examples\clay-2.jpg
                       ClientApp\dist\art-style-examples\clay-3.jpg
                       ClientApp\dist\art-style-examples\comic-1.jpg
                       ClientApp\dist\art-style-examples\comic-2.jpg
                       ClientApp\dist\art-style-examples\comic-3.jpg
                       ClientApp\dist\art-style-examples\crayon-1.jpg
                       ClientApp\dist\art-style-examples\crayon-2.jpg
                       ClientApp\dist\art-style-examples\crayon-3.jpg
                       ClientApp\dist\art-style-examples\gouache-1.jpg
                       ClientApp\dist\art-style-examples\gouache-2.jpg
                       ClientApp\dist\art-style-examples\gouache-3.jpg
                       ClientApp\dist\art-style-examples\inkwash-1.jpg
                       ClientApp\dist\art-style-examples\inkwash-2.jpg
                       ClientApp\dist\art-style-examples\inkwash-3.jpg
                       ClientApp\dist\art-style-examples\lineart-1.jpg
                       ClientApp\dist\art-style-examples\lineart-2.jpg
                       ClientApp\dist\art-style-examples\lineart-3.jpg
                       ClientApp\dist\art-style-examples\papercut-1.jpg
                       ClientApp\dist\art-style-examples\papercut-2.jpg
                       ClientApp\dist\art-style-examples\papercut-3.jpg
                       ClientApp\dist\art-style-examples\pastel-1.jpg
                       ClientApp\dist\art-style-examples\pastel-2.jpg
                       ClientApp\dist\art-style-examples\pastel-3.jpg
                       ClientApp\dist\art-style-examples\pixel-1.jpg
                       ClientApp\dist\art-style-examples\pixel-2.jpg
                       ClientApp\dist\art-style-examples\pixel-3.jpg
                       ClientApp\dist\art-style-examples\README.txt
                       ClientApp\dist\art-style-examples\toy3d-1.jpg
                       ClientApp\dist\art-style-examples\toy3d-2.jpg
                       ClientApp\dist\art-style-examples\toy3d-3.jpg
                       ClientApp\dist\art-style-examples\watercolor-1.jpg
                       ClientApp\dist\art-style-examples\watercolor-2.jpg
                       ClientApp\dist\art-style-examples\watercolor-3.jpg
                       ClientApp\dist\assets\audio-narration-Bt84Bn6w.png
                       ClientApp\dist\assets\bond-B1WwJ4Or.png
                       ClientApp\dist\assets\book-BkFVJ0iG.png
                       ClientApp\dist\assets\books-GGbGSto2.png
                       ClientApp\dist\assets\box1-BmDoV3wk.png
                       ClientApp\dist\assets\calendar2-Dm3HIDPk.png
                       ClientApp\dist\assets\cart-BI_Yaqw1.png
                       ClientApp\dist\assets\character-gallery-D3aP81QP.png
                       ClientApp\dist\assets\crystal-ball-WXOkVtA9.png
                       ClientApp\dist\assets\email1-DV4U5kv2.png
                       ClientApp\dist\assets\facebook-Bd5VIAQV.png
                       ClientApp\dist\assets\family1-tZ6rYeyB.png
                       ClientApp\dist\assets\heart-Bu8vX63n.png
                       ClientApp\dist\assets\icon4-C7t_Zaet.png
                       ClientApp\dist\assets\idea-CkFTEV6j.png
                       ClientApp\dist\assets\imagination-CA22cDco.png
                       ClientApp\dist\assets\index-1JAEFL5e.css
                       ClientApp\dist\assets\index-C5fNORPp.js
                       ClientApp\dist\assets\index.es-txurJGHE.js
                       ClientApp\dist\assets\instagram-B7EsWaCg.png
                       ClientApp\dist\assets\jszip.min-Dndcna-F.js
                       ClientApp\dist\assets\lesson-DC8uC7TO.png
                       ClientApp\dist\assets\magic-D18SxGKl.png
                       ClientApp\dist\assets\membership-free-BezZmUF4.png
                       ClientApp\dist\assets\membership-premium-BXUZmIma.png
                       ClientApp\dist\assets\membership-pro-C9hFPuuN.png
                       ClientApp\dist\assets\person-jyd9Sg3-.png
                       ClientApp\dist\assets\physical-books-C-Y7hIC8.png
                       ClientApp\dist\assets\purify.es-C_uT9hQ1.js
                       ClientApp\dist\assets\read-D8_iHVC1.png
                       ClientApp\dist\assets\reading-BwM7atNA.png
                       ClientApp\dist\assets\refresh-N8bYSaO_.png
                       ClientApp\dist\assets\rocket-XksNC-uT.png
                       ClientApp\dist\assets\sparkle-Gf5veO_H.png
                       ClientApp\dist\assets\sparkle3-_HxxRpAR.png
                       ClientApp\dist\assets\sparkle4-COett9dF.png
                       ClientApp\dist\assets\star-DtD_nwR9.png
                       ClientApp\dist\assets\theme-akTkGOuh.png
                       ClientApp\dist\assets\time-CIX2BVQC.png
                       ClientApp\dist\assets\tools-rAD2opf1.png
                       ClientApp\dist\assets\twitter-5Frmwa5F.png
                       ClientApp\dist\assets\uniqueness1-DVXMya7u.png
                       ClientApp\dist\assets\write-B6d3-H6q.png
                       ClientApp\dist\assets\x-CveHS3rp.png
                       ClientApp\dist\austin.jpg
                       ClientApp\dist\avatars\astronaut-avatar.png
                       ClientApp\dist\avatars\cat-avatar.png
                       ClientApp\dist\avatars\default-avatar.png
                       ClientApp\dist\avatars\dragon-avatar.png
                       ClientApp\dist\avatars\knight-avatar.png
                       ClientApp\dist\avatars\pirate-avatar.png
                       ClientApp\dist\avatars\princess-avatar.png
                       ClientApp\dist\avatars\superhero-avatar.png
                       ClientApp\dist\avatars\unicorn-avatar.png
                       ClientApp\dist\avatars\whimsical-fairy-avatar.png
                       ClientApp\dist\avatars\whimsical-mermaid-avatar.png
                       ClientApp\dist\avatars\wizard-avatar.png
                       ClientApp\dist\background.jpg
                       ClientApp\dist\blog\index.html
                       ClientApp\dist\blog\personalized-bedtime-stories\index.html
                       ClientApp\dist\ChildReading.jpg
                       ClientApp\dist\clouds.png
                       ClientApp\dist\createpagebk.jpg
                       ClientApp\dist\faq\index.html
                       ClientApp\dist\favicon1.png
                       ClientApp\dist\favicon6.png
                       ClientApp\dist\Image_fx (17).jpg
                       ClientApp\dist\index.html
                       ClientApp\dist\login\index.html
                       ClientApp\dist\new_stars.png
                       ClientApp\dist\parent.jpg
                       ClientApp\dist\parent1.png
                       ClientApp\dist\parent2.png
                       ClientApp\dist\premium_icon.png
                       ClientApp\dist\pro_icon.png
                       ClientApp\dist\robots.txt
                       ClientApp\dist\server\addon11_icon.png
                       ClientApp\dist\server\addon5_icon.png
                       ClientApp\dist\server\art-style-examples\clay-1.jpg
                       ClientApp\dist\server\art-style-examples\clay-2.jpg
                       ClientApp\dist\server\art-style-examples\clay-3.jpg
                       ClientApp\dist\server\art-style-examples\comic-1.jpg
                       ClientApp\dist\server\art-style-examples\comic-2.jpg
                       ClientApp\dist\server\art-style-examples\comic-3.jpg
                       ClientApp\dist\server\art-style-examples\crayon-1.jpg
                       ClientApp\dist\server\art-style-examples\crayon-2.jpg
                       ClientApp\dist\server\art-style-examples\crayon-3.jpg
                       ClientApp\dist\server\art-style-examples\gouache-1.jpg
                       ClientApp\dist\server\art-style-examples\gouache-2.jpg
                       ClientApp\dist\server\art-style-examples\gouache-3.jpg
                       ClientApp\dist\server\art-style-examples\inkwash-1.jpg
                       ClientApp\dist\server\art-style-examples\inkwash-2.jpg
                       ClientApp\dist\server\art-style-examples\inkwash-3.jpg
                       ClientApp\dist\server\art-style-examples\lineart-1.jpg
                       ClientApp\dist\server\art-style-examples\lineart-2.jpg
                       ClientApp\dist\server\art-style-examples\lineart-3.jpg
                       ClientApp\dist\server\art-style-examples\papercut-1.jpg
                       ClientApp\dist\server\art-style-examples\papercut-2.jpg
                       ClientApp\dist\server\art-style-examples\papercut-3.jpg
                       ClientApp\dist\server\art-style-examples\pastel-1.jpg
                       ClientApp\dist\server\art-style-examples\pastel-2.jpg
                       ClientApp\dist\server\art-style-examples\pastel-3.jpg
                       ClientApp\dist\server\art-style-examples\pixel-1.jpg
                       ClientApp\dist\server\art-style-examples\pixel-2.jpg
                       ClientApp\dist\server\art-style-examples\pixel-3.jpg
                       ClientApp\dist\server\art-style-examples\README.txt
                       ClientApp\dist\server\art-style-examples\toy3d-1.jpg
                       ClientApp\dist\server\art-style-examples\toy3d-2.jpg
                       ClientApp\dist\server\art-style-examples\toy3d-3.jpg
                       ClientApp\dist\server\art-style-examples\watercolor-1.jpg
                       ClientApp\dist\server\art-style-examples\watercolor-2.jpg
                       ClientApp\dist\server\art-style-examples\watercolor-3.jpg
                       ClientApp\dist\server\austin.jpg
                       ClientApp\dist\server\avatars\astronaut-avatar.png
                       ClientApp\dist\server\avatars\cat-avatar.png
                       ClientApp\dist\server\avatars\default-avatar.png
                       ClientApp\dist\server\avatars\dragon-avatar.png
                       ClientApp\dist\server\avatars\knight-avatar.png
                       ClientApp\dist\server\avatars\pirate-avatar.png
                       ClientApp\dist\server\avatars\princess-avatar.png
                       ClientApp\dist\server\avatars\superhero-avatar.png
                       ClientApp\dist\server\avatars\unicorn-avatar.png
                       ClientApp\dist\server\avatars\whimsical-fairy-avatar.png
                       ClientApp\dist\server\avatars\whimsical-mermaid-avatar.png
                       ClientApp\dist\server\avatars\wizard-avatar.png
                       ClientApp\dist\server\background.jpg
                       ClientApp\dist\server\ChildReading.jpg
                       ClientApp\dist\server\clouds.png
                       ClientApp\dist\server\createpagebk.jpg
                       ClientApp\dist\server\entry-server.js
                       ClientApp\dist\server\favicon1.png
                       ClientApp\dist\server\favicon6.png
                       ClientApp\dist\server\Image_fx (17).jpg
                       ClientApp\dist\server\new_stars.png
                       ClientApp\dist\server\parent.jpg
                       ClientApp\dist\server\parent1.png
                       ClientApp\dist\server\parent2.png
                       ClientApp\dist\server\premium_icon.png
                       ClientApp\dist\server\pro_icon.png
                       ClientApp\dist\server\robots.txt
                       ClientApp\dist\server\sitemap.xml
                       ClientApp\dist\server\small_clouds.png
                       ClientApp\dist\server\stars.jpg
                       ClientApp\dist\server\stars.png
                       ClientApp\dist\server\stars3.jpg
                       ClientApp\dist\server\story-generating-cover.png
                       ClientApp\dist\server\twinkling.jpg
                       ClientApp\dist\server\tyler-small.jpg
                       ClientApp\dist\server\tyler.jpg
                       ClientApp\dist\server\tyler1.jpg
                       ClientApp\dist\signup\index.html
                       ClientApp\dist\sitemap.xml
                       ClientApp\dist\small_clouds.png
                       ClientApp\dist\stars.jpg
                       ClientApp\dist\stars.png
                       ClientApp\dist\stars3.jpg
                       ClientApp\dist\story-generating-cover.png
                       ClientApp\dist\support\index.html
                       ClientApp\dist\twinkling.jpg
                       ClientApp\dist\tyler-small.jpg
                       ClientApp\dist\tyler.jpg
                       ClientApp\dist\tyler1.jpg
                       ClientApp\eslint.config.js
                       ClientApp\index.html
                       ClientApp\public\addon11_icon.png
                       ClientApp\public\addon5_icon.png
                       ClientApp\public\art-style-examples\clay-1.jpg
                       ClientApp\public\art-style-examples\clay-2.jpg
                       ClientApp\public\art-style-examples\clay-3.jpg
                       ClientApp\public\art-style-examples\comic-1.jpg
                       ClientApp\public\art-style-examples\comic-2.jpg
                       ClientApp\public\art-style-examples\comic-3.jpg
                       ClientApp\public\art-style-examples\crayon-1.jpg
                       ClientApp\public\art-style-examples\crayon-2.jpg
                       ClientApp\public\art-style-examples\crayon-3.jpg
                       ClientApp\public\art-style-examples\gouache-1.jpg
                       ClientApp\public\art-style-examples\gouache-2.jpg
                       ClientApp\public\art-style-examples\gouache-3.jpg
                       ClientApp\public\art-style-examples\inkwash-1.jpg
                       ClientApp\public\art-style-examples\inkwash-2.jpg
                       ClientApp\public\art-style-examples\inkwash-3.jpg
                       ClientApp\public\art-style-examples\lineart-1.jpg
                       ClientApp\public\art-style-examples\lineart-2.jpg
                       ClientApp\public\art-style-examples\lineart-3.jpg
                       ClientApp\public\art-style-examples\papercut-1.jpg
                       ClientApp\public\art-style-examples\papercut-2.jpg
                       ClientApp\public\art-style-examples\papercut-3.jpg
                       ClientApp\public\art-style-examples\pastel-1.jpg
                       ClientApp\public\art-style-examples\pastel-2.jpg
                       ClientApp\public\art-style-examples\pastel-3.jpg
                       ClientApp\public\art-style-examples\pixel-1.jpg
                       ClientApp\public\art-style-examples\pixel-2.jpg
                       ClientApp\public\art-style-examples\pixel-3.jpg
                       ClientApp\public\art-style-examples\README.txt
                       ClientApp\public\art-style-examples\toy3d-1.jpg
                       ClientApp\public\art-style-examples\toy3d-2.jpg
                       ClientApp\public\art-style-examples\toy3d-3.jpg
                       ClientApp\public\art-style-examples\watercolor-1.jpg
                       ClientApp\public\art-style-examples\watercolor-2.jpg
                       ClientApp\public\art-style-examples\watercolor-3.jpg
                       ClientApp\public\austin.jpg
                       ClientApp\public\avatars\astronaut-avatar.png
                       ClientApp\public\avatars\cat-avatar.png
                       ClientApp\public\avatars\default-avatar.png
                       ClientApp\public\avatars\dragon-avatar.png
                       ClientApp\public\avatars\knight-avatar.png
                       ClientApp\public\avatars\pirate-avatar.png
                       ClientApp\public\avatars\princess-avatar.png
                       ClientApp\public\avatars\superhero-avatar.png
                       ClientApp\public\avatars\unicorn-avatar.png
                       ClientApp\public\avatars\whimsical-fairy-avatar.png
                       ClientApp\public\avatars\whimsical-mermaid-avatar.png
                       ClientApp\public\avatars\wizard-avatar.png
                       ClientApp\public\background.jpg
                       ClientApp\public\ChildReading.jpg
                       ClientApp\public\clouds.png
                       ClientApp\public\createpagebk.jpg
                       ClientApp\public\favicon1.png
                       ClientApp\public\favicon6.png
                       ClientApp\public\Image_fx (17).jpg
                       ClientApp\public\new_stars.png
                       ClientApp\public\parent.jpg
                       ClientApp\public\parent1.png
                       ClientApp\public\parent2.png
                       ClientApp\public\premium_icon.png
                       ClientApp\public\pro_icon.png
                       ClientApp\public\robots.txt
                       ClientApp\public\sitemap.xml
                       ClientApp\public\small_clouds.png
                       ClientApp\public\stars.jpg
                       ClientApp\public\stars.png
                       ClientApp\public\stars3.jpg
                       ClientApp\public\story-generating-cover.png
                       ClientApp\public\twinkling.jpg
                       ClientApp\public\tyler-small.jpg
                       ClientApp\public\tyler.jpg
                       ClientApp\public\tyler1.jpg
                       ClientApp\README.md
                       ClientApp\robots.prod.txt
                       ClientApp\robots.staging.txt
                       ClientApp\scripts\prerender.mjs
                       ClientApp\src\analytics.js
                       ClientApp\src\api.js
                       ClientApp\src\App.css
                       ClientApp\src\App.jsx
                       ClientApp\src\assets\eye-closed.png
                       ClientApp\src\assets\eye-closed.svg
                       ClientApp\src\assets\eye-open.png
                       ClientApp\src\assets\eye-open.svg
                       ClientApp\src\assets\logo.png
                       ClientApp\src\assets\parent-icons\heart.png
                       ClientApp\src\assets\parent-icons\idea.png
                       ClientApp\src\assets\parent-icons\refresh.png
                       ClientApp\src\assets\parent-icons\time.png
                       ClientApp\src\assets\react.svg
                       ClientApp\src\assets\social\facebook.png
                       ClientApp\src\assets\social\instagram.png
                       ClientApp\src\assets\social\twitter.png
                       ClientApp\src\assets\social\x.png
                       ClientApp\src\assets\star.png
                       ClientApp\src\assets\step-icons\magic.png
                       ClientApp\src\assets\step-icons\read.png
                       ClientApp\src\assets\step-icons\write.png
                       ClientApp\src\assets\ui-icons\bond.png
                       ClientApp\src\assets\ui-icons\book.png
                       ClientApp\src\assets\ui-icons\books.png
                       ClientApp\src\assets\ui-icons\box.png
                       ClientApp\src\assets\ui-icons\box1.png
                       ClientApp\src\assets\ui-icons\calendar.png
                       ClientApp\src\assets\ui-icons\calendar1.png
                       ClientApp\src\assets\ui-icons\calendar2.png
                       ClientApp\src\assets\ui-icons\cart.png
                       ClientApp\src\assets\ui-icons\crystal-ball.png
                       ClientApp\src\assets\ui-icons\email.png
                       ClientApp\src\assets\ui-icons\email1.png
                       ClientApp\src\assets\ui-icons\family.png
                       ClientApp\src\assets\ui-icons\family1.png
                       ClientApp\src\assets\ui-icons\icon.png
                       ClientApp\src\assets\ui-icons\icon2.png
                       ClientApp\src\assets\ui-icons\icon3.png
                       ClientApp\src\assets\ui-icons\icon4.png
                       ClientApp\src\assets\ui-icons\imagination.png
                       ClientApp\src\assets\ui-icons\lesson.png
                       ClientApp\src\assets\ui-icons\membership-free.png
                       ClientApp\src\assets\ui-icons\membership-premium.png
                       ClientApp\src\assets\ui-icons\membership-pro.png
                       ClientApp\src\assets\ui-icons\membership-star.png
                       ClientApp\src\assets\ui-icons\membership-star1.png
                       ClientApp\src\assets\ui-icons\person.png
                       ClientApp\src\assets\ui-icons\reading.png
                       ClientApp\src\assets\ui-icons\reading1.png
                       ClientApp\src\assets\ui-icons\rocket.png
                       ClientApp\src\assets\ui-icons\sparkle-base.png
                       ClientApp\src\assets\ui-icons\sparkle-burst.png
                       ClientApp\src\assets\ui-icons\sparkle.png
                       ClientApp\src\assets\ui-icons\sparkle1.png
                       ClientApp\src\assets\ui-icons\sparkle2.png
                       ClientApp\src\assets\ui-icons\sparkle3.png
                       ClientApp\src\assets\ui-icons\sparkle4.png
                       ClientApp\src\assets\ui-icons\star.png
                       ClientApp\src\assets\ui-icons\theme.png
                       ClientApp\src\assets\ui-icons\tools.png
                       ClientApp\src\assets\ui-icons\uniqueness.png
                       ClientApp\src\assets\ui-icons\uniqueness1.png
                       ClientApp\src\assets\ui-icons\uniqueness2.png
                       ClientApp\src\assets\vision\audio-narration.png
                       ClientApp\src\assets\vision\character-gallery.png
                       ClientApp\src\assets\vision\physical-books.png
                       ClientApp\src\components\DoodlePad.jsx
                       ClientApp\src\components\FeedbackModal.css
                       ClientApp\src\components\FeedbackModal.jsx
                       ClientApp\src\components\NavBar.css
                       ClientApp\src\components\NavBar.jsx
                       ClientApp\src\components\PaintingFlightGame.css
                       ClientApp\src\components\PaintingFlightGame.jsx
                       ClientApp\src\components\PasswordChecklist.jsx
                       ClientApp\src\components\PasswordMatch.jsx
                       ClientApp\src\components\ScrollableTextPane.jsx
                       ClientApp\src\components\ScrollToTop.jsx
                       ClientApp\src\components\SiteFooter.css
                       ClientApp\src\components\SiteFooter.jsx
                       ClientApp\src\components\StoryCard.css
                       ClientApp\src\components\StoryCard.jsx
                       ClientApp\src\components\StoryForm.css
                       ClientApp\src\components\StoryForm.jsx
                       ClientApp\src\config.js
                       ClientApp\src\content\blog\bedtime-story-ideas-for-kids.js
                       ClientApp\src\content\blog\how-ai-story-generators-help-kids-love-reading.js
                       ClientApp\src\content\blog\index.js
                       ClientApp\src\content\blog\personalized-bedtime-stories.js
                       ClientApp\src\content\seoTopics.js
                       ClientApp\src\context\AuthContext.jsx
                       ClientApp\src\entry-server.jsx
                       ClientApp\src\hooks\usePublicConfig.js
                       ClientApp\src\hooks\useUserProfile.js
                       ClientApp\src\hooks\useWarmup.js
                       ClientApp\src\index.css
                       ClientApp\src\main.jsx
                       ClientApp\src\pages\AboutPage.css
                       ClientApp\src\pages\AboutPage.jsx
                       ClientApp\src\pages\AdminPage.css
                       ClientApp\src\pages\AdminPage.jsx
                       ClientApp\src\pages\BlogPage.css
                       ClientApp\src\pages\BlogPage.jsx
                       ClientApp\src\pages\BlogPostPage.css
                       ClientApp\src\pages\BlogPostPage.jsx
                       ClientApp\src\pages\CreatePage.css
                       ClientApp\src\pages\CreatePage.jsx
                       ClientApp\src\pages\FAQPage.css
                       ClientApp\src\pages\FAQPage.jsx
                       ClientApp\src\pages\ForgotPasswordPage.css
                       ClientApp\src\pages\ForgotPasswordPage.jsx
                       ClientApp\src\pages\LandingPage.css
                       ClientApp\src\pages\LandingPage.jsx
                       ClientApp\src\pages\LoginPage.css
                       ClientApp\src\pages\LoginPage.jsx
                       ClientApp\src\pages\ProfilePage.css
                       ClientApp\src\pages\ProfilePage.jsx
                       ClientApp\src\pages\ResetPasswordPage.css
                       ClientApp\src\pages\ResetPasswordPage.jsx
                       ClientApp\src\pages\SeoTopicPage.css
                       ClientApp\src\pages\SeoTopicPage.jsx
                       ClientApp\src\pages\SignupComplete.jsx
                       ClientApp\src\pages\SignupPage.css
                       ClientApp\src\pages\SignupPage.jsx
                       ClientApp\src\pages\StoryCustomizePage.css
                       ClientApp\src\pages\StoryCustomizePage.jsx
                       ClientApp\src\pages\StoryViewerPage.css
                       ClientApp\src\pages\StoryViewerPage.jsx
                       ClientApp\src\pages\SupportPage.css
                       ClientApp\src\pages\SupportPage.jsx
                       ClientApp\src\pages\UpgradePage.css
                       ClientApp\src\pages\UpgradePage.jsx
                       ClientApp\src\pages\VerifyEmailPage.css
                       ClientApp\src\pages\VerifyEmailPage.jsx
                       ClientApp\src\utils\downloadStoryPdf.js
                       ClientApp\src\utils\passwordRules.js
                       ClientApp\src\utils\urls.js
                       ClientApp\src\utils\usernameRules.js
                       ClientApp\vite.config.js
                       Properties\launchSettings.json
                           CopyToOutputDirectory = Never
                           ExcludeFromSingleFile = true
                           CopyToPublishDirectory = Never
                       README.md
                       storygen.db
                   PackageConflictOverrides
                       NETStandard.Library
                           OverriddenPackages = 
                           Microsoft.Win32.Primitives|4.3.0;
                           System.AppContext|4.3.0;
                           System.Collections|4.3.0;
                           System.Collections.Concurrent|4.3.0;
                           System.Collections.Immutable|1.4.0;
                           System.Collections.NonGeneric|4.3.0;
                           System.Collections.Specialized|4.3.0;
                           System.ComponentModel|4.3.0;
                           System.ComponentModel.EventBasedAsync|4.3.0;
                           System.ComponentModel.Primitives|4.3.0;
                           System.ComponentModel.TypeConverter|4.3.0;
                           System.Console|4.3.0;
                           System.Data.Common|4.3.0;
                           System.Diagnostics.Contracts|4.3.0;
                           System.Diagnostics.Debug|4.3.0;
                           System.Diagnostics.FileVersionInfo|4.3.0;
                           System.Diagnostics.Process|4.3.0;
                           System.Diagnostics.StackTrace|4.3.0;
                           System.Diagnostics.TextWriterTraceListener|4.3.0;
                           System.Diagnostics.Tools|4.3.0;
                           System.Diagnostics.TraceSource|4.3.0;
                           System.Diagnostics.Tracing|4.3.0;
                           System.Dynamic.Runtime|4.3.0;
                           System.Globalization|4.3.0;
                           System.Globalization.Calendars|4.3.0;
                           System.Globalization.Extensions|4.3.0;
                           System.IO|4.3.0;
                           System.IO.Compression|4.3.0;
                           System.IO.Compression.ZipFile|4.3.0;
                           System.IO.FileSystem|4.3.0;
                           System.IO.FileSystem.DriveInfo|4.3.0;
                           System.IO.FileSystem.Primitives|4.3.0;
                           System.IO.FileSystem.Watcher|4.3.0;
                           System.IO.IsolatedStorage|4.3.0;
                           System.IO.MemoryMappedFiles|4.3.0;
                           System.IO.Pipes|4.3.0;
                           System.IO.UnmanagedMemoryStream|4.3.0;
                           System.Linq|4.3.0;
                           System.Linq.Expressions|4.3.0;
                           System.Linq.Queryable|4.3.0;
                           System.Net.Http|4.3.0;
                           System.Net.NameResolution|4.3.0;
                           System.Net.Primitives|4.3.0;
                           System.Net.Requests|4.3.0;
                           System.Net.Security|4.3.0;
                           System.Net.Sockets|4.3.0;
                           System.Net.WebHeaderCollection|4.3.0;
                           System.ObjectModel|4.3.0;
                           System.Private.DataContractSerialization|4.3.0;
                           System.Reflection|4.3.0;
                           System.Reflection.Emit|4.3.0;
                           System.Reflection.Emit.ILGeneration|4.3.0;
                           System.Reflection.Emit.Lightweight|4.3.0;
                           System.Reflection.Extensions|4.3.0;
                           System.Reflection.Primitives|4.3.0;
                           System.Reflection.TypeExtensions|4.3.0;
                           System.Resources.ResourceManager|4.3.0;
                           System.Runtime|4.3.0;
                           System.Runtime.Extensions|4.3.0;
                           System.Runtime.Handles|4.3.0;
                           System.Runtime.InteropServices|4.3.0;
                           System.Runtime.InteropServices.RuntimeInformation|4.3.0;
                           System.Runtime.Loader|4.3.0;
                           System.Runtime.Numerics|4.3.0;
                           System.Runtime.Serialization.Formatters|4.3.0;
                           System.Runtime.Serialization.Json|4.3.0;
                           System.Runtime.Serialization.Primitives|4.3.0;
                           System.Security.AccessControl|4.4.0;
                           System.Security.Claims|4.3.0;
                           System.Security.Cryptography.Algorithms|4.3.0;
                           System.Security.Cryptography.Csp|4.3.0;
                           System.Security.Cryptography.Encoding|4.3.0;
                           System.Security.Cryptography.Primitives|4.3.0;
                           System.Security.Cryptography.X509Certificates|4.3.0;
                           System.Security.Cryptography.Xml|4.4.0;
                           System.Security.Principal|4.3.0;
                           System.Security.Principal.Windows|4.4.0;
                           System.Text.Encoding|4.3.0;
                           System.Text.Encoding.Extensions|4.3.0;
                           System.Text.RegularExpressions|4.3.0;
                           System.Threading|4.3.0;
                           System.Threading.Overlapped|4.3.0;
                           System.Threading.Tasks|4.3.0;
                           System.Threading.Tasks.Extensions|4.3.0;
                           System.Threading.Tasks.Parallel|4.3.0;
                           System.Threading.Thread|4.3.0;
                           System.Threading.ThreadPool|4.3.0;
                           System.Threading.Timer|4.3.0;
                           System.ValueTuple|4.3.0;
                           System.Xml.ReaderWriter|4.3.0;
                           System.Xml.XDocument|4.3.0;
                           System.Xml.XmlDocument|4.3.0;
                           System.Xml.XmlSerializer|4.3.0;
                           System.Xml.XPath|4.3.0;
                           System.Xml.XPath.XDocument|4.3.0;
                         
                   PackageReference
                       Azure.Communication.Email
                           Version = 1.1.0
                       Azure.Extensions.AspNetCore.Configuration.Secrets
                           Version = 1.4.0
                       Azure.Identity
                           Version = 1.16.0
                       Azure.Storage.Blobs
                           Version = 12.25.0
                       Microsoft.AspNetCore.Authentication.JwtBearer
                           Version = 8.0.5
                       Microsoft.AspNetCore.Identity
                           Version = 2.3.1
                       Microsoft.EntityFrameworkCore.Design
                           Version = 8.0.11
                           IncludeAssets = runtime; build; native; contentfiles; analyzers; buildtransitive
                           PrivateAssets = all
                       Microsoft.EntityFrameworkCore.InMemory
                           Version = 8.0.11
                       Microsoft.EntityFrameworkCore.Sqlite
                           Version = 8.0.11
                       Microsoft.EntityFrameworkCore.SqlServer
                           Version = 8.0.11
                       Microsoft.EntityFrameworkCore.Tools
                           Version = 8.0.11
                           IncludeAssets = runtime; build; native; contentfiles; analyzers; buildtransitive
                           PrivateAssets = all
                       OpenAI
                           Version = 2.1.0
                       Stripe.net
                           Version = 48.1.0
                       Swashbuckle.AspNetCore
                           Version = 6.6.2
                   PotentialEditorConfigFiles
                       C:\.editorconfig
                       C:\Users\.editorconfig
                       C:\Users\austi\.editorconfig
                       C:\Users\austi\OneDrive\.editorconfig
                       C:\Users\austi\OneDrive\Documents\.editorconfig
                       C:\Users\austi\OneDrive\Documents\CSCD Spring25\.editorconfig
                       C:\Users\austi\OneDrive\Documents\CSCD Spring25\Hackathon-2025\.editorconfig
                       C:\Users\austi\OneDrive\Documents\CSCD Spring25\Hackathon-2025\Hackathon-2025\.editorconfig
                       C:\Users\austi\OneDrive\Documents\CSCD Spring25\Hackathon-2025\Hackathon-2025\Controllers\.editorconfig
                       C:\Users\austi\OneDrive\Documents\CSCD Spring25\Hackathon-2025\Hackathon-2025\Data\.editorconfig
                       C:\Users\austi\OneDrive\Documents\CSCD Spring25\Hackathon-2025\Hackathon-2025\Migrations\.editorconfig
                       C:\Users\austi\OneDrive\Documents\CSCD Spring25\Hackathon-2025\Hackathon-2025\Models\.editorconfig
                       C:\Users\austi\OneDrive\Documents\CSCD Spring25\Hackathon-2025\Hackathon-2025\Models\Auth\.editorconfig
                       C:\Users\austi\OneDrive\Documents\CSCD Spring25\Hackathon-2025\Hackathon-2025\Options\.editorconfig
                       C:\Users\austi\OneDrive\Documents\CSCD Spring25\Hackathon-2025\Hackathon-2025\Services\.editorconfig
                   PreprocessorValue
                       assemblyname
                           Value = Hackathon-2025
                       filename
                           Value = Hackathon-2025.csproj
                       fullpath
                           Value = C:\Users\austi\OneDrive\Documents\CSCD Spring25\Hackathon-2025\Hackathon-2025
                       outputfilename
                           Value = Hackathon-2025.dll
                       rootnamespace
                           Value = Hackathon_2025
                   ProjectCapability
                       AllTargetOutputGroups
                       AppServicePublish
                       AspNetCore
                       AspNetCoreInProcessHosting
                       AssemblyReferences
                       COMReferences
                       CrossPlatformExecutable
                       CSharp
                       DeclaredSourceItems
                       DotNetCoreRazor
                       DotNetCoreRazorConfiguration
                       DotNetCoreWeb
                       DynamicDependentFile
                       DynamicFileNesting
                       GenerateDocumentationFile
                       LanguageService
                       Managed
                       NativeAOT
                       NetSdkOCIImageBuild
                       OutputGroups
                       Pack
                       ProjectReferences
                       ReferencesFolder
                       RelativePathDerivedDefaultNamespace
                       SharedProjectReferences
                       SingleFileGenerators
                       SupportHierarchyContextSvc
                       SupportsComputeRunCommand
                       SupportsHotReload
                       SupportsTypeScriptNuGet
                       UserSourceItems
                       VisualStudioWellKnownOutputGroups
                       Web
                       WebNestingDefaults
                   PropertyPageSchema
                       C:\Program Files\dotnet\sdk\9.0.100\\assemblyreference.xaml
                           Context = ;BrowseObject
                       C:\Program Files\dotnet\sdk\9.0.100\\COMReference.xaml
                           Context = ;BrowseObject
                       C:\Program Files\dotnet\sdk\9.0.100\\Content.xaml
                           Context = File;BrowseObject
                       C:\Program Files\dotnet\sdk\9.0.100\\CSharp.BrowseObject.xaml
                           Context = BrowseObject
                       C:\Program Files\dotnet\sdk\9.0.100\\CSharp.ProjectItemsSchema.xaml
                       C:\Program Files\dotnet\sdk\9.0.100\\CSharp.xaml
                           Context = File
                       C:\Program Files\dotnet\sdk\9.0.100\\Debugger_General.xaml
                           Context = Project
                       C:\Program Files\dotnet\sdk\9.0.100\\EmbeddedResource.xaml
                           Context = File;BrowseObject
                       C:\Program Files\dotnet\sdk\9.0.100\\Folder.xaml
                           Context = File;BrowseObject
                       C:\Program Files\dotnet\sdk\9.0.100\\General_File.xaml
                           Context = File
                       C:\Program Files\dotnet\sdk\9.0.100\\General.BrowseObject.xaml
                           Context = BrowseObject
                       C:\Program Files\dotnet\sdk\9.0.100\\General.xaml
                           Context = Project
                       C:\Program Files\dotnet\sdk\9.0.100\\None.xaml
                           Context = File;BrowseObject
                       C:\Program Files\dotnet\sdk\9.0.100\\ProjectItemsSchema.xaml
                       C:\Program Files\dotnet\sdk\9.0.100\\ProjectReference.xaml
                           Context = ;BrowseObject
                       C:\Program Files\dotnet\sdk\9.0.100\\ResolvedAssemblyReference.xaml
                           Context = ProjectSubscriptionService;BrowseObject
                       C:\Program Files\dotnet\sdk\9.0.100\\ResolvedCOMReference.xaml
                           Context = ProjectSubscriptionService;BrowseObject
                       C:\Program Files\dotnet\sdk\9.0.100\\ResolvedProjectReference.xaml
                           Context = ProjectSubscriptionService;BrowseObject
                       C:\Program Files\dotnet\sdk\9.0.100\\SCC.xaml
                           Context = Invisible
                       C:\Program Files\dotnet\sdk\9.0.100\\SpecialFolder.xaml
                           Context = File;ProjectSubscriptionService
                       C:\Program Files\dotnet\sdk\9.0.100\Sdks\Microsoft.NET.Sdk.Razor\targets\Rules\RazorComponentWithTargetPath.xaml
                           Context = Project
                       C:\Program Files\dotnet\sdk\9.0.100\Sdks\Microsoft.NET.Sdk.Razor\targets\Rules\RazorConfiguration.xaml
                           Context = File
                       C:\Program Files\dotnet\sdk\9.0.100\Sdks\Microsoft.NET.Sdk.Razor\targets\Rules\RazorExtension.xaml
                           Context = File
                       C:\Program Files\dotnet\sdk\9.0.100\Sdks\Microsoft.NET.Sdk.Razor\targets\Rules\RazorGeneral.xaml
                           Context = Project
                       C:\Program Files\dotnet\sdk\9.0.100\Sdks\Microsoft.NET.Sdk.Razor\targets\Rules\RazorGenerateWithTargetPath.xaml
                           Context = Project
                   RazorConfiguration
                       Default
                       MVC-3.0
                           Extensions = MVC-3.0;
                   RazorExtension
                       MVC-3.0
                           AssemblyName = Microsoft.CodeAnalysis.Razor.Compiler
                           AssemblyFilePath = C:\Program Files\dotnet\sdk\9.0.100\Sdks\Microsoft.NET.Sdk.Razor\targets\..\tools\Microsoft.CodeAnalysis.Razor.Compiler.dll
                   RazorIntermediateAssembly
                       obj\Debug\net8.0\Hackathon-2025.Views.dll
                   RegFreeComManifest
                       obj\Debug\net8.0\Hackathon-2025.X.manifest
                   RuntimeHostConfigurationOption
                       System.GC.Server
                           Value = true
                       System.Runtime.Serialization.EnableUnsafeBinaryFormatterSerialization
                           Value = false
                           Trim = true
                   SdkSupportedTargetPlatformIdentifier
                       android
                           DisplayName = Android
                       ios
                           DisplayName = iOS
                       maccatalyst
                           DisplayName = MacCatalyst
                       macos
                           DisplayName = macOS
                       tvos
                           DisplayName = tvOS
                       windows
                           DisplayName = Windows
                   SourceLinkAzureReposGitHost
                       dev.azure.com
                       visualstudio.com
                       vsts.me
                   SourceLinkBitbucketGitHost
                       bitbucket.org
                           EnterpriseEdition = false
                   SourceLinkGitHubHost
                       github.com
                           ContentUrl = https://raw.githubusercontent.com
                   SourceLinkGitLabHost
                       gitlab.com
                   StaticWebAssetContentTypeMapping
                       font/otf
                           Pattern = *.otf
                           Cache = max-age=3600, must-revalidate
                           Priority = 1
                       font/woff2
                           Pattern = *.woff2
                           Cache = max-age=3600, must-revalidate
                           Priority = 1
                       image/bmp
                           Pattern = *.bmp
                           Cache = max-age=3600, must-revalidate
                           Priority = 1
                       image/bmp
                           Pattern = *.dib
                           Cache = max-age=3600, must-revalidate
                           Priority = 1
                       image/cis-cod
                           Pattern = *.cod
                           Cache = max-age=3600, must-revalidate
                           Priority = 1
                       image/gif
                           Pattern = *.gif
                           Cache = max-age=3600, must-revalidate
                           Priority = 1
                       image/ief
                           Pattern = *.ief
                           Cache = max-age=3600, must-revalidate
                           Priority = 1
                       image/jpeg
                           Pattern = *.jpeg
                           Cache = max-age=3600, must-revalidate
                           Priority = 1
                       image/jpeg
                           Pattern = *.jpg
                           Cache = max-age=3600, must-revalidate
                           Priority = 1
                       image/jpeg
                           Pattern = *.jpe
                           Cache = max-age=3600, must-revalidate
                           Priority = 1
                       image/pjpeg
                           Pattern = *.jfif
                           Cache = max-age=3600, must-revalidate
                           Priority = 1
                       image/png
                           Pattern = *.pnz
                           Cache = max-age=3600, must-revalidate
                           Priority = 1
                       image/png
                           Pattern = *.png
                           Cache = max-age=3600, must-revalidate
                           Priority = 1
                       image/svg+xml
                           Pattern = *.svgz
                           Cache = max-age=3600, must-revalidate
                           Priority = 1
                       image/svg+xml
                           Pattern = *.svg
                           Cache = max-age=3600, must-revalidate
                           Priority = 1
                       image/tiff
                           Pattern = *.tif
                           Cache = max-age=3600, must-revalidate
                           Priority = 1
                       image/tiff
                           Pattern = *.tiff
                           Cache = max-age=3600, must-revalidate
                           Priority = 1
                       image/vnd.rn-realflash
                           Pattern = *.rf
                           Cache = max-age=3600, must-revalidate
                           Priority = 1
                       image/vnd.wap.wbmp
                           Pattern = *.wbmp
                           Cache = max-age=3600, must-revalidate
                           Priority = 1
                       image/webp
                           Pattern = *.webp
                           Cache = max-age=3600, must-revalidate
                           Priority = 1
                       image/x-cmu-raster
                           Pattern = *.ras
                           Cache = max-age=3600, must-revalidate
                           Priority = 1
                       image/x-cmx
                           Pattern = *.cmx
                           Cache = max-age=3600, must-revalidate
                           Priority = 1
                       image/x-icon
                           Pattern = *.ico
                           Cache = max-age=3600, must-revalidate
                           Priority = 1
                       image/x-jg
                           Pattern = *.art
                           Cache = max-age=3600, must-revalidate
                           Priority = 1
                       image/x-portable-anymap
                           Pattern = *.pnm
                           Cache = max-age=3600, must-revalidate
                           Priority = 1
                       image/x-portable-bitmap
                           Pattern = *.pbm
                           Cache = max-age=3600, must-revalidate
                           Priority = 1
                       image/x-portable-graymap
                           Pattern = *.pgm
                           Cache = max-age=3600, must-revalidate
                           Priority = 1
                       image/x-portable-pixmap
                           Pattern = *.ppm
                           Cache = max-age=3600, must-revalidate
                           Priority = 1
                       image/x-rgb
                           Pattern = *.rgb
                           Cache = max-age=3600, must-revalidate
                           Priority = 1
                       image/x-xbitmap
                           Pattern = *.xbm
                           Cache = max-age=3600, must-revalidate
                           Priority = 1
                       image/x-xpixmap
                           Pattern = *.xpm
                           Cache = max-age=3600, must-revalidate
                           Priority = 1
                       image/x-xwindowdump
                           Pattern = *.xwd
                           Cache = max-age=3600, must-revalidate
                           Priority = 1
                       video/3gpp
                           Pattern = *.3gp
                           Cache = max-age=3600, must-revalidate
                           Priority = 1
                       video/3gpp
                           Pattern = *.3gpp
                           Cache = max-age=3600, must-revalidate
                           Priority = 1
                       video/3gpp2
                           Pattern = *.3gp2
                           Cache = max-age=3600, must-revalidate
                           Priority = 1
                       video/3gpp2
                           Pattern = *.3g2
                           Cache = max-age=3600, must-revalidate
                           Priority = 1
                       video/mp4
                           Pattern = *.m4v
                           Cache = max-age=3600, must-revalidate
                           Priority = 1
                       video/mp4
                           Pattern = *.mp4v
                           Cache = max-age=3600, must-revalidate
                           Priority = 1
                       video/mp4
                           Pattern = *.mp4
                           Cache = max-age=3600, must-revalidate
                           Priority = 1
                       video/mpeg
                           Pattern = *.m1v
                           Cache = max-age=3600, must-revalidate
                           Priority = 1
                       video/mpeg
                           Pattern = *.mp2
                           Cache = max-age=3600, must-revalidate
                           Priority = 1
                       video/mpeg
                           Pattern = *.mpeg
                           Cache = max-age=3600, must-revalidate
                           Priority = 1
                       video/mpeg
                           Pattern = *.mpa
                           Cache = max-age=3600, must-revalidate
                           Priority = 1
                       video/mpeg
                           Pattern = *.mpv2
                           Cache = max-age=3600, must-revalidate
                           Priority = 1
                       video/mpeg
                           Pattern = *.mpg
                           Cache = max-age=3600, must-revalidate
                           Priority = 1
                       video/mpeg
                           Pattern = *.mpe
                           Cache = max-age=3600, must-revalidate
                           Priority = 1
                       video/ogg
                           Pattern = *.ogv
                           Cache = max-age=3600, must-revalidate
                           Priority = 1
                       video/ogg
                           Pattern = *.ogg
                           Cache = max-age=3600, must-revalidate
                           Priority = 1
                       video/quicktime
                           Pattern = *.mov
                           Cache = max-age=3600, must-revalidate
                           Priority = 1
                       video/quicktime
                           Pattern = *.qt
                           Cache = max-age=3600, must-revalidate
                           Priority = 1
                       video/vnd.dlna.mpeg-tts
                           Pattern = *.ts
                           Cache = max-age=3600, must-revalidate
                           Priority = 1
                       video/vnd.dlna.mpeg-tts
                           Pattern = *.tts
                           Cache = max-age=3600, must-revalidate
                           Priority = 1
                       video/vnd.dlna.mpeg-tts
                           Pattern = *.m2ts
                           Cache = max-age=3600, must-revalidate
                           Priority = 1
                       video/webm
                           Pattern = *.webm
                           Cache = max-age=3600, must-revalidate
                           Priority = 1
                       video/x-flv
                           Pattern = *.flv
                           Cache = max-age=3600, must-revalidate
                           Priority = 1
                       video/x-ivf
                           Pattern = *.IVF
                           Cache = max-age=3600, must-revalidate
                           Priority = 1
                       video/x-la-asf
                           Pattern = *.lsx
                           Cache = max-age=3600, must-revalidate
                           Priority = 1
                       video/x-la-asf
                           Pattern = *.lsf
                           Cache = max-age=3600, must-revalidate
                           Priority = 1
                       video/x-ms-asf
                           Pattern = *.asr
                           Cache = max-age=3600, must-revalidate
                           Priority = 1
                       video/x-ms-asf
                           Pattern = *.asx
                           Cache = max-age=3600, must-revalidate
                           Priority = 1
                       video/x-ms-asf
                           Pattern = *.asf
                           Cache = max-age=3600, must-revalidate
                           Priority = 1
                       video/x-ms-asf
                           Pattern = *.nsc
                           Cache = max-age=3600, must-revalidate
                           Priority = 1
                       video/x-ms-dvr
                           Pattern = *.dvr
                           Cache = max-age=3600, must-revalidate
                           Priority = 1
                       video/x-ms-wm
                           Pattern = *.wm
                           Cache = max-age=3600, must-revalidate
                           Priority = 1
                       video/x-ms-wmp
                           Pattern = *.wmp
                           Cache = max-age=3600, must-revalidate
                           Priority = 1
                       video/x-ms-wmv
                           Pattern = *.wmv
                           Cache = max-age=3600, must-revalidate
                           Priority = 1
                       video/x-ms-wmx
                           Pattern = *.wmx
                           Cache = max-age=3600, must-revalidate
                           Priority = 1
                       video/x-ms-wtv
                           Pattern = *.wtv
                           Cache = max-age=3600, must-revalidate
                           Priority = 1
                       video/x-ms-wvx
                           Pattern = *.wvx
                           Cache = max-age=3600, must-revalidate
                           Priority = 1
                       video/x-msvideo
                           Pattern = *.avi
                           Cache = max-age=3600, must-revalidate
                           Priority = 1
                       video/x-sgi-movie
                           Pattern = *.movie
                           Cache = max-age=3600, must-revalidate
                           Priority = 1
                   StaticWebAssetFingerprintPattern
                       ComponentsJsModule
                           Pattern = *.razor.js
                       ComponentsScopedCss
                           Pattern = *.razor.css
                       Initializer
                           Pattern = *.lib.module.js
                           Expression = #[.{fingerprint}]!
                       JsModuleManifest
                           Pattern = *.modules.json
                       MvcJsModule
                           Pattern = *.cshtml.js
                       MvcScopedCss
                           Pattern = *.cshtml.css
                   SupportedNETCoreAppTargetFramework
                       .NETCoreApp,Version=v1.0
                           DisplayName = .NET Core 1.0
                           Alias = netcoreapp1.0
                       .NETCoreApp,Version=v1.1
                           DisplayName = .NET Core 1.1
                           Alias = netcoreapp1.1
                       .NETCoreApp,Version=v2.0
                           DisplayName = .NET Core 2.0
                           Alias = netcoreapp2.0
                       .NETCoreApp,Version=v2.1
                           DisplayName = .NET Core 2.1
                           Alias = netcoreapp2.1
                       .NETCoreApp,Version=v2.2
                           DisplayName = .NET Core 2.2
                           Alias = netcoreapp2.2
                       .NETCoreApp,Version=v3.0
                           DisplayName = .NET Core 3.0
                           Alias = netcoreapp3.0
                       .NETCoreApp,Version=v3.1
                           DisplayName = .NET Core 3.1
                           Alias = netcoreapp3.1
                       .NETCoreApp,Version=v5.0
                           DisplayName = .NET 5.0
                           Alias = net5.0
                       .NETCoreApp,Version=v6.0
                           DisplayName = .NET 6.0
                           Alias = net6.0
                       .NETCoreApp,Version=v7.0
                           DisplayName = .NET 7.0
                           Alias = net7.0
                       .NETCoreApp,Version=v8.0
                           DisplayName = .NET 8.0
                           Alias = net8.0
                       .NETCoreApp,Version=v9.0
                           DisplayName = .NET 9.0
                           Alias = net9.0
                   SupportedNETFrameworkTargetFramework
                       .NETFramework,Version=v2.0
                           DisplayName = .NET Framework 2.0
                           Alias = net20
                       .NETFramework,Version=v3.0
                           DisplayName = .NET Framework 3.0
                           Alias = net30
                       .NETFramework,Version=v3.5
                           DisplayName = .NET Framework 3.5
                           Alias = net35
                       .NETFramework,Version=v4.0
                           DisplayName = .NET Framework 4.0
                           Alias = net40
                       .NETFramework,Version=v4.5
                           DisplayName = .NET Framework 4.5
                           Alias = net45
                       .NETFramework,Version=v4.5.1
                           DisplayName = .NET Framework 4.5.1
                           Alias = net451
                       .NETFramework,Version=v4.5.2
                           DisplayName = .NET Framework 4.5.2
                           Alias = net452
                       .NETFramework,Version=v4.6
                           DisplayName = .NET Framework 4.6
                           Alias = net46
                       .NETFramework,Version=v4.6.1
                           DisplayName = .NET Framework 4.6.1
                           Alias = net461
                       .NETFramework,Version=v4.6.2
                           DisplayName = .NET Framework 4.6.2
                           Alias = net462
                       .NETFramework,Version=v4.7
                           DisplayName = .NET Framework 4.7
                           Alias = net47
                       .NETFramework,Version=v4.7.1
                           DisplayName = .NET Framework 4.7.1
                           Alias = net471
                       .NETFramework,Version=v4.7.2
                           DisplayName = .NET Framework 4.7.2
                           Alias = net472
                       .NETFramework,Version=v4.8
                           DisplayName = .NET Framework 4.8
                           Alias = net48
                       .NETFramework,Version=v4.8.1
                           DisplayName = .NET Framework 4.8.1
                           Alias = net481
                   SupportedNETStandardTargetFramework
                       .NETStandard,Version=v1.0
                           DisplayName = .NET Standard 1.0
                           Alias = netstandard1.0
                       .NETStandard,Version=v1.1
                           DisplayName = .NET Standard 1.1
                           Alias = netstandard1.1
                       .NETStandard,Version=v1.2
                           DisplayName = .NET Standard 1.2
                           Alias = netstandard1.2
                       .NETStandard,Version=v1.3
                           DisplayName = .NET Standard 1.3
                           Alias = netstandard1.3
                       .NETStandard,Version=v1.4
                           DisplayName = .NET Standard 1.4
                           Alias = netstandard1.4
                       .NETStandard,Version=v1.5
                           DisplayName = .NET Standard 1.5
                           Alias = netstandard1.5
                       .NETStandard,Version=v1.6
                           DisplayName = .NET Standard 1.6
                           Alias = netstandard1.6
                       .NETStandard,Version=v2.0
                           DisplayName = .NET Standard 2.0
                           Alias = netstandard2.0
                       .NETStandard,Version=v2.1
                           DisplayName = .NET Standard 2.1
                           Alias = netstandard2.1
                   SupportedPlatform
                       Linux
                       macOS
                       Windows
                   SupportedTargetFramework
                       .NETCoreApp,Version=v1.0
                           DisplayName = .NET Core 1.0
                           Alias = netcoreapp1.0
                       .NETCoreApp,Version=v1.1
                           DisplayName = .NET Core 1.1
                           Alias = netcoreapp1.1
                       .NETCoreApp,Version=v2.0
                           DisplayName = .NET Core 2.0
                           Alias = netcoreapp2.0
                       .NETCoreApp,Version=v2.1
                           DisplayName = .NET Core 2.1
                           Alias = netcoreapp2.1
                       .NETCoreApp,Version=v2.2
                           DisplayName = .NET Core 2.2
                           Alias = netcoreapp2.2
                       .NETCoreApp,Version=v3.0
                           DisplayName = .NET Core 3.0
                           Alias = netcoreapp3.0
                       .NETCoreApp,Version=v3.1
                           DisplayName = .NET Core 3.1
                           Alias = netcoreapp3.1
                       .NETCoreApp,Version=v5.0
                           DisplayName = .NET 5.0
                           Alias = net5.0
                       .NETCoreApp,Version=v6.0
                           DisplayName = .NET 6.0
                           Alias = net6.0
                       .NETCoreApp,Version=v7.0
                           DisplayName = .NET 7.0
                           Alias = net7.0
                       .NETCoreApp,Version=v8.0
                           DisplayName = .NET 8.0
                           Alias = net8.0
                       .NETCoreApp,Version=v9.0
                           DisplayName = .NET 9.0
                           Alias = net9.0
                       .NETFramework,Version=v2.0
                           DisplayName = .NET Framework 2.0
                           Alias = net20
                       .NETFramework,Version=v3.0
                           DisplayName = .NET Framework 3.0
                           Alias = net30
                       .NETFramework,Version=v3.5
                           DisplayName = .NET Framework 3.5
                           Alias = net35
                       .NETFramework,Version=v4.0
                           DisplayName = .NET Framework 4.0
                           Alias = net40
                       .NETFramework,Version=v4.5
                           DisplayName = .NET Framework 4.5
                           Alias = net45
                       .NETFramework,Version=v4.5.1
                           DisplayName = .NET Framework 4.5.1
                           Alias = net451
                       .NETFramework,Version=v4.5.2
                           DisplayName = .NET Framework 4.5.2
                           Alias = net452
                       .NETFramework,Version=v4.6
                           DisplayName = .NET Framework 4.6
                           Alias = net46
                       .NETFramework,Version=v4.6.1
                           DisplayName = .NET Framework 4.6.1
                           Alias = net461
                       .NETFramework,Version=v4.6.2
                           DisplayName = .NET Framework 4.6.2
                           Alias = net462
                       .NETFramework,Version=v4.7
                           DisplayName = .NET Framework 4.7
                           Alias = net47
                       .NETFramework,Version=v4.7.1
                           DisplayName = .NET Framework 4.7.1
                           Alias = net471
                       .NETFramework,Version=v4.7.2
                           DisplayName = .NET Framework 4.7.2
                           Alias = net472
                       .NETFramework,Version=v4.8
                           DisplayName = .NET Framework 4.8
                           Alias = net48
                       .NETFramework,Version=v4.8.1
                           DisplayName = .NET Framework 4.8.1
                           Alias = net481
                       .NETStandard,Version=v1.0
                           DisplayName = .NET Standard 1.0
                           Alias = netstandard1.0
                       .NETStandard,Version=v1.1
                           DisplayName = .NET Standard 1.1
                           Alias = netstandard1.1
                       .NETStandard,Version=v1.2
                           DisplayName = .NET Standard 1.2
                           Alias = netstandard1.2
                       .NETStandard,Version=v1.3
                           DisplayName = .NET Standard 1.3
                           Alias = netstandard1.3
                       .NETStandard,Version=v1.4
                           DisplayName = .NET Standard 1.4
                           Alias = netstandard1.4
                       .NETStandard,Version=v1.5
                           DisplayName = .NET Standard 1.5
                           Alias = netstandard1.5
                       .NETStandard,Version=v1.6
                           DisplayName = .NET Standard 1.6
                           Alias = netstandard1.6
                       .NETStandard,Version=v2.0
                           DisplayName = .NET Standard 2.0
                           Alias = netstandard2.0
                       .NETStandard,Version=v2.1
                           DisplayName = .NET Standard 2.1
                           Alias = netstandard2.1
                   Using
                       Microsoft.AspNetCore.Builder
                       Microsoft.AspNetCore.Hosting
                       Microsoft.AspNetCore.Http
                       Microsoft.AspNetCore.Routing
                       Microsoft.Extensions.Configuration
                       Microsoft.Extensions.DependencyInjection
                       Microsoft.Extensions.Hosting
                       Microsoft.Extensions.Logging
                       System
                       System.Collections.Generic
                       System.IO
                       System.Linq
                       System.Net.Http
                       System.Net.Http.Json
                       System.Threading
                       System.Threading.Tasks
                   WindowsSdkSupportedTargetPlatformVersion
                       10.0.17763.0
                           WindowsSdkPackageVersion = 10.0.17763.52
                           MinimumNETVersion = 6.0
                       10.0.17763.0
                           WindowsSdkPackageVersion = 10.0.17763.54
                           MinimumNETVersion = 8.0
                       10.0.17763.0
                           WindowsSdkPackageVersion = 10.0.17763.26
                           MinimumNETVersion = 5.0
                       10.0.18362.0
                           WindowsSdkPackageVersion = 10.0.18362.52
                           MinimumNETVersion = 6.0
                       10.0.18362.0
                           WindowsSdkPackageVersion = 10.0.18362.54
                           MinimumNETVersion = 8.0
                       10.0.18362.0
                           WindowsSdkPackageVersion = 10.0.18362.26
                           MinimumNETVersion = 5.0
                       10.0.19041.0
                           WindowsSdkPackageVersion = 10.0.19041.26
                           MinimumNETVersion = 5.0
                       10.0.19041.0
                           WindowsSdkPackageVersion = 10.0.19041.52
                           MinimumNETVersion = 6.0
                       10.0.19041.0
                           WindowsSdkPackageVersion = 10.0.19041.54
                           MinimumNETVersion = 8.0
                       10.0.20348.0
                           WindowsSdkPackageVersion = 10.0.20348.52
                           MinimumNETVersion = 6.0
                       10.0.20348.0
                           WindowsSdkPackageVersion = 10.0.20348.26
                           MinimumNETVersion = 5.0
                       10.0.20348.0
                           WindowsSdkPackageVersion = 10.0.20348.54
                           MinimumNETVersion = 8.0
                       10.0.22000.0
                           WindowsSdkPackageVersion = 10.0.22000.54
                           MinimumNETVersion = 8.0
                       10.0.22000.0
                           WindowsSdkPackageVersion = 10.0.22000.26
                           MinimumNETVersion = 5.0
                       10.0.22000.0
                           WindowsSdkPackageVersion = 10.0.22000.52
                           MinimumNETVersion = 6.0
                       10.0.22621.0
                           WindowsSdkPackageVersion = 10.0.22621.54
                           MinimumNETVersion = 8.0
                       10.0.22621.0
                           WindowsSdkPackageVersion = 10.0.22621.52
                           MinimumNETVersion = 6.0
                       10.0.26100.0
                           WindowsSdkPackageVersion = 10.0.26100.54
                           MinimumNETVersion = 8.0
                       10.0.26100.0
                           WindowsSdkPackageVersion = 10.0.26100.52
                           MinimumNETVersion = 6.0
                       7.0
                       8.0

17:20:52.065     3>Target "_IsProjectRestoreSupported: (TargetId:8)" in file "C:\Program Files\dotnet\sdk\9.0.100\NuGet.targets" from project "C:\Users\austi\OneDrive\Documents\CSCD Spring25\Hackathon-2025\Hackathon-2025\Hackathon-2025.csproj" (entry point):
17:20:52.065     3>Added Item(s): _ValidProjectsForRestore=C:\Users\austi\OneDrive\Documents\CSCD Spring25\Hackathon-2025\Hackathon-2025\Hackathon-2025.csproj
17:20:52.065     3>Done building target "_IsProjectRestoreSupported" in project "Hackathon-2025.csproj".: (TargetId:8)
17:20:52.065     3>Done Building Project "C:\Users\austi\OneDrive\Documents\CSCD Spring25\Hackathon-2025\Hackathon-2025\Hackathon-2025.csproj" (_IsProjectRestoreSupported target(s)).
17:20:53.363     1>Done executing task "MSBuild" -- FAILED. (TaskId:5)
17:20:53.365     1>Done building target "_FilterRestoreGraphProjectInputItems" in project "StarlitStories.sln" -- FAILED.: (TargetId:6)
17:20:53.366     1>Done Building Project "C:\Users\austi\OneDrive\Documents\CSCD Spring25\Hackathon-2025\StarlitStories.sln" (Restore target(s)) -- FAILED.

Project Evaluation Performance Summary:
       79 ms  C:\Users\austi\OneDrive\Documents\CSCD Spring25\Hackathon-2025\StarlitStories.sln.metaproj   1 calls
      325 ms  C:\Users\austi\OneDrive\Documents\CSCD Spring25\Hackathon-2025\Hackathon-2025.Tests\Hackathon-2025.Tests.csproj   1 calls
      364 ms  C:\Users\austi\OneDrive\Documents\CSCD Spring25\Hackathon-2025\Hackathon-2025\Hackathon-2025.csproj   1 calls

Project Performance Summary:
        1 ms  C:\Users\austi\OneDrive\Documents\CSCD Spring25\Hackathon-2025\Hackathon-2025\Hackathon-2025.csproj   1 calls
                  1 ms  _IsProjectRestoreSupported                 1 calls
        6 ms  C:\Users\austi\OneDrive\Documents\CSCD Spring25\Hackathon-2025\Hackathon-2025.Tests\Hackathon-2025.Tests.csproj   1 calls
                  6 ms  _IsProjectRestoreSupported                 1 calls
     3507 ms  C:\Users\austi\OneDrive\Documents\CSCD Spring25\Hackathon-2025\StarlitStories.sln   1 calls
               3507 ms  Restore                                    1 calls

Target Performance Summary:
        0 ms  ValidateProjects                           1 calls
        0 ms  ValidateToolsVersions                      1 calls
        1 ms  _IsProjectRestoreSupported                 2 calls
       12 ms  _LoadRestoreGraphEntryPoints               1 calls
       14 ms  ValidateSolutionConfiguration              1 calls
     3474 ms  _FilterRestoreGraphProjectInputItems       1 calls

Task Performance Summary:
        1 ms  RemoveDuplicates                           1 calls
        3 ms  Message                                    1 calls
        3 ms  GetRestoreSolutionProjectsTask             1 calls
     3458 ms  MSBuild                                    1 calls

Build FAILED.
    0 Warning(s)
    0 Error(s)

Time Elapsed 00:00:03.66
